02-19 18:32:42.869  704-704      C01510/IPCObjectProxy          resource_schedu                 W     63: handle = 28 destroyed, descriptor: IPCObjectProxy28
02-19 18:32:42.869  704-838      C01702/CgroupAdjuster          resource_schedu                 I     AdjustProcessGroup for 2008, source : 2
02-19 18:32:42.869  678-682      C01510/IPCObjectProxy          memmgrservice                   W     63: handle = 8 destroyed, descriptor: IPCObjectProxy8
02-19 18:32:42.869  1123-10205   C01303/AppMgrService           foundation                      I     [app_running_record.cpp(UpdateAbilityFocusState:762)]focus state is :1
02-19 18:32:42.869  1284-29649   C01510/IPCObjectStub           privacy_service                 E     109: unknown OnRemoteRequest code = 4, descriptor: ohos.appexecfwk.IApplicationStateObserver
02-19 18:32:42.869  476-1364     C02d10/HiView-SysEventSource   hiview                          I     Parser: parser result domain_=GRAPHIC eventName_=FIRST_FRAME_DRAWN
02-19 18:32:42.870  759-775      C01510/IPCObjectProxy          netmanager                      W     63: handle = 34 destroyed, descriptor: IPCObjectProxy34
02-19 18:32:42.870  759-1021     C015b0/NetMgrCommon            netmanager                      I     [NetmanagerStartSyncTrace-(netmanager_hitrace.cpp:25)]NetmanagerStartSyncTrace value:TransPolicyToRule start
02-19 18:32:42.870  1123-10205   C01304/AbilityManagerService   foundation                      I     [ability_manager_service.cpp(OnAppStateChanged:4469)]On app state changed.
02-19 18:32:42.870  1123-10205   C01304/AbilityManagerService   foundation                      I     [ui_ability_lifecycle_manager.cpp(OnAppStateChanged:1578)]Call.
02-19 18:32:42.870  1285-6202    C015b0/NetsysNativeService     netsysnative                    E     [RemoveDeniedList-(bandwidth_manager.cpp:489)]AllowedList uid is not exist, can not remove
02-19 18:32:42.870  476-1364     C02d10/HiView-SysEventSource   hiview                          I     Parser: parser result domain_=COMMONEVENT eventName_=SUBSCRIBE
02-19 18:32:42.870  704-2397     C01510/IPCObjectProxy          resource_schedu                 I     58: handle = 28 create, descriptor: IPCObjectProxy28
02-19 18:32:42.870  1285-4958    C015b0/NetsysNativeService     netsysnative                    E     [AddAllowedList-(bandwidth_manager.cpp:509)]AllowedList uid exist, do not repeat
02-19 18:32:42.870  704-2397     C01510/IPCObjectProxy          resource_schedu                 W     63: handle = 28 destroyed, descriptor: IPCObjectProxy28
02-19 18:32:42.870  1284-29649   C01510/IPCObjectStub           privacy_service                 E     109: unknown OnRemoteRequest code = 1, descriptor: ohos.appexecfwk.IApplicationStateObserver
02-19 18:32:42.871  759-1021     C015b0/NetPolicyService        netmanager                      I     [WritePolicyByUid-(net_policy_file.cpp:333)]Need to do nothing!
02-19 18:32:42.871  759-30074    C01510/IPCObjectProxy          netmanager                      I     58: handle = 34 create, descriptor: IPCObjectProxy34
02-19 18:32:42.871  704-2397     C01510/IPCObjectProxy          resource_schedu                 I     58: handle = 28 create, descriptor: IPCObjectProxy28
02-19 18:32:42.871  1284-29649   C02f03/ApplicationStateObserverStub privacy_service                 I     [OnForegroundApplicationChanged]:OnChange(accessTokenId=536950784, state=2)
02-19 18:32:42.871  1284-29649   C02f03/PermissionRecordManager privacy_service                 I     [NotifyAppStateChange]:tokenId 536950784, status 1
02-19 18:32:42.871  759-1021     C015b0/NetMgrCommon            netmanager                      I     [NetmanagerFinishSyncTrace-(netmanager_hitrace.cpp:31)]NetmanagerFinishSyncTrace value:TransPolicyToRule end
02-19 18:32:42.871  1284-29649   C01510/IPCObjectStub           privacy_service                 E     109: unknown OnRemoteRequest code = 7, descriptor: ohos.appexecfwk.IApplicationStateObserver
02-19 18:32:42.872  1284-29649   C01510/IPCObjectStub           privacy_service                 E     109: unknown OnRemoteRequest code = 4, descriptor: ohos.appexecfwk.IApplicationStateObserver
02-19 18:32:42.872  476-27184    C01510/IPCObjectProxy          hiview                          I     58: handle = 18 create, descriptor: IPCObjectProxy18
02-19 18:32:42.872  476-27184    C01510/IPCObjectProxy          hiview                          W     63: handle = 18 destroyed, descriptor: IPCObjectProxy18
02-19 18:32:42.872  476-1908     C01510/IPCObjectProxy          hiview                          I     58: handle = 18 create, descriptor: IPCObjectProxy18
02-19 18:32:42.872  476-1908     C01510/IPCObjectProxy          hiview                          W     63: handle = 18 destroyed, descriptor: IPCObjectProxy18
02-19 18:32:42.872  678-727      C01510/IPCObjectProxy          memmgrservice                   I     58: handle = 8 create, descriptor: IPCObjectProxy8
02-19 18:32:42.872  680-24895    C01510/IPCObjectProxy          accessibility                   I     58: handle = 31 create, descriptor: IPCObjectProxy31
02-19 18:32:42.872  1278-1278    C01400/OHOS::RS                render_service                  I     RsDebug RSProcessor::Perf: do nothing
02-19 18:32:42.872  1034-1207    C014b1/KRPRPERYIES             composer_host                   E     get property failed
02-19 18:32:42.873  1034-1207    C014c0/GRALLOC                 composer_host                   E     This buffer is nullptr
02-19 18:32:42.872  680-764      C01d00/accessibility           accessibility                   I     [accessible_ability_manager_service.cpp(operator():302)]RegisterStateObserver successfully
02-19 18:32:42.873  680-764      C01d00/accessibility           accessibility                   I     [accessibility_account_data.cpp(GetAccessibilityState:50)]
02-19 18:32:42.873  478-487      C02c03/PARAM_WATCHER           param_watcher                   I     [watcher_manager.cpp:104]Add watcher accessibility.config.ready remoteWatcherId: 42 groupId 7 success
02-19 18:32:42.873  759-30074    C01510/IPCObjectProxy          netmanager                      W     63: handle = 34 destroyed, descriptor: IPCObjectProxy34
02-19 18:32:42.873  10236-10236  C02c03/PARAM_WATCHER           pid-10236                       I     [watcher_manager_kits.cpp:171]Add watcher keyPrefix accessibility.config.ready remoteWatcherId 42 success
02-19 18:32:42.873  10236-10236  C01d03/accessibility_acfwk     pid-10236                       I     [accessibility_config_impl.cpp(SubscribeConfigObserver:321)]id = [3]
02-19 18:32:42.873  759-1841     C015b5/netmanager_enhanced     netmanager                      I     [app_aware]NotifyForegroundAppChanged:uid=2******1, pid=10236, state=2, bundleName=com.netease.lava.nertc.demo.
02-19 18:32:42.873  759-1841     C015b5/netmanager_enhanced     netmanager                      I     [decision_center]com.netease.lava.nertc.demo, OnForegroundAppChanged.
02-19 18:32:42.873  759-1841     C015b5/netmanager_enhanced     netmanager                      I     [decision_center]loadState:0, isScreenOn:1, isWifiConnected:1, ForegroundAppChanged:com.netease.lava.nertc.demo
02-19 18:32:42.873  759-1841     C015b5/netmanager_enhanced     netmanager                      I     [configuration]Can't find APP com.netease.lava.nertc.demo's config.
02-19 18:32:42.873  634-2189     C01510/IPCObjectProxy          device_usage_st                 I     58: handle = 10 create, descriptor: IPCObjectProxy10
02-19 18:32:42.873  1971-2082    C01304/AbilityManagerService   com.huawei.hmos.aidataservice   I     [js_app_state_observer.cpp(HandleOnAbilityStateChanged:90)]HandleOnAbilityStateChanged begin
02-19 18:32:42.874  1971-2082    C01304/AbilityManagerService   com.huawei.hmos.aidataservice   I     [js_app_manager_utils.cpp(CreateJsAbilityStateData:51)]CreateJsAbilityStateData called.
02-19 18:32:42.874  1971-2082    C01304/AbilityManagerService   com.huawei.hmos.aidataservice   I     [js_app_manager_utils.cpp(CreateJsAbilityStateData:57)]CreateJsAbilityStateData ConvertNativeValueTo begin.
02-19 18:32:42.874  1971-2082    C01304/AbilityManagerService   com.huawei.hmos.aidataservice   I     [js_app_manager_utils.cpp(CreateJsAbilityStateData:63)]CreateJsAbilityStateData SetProperty begin.
02-19 18:32:42.874  1971-2082    C01304/AbilityManagerService   com.huawei.hmos.aidataservice   I     [js_app_manager_utils.cpp(CreateJsAbilityStateData:71)]CreateJsAbilityStateData end.
02-19 18:32:42.874  1971-2082    C01304/AbilityManagerService   com.huawei.hmos.aidataservice   I     [js_app_state_observer.cpp(CallJsFunction:238)]CallJsFunction begin, method:onAbilityStateChanged
02-19 18:32:42.874  478-478      C02c03/PARAM_WATCHER           param_watcher                   I     [watcher_manager.cpp:104]Add watcher debug.graphic.frame remoteWatcherId: 42 groupId 20 success
02-19 18:32:42.874  678-727      C01510/IPCObjectProxy          memmgrservice                   W     63: handle = 8 destroyed, descriptor: IPCObjectProxy8
02-19 18:32:42.874  10236-10236  C02c03/PARAM_WATCHER           pid-10236                       I     [watcher_manager_kits.cpp:171]Add watcher keyPrefix debug.graphic.frame remoteWatcherId 42 success
02-19 18:32:42.874  10236-10236  C03900/Ace                     pid-10236                       I     [pipeline_context.cpp(SetRootRect)-(0)] SetRootRect width 0.000000, height 0.000000, 0.000000
02-19 18:32:42.874  678-27186    C01510/IPCObjectProxy          memmgrservice                   I     58: handle = 8 create, descriptor: IPCObjectProxy8
02-19 18:32:42.874  10236-10236  C03900/Ace                     pid-10236                       I     [ui_content_impl.cpp(CommonInitialize)-(0)] SetMinPlatformVersion is 40000010
02-19 18:32:42.874  1971-2082    C01304/AbilityManagerService   com.huawei.hmos.aidataservice   I     [js_app_state_observer.cpp(CallJsFunction:251)]CallJsFunction end
02-19 18:32:42.874  1971-2082    C01510/IPCObjectProxy          com.huawei.hmos.aidataservice   W     63: handle = 22 destroyed, descriptor: IPCObjectProxy22
02-19 18:32:42.874  1971-2082    C01304/AbilityManagerService   com.huawei.hmos.aidataservice   I     [js_app_manager_utils.cpp(CreateJsAppStateData:29)]CreateJsAppStateData called.
02-19 18:32:42.874  2008-2362    C04200/SceneSessionManager     com.ohos.sceneboard             I     <3924>UpdateSessionAvoidAreaListener: UpdateSessionAvoidAreaListener persistentId: 36 haveListener:1
02-19 18:32:42.874  1971-2082    C01304/AbilityManagerService   com.huawei.hmos.aidataservice   I     [js_app_manager_utils.cpp(CreateJsAppStateData:35)]CreateJsAppStateData ConvertNativeValueTo begin.
02-19 18:32:42.874  849-880      C01510/IPCObjectProxy          bgtaskmgr_servi                 W     63: handle = 15 destroyed, descriptor: IPCObjectProxy15
02-19 18:32:42.874  1971-2082    C01304/AbilityManagerService   com.huawei.hmos.aidataservice   I     [js_app_manager_utils.cpp(CreateJsAppStateData:41)]CreateJsAppStateData SetProperty begin.
02-19 18:32:42.874  1971-2082    C01304/AbilityManagerService   com.huawei.hmos.aidataservice   I     [js_app_manager_utils.cpp(CreateJsAppStateData:45)]CreateJsAppStateData end.
02-19 18:32:42.874  1971-2082    C01304/AbilityManagerService   com.huawei.hmos.aidataservice   I     [js_app_state_observer.cpp(CallJsFunction:238)]CallJsFunction begin, method:onForegroundApplicationChanged
02-19 18:32:42.874  10236-10236  C04200/WindowSceneSessionImpl  pid-10236                       I     <870>GetAvoidAreaByType: GetAvoidAreaByType windowId:36 type:0
02-19 18:32:42.874  849-880      C01510/IPCObjectProxy          bgtaskmgr_servi                 I     58: handle = 18 create, descriptor: IPCObjectProxy18
02-19 18:32:42.874  1971-2082    C01304/AbilityManagerService   com.huawei.hmos.aidataservice   I     [js_app_state_observer.cpp(CallJsFunction:251)]CallJsFunction end
02-19 18:32:42.874  634-2189     C01c06/TimeService             device_usage_st                 I     [time_service_client.cpp] GetBootTimeMs# Result: 32347950
02-19 18:32:42.874  634-2189     C01710/BUNDLE_ACTIVE           device_usage_st                 I     [bundle_active_app_state_obsever.cpp(OnAbilityStateChanged):76] OnAbilityStateChangeduser id is 100, bundle name is com.netease.lava.nertc.demo, ability name is EntryAbility, ability id is 0x7f1dfa4a80, event id is 2
02-19 18:32:42.874  634-2189     C01510/IPCObjectProxy          device_usage_st                 W     63: handle = 10 destroyed, descriptor: IPCObjectProxy10
02-19 18:32:42.874  634-1842     C01710/BUNDLE_ACTIVE           device_usage_st                 I     [bundle_active_report_handler.cpp(ProcessEvent):39] MSG_REPORT_EVENT CALLED
02-19 18:32:42.874  1971-2082    C01304/AbilityManagerService   com.huawei.hmos.aidataservice   I     [js_app_state_observer.cpp(HandleOnProcessStateChanged:192)]HandleOnProcessStateChanged begin
02-19 18:32:42.874  1971-2082    C01304/AbilityManagerService   com.huawei.hmos.aidataservice   I     [js_app_manager_utils.cpp(CreateJsProcessData:77)]CreateJsProcessData called.
02-19 18:32:42.874  849-880      C01510/IPCObjectProxy          bgtaskmgr_servi                 W     63: handle = 18 destroyed, descriptor: IPCObjectProxy18
02-19 18:32:42.874  1971-2082    C01304/AbilityManagerService   com.huawei.hmos.aidataservice   I     [js_app_manager_utils.cpp(CreateJsProcessData:83)]CreateJsProcessData ConvertNativeValueTo begin.
02-19 18:32:42.874  1971-2082    C01304/AbilityManagerService   com.huawei.hmos.aidataservice   I     [js_app_manager_utils.cpp(CreateJsProcessData:89)]CreateJsProcessData SetProperty begin.
02-19 18:32:42.874  1971-2082    C01304/AbilityManagerService   com.huawei.hmos.aidataservice   I     [js_app_manager_utils.cpp(CreateJsProcessData:96)]CreateJsProcessData end.
02-19 18:32:42.874  678-27186    C01510/IPCObjectProxy          memmgrservice                   W     63: handle = 8 destroyed, descriptor: IPCObjectProxy8
02-19 18:32:42.874  1971-2082    C01304/AbilityManagerService   com.huawei.hmos.aidataservice   I     [js_app_state_observer.cpp(CallJsFunction:238)]CallJsFunction begin, method:onProcessStateChanged
02-19 18:32:42.874  1971-2082    C01304/AbilityManagerService   com.huawei.hmos.aidataservice   I     [js_app_state_observer.cpp(CallJsFunction:251)]CallJsFunction end
02-19 18:32:42.875  678-27186    C01510/IPCObjectProxy          memmgrservice                   I     58: handle = 9 create, descriptor: IPCObjectProxy9
02-19 18:32:42.875  634-1842     C01c06/TimeService             device_usage_st                 I     [time_service_client.cpp] GetBootTimeMs# Result: 32347950
02-19 18:32:42.875  10236-10236  C03900/Ace                     pid-10236                       W     [pipeline_context.cpp(AddDirtyLayoutNode)-(0)] distributedUI is null, break on line 139
02-19 18:32:42.875  849-1977     C01510/IPCObjectProxy          bgtaskmgr_servi                 I     58: handle = 18 create, descriptor: IPCObjectProxy18
02-19 18:32:42.875  10236-10236  C03900/Ace                     pid-10236                       E     [stage_manager.cpp(GetLastPage)-(0)] fail to return page due to children is null
02-19 18:32:42.875  634-1842     C01c06/TimeService             device_usage_st                 I     [time_service_client.cpp] GetBootTimeMs# Result: 32347951
02-19 18:32:42.875  634-1842     C01710/BUNDLE_ACTIVE           device_usage_st                 I     [bundle_active_user_service.cpp(ReportModuleEvent):593] ReportModuleEvent called
02-19 18:32:42.875  634-1842     C01710/BUNDLE_ACTIVE           device_usage_st                 I     [bundle_active_user_service.cpp(GetOrCreateModuleRecord):621] GetOrCreateModuleRecord called
02-19 18:32:42.875  634-1842     C01710/BUNDLE_ACTIVE           device_usage_st                 I     [bundle_active_user_service.cpp(NotifyStatsChanged):84] NotifyStatsChanged stat change is 1, user is 100
02-19 18:32:42.875  634-1842     C01710/BUNDLE_ACTIVE           device_usage_st                 I     [bundle_active_user_service.cpp(ReportEvent):100] ReportEvent, B time is 1708300800000, E time is 1708387200000, userId is 100,
02-19 18:32:42.875  849-1977     C01510/IPCObjectProxy          bgtaskmgr_servi                 W     63: handle = 18 destroyed, descriptor: IPCObjectProxy18
02-19 18:32:42.875  634-1842     C01710/BUNDLE_ACTIVE           device_usage_st                 I     [bundle_active_user_service.cpp(NotifyStatsChanged):84] NotifyStatsChanged stat change is 1, user is 100
02-19 18:32:42.875  10236-10236  C04200/WindowSceneSessionImpl  pid-10236                       I     <870>GetAvoidAreaByType: GetAvoidAreaByType windowId:36 type:1
02-19 18:32:42.875  678-27186    C01510/IPCObjectProxy          memmgrservice                   W     63: handle = 9 destroyed, descriptor: IPCObjectProxy9
02-19 18:32:42.875  704-704      C01510/IPCObjectProxy          resource_schedu                 W     63: handle = 28 destroyed, descriptor: IPCObjectProxy28
02-19 18:32:42.875  704-838      C01702/CgroupAdjuster          resource_schedu                 I     AdjustProcessGroup for 10236, source : 1
02-19 18:32:42.875  704-838      C01702/CgroupAdjuster          resource_schedu                 I     AdjustProcessGroup for 10236, source : 0
02-19 18:32:42.875  704-826      C01700/RSS                     resource_schedu                 I     FrameAwarePlugin:DispatchResource type:1, value:2
02-19 18:32:42.875  704-826      C01700/RSS                     resource_schedu                 I     FrameAwarePlugin::OnDispatchResource success.
02-19 18:32:42.875  704-837      C01706/ueaServer-IntelliSenseServer resource_schedu                 I     unknown state : 2
02-19 18:32:42.875  704-837      C01706/ueaServer-IntelliSenseServer resource_schedu                 I     Get app info:10236 20010081 com.netease.lava.nertc.demo 2
02-19 18:32:42.875  704-822      C01c06/TimeService             resource_schedu                 I     [time_service_client.cpp] GetBootTimeMs# Result: 32347951
02-19 18:32:42.875  678-739      C01799/MemMgr                  memmgrservice                   E     ReclaimPriorityManager::DeleteBundleInfoFromSet delete 1 bundles from set, uid_=20010081, totalBundlePrioSet_.size=12
02-19 18:32:42.875  678-739      C01799/MemMgr                  memmgrservice                   E     ReclaimPriorityManager::AddBundleInfoToSet success to insert bundle to set, uid_=20010081, totalBundlePrioSet_.size=13
02-19 18:32:42.875  678-739      C01799/MemMgr                  memmgrservice                   E     ReclaimPriorityManager::AddBundleInfoToSet procsNumsSum = 15
02-19 18:32:42.876  1278-1320    C01400/Composer                render_service                  E     ReleaseFramebuffer: Current frame buffer is nullptr.
02-19 18:32:42.876  1279-1335    C02f01/ATMServ                 accesstoken_ser                 I     [GetTokenType]:tokenID: 0x28060930
02-19 18:32:42.876  634-1842     C01710/BUNDLE_ACTIVE           device_usage_st                 I     [bundle_active_user_history.cpp(ReportUsage):196] RegisterAppGroupCallBack will ReportUsage
02-19 18:32:42.876  2008-2759    C02f01/ATMProxy                com.ohos.sceneboard             I     [GetTokenType]:result from server data = 1
02-19 18:32:42.876  2008-2759    C04200/SceneSessionManager     com.ohos.sceneboard             I     <3776>WindowVisibilityChangeCallback: WindowVisibilityChangeCallback: entry
02-19 18:32:42.876  678-682      C01510/IPCObjectProxy          memmgrservice                   I     58: handle = 9 create, descriptor: IPCObjectProxy9
02-19 18:32:42.876  704-822      C01c06/TimeService             resource_schedu                 I     [time_service_client.cpp] GetBootTimeMs# Result: 32347952
02-19 18:32:42.876  678-682      C01510/IPCObjectProxy          memmgrservice                   W     63: handle = 9 destroyed, descriptor: IPCObjectProxy9
02-19 18:32:42.876  704-822      C01c06/TimeService             resource_schedu                 I     [time_service_client.cpp] GetBootTimeMs# Result: 32347952
02-19 18:32:42.876  678-739      C01799/MemMgr                  memmgrservice                   E     ReclaimPriorityManager::DeleteBundleInfoFromSet delete 1 bundles from set, uid_=20010081, totalBundlePrioSet_.size=12
02-19 18:32:42.876  678-739      C01799/MemMgr                  memmgrservice                   E     ReclaimPriorityManager::AddBundleInfoToSet success to insert bundle to set, uid_=20010081, totalBundlePrioSet_.size=13
02-19 18:32:42.876  678-739      C01799/MemMgr                  memmgrservice                   E     ReclaimPriorityManager::AddBundleInfoToSet procsNumsSum = 15
02-19 18:32:42.876  704-822      C01c06/TimeService             resource_schedu                 I     [time_service_client.cpp] GetBootTimeMs# Result: 32347952
02-19 18:32:42.877  704-822      C01c06/TimeService             resource_schedu                 I     [time_service_client.cpp] GetBootTimeMs# Result: 32347952
02-19 18:32:42.877  678-727      C01510/IPCObjectProxy          memmgrservice                   I     58: handle = 9 create, descriptor: IPCObjectProxy9
02-19 18:32:42.877  704-822      C01c06/TimeService             resource_schedu                 I     [time_service_client.cpp] GetBootTimeMs# Result: 32347952
02-19 18:32:42.877  678-727      C01510/IPCObjectProxy          memmgrservice                   W     63: handle = 9 destroyed, descriptor: IPCObjectProxy9
02-19 18:32:42.877  704-822      C01c06/TimeService             resource_schedu                 I     [time_service_client.cpp] GetBootTimeMs# Result: 32347952
02-19 18:32:42.877  10236-10242  C04200/WindowSessionImpl       pid-10236                       E     <480>UpdateViewportConfig: uiContent_ is null!
02-19 18:32:42.877  10236-10242  C04200/WindowSessionImpl       pid-10236                       I     <396>UpdateRect: update rect [0, 0, 1344, 2772], reason:0
02-19 18:32:42.877  2008-2366    C04200/SceneSessionManager     com.ohos.sceneboard             I     <2740>NotifySessionMovedToFront: NotifySessionMovedToFront, persistentId: 36
02-19 18:32:42.877  10236-10243  C02c03/PARAM_WATCHER           pid-10236                       I     [watcher_manager_kits.cpp:287]OnParameterChange name accessibility.config.ready value true
02-19 18:32:42.877  2008-2360    C04200/SessionListenerController com.ohos.sceneboard             I     <198>operator(): NotifySessionMovedToFront, persistentId:36.
02-19 18:32:42.877  10236-10236  C03900/Ace                     pid-10236                       I     [layout_inspector.cpp(SetCallback)-(0)] SetCallback start
02-19 18:32:42.877  10236-10236  C03900/Ace                     pid-10236                       I     [ui_content_impl.cpp(CommonInitialize)-(0)] Initialize UIContentImpl end.
02-19 18:32:42.877  10236-10236  C03900/Ace                     pid-10236                       I     [ui_content_impl.cpp(Initialize)-(-2)] Initialize startUrl = pages/Index
02-19 18:32:42.877  10236-10236  C03900/Ace                     pid-10236                       I     [frontend_delegate_declarative.cpp(RunPage)-(0)] FrontendDelegateDeclarative RunPage url=pages/Index
02-19 18:32:42.877  678-739      C01799/MemMgr                  memmgrservice                   E     ReclaimPriorityManager::DeleteBundleInfoFromSet delete 1 bundles from set, uid_=20010081, totalBundlePrioSet_.size=12
02-19 18:32:42.877  678-739      C01799/MemMgr                  memmgrservice                   E     ReclaimPriorityManager::AddBundleInfoToSet success to insert bundle to set, uid_=20010081, totalBundlePrioSet_.size=13
02-19 18:32:42.877  704-822      C01c06/TimeService             resource_schedu                 I     [time_service_client.cpp] GetBootTimeMs# Result: 32347953
02-19 18:32:42.877  10236-10236  C03900/Ace                     pid-10236                       I     [hap_asset_provider.cpp(GetAsMapping)-(0)] Cannot find base path of manifest.json
02-19 18:32:42.877  678-739      C01799/MemMgr                  memmgrservice                   E     ReclaimPriorityManager::AddBundleInfoToSet procsNumsSum = 15
02-19 18:32:42.877  10236-10236  C03900/Ace                     pid-10236                       W     [flutter_asset_manager.cpp(GetAsset)-(0)] find asset failed, name = manifest.json
02-19 18:32:42.877  10236-10236  C03900/Ace                     pid-10236                       W     [utils.h(GetAssetContentImpl)-(0)] uri:manifest.json Asset is null
02-19 18:32:42.877  704-822      C01c06/TimeService             resource_schedu                 I     [time_service_client.cpp] GetBootTimeMs# Result: 32347953
02-19 18:32:42.877  10236-10236  C03900/Ace                     pid-10236                       I     [frontend_delegate_declarative.cpp(RunPage)-(0)] Parse profile main_pages.json
02-19 18:32:42.877  10236-10236  C03900/Ace                     pid-10236                       I     [ui_content_impl.cpp(UpdateWindowMode)-(-2)] UIContentImpl: UpdateWindowMode, window mode is 1, hasDeco is 0
02-19 18:32:42.877  704-822      C01c06/TimeService             resource_schedu                 I     [time_service_client.cpp] GetBootTimeMs# Result: 32347953
02-19 18:32:42.877  704-822      C01c06/TimeService             resource_schedu                 I     [time_service_client.cpp] GetBootTimeMs# Result: 32347953
02-19 18:32:42.877  2008-2014    C04200/SceneSessionManagerStub com.ohos.sceneboard             I     <184>HandleUpdateProperty: run HandleUpdateProperty!
02-19 18:32:42.877  704-822      C01c06/TimeService             resource_schedu                 I     [time_service_client.cpp] GetBootTimeMs# Result: 32347953
02-19 18:32:42.877  704-822      C01c06/TimeService             resource_schedu                 I     [time_service_client.cpp] GetBootTimeMs# Result: 32347953
02-19 18:32:42.878  704-1582     C04200/WindowManager           resource_schedu                 I     <166>Notify WindowVisibilityInfo to caller
02-19 18:32:42.878  704-822      C01c06/TimeService             resource_schedu                 I     [time_service_client.cpp] GetBootTimeMs# Result: 32347953
02-19 18:32:42.878  704-838      C01702/CgroupAdjuster          resource_schedu                 I     AdjustProcessGroup for 2008, source : 10
02-19 18:32:42.878  1279-1335    C02f01/ATMServ                 accesstoken_ser                 I     [GetTokenType]:tokenID: 0x2005c34e
02-19 18:32:42.878  1279-1335    C02f01/ATMStub                 accesstoken_ser                 E     [GetNativeTokenInfoInner]:permission denied(tokenID=537248590)
02-19 18:32:42.878  704-1582     C04200/WindowManager           resource_schedu                 I     <166>Notify WindowVisibilityInfo to caller
02-19 18:32:42.878  704-1582     C01713/SUSPEND_MANAGER         resource_schedu                 I     [suspend_manager_impl.cpp(UpdateVisibleUidMap):1727] uid: 10003 visible window: 5.
02-19 18:32:42.878  704-1582     C01713/SUSPEND_MANAGER         resource_schedu                 I     [suspend_manager_impl.cpp(UpdateVisibleUidMap):1727] uid: 10003 visible window: 4.
02-19 18:32:42.878  2008-2014    C02f01/ATMProxy                com.ohos.sceneboard             I     [GetNativeTokenInfo]:result from server data = 201
02-19 18:32:42.878  704-838      C01702/CgroupAdjuster          resource_schedu                 I     AdjustProcessGroup for 2008, source : 10
02-19 18:32:42.878  2008-2356    C01799/MemMgr                  com.ohos.sceneboard             I     MemMgrClient::GetMemMgrService called
02-19 18:32:42.878  704-822      C01c06/TimeService             resource_schedu                 I     [time_service_client.cpp] GetBootTimeMs# Result: 32347954
02-19 18:32:42.878  680-764      C01d00/accessibility           accessibility                   I     [accessibility_account_data.cpp(AddEnableAbilityListsObserver:140)]
02-19 18:32:42.878  704-822      C01c06/TimeService             resource_schedu                 I     [time_service_client.cpp] GetBootTimeMs# Result: 32347954
02-19 18:32:42.878  2008-2356    C01799/MemMgr                  com.ohos.sceneboard             I     MemMgrClient::GetMemMgrService get service succeed
02-19 18:32:42.878  678-27131    C01799/MemMgr                  memmgrservice                   I     MemMgrStub::OnRemoteRequest MemMgrStub::OnReceived, code = 10, flags= 0.
02-19 18:32:42.878  678-27131    C01799/MemMgr                  memmgrservice                   I     MemMgrService::OnWindowVisibilityChanged called
02-19 18:32:42.878  678-738      C01799/MemMgr                  memmgrservice                   I     WindowVisibilityObserver::UpdateWindowVisibilityPriorityInner WindowVisibilityInfo[pid=2008, uid=10003, winId=4, visible=0]
02-19 18:32:42.878  678-738      C01799/MemMgr                  memmgrservice                   I     WindowVisibilityObserver::UpdateWindowVisibilityPriorityInner WindowVisibilityInfo[pid=2008, uid=10003, winId=5, visible=0]
02-19 18:32:42.878  678-738      C01799/MemMgr                  memmgrservice                   I     WindowVisibilityObserver::UpdateWindowVisibilityPriorityInner windowVisibleMap_size=2
02-19 18:32:42.879  2008-10254   C04200/SceneSessionManagerStub com.ohos.sceneboard             I     <184>HandleUpdateProperty: run HandleUpdateProperty!
02-19 18:32:42.879  704-822      C01c06/TimeService             resource_schedu                 I     [time_service_client.cpp] GetBootTimeMs# Result: 32347955
02-19 18:32:42.879  1279-1335    C02f01/ATMServ                 accesstoken_ser                 I     [GetTokenType]:tokenID: 0x2005c34e
02-19 18:32:42.879  1279-1335    C02f01/ATMStub                 accesstoken_ser                 E     [GetNativeTokenInfoInner]:permission denied(tokenID=537248590)
02-19 18:32:42.879  2008-10254   C02f01/ATMProxy                com.ohos.sceneboard             I     [GetNativeTokenInfo]:result from server data = 201
02-19 18:32:42.879  476-1887     C01510/IPCObjectProxy          hiview                          I     58: handle = 20 create, descriptor: IPCObjectProxy20
02-19 18:32:42.880  1278-2233    C01510/IPCObjectProxy          render_service                  I     58: handle = 42 create, descriptor: IPCObjectProxy42
02-19 18:32:42.880  1278-2233    C01510/IPCObjectStub           render_service                  I     63: create, desc: IVSyncConnection
02-19 18:32:42.880  704-822      C01c06/TimeService             resource_schedu                 I     [time_service_client.cpp] GetBootTimeMs# Result: 32347956
02-19 18:32:42.881  704-822      C01c06/TimeService             resource_schedu                 I     [time_service_client.cpp] GetBootTimeMs# Result: 32347956
02-19 18:32:42.881  476-1887     C01510/IPCObjectProxy          hiview                          W     63: handle = 20 destroyed, descriptor: IPCObjectProxy20
02-19 18:32:42.882  704-822      C01c06/TimeService             resource_schedu                 I     [time_service_client.cpp] GetBootTimeMs# Result: 32347957
02-19 18:32:42.882  704-822      C01c06/TimeService             resource_schedu                 I     [time_service_client.cpp] GetBootTimeMs# Result: 32347958
02-19 18:32:42.882  1279-1335    C02f01/ATMServ                 accesstoken_ser                 I     [GetTokenType]:tokenID: 0x28060930
02-19 18:32:42.882  704-1582     C04200/WindowManager           resource_schedu                 I     <166>Notify WindowVisibilityInfo to caller
02-19 18:32:42.882  704-838      C01702/CgroupAdjuster          resource_schedu                 I     AdjustProcessGroup for 2008, source : 10
02-19 18:32:42.882  704-1582     C04200/WindowManager           resource_schedu                 I     <166>Notify WindowVisibilityInfo to caller
02-19 18:32:42.883  704-1582     C01713/SUSPEND_MANAGER         resource_schedu                 I     [suspend_manager_impl.cpp(UpdateVisibleUidMap):1723] uid: 10003 visible window: 5.
02-19 18:32:42.883  704-838      C01702/CgroupAdjuster          resource_schedu                 I     AdjustProcessGroup for 2008, source : 10
02-19 18:32:42.883  704-1582     C01713/SUSPEND_MANAGER         resource_schedu                 I     [suspend_manager_impl.cpp(UpdateVisibleUidMap):1723] uid: 10003 visible window: 6.
02-19 18:32:42.883  704-1582     C01700/RSS                     resource_schedu                 I     ResSchedService::ReportData from ipc receive data resType = 10, value = 0.
02-19 18:32:42.883  704-1582     C01700/RSS                     resource_schedu                 I     ResSchedService::ReportData from ipc receive data resType = 34, value = 0.
02-19 18:32:42.883  678-27131    C01799/MemMgr                  memmgrservice                   I     MemMgrStub::OnRemoteRequest MemMgrStub::OnReceived, code = 10, flags= 0.
02-19 18:32:42.883  704-826      C01700/RSS                     resource_schedu                 I     IOSchedPlugin::OnDispatchResource success.
02-19 18:32:42.883  704-826      C01700/RSS                     resource_schedu                 I     SocPerfPlugin: socperf->PUSH_PAGE_START
02-19 18:32:42.883  704-835      C04200/SceneSessionManagerProxy resource_schedu                 I     <758>GetFocusSessionToken: run SceneSessionManagerProxy::GetFocusSessionToken
02-19 18:32:42.883  678-27131    C01799/MemMgr                  memmgrservice                   I     MemMgrService::OnWindowVisibilityChanged called
02-19 18:32:42.883  678-738      C01799/MemMgr                  memmgrservice                   I     WindowVisibilityObserver::UpdateWindowVisibilityPriorityInner WindowVisibilityInfo[pid=2008, uid=10003, winId=4, visible=1]
02-19 18:32:42.883  678-738      C01799/MemMgr                  memmgrservice                   I     WindowVisibilityObserver::UpdateWindowVisibilityPriorityInner WindowVisibilityInfo[pid=2008, uid=10003, winId=5, visible=1]
02-19 18:32:42.883  678-738      C01799/MemMgr                  memmgrservice                   I     WindowVisibilityObserver::UpdateWindowVisibilityPriorityInner windowVisibleMap_size=2
02-19 18:32:42.884  10236-10236  C03900/NAPI                    pid-10236                       W     [(native_module_manager.cpp:447)(LoadNativeModule)] module 'promptAction' does not in cache
02-19 18:32:42.884  704-835      C01510/IPCObjectProxy          resource_schedu                 I     58: handle = 28 create, descriptor: IPCObjectProxy28
02-19 18:32:42.884  1123-1695    C015c0/dsoftbus                foundation                      W     mutex is already init
02-19 18:32:42.884  704-822      C01c06/TimeService             resource_schedu                 I     [time_service_client.cpp] GetBootTimeMs# Result: 32347960
02-19 18:32:42.884  1059-1303    C015c0/dsoftbus                softbus_server                  I     [COMM][OnRemoteRequest:204]SoftBusServerStub::OnReceived, code = 149
02-19 18:32:42.885  704-835      C01510/IPCObjectProxy          resource_schedu                 W     63: handle = 28 destroyed, descriptor: IPCObjectProxy28
02-19 18:32:42.885  10236-10236  C03900/NAPI                    pid-10236                       I     [(native_module_manager.cpp:239)(Register)] NativeModule Register success. module name is 'promptAction'
02-19 18:32:42.885  10236-10236  C03900/NAPI                    pid-10236                       W     [(native_module_manager.cpp:447)(LoadNativeModule)] module 'net.http' does not in cache
02-19 18:32:42.887  10236-10236  C03900/NAPI                    pid-10236                       W     [(native_module_manager.cpp:447)(LoadNativeModule)] module 'multimedia.camera' does not in cache
02-19 18:32:42.887  10236-10236  C03900/NAPI                    pid-10236                       I     [(app_module_checker.cpp:24)(CheckModuleLoadable)] check blocklist, moduleName = multimedia.camera, processExtensionType_ = 255
02-19 18:32:42.888  10236-10236  C02b00/CAMERA                  pid-10236                       I     {Export()-native_module_ohos_camera.cpp:25} Export called()
02-19 18:32:42.889  10236-10236  C02b00/CAMERA                  pid-10236                       I     {Init()-camera_pre_launch_config_napi.cpp:52} Init is called
02-19 18:32:42.889  10236-10236  C03900/NAPI                    pid-10236                       W     [(native_module_manager.cpp:447)(LoadNativeModule)] module 'multimedia.image' does not in cache
02-19 18:32:42.889  10236-10236  C03900/NAPI                    pid-10236                       I     [(app_module_checker.cpp:24)(CheckModuleLoadable)] check blocklist, moduleName = multimedia.image, processExtensionType_ = 255
02-19 18:32:42.889  476-1929     C02900/DumperCommon            hiview                          I     UpdateCpuInfo# UpdateCpuInfo debug|exit
02-19 18:32:42.890  10236-10236  C03900/NAPI                    pid-10236                       I     [(native_module_manager.cpp:239)(Register)] NativeModule Register success. module name is 'multimedia.image'
02-19 18:32:42.891  10236-10236  C03900/NAPI                    pid-10236                       W     [(native_module_manager.cpp:447)(LoadNativeModule)] module 'nertc_sdk' does not in cache
02-19 18:32:42.891  10236-10236  C03900/NAPI                    pid-10236                       I     [(app_module_checker.cpp:24)(CheckModuleLoadable)] check blocklist, moduleName = nertc_sdk, processExtensionType_ = 255
02-19 18:32:42.893  1278-1278    C01400/OHOS::RS                render_service                  I     RsDebug RSProcessor::Perf: do nothing
02-19 18:32:42.893  1034-1207    C014b1/KRPRPERYIES             composer_host                   E     get property failed
02-19 18:32:42.893  1034-1207    C014c0/GRALLOC                 composer_host                   E     This buffer is nullptr
02-19 18:32:42.895  1279-1335    C02f01/ATMServ                 accesstoken_ser                 I     [GetTokenType]:tokenID: 0x28060930
02-19 18:32:42.895  2008-2014    C02f01/ATMProxy                com.ohos.sceneboard             I     [GetTokenType]:result from server data = 1
02-19 18:32:42.895  2008-2014    C04200/SceneSessionManager     com.ohos.sceneboard             I     <3776>WindowVisibilityChangeCallback: WindowVisibilityChangeCallback: entry
02-19 18:32:42.895  2008-2356    C01799/MemMgr                  com.ohos.sceneboard             I     MemMgrClient::GetMemMgrService called
02-19 18:32:42.895  704-728      C04200/WindowManager           resource_schedu                 I     <166>Notify WindowVisibilityInfo to caller
02-19 18:32:42.895  704-838      C01702/CgroupAdjuster          resource_schedu                 I     AdjustProcessGroup for 2008, source : 10
02-19 18:32:42.895  704-728      C04200/WindowManager           resource_schedu                 I     <166>Notify WindowVisibilityInfo to caller
02-19 18:32:42.895  704-728      C01713/SUSPEND_MANAGER         resource_schedu                 I     [suspend_manager_impl.cpp(UpdateVisibleUidMap):1727] uid: 10003 visible window: 5.
02-19 18:32:42.895  704-728      C01713/SUSPEND_MANAGER         resource_schedu                 I     [suspend_manager_impl.cpp(UpdateVisibleUidMap):1727] uid: 10003 visible window: 4.
02-19 18:32:42.896  704-838      C01702/CgroupAdjuster          resource_schedu                 I     AdjustProcessGroup for 2008, source : 10
02-19 18:32:42.896  1278-1320    C01400/Composer                render_service                  E     ReleaseFramebuffer: Current frame buffer is nullptr.
02-19 18:32:42.896  2008-2356    C01799/MemMgr                  com.ohos.sceneboard             I     MemMgrClient::GetMemMgrService get service succeed
02-19 18:32:42.896  678-27131    C01799/MemMgr                  memmgrservice                   I     MemMgrStub::OnRemoteRequest MemMgrStub::OnReceived, code = 10, flags= 0.
02-19 18:32:42.896  678-27131    C01799/MemMgr                  memmgrservice                   I     MemMgrService::OnWindowVisibilityChanged called
02-19 18:32:42.896  678-738      C01799/MemMgr                  memmgrservice                   I     WindowVisibilityObserver::UpdateWindowVisibilityPriorityInner WindowVisibilityInfo[pid=2008, uid=10003, winId=4, visible=0]
02-19 18:32:42.896  678-738      C01799/MemMgr                  memmgrservice                   I     WindowVisibilityObserver::UpdateWindowVisibilityPriorityInner WindowVisibilityInfo[pid=2008, uid=10003, winId=5, visible=0]
02-19 18:32:42.896  678-738      C01799/MemMgr                  memmgrservice                   I     WindowVisibilityObserver::UpdateWindowVisibilityPriorityInner windowVisibleMap_size=2
02-19 18:32:42.896  1278-1278    C01400/OHOS::RS                render_service                  I     RsDebug RSProcessor::Perf: do nothing
02-19 18:32:42.897  1034-1207    C014b1/KRPRPERYIES             composer_host                   E     get property failed
02-19 18:32:42.897  1034-1207    C014c0/GRALLOC                 composer_host                   E     This buffer is nullptr
02-19 18:32:42.897  10236-10236  C03900/NAPI                    pid-10236                       I     [(native_module_manager.cpp:239)(Register)] NativeModule Register success. module name is 'default/wrapper'
02-19 18:32:42.898  1278-1320    C01400/Composer                render_service                  E     ReleaseFramebuffer: Current frame buffer is nullptr.
02-19 18:32:42.900  10236-10236  C03900/NAPI                    pid-10236                       W     [(native_module_manager.cpp:710)(FindNativeModuleByDisk)] moduleName 'default/nertc_sdk' seems not match plugin's name 'default/wrapper'
02-19 18:32:42.900  10236-10236  A0ff00/PluginManager           pid-10236                       E     Export: napi_unwrap fail
02-19 18:32:42.902  10236-10236  C03f00/ArkCompiler             pid-10236                       E     [default] DefineProperty:1542 occur exception need return
02-19 18:32:42.902  10236-10236  C03900/NAPI                    pid-10236                       E     [(ark_native_object.cpp:257)(DefineProperty)] ArkNativeObject::DefineProperty occur Exception
02-19 18:32:42.902  10236-10236  C03900/NAPI                    pid-10236                       W     [(native_module_manager.cpp:447)(LoadNativeModule)] module 'bundle.bundleManager' does not in cache
02-19 18:32:42.902  10236-10236  C03900/NAPI                    pid-10236                       I     [(app_module_checker.cpp:24)(CheckModuleLoadable)] check blocklist, moduleName = bundle.bundleManager, processExtensionType_ = 255
02-19 18:32:42.903  10236-10236  C03900/NAPI                    pid-10236                       I     [(native_module_manager.cpp:239)(Register)] NativeModule Register success. module name is 'bundle.bundleManager'
02-19 18:32:42.903  10236-10236  C01510/IPCObjectStub           pid-10236                       I     63: create, desc: ohos.eventfwk.IEventReceive
02-19 18:32:42.903  1123-1695    C01510/IPCObjectProxy          foundation                      I     58: handle = 146 create, descriptor: IPCObjectProxy146
02-19 18:32:42.904  704-822      C01c06/TimeService             resource_schedu                 I     [time_service_client.cpp] GetBootTimeMs# Result: 32347979
02-19 18:32:42.904  1123-1695    C01200/Ces                     foundation                      I     [common_event_subscribe_info.cpp:(~CommonEventSubscribeInfo):47] ~CommonEventSubscribeInfo
02-19 18:32:42.904  1279-1335    C02f01/ATMServ                 accesstoken_ser                 I     [GetTokenType]:tokenID: 0x28060930
02-19 18:32:42.904  1123-1695    C01200/Ces                     foundation                      I     [common_event_subscribe_info.cpp:(~CommonEventSubscribeInfo):47] ~CommonEventSubscribeInfo
02-19 18:32:42.904  1123-1695    C01200/Ces                     foundation                      I     [common_event_subscribe_info.cpp:(~CommonEventSubscribeInfo):47] ~CommonEventSubscribeInfo
02-19 18:32:42.904  2008-2014    C02f01/ATMProxy                com.ohos.sceneboard             I     [GetTokenType]:result from server data = 1
02-19 18:32:42.904  10236-10236  C01200/Ces                     pid-10236                       I     [common_event_subscribe_info.cpp:(~CommonEventSubscribeInfo):47] ~CommonEventSubscribeInfo
02-19 18:32:42.904  10236-10236  C01120/BundleMgrService        pid-10236                       I     [native_module.cpp(BundleManagerExport):141] init js bundle manager success.
02-19 18:32:42.904  2008-2014    C04200/SceneSessionManager     com.ohos.sceneboard             I     <3776>WindowVisibilityChangeCallback: WindowVisibilityChangeCallback: entry
02-19 18:32:42.904  10236-10236  C03900/NAPI                    pid-10236                       W     [(native_module_manager.cpp:447)(LoadNativeModule)] module 'hidebug' does not in cache
02-19 18:32:42.904  10236-10236  C03900/NAPI                    pid-10236                       I     [(app_module_checker.cpp:24)(CheckModuleLoadable)] check blocklist, moduleName = hidebug, processExtensionType_ = 255
02-19 18:32:42.904  2008-2356    C01799/MemMgr                  com.ohos.sceneboard             I     MemMgrClient::GetMemMgrService called
02-19 18:32:42.904  704-728      C04200/WindowManager           resource_schedu                 I     <166>Notify WindowVisibilityInfo to caller
02-19 18:32:42.904  704-838      C01702/CgroupAdjuster          resource_schedu                 I     AdjustProcessGroup for 2008, source : 10
02-19 18:32:42.904  704-728      C04200/WindowManager           resource_schedu                 I     <166>Notify WindowVisibilityInfo to caller
02-19 18:32:42.904  704-838      C01702/CgroupAdjuster          resource_schedu                 I     AdjustProcessGroup for 2008, source : 10
02-19 18:32:42.905  10236-10236  C03900/NAPI                    pid-10236                       I     [(native_module_manager.cpp:239)(Register)] NativeModule Register success. module name is 'hidebug'
02-19 18:32:42.905  704-728      C01713/SUSPEND_MANAGER         resource_schedu                 I     [suspend_manager_impl.cpp(UpdateVisibleUidMap):1723] uid: 10003 visible window: 5.
02-19 18:32:42.905  704-728      C01713/SUSPEND_MANAGER         resource_schedu                 I     [suspend_manager_impl.cpp(UpdateVisibleUidMap):1723] uid: 10003 visible window: 6.
02-19 18:32:42.905  10236-10236  C03900/NAPI                    pid-10236                       W     [(native_module_manager.cpp:447)(LoadNativeModule)] module 'batteryInfo' does not in cache
02-19 18:32:42.905  10236-10236  C03900/NAPI                    pid-10236                       I     [(app_module_checker.cpp:24)(CheckModuleLoadable)] check blocklist, moduleName = batteryInfo, processExtensionType_ = 255
02-19 18:32:42.905  2008-2356    C01799/MemMgr                  com.ohos.sceneboard             I     MemMgrClient::GetMemMgrService get service succeed
02-19 18:32:42.905  678-27131    C01799/MemMgr                  memmgrservice                   I     MemMgrStub::OnRemoteRequest MemMgrStub::OnReceived, code = 10, flags= 0.
02-19 18:32:42.905  678-27131    C01799/MemMgr                  memmgrservice                   I     MemMgrService::OnWindowVisibilityChanged called
02-19 18:32:42.905  10236-10236  C03900/NAPI                    pid-10236                       I     [(native_module_manager.cpp:239)(Register)] NativeModule Register success. module name is 'batteryInfo'
02-19 18:32:42.905  678-738      C01799/MemMgr                  memmgrservice                   I     WindowVisibilityObserver::UpdateWindowVisibilityPriorityInner WindowVisibilityInfo[pid=2008, uid=10003, winId=4, visible=1]
02-19 18:32:42.905  678-738      C01799/MemMgr                  memmgrservice                   I     WindowVisibilityObserver::UpdateWindowVisibilityPriorityInner WindowVisibilityInfo[pid=2008, uid=10003, winId=5, visible=1]
02-19 18:32:42.905  678-738      C01799/MemMgr                  memmgrservice                   I     WindowVisibilityObserver::UpdateWindowVisibilityPriorityInner windowVisibleMap_size=2
02-19 18:32:42.905  1123-10205   C01200/Ces                     foundation                      I     [common_event_subscribe_info.cpp:(~CommonEventSubscribeInfo):47] ~CommonEventSubscribeInfo
02-19 18:32:42.905  2008-8056    C01680/SEARCH_KITS             com.ohos.sceneboard             I     [fusion_search_cpp_client.cpp(331)] FusionSearchCppClient::Update end. UpdateStatus is 0 .
02-19 18:32:42.905  1123-10205   C01200/Ces                     foundation                      I     [common_event_subscribe_info.cpp:(~CommonEventSubscribeInfo):47] ~CommonEventSubscribeInfo
02-19 18:32:42.905  2008-8056    C01510/IPCObjectProxy          com.ohos.sceneboard             W     63: handle = 110 destroyed, descriptor: IPCObjectProxy110
02-19 18:32:42.905  2008-2008    C01682/SEARCH_CLIENT           com.ohos.sceneboard             I     [datamanager_session.cpp(178)] DataManagerPromiseSession::CompleteWork status: 0
02-19 18:32:42.905  2008-2008    C01682/SEARCH_CLIENT           com.ohos.sceneboard             I     [datamanager_client.cpp(615)] BuildSearchableRecords searchableRecordsFailed indexRecords size is 0
02-19 18:32:42.905  2008-2008    C01682/SEARCH_CLIENT           com.ohos.sceneboard             I     [datamanager_client.cpp(675)] BuildSearchResults searchResult failed is null.
02-19 18:32:42.905  2008-2008    A0001b/SceneBoard              com.ohos.sceneboard             I     GlobalSearchStoreManager --> update success
02-19 18:32:42.905  2008-2008    C01682/SEARCH_CLIENT           com.ohos.sceneboard             I     [datamanager_client.cpp(80)] RemoveSession sess
02-19 18:32:42.905  10236-10236  A0ff00/[RTC_SDK]               pid-10236                       I     NERtcImpl, === constructor =====
02-19 18:32:42.906  10236-10236  C03900/NAPI                    pid-10236                       W     [(native_module_manager.cpp:447)(LoadNativeModule)] module 'file.fs' does not in cache
