token :k
02-19 18:32:42.845  2915-2921    C01681/FusionSearchService     com.ohos.FusionSearch           I     [ngramone_tokenizer.cpp(TokenizeContent:38)] TokenizeContent token :ps
02-19 18:32:42.845  2915-2921    C01681/FusionSearchService     com.ohos.FusionSearch           I     [ngramone_tokenizer.cpp(TokenizeContent:38)] TokenizeContent token :/
02-19 18:32:42.845  2915-2921    C01681/FusionSearchService     com.ohos.FusionSearch           I     [ngramone_tokenizer.cpp(TokenizeContent:38)] TokenizeContent token :ehtmfpysa
02-19 18:32:42.845  678-1976     C01510/IPCObjectProxy          memmgrservice                   W     63: handle = 8 destroyed, descriptor: IPCObjectProxy8
02-19 18:32:42.845  1971-2036    C01304/AbilityManagerService   com.huawei.hmos.aidataservice   I     [js_app_state_observer.cpp(OnProcessStateChanged:169)]OnProcessStateChanged begin
02-19 18:32:42.845  678-739      C01799/MemMgr                  memmgrservice                   E     ReclaimPriorityManager::DeleteBundleInfoFromSet delete 1 bundles from set, uid_=20010081, totalBundlePrioSet_.size=12
02-19 18:32:42.845  678-739      C01799/MemMgr                  memmgrservice                   E     ReclaimPriorityManager::AddBundleInfoToSet success to insert bundle to set, uid_=20010081, totalBundlePrioSet_.size=13
02-19 18:32:42.845  678-739      C01799/MemMgr                  memmgrservice                   E     ReclaimPriorityManager::AddBundleInfoToSet procsNumsSum = 15
02-19 18:32:42.846  704-822      C01c06/TimeService             resource_schedu                 I     [time_service_client.cpp] GetBootTimeMs# Result: 32347921
02-19 18:32:42.845  2915-2921    C01681/FusionSearchService     com.ohos.FusionSearch           I     [ngramone_tokenizer.cpp(TokenizeContent:38)] TokenizeContent token :8
02-19 18:32:42.846  2915-2921    C01681/FusionSearchService     com.ohos.FusionSearch           I     [ngramone_tokenizer.cpp(TokenizeContent:38)] TokenizeContent token :zxhr
02-19 18:32:42.846  2915-2921    C01681/FusionSearchService     com.ohos.FusionSearch           I     [ngramone_tokenizer.cpp(TokenizeContent:38)] TokenizeContent token :9
02-19 18:32:42.846  2915-2921    C01681/FusionSearchService     com.ohos.FusionSearch           I     [ngramone_tokenizer.cpp(TokenizeContent:38)] TokenizeContent token :k
02-19 18:32:42.846  2915-2921    C01681/FusionSearchService     com.ohos.FusionSearch           I     [ngramone_tokenizer.cpp(TokenizeContent:38)] TokenizeContent token :1
02-19 18:32:42.846  704-822      C01c06/TimeService             resource_schedu                 I     [time_service_client.cpp] GetBootTimeMs# Result: 32347921
02-19 18:32:42.846  2915-2921    C01681/FusionSearchService     com.ohos.FusionSearch           I     [ngramone_tokenizer.cpp(TokenizeContent:38)] TokenizeContent token :wpn
02-19 18:32:42.846  704-822      C01c06/TimeService             resource_schedu                 I     [time_service_client.cpp] GetBootTimeMs# Result: 32347922
02-19 18:32:42.846  2915-2921    C01681/FusionSearchService     com.ohos.FusionSearch           I     [ngramone_tokenizer.cpp(TokenizeContent:38)] TokenizeContent token :4
02-19 18:32:42.846  704-822      C01c06/TimeService             resource_schedu                 I     [time_service_client.cpp] GetBootTimeMs# Result: 32347922
02-19 18:32:42.846  2915-2921    C01681/FusionSearchService     com.ohos.FusionSearch           I     [ngramone_tokenizer.cpp(TokenizeContent:38)] TokenizeContent token :0
02-19 18:32:42.846  2915-2921    C01681/FusionSearchService     com.ohos.FusionSearch           I     [ngramone_tokenizer.cpp(TokenizeContent:38)] TokenizeContent token :3
02-19 18:32:42.846  2915-2921    C01681/FusionSearchService     com.ohos.FusionSearch           I     [ngramone_tokenizer.cpp(TokenizeContent:38)] TokenizeContent token :dmk
02-19 18:32:42.846  2915-2921    C01681/FusionSearchService     com.ohos.FusionSearch           I     [ngramone_tokenizer.cpp(TokenizeContent:38)] TokenizeContent token :6
02-19 18:32:42.846  2915-2921    C01681/FusionSearchService     com.ohos.FusionSearch           I     [ngramone_tokenizer.cpp(TokenizeContent:38)] TokenizeContent token :dpixhd
02-19 18:32:42.846  2915-2921    C01681/FusionSearchService     com.ohos.FusionSearch           I     [ngramone_tokenizer.cpp(TokenizeContent:38)] TokenizeContent token :3
02-19 18:32:42.846  704-822      C01c06/TimeService             resource_schedu                 I     [time_service_client.cpp] GetBootTimeMs# Result: 32347922
02-19 18:32:42.846  2915-2921    C01681/FusionSearchService     com.ohos.FusionSearch           I     [ngramone_tokenizer.cpp(TokenizeContent:38)] TokenizeContent token :dqgc
02-19 18:32:42.846  2915-2921    C01681/FusionSearchService     com.ohos.FusionSearch           I     [ngramone_tokenizer.cpp(TokenizeContent:38)] TokenizeContent token :u
02-19 18:32:42.846  704-822      C01c06/TimeService             resource_schedu                 I     [time_service_client.cpp] GetBootTimeMs# Result: 32347922
02-19 18:32:42.846  2915-2921    C01681/FusionSearchService     com.ohos.FusionSearch           I     [ngramone_tokenizer.cpp(TokenizeContent:38)] TokenizeContent token :6
02-19 18:32:42.846  2915-2921    C01681/FusionSearchService     com.ohos.FusionSearch           I     [ngramone_tokenizer.cpp(TokenizeContent:38)] TokenizeContent token :onr
02-19 18:32:42.846  2915-2921    C01681/FusionSearchService     com.ohos.FusionSearch           I     [ngramone_tokenizer.cpp(TokenizeContent:38)] TokenizeContent token :+
02-19 18:32:42.846  2915-2921    C01681/FusionSearchService     com.ohos.FusionSearch           I     [ngramone_tokenizer.cpp(TokenizeContent:38)] TokenizeContent token :7
02-19 18:32:42.846  2915-2921    C01681/FusionSearchService     com.ohos.FusionSearch           I     [ngramone_tokenizer.cpp(TokenizeContent:38)] TokenizeContent token :yragt
02-19 18:32:42.846  2915-2921    C01681/FusionSearchService     com.ohos.FusionSearch           I     [ngramone_tokenizer.cpp(TokenizeContent:38)] TokenizeContent token :6
02-19 18:32:42.846  2915-2921    C01681/FusionSearchService     com.ohos.FusionSearch           I     [ngramone_tokenizer.cpp(TokenizeContent:38)] TokenizeContent token :mwxza
02-19 18:32:42.846  2915-2921    C01681/FusionSearchService     com.ohos.FusionSearch           I     [ngramone_tokenizer.cpp(TokenizeContent:38)] TokenizeContent token :4
02-19 18:32:42.846  704-822      C01c06/TimeService             resource_schedu                 I     [time_service_client.cpp] GetBootTimeMs# Result: 32347922
02-19 18:32:42.846  2915-2921    C01681/FusionSearchService     com.ohos.FusionSearch           I     [ngramone_tokenizer.cpp(TokenizeContent:38)] TokenizeContent token :owybzrzhrdhjtupnebvo
02-19 18:32:42.846  2915-2921    C01681/FusionSearchService     com.ohos.FusionSearch           I     [ngramone_tokenizer.cpp(TokenizeContent:38)] TokenizeContent token :2
02-19 18:32:42.846  2915-2921    C01681/FusionSearchService     com.ohos.FusionSearch           I     [ngramone_tokenizer.cpp(TokenizeContent:38)] TokenizeContent token :b
02-19 18:32:42.846  759-1021     C015b0/NetMgrCommon            netmanager                      I     [NetmanagerFinishSyncTrace-(netmanager_hitrace.cpp:31)]NetmanagerFinishSyncTrace value:TransPolicyToRule end
02-19 18:32:42.846  704-822      C01c06/TimeService             resource_schedu                 I     [time_service_client.cpp] GetBootTimeMs# Result: 32347922
02-19 18:32:42.846  704-822      C01c06/TimeService             resource_schedu                 I     [time_service_client.cpp] GetBootTimeMs# Result: 32347922
02-19 18:32:42.847  2915-2921    C01681/FusionSearchService     com.ohos.FusionSearch           I     [ngramone_tokenizer.cpp(TokenizeContent:38)] TokenizeContent token :sd
02-19 18:32:42.847  2915-2921    C01681/FusionSearchService     com.ohos.FusionSearch           I     [ngramone_tokenizer.cpp(TokenizeContent:38)] TokenizeContent token :3
02-19 18:32:42.847  2915-2921    C01681/FusionSearchService     com.ohos.FusionSearch           I     [ngramone_tokenizer.cpp(TokenizeContent:38)] TokenizeContent token :kh
02-19 18:32:42.847  2915-2921    C01681/FusionSearchService     com.ohos.FusionSearch           I     [ngramone_tokenizer.cpp(TokenizeContent:38)] TokenizeContent token :oqte
02-19 18:32:42.847  2915-2921    C01681/FusionSearchService     com.ohos.FusionSearch           I     [ngramone_tokenizer.cpp(TokenizeContent:38)] TokenizeContent token :7
02-19 18:32:42.847  2915-2921    C01681/FusionSearchService     com.ohos.FusionSearch           I     [ngramone_tokenizer.cpp(TokenizeContent:38)] TokenizeContent token :p
02-19 18:32:42.847  2915-2921    C01681/FusionSearchService     com.ohos.FusionSearch           I     [ngramone_tokenizer.cpp(TokenizeContent:38)] TokenizeContent token :0
02-19 18:32:42.847  2915-2921    C01681/FusionSearchService     com.ohos.FusionSearch           I     [ngramone_tokenizer.cpp(TokenizeContent:38)] TokenizeContent token :ej
02-19 18:32:42.847  2915-2921    C01681/FusionSearchService     com.ohos.FusionSearch           I     [ngramone_tokenizer.cpp(TokenizeContent:38)] TokenizeContent token :1
02-19 18:32:42.847  2915-2921    C01681/FusionSearchService     com.ohos.FusionSearch           I     [ngramone_tokenizer.cpp(TokenizeContent:38)] TokenizeContent token :fj
02-19 18:32:42.847  2915-2921    C01681/FusionSearchService     com.ohos.FusionSearch           I     [ngramone_tokenizer.cpp(TokenizeContent:38)] TokenizeContent token :0
02-19 18:32:42.847  2915-2921    C01681/FusionSearchService     com.ohos.FusionSearch           I     [ngramone_tokenizer.cpp(TokenizeContent:38)] TokenizeContent token :nfdiv
02-19 18:32:42.847  2915-2921    C01681/FusionSearchService     com.ohos.FusionSearch           I     [ngramone_tokenizer.cpp(TokenizeContent:38)] TokenizeContent token :1
02-19 18:32:42.847  2915-2921    C01681/FusionSearchService     com.ohos.FusionSearch           I     [ngramone_tokenizer.cpp(TokenizeContent:38)] TokenizeContent token :emeqzblkijai
02-19 18:32:42.847  2915-2921    C01681/FusionSearchService     com.ohos.FusionSearch           I     [ngramone_tokenizer.cpp(TokenizeContent:38)] TokenizeContent token :/
02-19 18:32:42.847  2915-2921    C01681/FusionSearchService     com.ohos.FusionSearch           I     [ngramone_tokenizer.cpp(TokenizeContent:38)] TokenizeContent token :8
02-19 18:32:42.847  2915-2921    C01681/FusionSearchService     com.ohos.FusionSearch           I     [ngramone_tokenizer.cpp(TokenizeContent:38)] TokenizeContent token :idy
02-19 18:32:42.847  2915-2921    C01681/FusionSearchService     com.ohos.FusionSearch           I     [ngramone_tokenizer.cpp(TokenizeContent:38)] TokenizeContent token :+
02-19 18:32:42.847  2915-2921    C01681/FusionSearchService     com.ohos.FusionSearch           I     [ngramone_tokenizer.cpp(TokenizeContent:38)] TokenizeContent token :znpnzf
02-19 18:32:42.847  2915-2921    C01681/FusionSearchService     com.ohos.FusionSearch           I     [ngramone_tokenizer.cpp(TokenizeContent:38)] TokenizeContent token :036
02-19 18:32:42.847  2915-2921    C01681/FusionSearchService     com.ohos.FusionSearch           I     [ngramone_tokenizer.cpp(TokenizeContent:38)] TokenizeContent token :z
02-19 18:32:42.847  2915-2921    C01681/FusionSearchService     com.ohos.FusionSearch           I     [ngramone_tokenizer.cpp(TokenizeContent:38)] TokenizeContent token :5
02-19 18:32:42.847  2915-2921    C01681/FusionSearchService     com.ohos.FusionSearch           I     [ngramone_tokenizer.cpp(TokenizeContent:38)] TokenizeContent token :szoitw
02-19 18:32:42.847  2915-2921    C01681/FusionSearchService     com.ohos.FusionSearch           I     [ngramone_tokenizer.cpp(TokenizeContent:38)] TokenizeContent token :/
02-19 18:32:42.847  2915-2921    C01681/FusionSearchService     com.ohos.FusionSearch           I     [ngramone_tokenizer.cpp(TokenizeContent:38)] TokenizeContent token :qivtmmtbyhuiqpbyahbk
02-19 18:32:42.847  2915-2921    C01681/FusionSearchService     com.ohos.FusionSearch           I     [ngramone_tokenizer.cpp(TokenizeContent:38)] TokenizeContent token :2
02-19 18:32:42.847  2915-2921    C01681/FusionSearchService     com.ohos.FusionSearch           I     [ngramone_tokenizer.cpp(TokenizeContent:38)] TokenizeContent token :gxluru
02-19 18:32:42.847  2915-2921    C01681/FusionSearchService     com.ohos.FusionSearch           I     [ngramone_tokenizer.cpp(TokenizeContent:38)] TokenizeContent token :9
02-19 18:32:42.847  2915-2921    C01681/FusionSearchService     com.ohos.FusionSearch           I     [ngramone_tokenizer.cpp(TokenizeContent:38)] TokenizeContent token :yziauvozeafccdrtvgi
02-19 18:32:42.847  2915-2921    C01681/FusionSearchService     com.ohos.FusionSearch           I     [ngramone_tokenizer.cpp(TokenizeContent:38)] TokenizeContent token :5
02-19 18:32:42.847  2915-2921    C01681/FusionSearchService     com.ohos.FusionSearch           I     [ngramone_tokenizer.cpp(TokenizeContent:38)] TokenizeContent token :clw
02-19 18:32:42.847  2915-2921    C01681/FusionSearchService     com.ohos.FusionSearch           I     [ngramone_tokenizer.cpp(TokenizeContent:38)] TokenizeContent token :8
02-19 18:32:42.847  2915-2921    C01681/FusionSearchService     com.ohos.FusionSearch           I     [ngramone_tokenizer.cpp(TokenizeContent:38)] TokenizeContent token :sdt
02-19 18:32:42.847  2915-2921    C01681/FusionSearchService     com.ohos.FusionSearch           I     [ngramone_tokenizer.cpp(TokenizeContent:38)] TokenizeContent token :+
02-19 18:32:42.847  2915-2921    C01681/FusionSearchService     com.ohos.FusionSearch           I     [ngramone_tokenizer.cpp(TokenizeContent:38)] TokenizeContent token :q
02-19 18:32:42.847  2915-2921    C01681/FusionSearchService     com.ohos.FusionSearch           I     [ngramone_tokenizer.cpp(TokenizeContent:38)] TokenizeContent token :+
02-19 18:32:42.847  2915-2921    C01681/FusionSearchService     com.ohos.FusionSearch           I     [ngramone_tokenizer.cpp(TokenizeContent:38)] TokenizeContent token :uos
02-19 18:32:42.847  2915-2921    C01681/FusionSearchService     com.ohos.FusionSearch           I     [ngramone_tokenizer.cpp(TokenizeContent:38)] TokenizeContent token :6
02-19 18:32:42.847  2915-2921    C01681/FusionSearchService     com.ohos.FusionSearch           I     [ngramone_tokenizer.cpp(TokenizeContent:38)] TokenizeContent token :c
02-19 18:32:42.847  2915-2921    C01681/FusionSearchService     com.ohos.FusionSearch           I     [ngramone_tokenizer.cpp(TokenizeContent:38)] TokenizeContent token :8
02-19 18:32:42.847  2915-2921    C01681/FusionSearchService     com.ohos.FusionSearch           I     [ngramone_tokenizer.cpp(TokenizeContent:38)] TokenizeContent token :npggbzsamu
02-19 18:32:42.847  2915-2921    C01681/FusionSearchService     com.ohos.FusionSearch           I     [ngramone_tokenizer.cpp(TokenizeContent:38)] TokenizeContent token :6
02-19 18:32:42.847  2915-2921    C01681/FusionSearchService     com.ohos.FusionSearch           I     [ngramone_tokenizer.cpp(TokenizeContent:38)] TokenizeContent token :coktvj
02-19 18:32:42.847  2915-2921    C01681/FusionSearchService     com.ohos.FusionSearch           I     [ngramone_tokenizer.cpp(TokenizeContent:38)] TokenizeContent token :6
02-19 18:32:42.847  2915-2921    C01681/FusionSearchService     com.ohos.FusionSearch           I     [ngramone_tokenizer.cpp(TokenizeContent:38)] TokenizeContent token :xuksudx
02-19 18:32:42.847  2915-2921    C01681/FusionSearchService     com.ohos.FusionSearch           I     [ngramone_tokenizer.cpp(TokenizeContent:38)] TokenizeContent token :7
02-19 18:32:42.847  2915-2921    C01681/FusionSearchService     com.ohos.FusionSearch           I     [ngramone_tokenizer.cpp(TokenizeContent:38)] TokenizeContent token :k
02-19 18:32:42.847  2915-2921    C01681/FusionSearchService     com.ohos.FusionSearch           I     [ngramone_tokenizer.cpp(TokenizeContent:38)] TokenizeContent token :8
02-19 18:32:42.847  2915-2921    C01681/FusionSearchService     com.ohos.FusionSearch           I     [ngramone_tokenizer.cpp(TokenizeContent:38)] TokenizeContent token :x
02-19 18:32:42.847  2915-2921    C01681/FusionSearchService     com.ohos.FusionSearch           I     [ngramone_tokenizer.cpp(TokenizeContent:38)] TokenizeContent token :1
02-19 18:32:42.847  2915-2921    C01681/FusionSearchService     com.ohos.FusionSearch           I     [ngramone_tokenizer.cpp(TokenizeContent:38)] TokenizeContent token :l
02-19 18:32:42.847  2915-2921    C01681/FusionSearchService     com.ohos.FusionSearch           I     [ngramone_tokenizer.cpp(TokenizeContent:38)] TokenizeContent token :6
02-19 18:32:42.847  2915-2921    C01681/FusionSearchService     com.ohos.FusionSearch           I     [ngramone_tokenizer.cpp(TokenizeContent:38)] TokenizeContent token :afob
02-19 18:32:42.847  2915-2921    C01681/FusionSearchService     com.ohos.FusionSearch           I     [ngramone_tokenizer.cpp(TokenizeContent:38)] TokenizeContent token :6
02-19 18:32:42.847  2915-2921    C01681/FusionSearchService     com.ohos.FusionSearch           I     [ngramone_tokenizer.cpp(TokenizeContent:38)] TokenizeContent token :kcp
02-19 18:32:42.847  2915-2921    C01681/FusionSearchService     com.ohos.FusionSearch           I     [ngramone_tokenizer.cpp(TokenizeContent:38)] TokenizeContent token :3
02-19 18:32:42.847  2915-2921    C01681/FusionSearchService     com.ohos.FusionSearch           I     [ngramone_tokenizer.cpp(TokenizeContent:38)] TokenizeContent token :b
02-19 18:32:42.847  2915-2921    C01681/FusionSearchService     com.ohos.FusionSearch           I     [ngramone_tokenizer.cpp(TokenizeContent:38)] TokenizeContent token :6
02-19 18:32:42.847  2915-2921    C01681/FusionSearchService     com.ohos.FusionSearch           I     [ngramone_tokenizer.cpp(TokenizeContent:38)] TokenizeContent token :ocr
02-19 18:32:42.847  2915-2921    C01681/FusionSearchService     com.ohos.FusionSearch           I     [ngramone_tokenizer.cpp(TokenizeContent:38)] TokenizeContent token :5
02-19 18:32:42.848  2915-2921    C01681/FusionSearchService     com.ohos.FusionSearch           I     [ngramone_tokenizer.cpp(TokenizeContent:38)] TokenizeContent token :+
02-19 18:32:42.848  2915-2921    C01681/FusionSearchService     com.ohos.FusionSearch           I     [ngramone_tokenizer.cpp(TokenizeContent:38)] TokenizeContent token :l
02-19 18:32:42.848  2915-2921    C01681/FusionSearchService     com.ohos.FusionSearch           I     [ngramone_tokenizer.cpp(TokenizeContent:38)] TokenizeContent token :+
02-19 18:32:42.848  2915-2921    C01681/FusionSearchService     com.ohos.FusionSearch           I     [ngramone_tokenizer.cpp(TokenizeContent:38)] TokenizeContent token :05
02-19 18:32:42.848  2915-2921    C01681/FusionSearchService     com.ohos.FusionSearch           I     [ngramone_tokenizer.cpp(TokenizeContent:38)] TokenizeContent token :grkxrkmz
02-19 18:32:42.848  2915-2921    C01681/FusionSearchService     com.ohos.FusionSearch           I     [ngramone_tokenizer.cpp(TokenizeContent:38)] TokenizeContent token :+
02-19 18:32:42.848  2915-2921    C01681/FusionSearchService     com.ohos.FusionSearch           I     [ngramone_tokenizer.cpp(TokenizeContent:38)] TokenizeContent token :tw
02-19 18:32:42.848  2915-2921    C01681/FusionSearchService     com.ohos.FusionSearch           I     [ngramone_tokenizer.cpp(TokenizeContent:38)] TokenizeContent token :3
02-19 18:32:42.848  2915-2921    C01681/FusionSearchService     com.ohos.FusionSearch           I     [ngramone_tokenizer.cpp(TokenizeContent:38)] TokenizeContent token :lkehajwdlqw
02-19 18:32:42.848  2915-2921    C01681/FusionSearchService     com.ohos.FusionSearch           I     [ngramone_tokenizer.cpp(TokenizeContent:38)] TokenizeContent token :1
02-19 18:32:42.848  2915-2921    C01681/FusionSearchService     com.ohos.FusionSearch           I     [ngramone_tokenizer.cpp(TokenizeContent:38)] TokenizeContent token :dk
02-19 18:32:42.848  2915-2921    C01681/FusionSearchService     com.ohos.FusionSearch           I     [ngramone_tokenizer.cpp(TokenizeContent:38)] TokenizeContent token :+
02-19 18:32:42.848  2915-2921    C01681/FusionSearchService     com.ohos.FusionSearch           I     [ngramone_tokenizer.cpp(TokenizeContent:38)] TokenizeContent token :rshnybpx
02-19 18:32:42.848  2915-2921    C01681/FusionSearchService     com.ohos.FusionSearch           I     [ngramone_tokenizer.cpp(TokenizeContent:38)] TokenizeContent token :/
02-19 18:32:42.848  1278-1320    C01400/Composer                render_service                  E     ReleaseFramebuffer: Current frame buffer is nullptr.
02-19 18:32:42.848  2915-2921    C01681/FusionSearchService     com.ohos.FusionSearch           I     [ngramone_tokenizer.cpp(TokenizeContent:38)] TokenizeContent token :xs
02-19 18:32:42.848  2915-2921    C01681/FusionSearchService     com.ohos.FusionSearch           I     [ngramone_tokenizer.cpp(TokenizeContent:38)] TokenizeContent token :9
02-19 18:32:42.848  2915-2921    C01681/FusionSearchService     com.ohos.FusionSearch           I     [ngramone_tokenizer.cpp(TokenizeContent:38)] TokenizeContent token :apptkcthcnxchiy
02-19 18:32:42.848  2915-2921    C01681/FusionSearchService     com.ohos.FusionSearch           I     [ngramone_tokenizer.cpp(TokenizeContent:38)] TokenizeContent token :9
02-19 18:32:42.848  2915-2921    C01681/FusionSearchService     com.ohos.FusionSearch           I     [ngramone_tokenizer.cpp(TokenizeContent:38)] TokenizeContent token :mdtkvjy
02-19 18:32:42.848  2915-2921    C01681/FusionSearchService     com.ohos.FusionSearch           I     [ngramone_tokenizer.cpp(TokenizeContent:38)] TokenizeContent token :+
02-19 18:32:42.849  1279-1335    C02f01/ATMServ                 accesstoken_ser                 I     [GetTokenType]:tokenID: 0x28060930
02-19 18:32:42.850  1971-2082    C01304/AbilityManagerService   com.huawei.hmos.aidataservice   I     [js_app_state_observer.cpp(CallJsFunction:238)]CallJsFunction begin, method:onAbilityStateChanged
02-19 18:32:42.851  1034-1207    C014b1/KRPRPERYIES             composer_host                   E     get property failed
02-19 18:32:42.851  1034-1207    C014c0/GRALLOC                 composer_host                   E     This buffer is nullptr
02-19 18:32:42.854  1278-1320    C01400/Composer                render_service                  E     ReleaseFramebuffer: Current frame buffer is nullptr.
02-19 18:32:42.857  704-704      C04200/WindowManager           resource_schedu                 I     <166>Notify WindowVisibilityInfo to caller
02-19 18:32:42.857  704-838      C01702/CgroupAdjuster          resource_schedu                 I     AdjustProcessGroup for 2008, source : 10
02-19 18:32:42.857  704-704      C04200/WindowManager           resource_schedu                 I     <166>Notify WindowVisibilityInfo to caller
02-19 18:32:42.857  704-704      C01713/SUSPEND_MANAGER         resource_schedu                 I     [suspend_manager_impl.cpp(UpdateVisibleUidMap):1727] uid: 10003 visible window: 5.
02-19 18:32:42.857  704-704      C01713/SUSPEND_MANAGER         resource_schedu                 I     [suspend_manager_impl.cpp(UpdateVisibleUidMap):1727] uid: 10003 visible window: 4.
02-19 18:32:42.857  704-838      C01702/CgroupAdjuster          resource_schedu                 I     AdjustProcessGroup for 2008, source : 10
02-19 18:32:42.858  678-682      C01799/MemMgr                  memmgrservice                   I     MemMgrStub::OnRemoteRequest MemMgrStub::OnReceived, code = 10, flags= 0.
02-19 18:32:42.858  678-682      C01799/MemMgr                  memmgrservice                   I     MemMgrService::OnWindowVisibilityChanged called
02-19 18:32:42.858  678-738      C01799/MemMgr                  memmgrservice                   I     WindowVisibilityObserver::UpdateWindowVisibilityPriorityInner WindowVisibilityInfo[pid=2008, uid=10003, winId=4, visible=0]
02-19 18:32:42.858  678-738      C01799/MemMgr                  memmgrservice                   I     WindowVisibilityObserver::UpdateWindowVisibilityPriorityInner WindowVisibilityInfo[pid=2008, uid=10003, winId=5, visible=0]
02-19 18:32:42.858  678-738      C01799/MemMgr                  memmgrservice                   I     WindowVisibilityObserver::UpdateWindowVisibilityPriorityInner windowVisibleMap_size=1
02-19 18:32:42.858  704-822      C01c06/TimeService             resource_schedu                 I     [time_service_client.cpp] GetBootTimeMs# Result: 32347934
02-19 18:32:42.858  1279-1335    C02f01/ATMServ                 accesstoken_ser                 I     [GetTokenType]:tokenID: 0x2005c34e
02-19 18:32:42.858  1279-1335    C02f01/ATMStub                 accesstoken_ser                 E     [GetNativeTokenInfoInner]:permission denied(tokenID=537248590)
02-19 18:32:42.858  476-1364     C02d10/HiView-SysEventSource   hiview                          I     Parser: parser result domain_=WINDOWMANAGER eventName_=START_WINDOW
02-19 18:32:42.859  1279-1335    C02f01/ATMServ                 accesstoken_ser                 I     [GetTokenType]:tokenID: 0x2005c34e
02-19 18:32:42.859  1279-1335    C02f01/ATMStub                 accesstoken_ser                 E     [GetNativeTokenInfoInner]:permission denied(tokenID=537248590)
02-19 18:32:42.859  704-822      C01c06/TimeService             resource_schedu                 I     [time_service_client.cpp] GetBootTimeMs# Result: 32347935
02-19 18:32:42.859  10236-10236  C01300/Ability                 pid-10236                       I     [new_ability_impl.cpp(AbilityTransactionCallback:83)]Handle ability transaction done, notify ability manager service.
02-19 18:32:42.859  1123-1123    C01304/AbilityManagerService   foundation                      I     [ability_manager_service.cpp(AbilityTransitionDone:4245)]Ability transition done come, state:5.
02-19 18:32:42.859  1123-1123    C01304/AbilityManagerService   foundation                      I     [ui_ability_lifecycle_manager.cpp(AbilityTransactionDone:186)]AbilityTransactionDone, state: FOREGROUND.
02-19 18:32:42.859  1123-1123    C01304/AbilityManagerService   foundation                      I     [ui_ability_lifecycle_manager.cpp(DispatchForeground:265)]foreground succeeded.
02-19 18:32:42.860  10236-10236  C01305/Appkit                  pid-10236                       E     [idle_time.cpp(EventTask:123)]no VSync occur.
02-19 18:32:42.860  2008-2008    C03900/Ace                     com.ohos.sceneboard             W     [window_scene.cpp(operator())-(0)] self->snapshotNode_ is null, return on line 240
02-19 18:32:42.860  10236-10236  C03900/Ace                     pid-10236                       I     [ui_content_impl.cpp(OHOS_ACE_CreateUIContent)-(-1)] Ace lib loaded, CreateUIContent.
02-19 18:32:42.860  10236-10236  C03900/Ace                     pid-10236                       I     [ui_content_impl.cpp(UIContentImpl)-(-1)] Create UIContentImpl successfully.
02-19 18:32:42.860  10236-10236  C03900/ACE_UI_CONTENT          pid-10236                       I     <52>SubscribeStartEvent: SubscribeStartEvent
02-19 18:32:42.860  2008-2008    A0001b/SceneBoard              com.ohos.sceneboard             I     SCBSceneSession --> onSessionStateChange, id: 36, state: 2
02-19 18:32:42.860  10236-10238  C04200/WindowSessionImpl       pid-10236                       I     <1258>UpdateAvoidArea, id:36
02-19 18:32:42.860  2008-2008    A0001b/SceneBoard              com.ohos.sceneboard             I     SCBSceneSessionManager --> request focus! persistentId: 36
02-19 18:32:42.860  10236-10238  C04200/WindowSessionImpl       pid-10236                       I     <1258>UpdateAvoidArea, id:36
02-19 18:32:42.860  2008-2008    A0001b/SceneBoard              com.ohos.sceneboard             I     SCBSceneSessionManager --> get session by persistentId: 36
02-19 18:32:42.860  2008-2008    A0001b/SceneBoard              com.ohos.sceneboard             I     SCBSceneSessionManager --> traverse from bottom to top
02-19 18:32:42.860  1279-1335    C02f01/ATMServ                 accesstoken_ser                 I     [GetTokenType]:tokenID: 0x28060930
02-19 18:32:42.860  2008-2366    C02f01/ATMProxy                com.ohos.sceneboard             I     [GetTokenType]:result from server data = 1
02-19 18:32:42.860  2008-2366    C04200/SceneSessionManager     com.ohos.sceneboard             I     <3776>WindowVisibilityChangeCallback: WindowVisibilityChangeCallback: entry
02-19 18:32:42.860  2008-2008    A0001b/SceneBoard              com.ohos.sceneboard             I     SCBSceneSessionManager --> shift focus from 5 to 36, list len: 2
02-19 18:32:42.860  10236-10236  C01510/IPCObjectProxy          pid-10236                       I     58: handle = 15 create, descriptor: IPCObjectProxy15
02-19 18:32:42.860  704-704      C04200/WindowManager           resource_schedu                 I     <166>Notify WindowVisibilityInfo to caller
02-19 18:32:42.861  10236-10236  C01510/IPCObjectStub           pid-10236                       I     63: create, desc: ohos.eventfwk.IEventReceive
02-19 18:32:42.861  704-838      C01702/CgroupAdjuster          resource_schedu                 I     AdjustProcessGroup for 2008, source : 10
02-19 18:32:42.861  476-1364     C02d10/HiView-SysEventSource   hiview                          I     Parser: parser result domain_=AAFWK eventName_=ABILITY_ONFOREGROUND
02-19 18:32:42.861  1123-1692    C01510/IPCObjectProxy          foundation                      I     58: handle = 144 create, descriptor: IPCObjectProxy144
02-19 18:32:42.861  2008-2356    C01799/MemMgr                  com.ohos.sceneboard             I     MemMgrClient::GetMemMgrService called
02-19 18:32:42.861  704-838      C01702/CgroupAdjuster          resource_schedu                 I     AdjustProcessGroup for 2008, source : 10
02-19 18:32:42.861  704-704      C04200/WindowManager           resource_schedu                 I     <166>Notify WindowVisibilityInfo to caller
02-19 18:32:42.861  704-704      C01713/SUSPEND_MANAGER         resource_schedu                 I     [suspend_manager_impl.cpp(UpdateVisibleUidMap):1723] uid: 10003 visible window: 5.
02-19 18:32:42.861  704-838      C01702/CgroupAdjuster          resource_schedu                 I     AdjustProcessGroup for 10236, source : 10
02-19 18:32:42.861  704-704      C01713/SUSPEND_MANAGER         resource_schedu                 I     [suspend_manager_impl.cpp(UpdateVisibleUidMap):1723] uid: 10003 visible window: 6.
02-19 18:32:42.861  704-704      C01713/SUSPEND_MANAGER         resource_schedu                 I     [suspend_manager_impl.cpp(UpdateVisibleUidMap):1723] uid: 20010081 visible window: 1.
02-19 18:32:42.861  2008-2008    A0001b/SceneBoard              com.ohos.sceneboard             I     SmartDock --> registerDockVisibleCallback is false
02-19 18:32:42.861  2008-2008    A0001b/SceneBoard              com.ohos.sceneboard             I     ViewManagerPolicy --> hideView SMART_DOCK
02-19 18:32:42.861  704-838      C01702/CgroupAdjuster          resource_schedu                 I     ApplyProcessGroup Set 10236's cgroup from 2 to 4.
02-19 18:32:42.861  1123-1692    C01200/Ces                     foundation                      I     [common_event_subscribe_info.cpp:(~CommonEventSubscribeInfo):47] ~CommonEventSubscribeInfo
02-19 18:32:42.861  1123-1692    C01200/Ces                     foundation                      I     [common_event_subscribe_info.cpp:(~CommonEventSubscribeInfo):47] ~CommonEventSubscribeInfo
02-19 18:32:42.861  1123-1692    C01200/Ces                     foundation                      I     [common_event_subscribe_info.cpp:(~CommonEventSubscribeInfo):47] ~CommonEventSubscribeInfo
02-19 18:32:42.861  704-826      C01700/RSS                     resource_schedu                 I     FrameAwarePlugin:DispatchResource type:8, value:0
02-19 18:32:42.861  10236-10236  C01200/Ces                     pid-10236                       I     [common_event_subscribe_info.cpp:(~CommonEventSubscribeInfo):47] ~CommonEventSubscribeInfo
02-19 18:32:42.861  10236-10236  C03900/Ace                     pid-10236                       I     [ui_content_impl.cpp(CommonInitialize)-(-1)] Initialize UIContentImpl start.
02-19 18:32:42.861  10236-10236  C03900/Ace                     pid-10236                       I     [ui_content_impl.cpp(operator())-(-1)] Initialize for current process.
02-19 18:32:42.861  704-826      C01700/RSS                     resource_schedu                 I     FrameAwarePlugin::OnDispatchResource success.
02-19 18:32:42.861  1123-1690    C01304/AbilityManagerService   foundation                      I     [ability_manager_service.cpp(GetMissionIdByToken:3581)]request GetMissionIdByToken.
02-19 18:32:42.862  10236-10236  C03900/Ace                     pid-10236                       I     [ace_new_pipe_judgement.cpp(InitAceNewPipeConfig)-(-2)] Init RenderService UniRender Type:0
02-19 18:32:42.862  10236-10236  C03900/Ace                     pid-10236                       I     [ui_content_impl.cpp(CommonInitialize)-(-2)] UIContent: apiCompatibleVersion: 40000010, apiTargetVersion: 40000010, and apiReleaseType: Release, useNewPipe: 1, isDelayedUpdateOnInactive: 0
02-19 18:32:42.862  2008-2356    C01799/MemMgr                  com.ohos.sceneboard             I     MemMgrClient::GetMemMgrService get service succeed
02-19 18:32:42.862  10236-10236  C03900/Ace                     pid-10236                       I     [ui_content_impl.cpp(CommonInitialize)-(-2)] UIContent: deviceWidth: 1344, deviceHeight: 2772, default density: 3.500000
02-19 18:32:42.862  678-682      C01799/MemMgr                  memmgrservice                   I     MemMgrStub::OnRemoteRequest MemMgrStub::OnReceived, code = 10, flags= 0.
02-19 18:32:42.862  678-682      C01799/MemMgr                  memmgrservice                   I     MemMgrService::OnWindowVisibilityChanged called
02-19 18:32:42.862  678-738      C01799/MemMgr                  memmgrservice                   I     WindowVisibilityObserver::UpdateWindowVisibilityPriorityInner WindowVisibilityInfo[pid=2008, uid=10003, winId=4, visible=1]
02-19 18:32:42.862  678-738      C01799/MemMgr                  memmgrservice                   I     WindowVisibilityObserver::UpdateWindowVisibilityPriorityInner WindowVisibilityInfo[pid=2008, uid=10003, winId=5, visible=1]
02-19 18:32:42.862  678-738      C01799/MemMgr                  memmgrservice                   I     WindowVisibilityObserver::UpdateWindowVisibilityPriorityInner WindowVisibilityInfo[pid=10236, uid=20010081, winId=36, visible=1]
02-19 18:32:42.862  678-738      C01799/MemMgr                  memmgrservice                   I     WindowVisibilityObserver::UpdateWindowVisibilityPriorityInner windowVisibleMap_size=2
02-19 18:32:42.862  2008-2008    A0001b/SceneBoard              com.ohos.sceneboard             I     SCBSceneSessionManager --> reOrder showWhenLocked sessions, status: false
02-19 18:32:42.862  2008-2008    A0001b/SceneBoard              com.ohos.sceneboard             I     SCBSceneSessionManager --> remove special scene panel container session
02-19 18:32:42.862  678-739      C01799/MemMgr                  memmgrservice                   E     ReclaimPriorityManager::DeleteBundleInfoFromSet delete 1 bundles from set, uid_=20010081, totalBundlePrioSet_.size=12
02-19 18:32:42.863  678-739      C01799/MemMgr                  memmgrservice                   E     ReclaimPriorityManager::AddBundleInfoToSet success to insert bundle to set, uid_=20010081, totalBundlePrioSet_.size=13
02-19 18:32:42.863  678-739      C01799/MemMgr                  memmgrservice                   E     ReclaimPriorityManager::AddBundleInfoToSet procsNumsSum = 15
02-19 18:32:42.863  2008-2008    A0001b/SceneBoard              com.ohos.sceneboard             I     SCBSceneSessionManager --> add scene panel container session
02-19 18:32:42.863  10236-10236  C01510/IPCObjectProxy          pid-10236                       I     58: handle = 16 create, descriptor: IPCObjectProxy16
02-19 18:32:42.863  2008-2008    A0001b/SceneBoard              com.ohos.sceneboard             I     SCBSceneSession --> onSessionStateChange, id: 36, state: 3
02-19 18:32:42.863  10236-10236  C01510/IPCObjectStub           pid-10236                       I     63: create, desc: OHOS.Startup.IWatcher
02-19 18:32:42.863  478-486      C01510/IPCObjectProxy          param_watcher                   I     58: handle = 13 create, descriptor: IPCObjectProxy13
02-19 18:32:42.863  478-486      C02c03/PARAM_WATCHER           param_watcher                   I     [watcher_manager.cpp:63]Add remote watcher remoteWatcherId 42 10236 success
02-19 18:32:42.863  704-704      C01510/IPCObjectProxy          resource_schedu                 I     58: handle = 28 create, descriptor: IPCObjectProxy28
02-19 18:32:42.863  704-838      C01702/CgroupAdjuster          resource_schedu                 I     AdjustProcessGroup for 2008, source : 9
02-19 18:32:42.863  704-704      C01510/IPCObjectProxy          resource_schedu                 W     63: handle = 28 destroyed, descriptor: IPCObjectProxy28
02-19 18:32:42.863  478-478      C02c03/PARAM_WATCHER           param_watcher                   I     [watcher_manager.cpp:104]Add watcher persist.sys.arkui.animationscale remoteWatcherId: 42 groupId 19 success
02-19 18:32:42.863  10236-10236  C02c03/PARAM_WATCHER           pid-10236                       I     [watcher_manager_kits.cpp:171]Add watcher keyPrefix persist.sys.arkui.animationscale remoteWatcherId 42 success
02-19 18:32:42.864  2008-2356    C04200/SceneSessionManager     com.ohos.sceneboard             I     <2009>Brightness: [-1.000000, -1.000000]
02-19 18:32:42.864  10236-10236  C03900/Ace                     pid-10236                       I     [localization.cpp(SetLocaleImpl)-(-2)] SetLocale language tag: zh-Hans-, select language: zh-CN
02-19 18:32:42.864  10236-10236  C03900/Ace                     pid-10236                       I     [ui_content_impl.cpp(CommonInitialize)-(-2)] UIContent set light mode
02-19 18:32:42.864  10236-10236  C03900/Ace                     pid-10236                       I     [ui_content_impl.cpp(CommonInitialize)-(-2)] Initialize UIContent isModelJson:true
02-19 18:32:42.864  10236-10236  C03900/Ace                     pid-10236                       I     [ui_content_impl.cpp(CommonInitialize)-(-2)] hapPath:/data/app/el1/bundle/public/com.netease.lava.nertc.demo/demo.hap
02-19 18:32:42.864  10236-10236  C03900/Ace                     pid-10236                       I     [ui_content_impl.cpp(CommonInitialize)-(-2)] In stage mode, resPath:<private>
02-19 18:32:42.864  10236-10236  C03900/Ace                     pid-10236                       I     [ui_content_impl.cpp(CommonInitialize)-(-2)] In stage mode, pageProfile:main_pages.json
02-19 18:32:42.864  10236-10236  C03900/Ace                     pid-10236                       I     [ui_content_impl.cpp(CommonInitialize)-(-2)] In Stage mode, hapPath:<private>
02-19 18:32:42.864  704-826      C01700/RSS                     resource_schedu                 I     FrameAwarePlugin:DispatchResource type:5, value:1
02-19 18:32:42.864  10236-10236  C03900/Ace                     pid-10236                       I     [ace_engine.cpp(AddContainer)-(-2)] AddContainer 0
02-19 18:32:42.864  10236-10236  C03900/Ace                     pid-10236                       I     [ace_container.cpp(SetHapPath)-(0)] SetHapPath, Use hap path to load resource
02-19 18:32:42.864  704-826      C01700/RSS                     resource_schedu                 I     FrameAwarePlugin::OnDispatchResource success.
02-19 18:32:42.864  704-826      C01700/RSS                     resource_schedu                 I     FrameAwarePlugin:DispatchResource type:8, value:1
02-19 18:32:42.864  704-826      C01700/RSS                     resource_schedu                 I     FrameAwarePlugin::OnDispatchResource success.
02-19 18:32:42.864  10236-10236  C01510/IPCObjectStub           pid-10236                       I     63: create, desc: ohos.rosen.RSIApplicationAgent
02-19 18:32:42.864  704-704      C01510/IPCObjectProxy          resource_schedu                 I     58: handle = 28 create, descriptor: IPCObjectProxy28
02-19 18:32:42.864  10236-10236  C01510/IPCObjectStub           pid-10236                       I     63: create, desc: ohos.rosen.HgmConfigChangeCallback
02-19 18:32:42.864  1278-2102    C01510/IPCObjectProxy          render_service                  I     58: handle = 38 create, descriptor: IPCObjectProxy38
02-19 18:32:42.865  1278-1318    C01510/IPCObjectProxy          render_service                  I     58: handle = 41 create, descriptor: IPCObjectProxy41
02-19 18:32:42.865  704-704      C01713/SUSPEND_MANAGER         resource_schedu                 E     [suspend_manager_service.cpp(ThawOneApplication):218] Invalid calling token!
02-19 18:32:42.865  704-838      C01702/CgroupAdjuster          resource_schedu                 I     AdjustProcessGroup for 2008, source : 8
02-19 18:32:42.864  704-837      C01706/ueaServer-IntelliSenseServer resource_schedu                 I     [ReportWindowFocus]:2008 lost focus
02-19 18:32:42.865  704-838      C01702/CgroupAdjuster          resource_schedu                 I     AdjustProcessGroup for 10236, source : 8
02-19 18:32:42.865  704-704      C01510/IPCObjectProxy          resource_schedu                 W     63: handle = 28 destroyed, descriptor: IPCObjectProxy28
02-19 18:32:42.865  10236-10236  C03900/Ace                     pid-10236                       I     [jsi_declarative_engine.cpp(Initialize)-(0)] JsiDeclarativeEngine Initialize
02-19 18:32:42.865  10236-10236  C03900/Ace                     pid-10236                       I     [jsi_declarative_engine.cpp(Initialize)-(0)] Initialize will use sharedRuntime
02-19 18:32:42.865  704-826      C01700/RSS                     resource_schedu                 I     FrameAwarePlugin:DispatchResource type:5, value:0
02-19 18:32:42.865  704-826      C01700/RSS                     resource_schedu                 I     FrameAwarePlugin::OnDispatchResource success.
02-19 18:32:42.865  704-826      C01700/RSS                     resource_schedu                 I     SocPerfPlugin: socperf->WINDOW_SWITCH
02-19 18:32:42.865  704-828      C01714/COMPONENT_SCHED         resource_schedu                 W     bundleName is invalid
02-19 18:32:42.865  10236-10236  C03900/Ace                     pid-10236                       E     [localization.cpp(ParseLocaleTag)-(0)] This localeTag is not valid.
02-19 18:32:42.865  10236-10236  C03900/Ace                     pid-10236                       E     [utils.h(GetAssetContentImpl)-(0)] AssetManager is null
02-19 18:32:42.865  10236-10236  C03900/Ace                     pid-10236                       I     [jsi_declarative_engine.cpp(Initialize)-(0)] Using sharedRuntime, UVLoop handled by AbilityRuntime
02-19 18:32:42.865  704-837      C01706/ueaServer-IntelliSenseServer resource_schedu                 I     [ReportWindowFocus]:10236 get focus
02-19 18:32:42.865  10236-10236  C03900/Ace                     pid-10236                       I     [declarative_frontend.cpp(SetAssetManager)-(0)] DeclarativeFrontend SetAssetManager.
02-19 18:32:42.865  10236-10236  C03900/Ace                     pid-10236                       I     [ace_container.cpp(AttachView)-(0)] New pipeline version creating...
02-19 18:32:42.866  1278-1278    C01400/OHOS::RS                render_service                  I     RsDebug RSProcessor::Perf: do nothing
02-19 18:32:42.866  1034-1207    C014b1/KRPRPERYIES             composer_host                   E     get property failed
02-19 18:32:42.866  1034-1207    C014c0/GRALLOC                 composer_host                   E     This buffer is nullptr
02-19 18:32:42.866  680-680      C01510/IPCObjectProxy          accessibility                   I     58: handle = 28 create, descriptor: IPCObjectProxy28
02-19 18:32:42.867  1123-10205   C01304/AbilityManagerService   foundation                      E     [ability_manager_service.cpp(CheckCollaboratorType:8141)]type is invalid
02-19 18:32:42.867  1123-10205   C01304/AbilityManagerService   foundation                      E     [ability_manager_service.cpp(GetCollaborator:8125)]collaborator: CheckCollaboratorType failed
02-19 18:32:42.867  680-764      C01d00/accessibility           accessibility                   I     [accessibility_account_data.cpp(AddCaptionPropertyCallback:122)]
02-19 18:32:42.867  680-703      C01510/IPCObjectProxy          accessibility                   I     58: handle = 29 create, descriptor: IPCObjectProxy29
02-19 18:32:42.867  680-25414    C01510/IPCObjectProxy          accessibility                   I     58: handle = 30 create, descriptor: IPCObjectProxy30
02-19 18:32:42.867  476-1364     C02d10/HiView-SysEventSource   hiview                          I     Parser: parser result domain_=WINDOWMANAGER eventName_=FOCUS_WINDOW
02-19 18:32:42.867  1123-10205   C01200/Ces                     foundation                      I     [common_event_subscribe_info.cpp:(~CommonEventSubscribeInfo):47] ~CommonEventSubscribeInfo
02-19 18:32:42.867  1123-10205   C01200/Ces                     foundation                      I     [common_event_subscribe_info.cpp:(~CommonEventSubscribeInfo):47] ~CommonEventSubscribeInfo
02-19 18:32:42.867  1057-1057    C01510/IPCObjectProxy          inputmethod_ser                 I     58: handle = 13 create, descriptor: IPCObjectProxy13
02-19 18:32:42.867  1123-10205   C01303/AppMgrService           foundation                      I     [app_running_record.cpp(UpdateAbilityFocusState:762)]focus state is :0
02-19 18:32:42.867  1123-10205   C01304/AbilityManagerService   foundation                      I     [ability_manager_service.cpp(OnAppStateChanged:4469)]On app state changed.
02-19 18:32:42.867  1123-10205   C01304/AbilityManagerService   foundation                      I     [ui_ability_lifecycle_manager.cpp(OnAppStateChanged:1578)]Call.
02-19 18:32:42.868  476-27184    C01510/IPCObjectProxy          hiview                          I     58: handle = 18 create, descriptor: IPCObjectProxy18
02-19 18:32:42.868  704-2397     C01510/IPCObjectProxy          resource_schedu                 I     58: handle = 28 create, descriptor: IPCObjectProxy28
02-19 18:32:42.868  476-27184    C01510/IPCObjectProxy          hiview                          W     63: handle = 18 destroyed, descriptor: IPCObjectProxy18
02-19 18:32:42.868  1284-29649   C01510/IPCObjectStub           privacy_service                 E     109: unknown OnRemoteRequest code = 2, descriptor: ohos.appexecfwk.IApplicationStateObserver
02-19 18:32:42.868  476-1908     C01510/IPCObjectProxy          hiview                          I     58: handle = 18 create, descriptor: IPCObjectProxy18
02-19 18:32:42.868  476-1908     C01510/IPCObjectProxy          hiview                          W     63: handle = 18 destroyed, descriptor: IPCObjectProxy18
02-19 18:32:42.868  1057-1057    C01510/IPCObjectProxy          inputmethod_ser                 W     63: handle = 13 destroyed, descriptor: IPCObjectProxy13
02-19 18:32:42.868  704-2397     C01510/IPCObjectProxy          resource_schedu                 W     63: handle = 28 destroyed, descriptor: IPCObjectProxy28
02-19 18:32:42.868  678-682      C01510/IPCObjectProxy          memmgrservice                   I     58: handle = 8 create, descriptor: IPCObjectProxy8
02-19 18:32:42.868  1057-2019    C01510/IPCObjectProxy          inputmethod_ser                 I     58: handle = 15 create, descriptor: IPCObjectProxy15
02-19 18:32:42.868  849-1977     C01510/IPCObjectProxy          bgtaskmgr_servi                 I     58: handle = 15 create, descriptor: IPCObjectProxy15
02-19 18:32:42.868  478-486      C02c03/PARAM_WATCHER           param_watcher                   I     [watcher_manager.cpp:104]Add watcher persist.sys.graphic.animationscale remoteWatcherId: 42 groupId 4 success
02-19 18:32:42.868  704-2397     C01510/IPCObjectProxy          resource_schedu                 I     58: handle = 28 create, descriptor: IPCObjectProxy28
02-19 18:32:42.868  10236-10236  C02c03/PARAM_WATCHER           pid-10236                       I     [watcher_manager_kits.cpp:171]Add watcher keyPrefix persist.sys.graphic.animationscale remoteWatcherId 42 success
02-19 18:32:42.869  1278-1320    C01400/Composer                render_service                  E     ReleaseFramebuffer: Current frame buffer is nullptr.
02-19 18:32:42.869  634-2189     C01510/IPCObjectProxy          device_usage_st                 I     58: handle = 10 create, descriptor: IPCObjectProxy10
02-19 18:32:42.869  849-1977     C01510/IPCObjectProxy          bgtaskmgr_servi                 W     63: handle = 15 destroyed, descriptor: IPCObjectProxy15
02-19 18:32:42.869  1057-2019    C01510/IPCObjectProxy          inputmethod_ser                 W     63: handle = 15 destroyed, descriptor: IPCObjectProxy15
02-19 18:32:42.869  849-880      C01510/IPCObjectProxy          bgtaskmgr_servi                 I     58: handle = 15 create, descriptor: IPCObjectProxy15
02-19 18:32:42.869  704-2397     C01510/IPCObjectProxy          resource_schedu                 W     63: handle = 28 destroyed, descriptor: IPCObjectProxy28
02-19 18:32:42.869  704-704      C01510/IPCObjectProxy          resource_schedu                 I     58: handle = 28 create, descriptor: IPCObjectProxy28
02-19 18:32:42.869  759-775      C01510/IPCObjectProxy          netmanager                      I     58: handle = 34 create, descriptor: IPCObjectProxy34
02-19 18:32:42.869  634-2189     C01510/IPCObjectProxy          device_usage_st                 W     63: handle = 10 destroyed, descriptor: IPCObjectProxy10
