02-19 18:32:49.755  1572-1588    C02d13/HDC_LOG                 hdcd                            I     [base.cpp:1617] CloseFd fd:36
02-19 18:32:49.755  1572-1588    C02d13/HDC_LOG                 hdcd                            I     [daemon_unity.cpp:27] HdcDaemonUnity::~HdcDaemonUnity finish
02-19 18:32:49.755  1572-1588    C02d13/HDC_LOG                 hdcd                            I     [async_cmd.cpp:35] ~AsyncCmd
02-19 18:32:49.755  1572-1588    C02d13/HDC_LOG                 hdcd                            I     [task.cpp:37] ~HdcTaskBase channelId:3747028503
02-19 18:32:49.755  1572-1588    C02d13/HDC_LOG                 hdcd                            I     [session.cpp:123] TaskDelay task remove finish, channelId:3747028503
02-19 18:32:49.759  1572-1588    C02d13/HDC_LOG                 hdcd                            I     [daemon.cpp:397] FetchCommand channelId:3747028503 command:2
02-19 18:32:49.803  1468-2689    C01631/GaussDB_RD              distributeddata                 I      [COMMON] [546086320920] Ckpt destoryed: ret = 0
02-19 18:32:49.950  704-822      C01c06/TimeService             resource_schedu                 I     [time_service_client.cpp] GetBootTimeMs# Result: 32355025
02-19 18:32:49.951  476-1364     C02d10/HiView-SysEventSource   hiview                          I     Parser: parser result domain_=DISPLAY eventName_=AMBIENT_LIGHT
02-19 18:32:49.954  1123-1698    C02965/StatsUtils              foundation                      W     [stats_utils.cpp:191] ConvertStatsType# Convert failed due to illegal type=15
02-19 18:32:50.061  1840-1948    C01560/OHWIFI_STATE_MACHINE    wifi_manager_se                 I     State machine: LinkedState execute Cmd:2
02-19 18:32:50.061  1840-1948    C01560/StaStateMachine         wifi_manager_se                 I     LinkedState, reveived msgCode=2 msg.
02-19 18:32:50.062  987-987      C01560/WifiHdiStaImpl          wifi_hal_service                I     GetHdiSignalInfo enter.
02-19 18:32:50.062  987-987      C01560/WifiHdiProxy            wifi_hal_service                I     GetFeatureInner get an exist feature.
02-19 18:32:50.069  1840-1948    C01560/WifiFrameWork           wifi_manager_se                 I     DealSignalPollResult, signal:-61, txLinkSpeed:4000, rxLinkSpeed:4000, freq:5300, noise:-90.
02-19 18:32:50.069  1840-1948    C01560/WifiFrameWork           wifi_manager_se                 I     DealSignalPollResult, networkId:0, ssid:<private>, rssi:-61, band:2, connState:4, detailedState:10.
02-19 18:32:50.069  1840-1948    C01560/WifiFrameWork           wifi_manager_se                 I     DealSignalPollResult currentSignalLevel:4, lastSignalLevel:4.
02-19 18:32:50.069  1840-1948    C01560/WifiFrameWork           wifi_manager_se                 I     DealSignalPollResult GetWifiStandard:5, bssid:f4:db:**:**:**:8f rxmax:400 txmax:400.
02-19 18:32:50.069  1840-1857    C01560/WifiInternalEventDispatcher wifi_manager_se                 I     WifiInternalEventDispatcher:: Deal Sta Event Callback Msg: 4100
02-19 18:32:50.071  1840-1857    C01560/WifiInternalEventDispatcher wifi_manager_se                 I     WifiInternalEventDispatcher:: Deal Sta Event Callback Msg: 4100
02-19 18:32:50.111  1285-4958    C015b0/NetsysNativeService     netsysnative                    I     [Send-(fwmark_client.cpp:68)]FwmarkClient: socketFd_: 34
02-19 18:32:50.112  1285-1571    C015b0/NetsysNativeService     netsysnative                    I     [SetMark-(fwmark_network.cpp:99)]FwmarkNetwork: SetMark netId: 100, socketFd:35, cmd:0
02-19 18:32:50.112  1285-1571    C015b0/NetsysNativeService     netsysnative                    I     [CloseSocket-(fwmark_network.cpp:78)]NO_ERROR_CODE CloseSocket socket:35, ret:0
02-19 18:32:50.112  1285-4958    C015b0/NetsysNativeService     netsysnative                    I     [SearchNameServer-(dns_lookup_parse.cpp:266)]DNS send to server is 10.246.***.**
02-19 18:32:50.113  1285-1571    C015b0/NetsysNativeService     netsysnative                    I     [CloseSocket-(fwmark_network.cpp:78)]NO_ERROR_CODE CloseSocket socket:19, ret:4
02-19 18:32:50.113  1285-4958    C015b0/NetsysNativeService     netsysnative                    I     [SearchNameServer-(dns_lookup_parse.cpp:266)]DNS send to server is 10.246.***.**
02-19 18:32:50.299  704-822      C01c06/TimeService             resource_schedu                 I     [time_service_client.cpp] GetBootTimeMs# Result: 32355375
02-19 18:32:50.300  476-1364     C02d10/HiView-SysEventSource   hiview                          I     Parser: parser result domain_=DISPLAY eventName_=AMBIENT_LIGHT
02-19 18:32:50.303  1123-1698    C02965/StatsUtils              foundation                      W     [stats_utils.cpp:191] ConvertStatsType# Convert failed due to illegal type=15
02-19 18:32:50.306  1059-1321    C015c0/dsoftbus                softbus_server                  E     SoftBusCondTimedWait timeout, ret[110]
02-19 18:32:50.310  2008-2008    C01560/WifiNAPIUtils           com.ohos.sceneboard             I     Call wifi func: GetLinkedInfo (start)
02-19 18:32:50.311  2008-2008    C01560/WifiNAPIUtils           com.ohos.sceneboard             I     Call wifi func: GetLinkedInfo (end), time cost:605us, 0ms
02-19 18:32:50.311  2008-9698    C01560/WifiNAPIUtils           com.ohos.sceneboard             I     Call wifi func: wifiDevicePtr->GetLinkedInfo (start)
02-19 18:32:50.311  2008-9698    C01510/IPCObjectStub           com.ohos.sceneboard             I     63: create, desc: OHOS.ISystemAbilityLoadCallback
02-19 18:32:50.312  480-1429     C01510/IPCObjectProxy          samgr                           I     58: handle = 44 create, descriptor: IPCObjectProxy44
02-19 18:32:50.313  480-1429     C01800/SAMGR                   samgr                           I     [SA Scheduler][SA: 1120] handle load event start, callingpid: 2008
02-19 18:32:50.313  480-1429     C01800/SAMGR                   samgr                           I     NotifySystemAbilityLoaded systemAbilityId : 1120
02-19 18:32:50.313  704-822      C01c06/TimeService             resource_schedu                 I     [time_service_client.cpp] GetBootTimeMs# Result: 32355389
02-19 18:32:50.313  480-1429     C01510/IPCObjectProxy          samgr                           W     63: handle = 44 destroyed, descriptor: IPCObjectProxy44
02-19 18:32:50.313  2008-2014    C01800/SA_CLIENT               com.ohos.sceneboard             I     SystemAbilityLoadCallbackStub::OnRemoteRequest, code = 1
02-19 18:32:50.314  2008-9698    C01800/SA_CLIENT               com.ohos.sceneboard             I     LoadSystemAbility systemAbilityId : 1120, SendRequest succeed!
02-19 18:32:50.314  2008-9698    C01510/IPCObjectStub           com.ohos.sceneboard             W     68: destroy, desc: OHOS.ISystemAbilityLoadCallback
02-19 18:32:50.315  1840-1847    C01560/OHWIFI_MANAGER_PERMISSION_HELPE wifi_manager_se                 I     callerToken=0x2005c34e has permission_name=ohos.permission.GET_WIFI_INFO, pid=0x7d8, type=0
02-19 18:32:50.315  1840-1847    C01560/OHWIFI_MANAGER_PERMISSION_HELPE wifi_manager_se                 I     callerToken=0x2005c34e has no permission_name=ohos.permission.GET_WIFI_LOCAL_MAC, pid=0x7d8, type=0
02-19 18:32:50.315  1840-1847    C01560/WifiDeviceServiceImpl   wifi_manager_se                 E     GetLinkedInfo:VerifyGetWifiLocalMacPermission() PERMISSION_DENIED!
02-19 18:32:50.316  2008-9698    C01560/WifiNAPIUtils           com.ohos.sceneboard             I     Call wifi func: wifiDevicePtr->GetLinkedInfo (end), time cost:4597us, 4ms
02-19 18:32:50.317  2008-2008    C01560/WifiNAPIDevice          com.ohos.sceneboard             I     Push get linkedInfo result to client
02-19 18:32:50.317  2008-2008    C01560/WifiNAPIErrCode         com.ohos.sceneboard             I     HandleCallbackErrCode, errCode = 0
02-19 18:32:50.318  2008-2008    A0001b/SceneBoard              com.ohos.sceneboard             I     Model.NetSpeedController --> wifi getLinkedInfo
02-19 18:32:50.603  1572-1588    C02d13/HDC_LOG                 hdcd                            I     [daemon.cpp:397] FetchCommand channelId:3207607178 command:1001
02-19 18:32:50.603  1572-1588    C02d13/HDC_LOG                 hdcd                            I     [session.cpp:1317] New HTaskInfo channelId:3207607178 command:1001
02-19 18:32:50.604  1572-1588    C02d13/HDC_LOG                 hdcd                            W     [session.cpp:728] mapTask.size:2
02-19 18:32:50.604  1572-1588    C02d13/HDC_LOG                 hdcd                            I     [session.cpp:738] AdminTask add session 89464325, channelId 3207607178, mapTask size: 3
02-19 18:32:50.604  1572-1588    C02d13/HDC_LOG                 hdcd                            I     [task.cpp:32] HdcTaskBase channelId:3207607178
02-19 18:32:50.605  1572-10287   C02d13/HDC_LOG                 hdcd                            I     [async_cmd.cpp:152] ExecuteCommand pipe fds[pipeRead]:36 fds[pipeWrite]:37
02-19 18:32:50.606  1572-10287   C02d13/HDC_LOG                 hdcd                            I     [base.cpp:1617] CloseFd fd:37
02-19 18:32:50.606  10288-10288  C02d13/HDC_LOG                 pid-10288                       I     [base.cpp:1617] CloseFd fd:36
02-19 18:32:50.606  10288-10288  C02d13/HDC_LOG                 pid-10288                       I     [base.cpp:1617] CloseFd fd:37
02-19 18:32:50.606  1572-1588    C02d13/HDC_LOG                 hdcd                            I     [async_cmd.cpp:200] ExecuteCommand cmd:hidumper -s 1201 -a "-p Faultlogger"  fd:36 pid:10288
02-19 18:32:50.631  10291-10291  C01510/BinderConnector         pid-10291                       I     97: OpenDriver:succ to open, fd=3
02-19 18:32:50.632  10291-10291  C01510/IPCObjectProxy          pid-10291                       I     58: handle = 0 create, descriptor: IPCObjectProxy0
02-19 18:32:50.633  10291-10291  C01510/IPCObjectProxy          pid-10291                       I     58: handle = 1 create, descriptor: IPCObjectProxy1
02-19 18:32:50.648  704-822      C01c06/TimeService             resource_schedu                 I     [time_service_client.cpp] GetBootTimeMs# Result: 32355724
02-19 18:32:50.649  476-1364     C02d10/HiView-SysEventSource   hiview                          I     Parser: parser result domain_=DISPLAY eventName_=AMBIENT_LIGHT
02-19 18:32:50.652  1123-1698    C02965/StatsUtils              foundation                      W     [stats_utils.cpp:191] ConvertStatsType# Convert failed due to illegal type=15
02-19 18:32:50.751  10220-10220  C01510/IPCObjectProxy          hidumper_servic                 I     58: handle = 1 create, descriptor: IPCObjectProxy1
02-19 18:32:50.752  476-1901     C02d10/Faultlogger             hiview                          I     Dump: DumpRequest: detail:<private>, list:<private>, file:<private>, name:<private>, time:<private>
02-19 18:32:50.758  1059-1321    C015c0/dsoftbus                softbus_server                  E     SoftBusCondTimedWait timeout, ret[110]
02-19 18:32:50.763  10220-10220  C01510/IPCObjectProxy          hidumper_servic                 W     63: handle = 1 destroyed, descriptor: IPCObjectProxy1
02-19 18:32:50.768  1572-10290   C02d13/HDC_LOG                 hdcd                            I     [file_descriptor.cpp:127] FileIOOnThread fd:36 nBytes:0
02-19 18:32:50.768  1572-10290   C02d13/HDC_LOG                 hdcd                            I     [async_cmd.cpp:80] FinishShellProc finish pipeRead fd:36 pid:10288
02-19 18:32:50.768  1572-10290   C02d13/HDC_LOG                 hdcd                            I     [task.cpp:50] HdcTaskBase::TaskFinish notify begin channelId:3207607178
02-19 18:32:50.768  1572-10290   C02d13/HDC_LOG                 hdcd                            I     [task.cpp:52] HdcTaskBase::TaskFinish notify end channelId:3207607178
02-19 18:32:50.770  1572-1588    C02d13/HDC_LOG                 hdcd                            I     [daemon.cpp:397] FetchCommand channelId:3207607178 command:2
02-19 18:32:50.770  1572-1588    C02d13/HDC_LOG                 hdcd                            I     [session.cpp:104] BeginRemoveTask taskType:0 channelId:3207607178
02-19 18:32:50.770  1572-1588    C02d13/HDC_LOG                 hdcd                            I     [async_cmd.cpp:56] AsyncCmd::DoRelease finish
02-19 18:32:50.770  1572-1588    C02d13/HDC_LOG                 hdcd                            I     [session.cpp:157] ClearOwnTasks OP_CLEAR finish, session:0x7effe84000 channelIDInput:3207607178
02-19 18:32:50.770  1572-1588    C02d13/HDC_LOG                 hdcd                            I     [session.cpp:116] TaskDelay task remove retry count 0/30, taskType:0 channelId:3207607178, sessionId:89464325
02-19 18:32:50.770  1572-1588    C02d13/HDC_LOG                 hdcd                            F     [file_descriptor.cpp:38] ~HdcFileDescriptor refIO:0
02-19 18:32:50.770  1572-1588    C02d13/HDC_LOG                 hdcd                            I     [base.cpp:1617] CloseFd fd:36
02-19 18:32:50.770  1572-1588    C02d13/HDC_LOG                 hdcd                            I     [daemon_unity.cpp:27] HdcDaemonUnity::~HdcDaemonUnity finish
02-19 18:32:50.770  1572-1588    C02d13/HDC_LOG                 hdcd                            I     [async_cmd.cpp:35] ~AsyncCmd
02-19 18:32:50.770  1572-1588    C02d13/HDC_LOG                 hdcd                            I     [task.cpp:37] ~HdcTaskBase channelId:3207607178
02-19 18:32:50.770  1572-1588    C02d13/HDC_LOG                 hdcd                            I     [session.cpp:123] TaskDelay task remove finish, channelId:3207607178
02-19 18:32:50.776  1572-1588    C02d13/HDC_LOG                 hdcd                            I     [daemon.cpp:397] FetchCommand channelId:3207607178 command:2
02-19 18:32:51.000  704-822      C01c06/TimeService             resource_schedu                 I     [time_service_client.cpp] GetBootTimeMs# Result: 32356076
02-19 18:32:51.001  476-1364     C02d10/HiView-SysEventSource   hiview                          I     Parser: parser result domain_=DISPLAY eventName_=AMBIENT_LIGHT
02-19 18:32:51.005  1123-1698    C02965/StatsUtils              foundation                      W     [stats_utils.cpp:191] ConvertStatsType# Convert failed due to illegal type=15
02-19 18:32:51.307  1059-1321    C015c0/dsoftbus                softbus_server                  E     SoftBusCondTimedWait timeout, ret[110]
02-19 18:32:51.351  704-822      C01c06/TimeService             resource_schedu                 I     [time_service_client.cpp] GetBootTimeMs# Result: 32356426
02-19 18:32:51.352  476-1364     C02d10/HiView-SysEventSource   hiview                          I     Parser: parser result domain_=DISPLAY eventName_=AMBIENT_LIGHT
02-19 18:32:51.355  1123-1698    C02965/StatsUtils              foundation                      W     [stats_utils.cpp:191] ConvertStatsType# Convert failed due to illegal type=15
02-19 18:32:51.701  704-822      C01c06/TimeService             resource_schedu                 I     [time_service_client.cpp] GetBootTimeMs# Result: 32356777
02-19 18:32:51.702  476-1364     C02d10/HiView-SysEventSource   hiview                          I     Parser: parser result domain_=DISPLAY eventName_=AMBIENT_LIGHT
02-19 18:32:51.706  1123-1698    C02965/StatsUtils              foundation                      W     [stats_utils.cpp:191] ConvertStatsType# Convert failed due to illegal type=15
02-19 18:32:51.982  1840-1948    C01560/OHWIFI_STATE_MACHINE    wifi_manager_se                 I     State machine: LinkedState execute Cmd:3
02-19 18:32:51.982  1840-1948    C01560/StaStateMachine         wifi_manager_se                 I     LinkedState, reveived msgCode=3 msg.
02-19 18:32:51.982  1840-1948    C01560/StaNetworkCheck         wifi_manager_se                 I     enter SignalNetCheckThread!
02-19 18:32:52.049  704-822      C01c06/TimeService             resource_schedu                 I     [time_service_client.cpp] GetBootTimeMs# Result: 32357124
02-19 18:32:52.050  476-1364     C02d10/HiView-SysEventSource   hiview                          I     Parser: parser result domain_=DISPLAY eventName_=AMBIENT_LIGHT
02-19 18:32:52.054  1123-1698    C02965/StatsUtils              foundation                      W     [stats_utils.cpp:191] ConvertStatsType# Convert failed due to illegal type=15
02-19 18:32:52.307  1059-1321    C015c0/dsoftbus                softbus_server                  E     SoftBusCondTimedWait timeout, ret[110]
02-19 18:32:52.312  2008-2008    C01560/WifiNAPIUtils           com.ohos.sceneboard             I     Call wifi func: GetLinkedInfo (start)
02-19 18:32:52.312  2008-2008    C01560/WifiNAPIUtils           com.ohos.sceneboard             I     Call wifi func: GetLinkedInfo (end), time cost:674us, 0ms
02-19 18:32:52.313  2008-10258   C01560/WifiNAPIUtils           com.ohos.sceneboard             I     Call wifi func: wifiDevicePtr->GetLinkedInfo (start)
02-19 18:32:52.313  2008-10258   C01510/IPCObjectStub           com.ohos.sceneboard             I     63: create, desc: OHOS.ISystemAbilityLoadCallback
02-19 18:32:52.314  480-1429     C01510/IPCObjectProxy          samgr                           I     58: handle = 44 create, descriptor: IPCObjectProxy44
02-19 18:32:52.315  480-1429     C01800/SAMGR                   samgr                           I     [SA Scheduler][SA: 1120] handle load event start, callingpid: 2008
02-19 18:32:52.315  480-1429     C01800/SAMGR                   samgr                           I     NotifySystemAbilityLoaded systemAbilityId : 1120
02-19 18:32:52.315  704-822      C01c06/TimeService             resource_schedu                 I     [time_service_client.cpp] GetBootTimeMs# Result: 32357391
02-19 18:32:52.315  480-1429     C01510/IPCObjectProxy          samgr                           W     63: handle = 44 destroyed, descriptor: IPCObjectProxy44
02-19 18:32:52.316  2008-2759    C01800/SA_CLIENT               com.ohos.sceneboard             I     SystemAbilityLoadCallbackStub::OnRemoteRequest, code = 1
02-19 18:32:52.316  2008-10258   C01800/SA_CLIENT               com.ohos.sceneboard             I     LoadSystemAbility systemAbilityId : 1120, SendRequest succeed!
02-19 18:32:52.316  2008-2759    C01510/IPCObjectStub           com.ohos.sceneboard             W     68: destroy, desc: OHOS.ISystemAbilityLoadCallback
02-19 18:32:52.317  1840-1847    C01560/OHWIFI_MANAGER_PERMISSION_HELPE wifi_manager_se                 I     callerToken=0x2005c34e has permission_name=ohos.permission.GET_WIFI_INFO, pid=0x7d8, type=0
02-19 18:32:52.318  1840-1847    C01560/OHWIFI_MANAGER_PERMISSION_HELPE wifi_manager_se                 I     callerToken=0x2005c34e has no permission_name=ohos.permission.GET_WIFI_LOCAL_MAC, pid=0x7d8, type=0
02-19 18:32:52.318  1840-1847    C01560/WifiDeviceServiceImpl   wifi_manager_se                 E     GetLinkedInfo:VerifyGetWifiLocalMacPermission() PERMISSION_DENIED!
02-19 18:32:52.318  2008-10258   C01560/WifiNAPIUtils           com.ohos.sceneboard             I     Call wifi func: wifiDevicePtr->GetLinkedInfo (end), time cost:5705us, 5ms
02-19 18:32:52.319  2008-2008    C01560/WifiNAPIDevice          com.ohos.sceneboard             I     Push get linkedInfo result to client
02-19 18:32:52.319  2008-2008    C01560/WifiNAPIErrCode         com.ohos.sceneboard             I     HandleCallbackErrCode, errCode = 0
02-19 18:32:52.319  2008-2008    A0001b/SceneBoard              com.ohos.sceneboard             I     Model.NetSpeedController --> wifi getLinkedInfo
02-19 18:32:52.401  704-822      C01c06/TimeService             resource_schedu                 I     [time_service_client.cpp] GetBootTimeMs# Result: 32357477
02-19 18:32:52.402  476-1364     C02d10/HiView-SysEventSource   hiview                          I     Parser: parser result domain_=DISPLAY eventName_=AMBIENT_LIGHT
02-19 18:32:52.406  1123-1698    C02965/StatsUtils              foundation                      W     [stats_utils.cpp:191] ConvertStatsType# Convert failed due to illegal type=15
02-19 18:32:52.469  1840-1949    C01560/StaNetworkCheck         wifi_manager_se                 I     Enter httpDetection
02-19 18:32:52.469  1840-1949    C01560/OHWIFI_UTILS_HTTP_REQ   wifi_manager_se                 I     GetHostAddrFromUrl urlTmp2 = [<private>].
02-19 18:32:52.469  1840-1949    C01560/OHWIFI_UTILS_HTTP_REQ   wifi_manager_se                 I     GetIPFromUrl Url maybe contain Domain.
02-19 18:32:52.470  1840-10295   C01560/OHWIFI_UTILS_HTTP_REQ   wifi_manager_se                 E     GetHostThread ipOrDomain is connectivitycheck.platform.hicloud.com.
02-19 18:32:52.472  1840-10295   C01560/OHWIFI_UTILS_HTTP_REQ   wifi_manager_se                 E     GetHostThread ipaddr is 115.231.141.87.
02-19 18:32:52.473  1840-1949    C01560/OHWIFI_UTILS_HTTP_REQ   wifi_manager_se                 I     iPort= [80],strIP= [<private>]
02-19 18:32:52.495  1123-1698    C02942/ThermalSvc              foundation                      I     [thermal_observer.cpp:289] OnReceivedSensorInfo# callbackinfo_ size = 6
02-19 18:32:52.496  1123-1698    C02942/ThermalSvc              foundation                      I     [thermal_observer.cpp:265] NotifySensorTempChanged# listeners.size = 0, callbackTypeMap.size = 0
02-19 18:32:52.496  1123-1698    C02942/ThermalSvc              foundation                      I     [thermal_service_subscriber.cpp:94] SetHistoryTypeTempMap# SetHistoryTypeTempMap: sec=30
02-19 18:32:52.506  1840-1949    C01560/StaNetworkCheck         wifi_manager_se                 E     This network is normal!
02-19 18:32:52.506  1840-1949    C01560/StaStateMachine         wifi_manager_se                 I     Enter HandleNetCheckResult, netState:1.
02-19 18:32:52.507  1840-1949    C01560/StaStateMachine         wifi_manager_se                 I     HandleNetCheckResult network state is working
02-19 18:32:52.507  1840-1949    C01560/WifiManager             wifi_manager_se                 I     Enter, DealStaConnChanged, state: 19!
02-19 18:32:52.748  704-822      C01c06/TimeService             resource_schedu                 I     [time_service_client.cpp] GetBootTimeMs# Result: 32357824
02-19 18:32:52.834  1123-10205   C01719/ffrt                    foundation                      E     470267:Detach:93 qos 2 thread not joinable
02-19 18:32:52.835  1123-10205   C01510/IPCThreadSkeleton       foundation                      W     48: thread exit, flush commands
02-19 18:32:52.835  1123-10205   C01510/IPCThreadSkeleton       foundation                      E     85: IPCThreadSkeleton delete
02-19 18:32:52.835  1123-10205   C01518/DBinderBaseInvoker      foundation                      I     41: Clean DBinderDatabusInvoker
02-19 18:32:52.835  704-824      C01713/SUSPEND_MANAGER         resource_schedu                 I     [suspend_manager_impl.cpp(FreezeOneApplication):1151] Freeze 20010061_com.ohos.FusionSearch, keepAlive_ 0, continuousTaskCount_ 0, statusFlags_ 0, resourceFlags_ 0, curState_ 1, uiExtensionVisible_  0, [2915_0_0_0_-1_0]
02-19 18:32:52.836  704-824      C01c06/TimeService             resource_schedu                 I     [time_service_client.cpp] GetBootTimeMs# Result: 32357911
02-19 18:32:52.836  704-824      C01713/SUSPEND_MANAGER         resource_schedu                 I     [app_state_record.cpp(ProcessOperations):364] Process operaton for 2915, freeze option is 1
02-19 18:32:52.837  704-824      C01713/SUSPEND_MANAGER         resource_schedu                 I     [freezer_adapter.cpp(FreezePids):189] Freeze pid: 2915 success.
02-19 18:32:52.837  704-824      C00101/Bluetooth               resource_schedu                 E     [bluetooth_host.cpp(IsBleEnabled:717)]pimpl or bluetooth host is nullptr
02-19 18:32:52.837  704-824      C00101/Bluetooth               resource_schedu                 E     [bluetooth_proxy_manager.cpp(ProxyUid:39)]bluetooth is off.
02-19 18:32:52.839  480-1429     C01800/SAMGR                   samgr                           W     NOT found service : 2802
02-19 18:32:52.839  704-824      C01510/BinderInvoker           resource_schedu                 E     124: SendRequest: handle=0 result = 3
02-19 18:32:52.839  704-824      C02300/Locator_standard        resource_schedu                 I     ProxyUidForFreeze, no need freeze
02-19 18:32:52.840  1118-1118    C02700/SensorPowerPolicy       sensors                         I     in SuspendSensors, Suspend sensors failed, sensorIdList is empty, pid:2915
02-19 18:32:52.841  704-824      C01510/BinderInvoker           resource_schedu                 E     124: SendRequest: handle=1 result = 75628571
02-19 18:32:52.841  704-824      C02700/SensorServiceProxy      resource_schedu                 E     in SuspendSensors, Failed, ret:75628571
02-19 18:32:52.841  704-824      C02700/SensorAgentProxy        resource_schedu                 E     in SuspendSensors, Suspend sensors failed, ret:75628571
02-19 18:32:52.841  704-824      C02700/SensorNativeAPI         resource_schedu                 E     in SuspendSensors, Suspend sensors failed, ret:75628571
02-19 18:32:52.841  704-824      C01713/SUSPEND_MANAGER         resource_schedu                 I     [app_state_record.cpp(ProxyHardwareResourcesLocked):436] pid: 2915, uid: 20010061, proxy: 1, sensor: 14500101
02-19 18:32:52.842  1123-1698    C02908/PowerRunningLock        foundation                      I     [running_lock_proxy.cpp:95] IncreaseProxyCnt# IncreaseProxyCnt proxykey=2915_20010061 proxycnt=1
02-19 18:32:52.842  1123-1698    C02908/PowerRunningLock        foundation                      W     [running_lock_mgr.cpp:484] ProxyRunningLockInner# Proxy runninglock failed, no matching runninglock exist
02-19 18:32:52.842  704-824      C01713/SUSPEND_MANAGER         resource_schedu                 I     [app_state_record.cpp(ProxyHardwareResourcesLocked):450] pid: 2915, uid: 20010061, proxy: 1, RunningLockProxy: 1
02-19 18:32:52.842  476-1364     C02d10/HiView-SysEventSource   hiview                          I     Parser: parser result domain_=SENSOR eventName_=SERVICE_IPC_EXCEPTION
02-19 18:32:53.070  1840-1948    C01560/OHWIFI_STATE_MACHINE    wifi_manager_se                 I     State machine: LinkedState execute Cmd:2
02-19 18:32:53.070  1840-1948    C01560/StaStateMachine         wifi_manager_se                 I     LinkedState, reveived msgCode=2 msg.
02-19 18:32:53.071  987-987      C01560/WifiHdiStaImpl          wifi_hal_service                I     GetHdiSignalInfo enter.
02-19 18:32:53.071  987-987      C01560/WifiHdiProxy            wifi_hal_service                I     GetFeatureInner get an exist feature.
02-19 18:32:53.077  1840-1948    C01560/WifiFrameWork           wifi_manager_se                 I     DealSignalPollResult, signal:-61, txLinkSpeed:4000, rxLinkSpeed:4000, freq:5300, noise:-89.
02-19 18:32:53.077  1840-1948    C01560/WifiFrameWork           wifi_manager_se                 I     DealSignalPollResult, networkId:0, ssid:<private>, rssi:-61, band:2, connState:4, detailedState:10.
02-19 18:32:53.077  1840-1948    C01560/WifiFrameWork           wifi_manager_se                 I     DealSignalPollResult currentSignalLevel:4, lastSignalLevel:4.
02-19 18:32:53.077  1840-1948    C01560/WifiFrameWork           wifi_manager_se                 I     DealSignalPollResult GetWifiStandard:5, bssid:f4:db:**:**:**:8f rxmax:400 txmax:400.
02-19 18:32:53.077  1840-1857    C01560/WifiInternalEventDispatcher wifi_manager_se                 I     WifiInternalEventDispatcher:: Deal Sta Event Callback Msg: 4100
02-19 18:32:53.079  1840-1857    C01560/WifiInternalEventDispatcher wifi_manager_se                 I     WifiInternalEventDispatcher:: Deal Sta Event Callback Msg: 4100
02-19 18:32:53.101  704-822      C01c06/TimeService             resource_schedu                 I     [time_service_client.cpp] GetBootTimeMs# Result: 32358177
02-19 18:32:53.259  1059-1321    C015c0/dsoftbus                softbus_server                  E     SoftBusCondTimedWait timeout, ret[110]
02-19 18:32:53.308  1059-1321    C015c0/dsoftbus                softbus_server                  E     SoftBusCondTimedWait timeout, ret[110]
02-19 18:32:53.398  1123-10206   C01719/ffrt                    foundation                      E     470270:Detach:93 qos 2 thread not joinable
02-19 18:32:53.398  1123-10206   C01510/IPCThreadSkeleton       foundation                      W     48: thread exit, flush commands
02-19 18:32:53.398  1123-10206   C01510/IPCThreadSkeleton       foundation                      E     85: IPCThreadSkeleton delete
02-19 18:32:53.398  1123-10206   C01518/DBinderBaseInvoker      foundation                      I     41: Clean DBinderDatabusInvoker
02-19 18:32:53.399  704-824      C01713/SUSPEND_MANAGER         resource_schedu                 I     [suspend_manager_impl.cpp(FreezeOneApplication):1151] Freeze 20010055_com.huawei.hmsapp.intelligent, keepAlive_ 0, continuousTaskCount_ 0, statusFlags_ 0, resourceFlags_ 0, curState_ 1, uiExtensionVisible_  0, [26762_0_0_0_-1_0]
02-19 18:32:53.399  704-824      C01c06/TimeService             resource_schedu                 I     [time_service_client.cpp] GetBootTimeMs# Result: 32358475
02-19 18:32:53.399  704-824      C01713/SUSPEND_MANAGER         resource_schedu                 I     [app_state_record.cpp(ProcessOperations):364] Process operaton for 26762, freeze option is 1
02-19 18:32:53.400  1123-10111   C01719/ffrt                    foundation                      E     470273:Detach:93 qos 2 thread not joinable
02-19 18:32:53.400  1123-10111   C01510/IPCThreadSkeleton       foundation                      W     48: thread exit, flush commands
02-19 18:32:53.400  704-824      C01713/SUSPEND_MANAGER         resource_schedu                 I     [freezer_adapter.cpp(FreezePids):189] Freeze pid: 26762 success.
02-19 18:32:53.400  1123-10111   C01510/IPCThreadSkeleton       foundation                      E     85: IPCThreadSkeleton delete
02-19 18:32:53.400  1123-10111   C01518/DBinderBaseInvoker      foundation                      I     41: Clean DBinderDatabusInvoker
02-19 18:32:53.400  704-824      C00101/Bluetooth               resource_schedu                 E     [bluetooth_host.cpp(IsBleEnabled:717)]pimpl or bluetooth host is nullptr
02-19 18:32:53.400  704-824      C00101/Bluetooth               resource_schedu                 E     [bluetooth_proxy_manager.cpp(ProxyUid:39)]bluetooth is off.
02-19 18:32:53.401  480-1429     C01800/SAMGR                   samgr                           W     NOT found service : 2802
02-19 18:32:53.402  704-824      C01510/BinderInvoker           resource_schedu                 E     124: SendRequest: handle=0 result = 3
02-19 18:32:53.402  704-824      C02300/Locator_standard        resource_schedu                 I     ProxyUidForFreeze, no need freeze
02-19 18:32:53.403  1118-1118    C02700/SensorPowerPolicy       sensors                         I     in SuspendSensors, Suspend sensors failed, sensorIdList is empty, pid:26762
02-19 18:32:53.403  704-824      C01510/BinderInvoker           resource_schedu                 E     124: SendRequest: handle=1 result = 75628571
02-19 18:32:53.404  704-824      C02700/SensorServiceProxy      resource_schedu                 E     in SuspendSensors, Failed, ret:75628571
02-19 18:32:53.404  704-824      C02700/SensorAgentProxy        resource_schedu                 E     in SuspendSensors, Suspend sensors failed, ret:75628571
02-19 18:32:53.404  704-824      C02700/SensorNativeAPI         resource_schedu                 E     in SuspendSensors, Suspend sensors failed, ret:75628571
02-19 18:32:53.404  704-824      C01713/SUSPEND_MANAGER         resource_schedu                 I     [app_state_record.cpp(ProxyHardwareResourcesLocked):436] pid: 26762, uid: 20010055, proxy: 1, sensor: 14500101
02-19 18:32:53.404  1123-1698    C02908/PowerRunningLock        foundation                      I     [running_lock_proxy.cpp:95] IncreaseProxyCnt# IncreaseProxyCnt proxykey=26762_20010055 proxycnt=1
02-19 18:32:53.404  1123-1698    C02908/PowerRunningLock        foundation                      W     [running_lock_mgr.cpp:484] ProxyRunningLockInner# Proxy runninglock failed, no matching runninglock exist
02-19 18:32:53.404  704-824      C01713/SUSPEND_MANAGER         resource_schedu                 I     [app_state_record.cpp(ProxyHardwareResourcesLocked):450] pid: 26762, uid: 20010055, proxy: 1, RunningLockProxy: 1
02-19 18:32:53.405  704-824      C01713/SUSPEND_MANAGER         resource_schedu                 I     [suspend_manager_impl.cpp(FreezeOneApplication):1151] Freeze 20010054_com.huawei.hmsapp.hisearch, keepAlive_ 0, continuousTaskCount_ 0, statusFlags_ 0, resourceFlags_ 0, curState_ 1, uiExtensionVisible_  0, [3179_0_0_0_-1_0]
02-19 18:32:53.405  476-1364     C02d10/HiView-SysEventSource   hiview                          I     Parser: parser result domain_=SENSOR eventName_=SERVICE_IPC_EXCEPTION
02-19 18:32:53.405  704-824      C01c06/TimeService             resource_schedu                 I     [time_service_client.cpp] GetBootTimeMs# Result: 32358481
02-19 18:32:53.405  704-824      C01713/SUSPEND_MANAGER         resource_schedu                 I     [app_state_record.cpp(ProcessOperations):364] Process operaton for 3179, freeze option is 1
02-19 18:32:53.406  704-824      C01713/SUSPEND_MANAGER         resource_schedu                 I     [freezer_adapter.cpp(FreezePids):189] Freeze pid: 3179 success.
02-19 18:32:53.406  704-824      C00101/Bluetooth               resource_schedu                 E     [bluetooth_host.cpp(IsBleEnabled:717)]pimpl or bluetooth host is nullptr
02-19 18:32:53.406  704-824      C00101/Bluetooth               resource_schedu                 E     [bluetooth_proxy_manager.cpp(ProxyUid:39)]bluetooth is off.
02-19 18:32:53.407  480-1429     C01800/SAMGR                   samgr                           W     NOT found service : 2802
02-19 18:32:53.407  704-824      C01510/BinderInvoker           resource_schedu                 E     124: SendRequest: handle=0 result = 3
02-19 18:32:53.407  704-824      C02300/Locator_standard        resource_schedu                 I     ProxyUidForFreeze, no need freeze
02-19 18:32:53.408  1118-1118    C02700/SensorPowerPolicy       sensors                         I     in SuspendSensors, Suspend sensors failed, sensorIdList is empty, pid:3179
02-19 18:32:53.408  704-824      C01510/BinderInvoker           resource_schedu                 E     124: SendRequest: handle=1 result = 75628571
02-19 18:32:53.409  704-824      C02700/SensorServiceProxy      resource_schedu                 E     in SuspendSensors, Failed, ret:75628571
02-19 18:32:53.409  704-824      C02700/SensorAgentProxy        resource_schedu                 E     in SuspendSensors, Suspend sensors failed, ret:75628571
02-19 18:32:53.409  704-824      C02700/SensorNativeAPI         resource_schedu                 E     in SuspendSensors, Suspend sensors failed, ret:75628571
02-19 18:32:53.409  704-824      C01713/SUSPEND_MANAGER         resource_schedu                 I     [app_state_record.cpp(ProxyHardwareResourcesLocked):436] pid: 3179, uid: 20010054, proxy: 1, sensor: 14500101
02-19 18:32:53.409  1123-1698    C02908/PowerRunningLock        foundation                      I     [running_lock_proxy.cpp:95] IncreaseProxyCnt# IncreaseProxyCnt proxykey=3179_20010054 proxycnt=1
02-19 18:32:53.409  1123-1698    C02908/PowerRunningLock        foundation                      W     [running_lock_mgr.cpp:484] ProxyRunningLockInner# Proxy runninglock failed, no matching runninglock exist
02-19 18:32:53.409  704-824      C01713/SUSPEND_MANAGER         resource_schedu                 I     [app_state_record.cpp(ProxyHardwareResourcesLocked):450] pid: 3179, uid: 20010054, proxy: 1, RunningLockProxy: 1
02-19 18:32:53.410  476-1364     C02d10/HiView-SysEventSource   hiview                          I     Parser: parser result domain_=SENSOR eventName_=SERVICE_IPC_EXCEPTION
02-19 18:32:53.452  704-822      C01c06/TimeService             resource_schedu                 I     [time_service_client.cpp] GetBootTimeMs# Result: 32358527
02-19 18:32:53.801  704-822      C01c06/TimeService             resource_schedu                 I     [time_service_client.cpp] GetBootTimeMs# Result: 32358877
02-19 18:32:54.151  704-822      C01c06/TimeService             resource_schedu                 I     [time_service_client.cpp] GetBootTimeMs# Result: 32359227
02-19 18:32:54.308  1059-1321    C015c0/dsoftbus                softbus_server                  E     SoftBusCondTimedWait timeout, ret[110]
02-19 18:32:54.312  2008-2008    C01560/WifiNAPIUtils           com.ohos.sceneboard             I     Call wifi func: GetLinkedInfo (start)
02-19 18:32:54.313  2008-2008    C01560/WifiNAPIUtils           com.ohos.sceneboard             I     Call wifi func: GetLinkedInfo (end), time cost:448us, 0ms
02-19 18:32:54.313  2008-9698    C01560/WifiNAPIUtils           com.ohos.sceneboard             I     Call wifi func: wifiDevicePtr->GetLinkedInfo (start)
02-19 18:32:54.313  2008-9698    C01510/IPCObjectStub           com.ohos.sceneboard             I     63: create, desc: OHOS.ISystemAbilityLoadCallback
02-19 18:32:54.315  480-1429     C01510/IPCObjectProxy          samgr                           I     58: handle = 44 create, descriptor: IPCObjectProxy44
02-19 18:32:54.316  480-1429     C01800/SAMGR                   samgr                           I     [SA Scheduler][SA: 1120] handle load event start, callingpid: 2008
02-19 18:32:54.316  480-1429     C01800/SAMGR                   samgr                           I     NotifySystemAbilityLoaded systemAbilityId : 1120
02-19 18:32:54.316  480-1429     C01510/IPCObjectProxy          samgr                           W     63: handle = 44 destroyed, descriptor: IPCObjectProxy44
02-19 18:32:54.316  704-822      C01c06/TimeService             resource_schedu                 I     [time_service_client.cpp] GetBootTimeMs# Result: 32359392
02-19 18:32:54.316  2008-9698    C01800/SA_CLIENT               com.ohos.sceneboard             I     LoadSystemAbility systemAbilityId : 1120, SendRequest succeed!
02-19 18:32:54.317  2008-2014    C01800/SA_CLIENT               com.ohos.sceneboard             I     SystemAbilityLoadCallbackStub::OnRemoteRequest, code = 1
02-19 18:32:54.317  2008-2014    C01510/IPCObjectStub           com.ohos.sceneboard             W     68: destroy, desc: OHOS.ISystemAbilityLoadCallback
02-19 18:32:54.318  1840-1847    C01560/OHWIFI_MANAGER_PERMISSION_HELPE wifi_manager_se                 I     callerToken=0x2005c34e has permission_name=ohos.permission.GET_WIFI_INFO, pid=0x7d8, type=0
02-19 18:32:54.318  1840-1847    C01560/OHWIFI_MANAGER_PERMISSION_HELPE wifi_manager_se                 I     callerToken=0x2005c34e has no permission_name=ohos.permission.GET_WIFI_LOCAL_MAC, pid=0x7d8, type=0
02-19 18:32:54.318  1840-1847    C01560/WifiDeviceServiceImpl   wifi_manager_se                 E     GetLinkedInfo:VerifyGetWifiLocalMacPermission() PERMISSION_DENIED!
02-19 18:32:54.318  2008-9698    C01560/WifiNAPIUtils           com.ohos.sceneboard             I     Call wifi func: wifiDevicePtr->GetLinkedInfo (end), time cost:5124us, 5ms
02-19 18:32:54.319  2008-2008    C01560/WifiNAPIDevice          com.ohos.sceneboard             I     Push get linkedInfo result to client
02-19 18:32:54.319  2008-2008    C01560/WifiNAPIErrCode         com.ohos.sceneboard             I     HandleCallbackErrCode, errCode = 0
02-19 18:32:54.319  2008-2008    A0001b/SceneBoard              com.ohos.sceneboard             I     Model.NetSpeedController --> wifi getLinkedInfo
02-19 18:32:54.412  1050-1186    C02500/ThermalDaemon           power_host                      I     [temperature_manager.cpp] [charger] new temp: 26 old temp: 25
02-19 18:32:54.499  704-822      C01c06/TimeService             resource_schedu                 I     [time_service_client.cpp] GetBootTimeMs# Result: 32359574
02-19 18:32:54.578  613-1962     C02800/TouchTransformProcessor multimodalinput                 W     in GetTouchToolType, Unknown Btn tool type, identified as finger
02-19 18:32:54.579  613-1962     C02800/HWfingersenseWrapper    multimodalinput                 E     in KnuckleClassifyTouch, libhwlibfingersense.so was not loaded
02-19 18:32:54.579  613-1962     C02800/InputWindowsManager     multimodalinput                 I     in UpdateTouchScreenTarget, pid:2008,eventId:1165,
02-19 18:32:54.580  2008-2008    C02800/ClientMsgHandler        com.ohos.sceneboard             I     in OnPointerEvent, Pointer event dispatcher of client:
02-19 18:32:54.580  1123-1895    C02800/StreamBuffer            foundation                      E     in Read, Memory out of bounds on read... errCode:65208328
02-19 18:32:54.580  1057-2020    C02800/StreamBuffer            inputmethod_ser                 E     in Read, Memory out of bounds on read... errCode:65208328
02-19 18:32:54.580  1123-1895    C02800/StreamBuffer            foundation                      E     in Read, [READ_ERROR] size:4 count:25,errCode:65077249
02-19 18:32:54.580  1057-2020    C02800/StreamBuffer            inputmethod_ser                 E     in Read, [READ_ERROR] size:4 count:25,errCode:65077249
02-19 18:32:54.580  1123-1895    C02800/StreamBuffer            foundation                      W     in operator>>, Read data failed
02-19 18:32:54.580  1057-2020    C02800/StreamBuffer            inputmethod_ser                 W     in operator>>, Read data failed
02-19 18:32:54.581  1123-1895    C02908/PowerRunningLock        foundation                      I     [power_state_machine.cpp:747] CheckRunningLock# No specific lock for state: 2
02-19 18:32:54.581  613-1962     C02800/InputWindowsManager     multimodalinput                 I     in UpdateTouchScreenTarget, pid:2008,eventId:1166,
02-19 18:32:54.582  613-1962     C02800/KeyCommandHandler       multimodalinput                 W     in HandlePointerActionMoveEvent, Two finger gesture timer id is -1.
02-19 18:32:54.582  1123-1895    C02800/StreamBuffer            foundation                      E     in Read, Memory out of bounds on read... errCode:65208328
02-19 18:32:54.582  1123-1895    C02800/StreamBuffer            foundation                      E     in Read, [READ_ERROR] size:4 count:25,errCode:65077249
02-19 18:32:54.582  1123-1895    C02800/StreamBuffer            foundation                      W     in operator>>, Read data failed
02-19 18:32:54.586  2008-2008    C04200/Session                 com.ohos.sceneboard             I     <1137>TransferPointerEvent: Session TransferPointEvent, eventId:1165, action:down, persistentId:36, bundleName:com.netease.lava.nertc.demo, pid:10236
02-19 18:32:54.586  613-1962     C02800/InputWindowsManager     multimodalinput                 I     in UpdateTouchScreenTarget, pid:2008,eventId:1167,
02-19 18:32:54.586  613-1962     C02800/KeyCommandHandler       multimodalinput                 W     in HandlePointerActionMoveEvent, Two finger gesture timer id is -1.
02-19 18:32:54.586  1057-2020    C02800/StreamBuffer            inputmethod_ser                 E     in Read, Memory out of bounds on read... errCode:65208328
02-19 18:32:54.586  1057-2020    C02800/StreamBuffer            inputmethod_ser                 E     in Read, [READ_ERROR] size:4 count:25,errCode:65077249
02-19 18:32:54.587  1057-2020    C02800/StreamBuffer            inputmethod_ser                 W     in operator>>, Read data failed
02-19 18:32:54.587  1057-2020    C02800/StreamBuffer            inputmethod_ser                 E     in Read, Memory out of bounds on read... errCode:65208328
02-19 18:32:54.587  1057-2020    C02800/StreamBuffer            inputmethod_ser                 E     in Read, [READ_ERROR] size:4 count:25,errCode:65077249
02-19 18:32:54.587  1057-2020    C02800/StreamBuffer            inputmethod_ser                 W     in operator>>, Read data failed
02-19 18:32:54.587  1123-1895    C02800/StreamBuffer            foundation                      E     in Read, Memory out of bounds on read... errCode:65208328
02-19 18:32:54.587  1123-1895    C02800/StreamBuffer            foundation                      E     in Read, [READ_ERROR] size:4 count:25,errCode:65077249
02-19 18:32:54.587  1123-1895    C02800/StreamBuffer            foundation                      W     in operator>>, Read data failed
02-19 18:32:54.587  2008-2008    C02800/ClientMsgHandler        com.ohos.sceneboard             I     in OnPointerEvent, Pointer event dispatcher of client:
02-19 18:32:54.587  2008-2008    C02800/ClientMsgHandler        com.ohos.sceneboard             I     in OnPointerEvent, Pointer event dispatcher of client:
02-19 18:32:54.588  2008-2008    A0001b/SceneBoard              com.ohos.sceneboard             I     SCBSceneSessionManager --> outsideDownEvent x = 742 y = 320systemScene size = 14
02-19 18:32:54.589  2008-2008    A0001b/SceneBoard              com.ohos.sceneboard             I     SCBSceneSessionManager --> outsideDownEvent sceneRect left = [object Object] top = [object Object] width = [object Object] height = [object Object]
02-19 18:32:54.589  2008-2008    A0001b/SceneBoard              com.ohos.sceneboard             I     SCBSceneSessionManager --> is contains:false
02-19 18:32:54.589  2008-2008    A0001b/SceneBoard              com.ohos.sceneboard             I     SCBSceneSessionManager --> outsideDownEvent sceneRect left = [object Object] top = [object Object] width = [object Object] height = [object Object]
02-19 18:32:54.589  2008-2008    A0001b/SceneBoard              com.ohos.sceneboard             I     SCBSceneSessionManager --> is contains:true
02-19 18:32:54.589  2008-2008    A0001b/SceneBoard              com.ohos.sceneboard             I     SCBSceneSessionManager --> outsideDownEvent sceneRect left = [object Object] top = [object Object] width = [object Object] height = [object Object]
02-19 18:32:54.589  2008-2008    A0001b/SceneBoard              com.ohos.sceneboard             I     SCBSceneSessionManager --> is contains:true
02-19 18:32:54.589  2008-2008    A0001b/SceneBoard              com.ohos.sceneboard             I     SCBSceneSessionManager --> outsideDownEvent sceneRect left = [object Object] top = [object Object] width = [object Object] height = [object Object]
02-19 18:32:54.589  2008-2008    A0001b/SceneBoard              com.ohos.sceneboard             I     SCBSceneSessionManager --> is contains:true
02-19 18:32:54.589  2008-2008    A0001b/SceneBoard              com.ohos.sceneboard             I     SCBSceneSessionManager --> outsideDownEvent sceneRect left = [object Object] top = [object Object] width = [object Object] height = [object Object]
02-19 18:32:54.589  2008-2008    A0001b/SceneBoard              com.ohos.sceneboard             I     SCBSceneSessionManager --> is contains:true
02-19 18:32:54.589  2008-2008    A0001b/SceneBoard              com.ohos.sceneboard             I     SCBSceneSessionManager --> outsideDownEvent sceneRect left = [object Object] top = [object Object] width = [object Object] height = [object Object]
02-19 18:32:54.589  2008-2008    A0001b/SceneBoard              com.ohos.sceneboard             I     SCBSceneSessionManager --> is contains:true
02-19 18:32:54.589  2008-2008    A0001b/SceneBoard              com.ohos.sceneboard             I     SCBSceneSessionManager --> outsideDownEvent sceneRect left = [object Object] top = [object Object] width = [object Object] height = [object Object]
02-19 18:32:54.589  2008-2008    A0001b/SceneBoard              com.ohos.sceneboard             I     SCBSceneSessionManager --> is contains:true
02-19 18:32:54.589  2008-2008    A0001b/SceneBoard              com.ohos.sceneboard             I     SCBSceneSessionManager --> outsideDownEvent sceneRect left = [object Object] top = [object Object] width = [object Object] height = [object Object]
02-19 18:32:54.589  2008-2008    A0001b/SceneBoard              com.ohos.sceneboard             I     SCBSceneSessionManager --> is contains:false
02-19 18:32:54.589  2008-2008    A0001b/SceneBoard              com.ohos.sceneboard             I     SCBSceneSessionManager --> outsideDownEvent sceneRect left = [object Object] top = [object Object] width = [object Object] height = [object Object]
02-19 18:32:54.589  2008-2008    A0001b/SceneBoard              com.ohos.sceneboard             I     SCBSceneSessionManager --> is contains:true
02-19 18:32:54.589  2008-2008    A0001b/SceneBoard              com.ohos.sceneboard             I     SCBSceneSessionManager --> outsideDownEvent sceneRect left = [object Object] top = [object Object] width = [object Object] height = [object Object]
02-19 18:32:54.590  2008-2008    A0001b/SceneBoard              com.ohos.sceneboard             I     SCBSceneSessionManager --> is contains:true
02-19 18:32:54.590  2008-2008    A0001b/SceneBoard              com.ohos.sceneboard             I     SCBSceneSessionManager --> outsideDownEvent sceneRect left = [object Object] top = [object Object] width = [object Object] height = [object Object]
02-19 18:32:54.590  2008-2008    A0001b/SceneBoard              com.ohos.sceneboard             I     SCBSceneSessionManager --> is contains:true
02-19 18:32:54.590  2008-2008    A0001b/SceneBoard              com.ohos.sceneboard             I     SCBSceneSessionManager --> outsideDownEvent sceneRect left = [object Object] top = [object Object] width = [object Object] height = [object Object]
02-19 18:32:54.590  2008-2008    A0001b/SceneBoard              com.ohos.sceneboard             I     SCBSceneSessionManager --> is contains:true
02-19 18:32:54.590  2008-2008    A0001b/SceneBoard              com.ohos.sceneboard             I     SCBSceneSessionManager --> outsideDownEvent sceneRect left = [object Object] top = [object Object] width = [object Object] height = [object Object]
