02-19 18:32:43.328  1278-1278    C01400/OHOS::RS                render_service                  I     RsDebug RSProcessor::Perf: do nothing
02-19 18:32:43.329  1034-2506    C014b1/KRPRPERYIES             composer_host                   E     get property failed
02-19 18:32:43.329  1034-2506    C014c0/GRALLOC                 composer_host                   E     This buffer is nullptr
02-19 18:32:43.332  1278-1320    C01400/Composer                render_service                  E     ReleaseFramebuffer: Current frame buffer is nullptr.
02-19 18:32:43.335  1279-1335    C02f01/ATMServ                 accesstoken_ser                 I     [GetTokenType]:tokenID: 0x28060930
02-19 18:32:43.335  2008-2014    C02f01/ATMProxy                com.ohos.sceneboard             I     [GetTokenType]:result from server data = 1
02-19 18:32:43.335  2008-2014    C04200/SceneSessionManager     com.ohos.sceneboard             I     <3776>WindowVisibilityChangeCallback: WindowVisibilityChangeCallback: entry
02-19 18:32:43.336  2008-2356    C01799/MemMgr                  com.ohos.sceneboard             I     MemMgrClient::GetMemMgrService called
02-19 18:32:43.336  704-2397     C04200/WindowManager           resource_schedu                 I     <166>Notify WindowVisibilityInfo to caller
02-19 18:32:43.336  704-838      C01702/CgroupAdjuster          resource_schedu                 I     AdjustProcessGroup for 2008, source : 10
02-19 18:32:43.336  704-2397     C04200/WindowManager           resource_schedu                 I     <166>Notify WindowVisibilityInfo to caller
02-19 18:32:43.336  704-2397     C01713/SUSPEND_MANAGER         resource_schedu                 I     [suspend_manager_impl.cpp(UpdateVisibleUidMap):1727] uid: 10003 visible window: 5.
02-19 18:32:43.336  704-2397     C01713/SUSPEND_MANAGER         resource_schedu                 I     [suspend_manager_impl.cpp(UpdateVisibleUidMap):1727] uid: 10003 visible window: 4.
02-19 18:32:43.336  704-838      C01702/CgroupAdjuster          resource_schedu                 I     AdjustProcessGroup for 2008, source : 10
02-19 18:32:43.336  2008-2356    C01799/MemMgr                  com.ohos.sceneboard             I     MemMgrClient::GetMemMgrService get service succeed
02-19 18:32:43.336  678-27131    C01799/MemMgr                  memmgrservice                   I     MemMgrStub::OnRemoteRequest MemMgrStub::OnReceived, code = 10, flags= 0.
02-19 18:32:43.336  678-27131    C01799/MemMgr                  memmgrservice                   I     MemMgrService::OnWindowVisibilityChanged called
02-19 18:32:43.336  678-738      C01799/MemMgr                  memmgrservice                   I     WindowVisibilityObserver::UpdateWindowVisibilityPriorityInner WindowVisibilityInfo[pid=2008, uid=10003, winId=4, visible=0]
02-19 18:32:43.336  678-738      C01799/MemMgr                  memmgrservice                   I     WindowVisibilityObserver::UpdateWindowVisibilityPriorityInner WindowVisibilityInfo[pid=2008, uid=10003, winId=5, visible=0]
02-19 18:32:43.336  678-738      C01799/MemMgr                  memmgrservice                   I     WindowVisibilityObserver::UpdateWindowVisibilityPriorityInner windowVisibleMap_size=2
02-19 18:32:43.337  1278-1278    C01400/OHOS::RS                render_service                  I     RsDebug RSProcessor::Perf: do nothing
02-19 18:32:43.338  1034-2506    C014b1/KRPRPERYIES             composer_host                   E     get property failed
02-19 18:32:43.338  1034-2506    C014c0/GRALLOC                 composer_host                   E     This buffer is nullptr
02-19 18:32:43.341  1278-1320    C01400/Composer                render_service                  E     ReleaseFramebuffer: Current frame buffer is nullptr.
02-19 18:32:43.347  1279-1335    C02f01/ATMServ                 accesstoken_ser                 I     [GetTokenType]:tokenID: 0x28060930
02-19 18:32:43.347  2008-2014    C02f01/ATMProxy                com.ohos.sceneboard             I     [GetTokenType]:result from server data = 1
02-19 18:32:43.347  2008-2014    C04200/SceneSessionManager     com.ohos.sceneboard             I     <3776>WindowVisibilityChangeCallback: WindowVisibilityChangeCallback: entry
02-19 18:32:43.347  2008-2356    C01799/MemMgr                  com.ohos.sceneboard             I     MemMgrClient::GetMemMgrService called
02-19 18:32:43.347  704-1582     C04200/WindowManager           resource_schedu                 I     <166>Notify WindowVisibilityInfo to caller
02-19 18:32:43.347  704-838      C01702/CgroupAdjuster          resource_schedu                 I     AdjustProcessGroup for 2008, source : 10
02-19 18:32:43.347  704-1582     C04200/WindowManager           resource_schedu                 I     <166>Notify WindowVisibilityInfo to caller
02-19 18:32:43.347  704-1582     C01713/SUSPEND_MANAGER         resource_schedu                 I     [suspend_manager_impl.cpp(UpdateVisibleUidMap):1723] uid: 10003 visible window: 5.
02-19 18:32:43.347  704-1582     C01713/SUSPEND_MANAGER         resource_schedu                 I     [suspend_manager_impl.cpp(UpdateVisibleUidMap):1723] uid: 10003 visible window: 6.
02-19 18:32:43.347  704-838      C01702/CgroupAdjuster          resource_schedu                 I     AdjustProcessGroup for 2008, source : 10
02-19 18:32:43.348  2008-2356    C01799/MemMgr                  com.ohos.sceneboard             I     MemMgrClient::GetMemMgrService get service succeed
02-19 18:32:43.348  678-27131    C01799/MemMgr                  memmgrservice                   I     MemMgrStub::OnRemoteRequest MemMgrStub::OnReceived, code = 10, flags= 0.
02-19 18:32:43.348  678-27131    C01799/MemMgr                  memmgrservice                   I     MemMgrService::OnWindowVisibilityChanged called
02-19 18:32:43.348  678-738      C01799/MemMgr                  memmgrservice                   I     WindowVisibilityObserver::UpdateWindowVisibilityPriorityInner WindowVisibilityInfo[pid=2008, uid=10003, winId=4, visible=1]
02-19 18:32:43.348  678-738      C01799/MemMgr                  memmgrservice                   I     WindowVisibilityObserver::UpdateWindowVisibilityPriorityInner WindowVisibilityInfo[pid=2008, uid=10003, winId=5, visible=1]
02-19 18:32:43.348  678-738      C01799/MemMgr                  memmgrservice                   I     WindowVisibilityObserver::UpdateWindowVisibilityPriorityInner windowVisibleMap_size=2
02-19 18:32:43.350  1278-1278    C01400/OHOS::RS                render_service                  I     RsDebug RSProcessor::Perf: do nothing
02-19 18:32:43.351  1034-1207    C014b1/KRPRPERYIES             composer_host                   E     get property failed
02-19 18:32:43.351  1034-1207    C014c0/GRALLOC                 composer_host                   E     This buffer is nullptr
02-19 18:32:43.354  1278-1320    C01400/Composer                render_service                  E     ReleaseFramebuffer: Current frame buffer is nullptr.
02-19 18:32:43.358  1279-1335    C02f01/ATMServ                 accesstoken_ser                 I     [GetTokenType]:tokenID: 0x28060930
02-19 18:32:43.358  2008-2014    C02f01/ATMProxy                com.ohos.sceneboard             I     [GetTokenType]:result from server data = 1
02-19 18:32:43.358  2008-2014    C04200/SceneSessionManager     com.ohos.sceneboard             I     <3776>WindowVisibilityChangeCallback: WindowVisibilityChangeCallback: entry
02-19 18:32:43.358  704-2397     C04200/WindowManager           resource_schedu                 I     <166>Notify WindowVisibilityInfo to caller
02-19 18:32:43.358  2008-2356    C01799/MemMgr                  com.ohos.sceneboard             I     MemMgrClient::GetMemMgrService called
02-19 18:32:43.358  704-2397     C04200/WindowManager           resource_schedu                 I     <166>Notify WindowVisibilityInfo to caller
02-19 18:32:43.358  704-838      C01702/CgroupAdjuster          resource_schedu                 I     AdjustProcessGroup for 2008, source : 10
02-19 18:32:43.358  704-2397     C01713/SUSPEND_MANAGER         resource_schedu                 I     [suspend_manager_impl.cpp(UpdateVisibleUidMap):1727] uid: 10003 visible window: 5.
02-19 18:32:43.358  704-2397     C01713/SUSPEND_MANAGER         resource_schedu                 I     [suspend_manager_impl.cpp(UpdateVisibleUidMap):1727] uid: 10003 visible window: 4.
02-19 18:32:43.358  704-838      C01702/CgroupAdjuster          resource_schedu                 I     AdjustProcessGroup for 2008, source : 10
02-19 18:32:43.358  2008-2356    C01799/MemMgr                  com.ohos.sceneboard             I     MemMgrClient::GetMemMgrService get service succeed
02-19 18:32:43.358  678-27131    C01799/MemMgr                  memmgrservice                   I     MemMgrStub::OnRemoteRequest MemMgrStub::OnReceived, code = 10, flags= 0.
02-19 18:32:43.358  678-27131    C01799/MemMgr                  memmgrservice                   I     MemMgrService::OnWindowVisibilityChanged called
02-19 18:32:43.358  678-738      C01799/MemMgr                  memmgrservice                   I     WindowVisibilityObserver::UpdateWindowVisibilityPriorityInner WindowVisibilityInfo[pid=2008, uid=10003, winId=4, visible=0]
02-19 18:32:43.359  678-738      C01799/MemMgr                  memmgrservice                   I     WindowVisibilityObserver::UpdateWindowVisibilityPriorityInner WindowVisibilityInfo[pid=2008, uid=10003, winId=5, visible=0]
02-19 18:32:43.359  678-738      C01799/MemMgr                  memmgrservice                   I     WindowVisibilityObserver::UpdateWindowVisibilityPriorityInner windowVisibleMap_size=2
02-19 18:32:43.359  1278-1278    C01400/OHOS::RS                render_service                  I     RsDebug RSProcessor::Perf: do nothing
02-19 18:32:43.360  1034-1207    C014b1/KRPRPERYIES             composer_host                   E     get property failed
02-19 18:32:43.360  1034-1207    C014c0/GRALLOC                 composer_host                   E     This buffer is nullptr
02-19 18:32:43.363  1278-1320    C01400/Composer                render_service                  E     ReleaseFramebuffer: Current frame buffer is nullptr.
02-19 18:32:43.369  1279-1335    C02f01/ATMServ                 accesstoken_ser                 I     [GetTokenType]:tokenID: 0x28060930
02-19 18:32:43.369  2008-2014    C02f01/ATMProxy                com.ohos.sceneboard             I     [GetTokenType]:result from server data = 1
02-19 18:32:43.369  2008-2014    C04200/SceneSessionManager     com.ohos.sceneboard             I     <3776>WindowVisibilityChangeCallback: WindowVisibilityChangeCallback: entry
02-19 18:32:43.369  2008-2356    C01799/MemMgr                  com.ohos.sceneboard             I     MemMgrClient::GetMemMgrService called
02-19 18:32:43.369  704-1582     C04200/WindowManager           resource_schedu                 I     <166>Notify WindowVisibilityInfo to caller
02-19 18:32:43.369  704-838      C01702/CgroupAdjuster          resource_schedu                 I     AdjustProcessGroup for 2008, source : 10
02-19 18:32:43.369  704-1582     C04200/WindowManager           resource_schedu                 I     <166>Notify WindowVisibilityInfo to caller
02-19 18:32:43.369  704-1582     C01713/SUSPEND_MANAGER         resource_schedu                 I     [suspend_manager_impl.cpp(UpdateVisibleUidMap):1723] uid: 10003 visible window: 5.
02-19 18:32:43.369  704-1582     C01713/SUSPEND_MANAGER         resource_schedu                 I     [suspend_manager_impl.cpp(UpdateVisibleUidMap):1723] uid: 10003 visible window: 6.
02-19 18:32:43.369  704-838      C01702/CgroupAdjuster          resource_schedu                 I     AdjustProcessGroup for 2008, source : 10
02-19 18:32:43.370  2008-2356    C01799/MemMgr                  com.ohos.sceneboard             I     MemMgrClient::GetMemMgrService get service succeed
02-19 18:32:43.370  678-27131    C01799/MemMgr                  memmgrservice                   I     MemMgrStub::OnRemoteRequest MemMgrStub::OnReceived, code = 10, flags= 0.
02-19 18:32:43.370  678-27131    C01799/MemMgr                  memmgrservice                   I     MemMgrService::OnWindowVisibilityChanged called
02-19 18:32:43.370  678-738      C01799/MemMgr                  memmgrservice                   I     WindowVisibilityObserver::UpdateWindowVisibilityPriorityInner WindowVisibilityInfo[pid=2008, uid=10003, winId=4, visible=1]
02-19 18:32:43.370  678-738      C01799/MemMgr                  memmgrservice                   I     WindowVisibilityObserver::UpdateWindowVisibilityPriorityInner WindowVisibilityInfo[pid=2008, uid=10003, winId=5, visible=1]
02-19 18:32:43.370  678-738      C01799/MemMgr                  memmgrservice                   I     WindowVisibilityObserver::UpdateWindowVisibilityPriorityInner windowVisibleMap_size=2
02-19 18:32:43.372  1278-1278    C01400/OHOS::RS                render_service                  I     RsDebug RSProcessor::Perf: do nothing
02-19 18:32:43.372  1034-2506    C014b1/KRPRPERYIES             composer_host                   E     get property failed
02-19 18:32:43.373  1034-2506    C014c0/GRALLOC                 composer_host                   E     This buffer is nullptr
02-19 18:32:43.376  1278-1320    C01400/Composer                render_service                  E     ReleaseFramebuffer: Current frame buffer is nullptr.
02-19 18:32:43.380  1279-1335    C02f01/ATMServ                 accesstoken_ser                 I     [GetTokenType]:tokenID: 0x28060930
02-19 18:32:43.380  2008-2014    C02f01/ATMProxy                com.ohos.sceneboard             I     [GetTokenType]:result from server data = 1
02-19 18:32:43.380  2008-2014    C04200/SceneSessionManager     com.ohos.sceneboard             I     <3776>WindowVisibilityChangeCallback: WindowVisibilityChangeCallback: entry
02-19 18:32:43.380  2008-2356    C01799/MemMgr                  com.ohos.sceneboard             I     MemMgrClient::GetMemMgrService called
02-19 18:32:43.380  704-728      C04200/WindowManager           resource_schedu                 I     <166>Notify WindowVisibilityInfo to caller
02-19 18:32:43.380  704-728      C04200/WindowManager           resource_schedu                 I     <166>Notify WindowVisibilityInfo to caller
02-19 18:32:43.380  704-728      C01713/SUSPEND_MANAGER         resource_schedu                 I     [suspend_manager_impl.cpp(UpdateVisibleUidMap):1727] uid: 10003 visible window: 5.
02-19 18:32:43.380  704-728      C01713/SUSPEND_MANAGER         resource_schedu                 I     [suspend_manager_impl.cpp(UpdateVisibleUidMap):1727] uid: 10003 visible window: 4.
02-19 18:32:43.380  704-838      C01702/CgroupAdjuster          resource_schedu                 I     AdjustProcessGroup for 2008, source : 10
02-19 18:32:43.380  704-838      C01702/CgroupAdjuster          resource_schedu                 I     AdjustProcessGroup for 2008, source : 10
02-19 18:32:43.381  2008-2356    C01799/MemMgr                  com.ohos.sceneboard             I     MemMgrClient::GetMemMgrService get service succeed
02-19 18:32:43.381  678-27131    C01799/MemMgr                  memmgrservice                   I     MemMgrStub::OnRemoteRequest MemMgrStub::OnReceived, code = 10, flags= 0.
02-19 18:32:43.381  678-27131    C01799/MemMgr                  memmgrservice                   I     MemMgrService::OnWindowVisibilityChanged called
02-19 18:32:43.381  678-738      C01799/MemMgr                  memmgrservice                   I     WindowVisibilityObserver::UpdateWindowVisibilityPriorityInner WindowVisibilityInfo[pid=2008, uid=10003, winId=4, visible=0]
02-19 18:32:43.381  678-738      C01799/MemMgr                  memmgrservice                   I     WindowVisibilityObserver::UpdateWindowVisibilityPriorityInner WindowVisibilityInfo[pid=2008, uid=10003, winId=5, visible=0]
02-19 18:32:43.381  678-738      C01799/MemMgr                  memmgrservice                   I     WindowVisibilityObserver::UpdateWindowVisibilityPriorityInner windowVisibleMap_size=2
02-19 18:32:43.381  1840-1949    C01560/StaNetworkCheck         wifi_manager_se                 I     Enter httpDetection
02-19 18:32:43.381  1840-1949    C01560/OHWIFI_UTILS_HTTP_REQ   wifi_manager_se                 I     GetHostAddrFromUrl urlTmp2 = [<private>].
02-19 18:32:43.381  1840-1949    C01560/OHWIFI_UTILS_HTTP_REQ   wifi_manager_se                 I     GetIPFromUrl Url maybe contain Domain.
02-19 18:32:43.381  1840-10267   C01560/OHWIFI_UTILS_HTTP_REQ   wifi_manager_se                 E     GetHostThread ipOrDomain is connectivitycheck.platform.hicloud.com.
02-19 18:32:43.382  1278-1278    C01400/OHOS::RS                render_service                  I     RsDebug RSProcessor::Perf: do nothing
02-19 18:32:43.382  1034-2506    C014b1/KRPRPERYIES             composer_host                   E     get property failed
02-19 18:32:43.382  1034-2506    C014c0/GRALLOC                 composer_host                   E     This buffer is nullptr
02-19 18:32:43.382  1840-10267   C01560/OHWIFI_UTILS_HTTP_REQ   wifi_manager_se                 E     GetHostThread ipaddr is 115.231.141.87.
02-19 18:32:43.383  1840-1949    C01560/OHWIFI_UTILS_HTTP_REQ   wifi_manager_se                 I     iPort= [80],strIP= [<private>]
02-19 18:32:43.385  1278-1320    C01400/Composer                render_service                  E     ReleaseFramebuffer: Current frame buffer is nullptr.
02-19 18:32:43.391  1279-1335    C02f01/ATMServ                 accesstoken_ser                 I     [GetTokenType]:tokenID: 0x28060930
02-19 18:32:43.391  2008-2014    C02f01/ATMProxy                com.ohos.sceneboard             I     [GetTokenType]:result from server data = 1
02-19 18:32:43.391  2008-2014    C04200/SceneSessionManager     com.ohos.sceneboard             I     <3776>WindowVisibilityChangeCallback: WindowVisibilityChangeCallback: entry
02-19 18:32:43.391  2008-2356    C01799/MemMgr                  com.ohos.sceneboard             I     MemMgrClient::GetMemMgrService called
02-19 18:32:43.391  704-1582     C04200/WindowManager           resource_schedu                 I     <166>Notify WindowVisibilityInfo to caller
02-19 18:32:43.392  704-838      C01702/CgroupAdjuster          resource_schedu                 I     AdjustProcessGroup for 2008, source : 10
02-19 18:32:43.392  704-1582     C04200/WindowManager           resource_schedu                 I     <166>Notify WindowVisibilityInfo to caller
02-19 18:32:43.392  704-1582     C01713/SUSPEND_MANAGER         resource_schedu                 I     [suspend_manager_impl.cpp(UpdateVisibleUidMap):1723] uid: 10003 visible window: 5.
02-19 18:32:43.392  704-838      C01702/CgroupAdjuster          resource_schedu                 I     AdjustProcessGroup for 2008, source : 10
02-19 18:32:43.392  704-1582     C01713/SUSPEND_MANAGER         resource_schedu                 I     [suspend_manager_impl.cpp(UpdateVisibleUidMap):1723] uid: 10003 visible window: 6.
02-19 18:32:43.392  2008-2356    C01799/MemMgr                  com.ohos.sceneboard             I     MemMgrClient::GetMemMgrService get service succeed
02-19 18:32:43.392  678-27131    C01799/MemMgr                  memmgrservice                   I     MemMgrStub::OnRemoteRequest MemMgrStub::OnReceived, code = 10, flags= 0.
02-19 18:32:43.392  678-27131    C01799/MemMgr                  memmgrservice                   I     MemMgrService::OnWindowVisibilityChanged called
02-19 18:32:43.392  678-738      C01799/MemMgr                  memmgrservice                   I     WindowVisibilityObserver::UpdateWindowVisibilityPriorityInner WindowVisibilityInfo[pid=2008, uid=10003, winId=4, visible=1]
02-19 18:32:43.392  678-738      C01799/MemMgr                  memmgrservice                   I     WindowVisibilityObserver::UpdateWindowVisibilityPriorityInner WindowVisibilityInfo[pid=2008, uid=10003, winId=5, visible=1]
02-19 18:32:43.392  678-738      C01799/MemMgr                  memmgrservice                   I     WindowVisibilityObserver::UpdateWindowVisibilityPriorityInner windowVisibleMap_size=2
02-19 18:32:43.395  1278-1278    C01400/OHOS::RS                render_service                  I     RsDebug RSProcessor::Perf: do nothing
02-19 18:32:43.395  1034-1207    C014b1/KRPRPERYIES             composer_host                   E     get property failed
02-19 18:32:43.395  1034-1207    C014c0/GRALLOC                 composer_host                   E     This buffer is nullptr
02-19 18:32:43.399  1278-1320    C01400/Composer                render_service                  E     ReleaseFramebuffer: Current frame buffer is nullptr.
02-19 18:32:43.402  1279-1335    C02f01/ATMServ                 accesstoken_ser                 I     [GetTokenType]:tokenID: 0x28060930
02-19 18:32:43.402  2008-2014    C02f01/ATMProxy                com.ohos.sceneboard             I     [GetTokenType]:result from server data = 1
02-19 18:32:43.402  2008-2014    C04200/SceneSessionManager     com.ohos.sceneboard             I     <3776>WindowVisibilityChangeCallback: WindowVisibilityChangeCallback: entry
02-19 18:32:43.402  2008-2356    C01799/MemMgr                  com.ohos.sceneboard             I     MemMgrClient::GetMemMgrService called
02-19 18:32:43.402  704-2397     C04200/WindowManager           resource_schedu                 I     <166>Notify WindowVisibilityInfo to caller
02-19 18:32:43.402  704-838      C01702/CgroupAdjuster          resource_schedu                 I     AdjustProcessGroup for 2008, source : 10
02-19 18:32:43.402  704-2397     C04200/WindowManager           resource_schedu                 I     <166>Notify WindowVisibilityInfo to caller
02-19 18:32:43.402  704-2397     C01713/SUSPEND_MANAGER         resource_schedu                 I     [suspend_manager_impl.cpp(UpdateVisibleUidMap):1727] uid: 10003 visible window: 5.
02-19 18:32:43.402  704-2397     C01713/SUSPEND_MANAGER         resource_schedu                 I     [suspend_manager_impl.cpp(UpdateVisibleUidMap):1727] uid: 10003 visible window: 4.
02-19 18:32:43.402  704-2397     C01713/SUSPEND_MANAGER         resource_schedu                 I     [suspend_manager_impl.cpp(UpdateVisibleUidMap):1727] uid: 10003 visible window: 3.
02-19 18:32:43.402  704-838      C01702/CgroupAdjuster          resource_schedu                 I     AdjustProcessGroup for 2008, source : 10
02-19 18:32:43.402  704-838      C01702/CgroupAdjuster          resource_schedu                 I     AdjustProcessGroup for 2008, source : 10
02-19 18:32:43.403  2008-2356    C01799/MemMgr                  com.ohos.sceneboard             I     MemMgrClient::GetMemMgrService get service succeed
02-19 18:32:43.403  678-27131    C01799/MemMgr                  memmgrservice                   I     MemMgrStub::OnRemoteRequest MemMgrStub::OnReceived, code = 10, flags= 0.
02-19 18:32:43.403  678-27131    C01799/MemMgr                  memmgrservice                   I     MemMgrService::OnWindowVisibilityChanged called
02-19 18:32:43.403  678-738      C01799/MemMgr                  memmgrservice                   I     WindowVisibilityObserver::UpdateWindowVisibilityPriorityInner WindowVisibilityInfo[pid=2008, uid=10003, winId=4, visible=0]
02-19 18:32:43.403  678-738      C01799/MemMgr                  memmgrservice                   I     WindowVisibilityObserver::UpdateWindowVisibilityPriorityInner WindowVisibilityInfo[pid=2008, uid=10003, winId=5, visible=0]
02-19 18:32:43.403  678-738      C01799/MemMgr                  memmgrservice                   I     WindowVisibilityObserver::UpdateWindowVisibilityPriorityInner WindowVisibilityInfo[pid=2008, uid=10003, winId=38, visible=0]
02-19 18:32:43.403  678-738      C01799/MemMgr                  memmgrservice                   I     WindowVisibilityObserver::UpdateWindowVisibilityPriorityInner windowVisibleMap_size=2
02-19 18:32:43.407  1840-1949    C01560/StaNetworkCheck         wifi_manager_se                 E     This network is normal!
02-19 18:32:43.411  1278-1278    C01400/OHOS::RS                render_service                  I     RsDebug RSProcessor::Perf: do nothing
02-19 18:32:43.411  1034-1207    C014b1/KRPRPERYIES             composer_host                   E     get property failed
02-19 18:32:43.411  1034-1207    C014c0/GRALLOC                 composer_host                   E     This buffer is nullptr
02-19 18:32:43.412  2008-2008    A0001b/SceneBoard              com.ohos.sceneboard             I     SCBTransitionManager --> getInstance: [object Object]
02-19 18:32:43.412  1278-1320    C01400/Composer                render_service                  E     ReleaseFramebuffer: Current frame buffer is nullptr.
02-19 18:32:43.412  2008-2008    A0001b/SceneBoard              com.ohos.sceneboard             I     SCBTransitionManager --> getInstance: [object Object]
02-19 18:32:43.412  2008-2008    A0001b/SceneBoard              com.ohos.sceneboard             I     SCBTransitionManager --> clearTransitionCount AppIcon_Image_com.netease.lava.nertc.demo_16777222, 1
02-19 18:32:43.412  2008-2008    C04200/JsSceneSessionManager   com.ohos.sceneboard             I     <1099>[NAPI]OnPerfRequestEx
02-19 18:32:43.412  2008-2008    C04200/JsSceneSessionManager   com.ohos.sceneboard             I     <1099>[NAPI]OnPerfRequestEx
02-19 18:32:43.413  2008-2008    A0001b/SceneBoard              com.ohos.sceneboard             I     SceneBoard:Trace --> end trace 10143
02-19 18:32:43.413  476-1364     C02d10/HiView-SysEventSource   hiview                          I     Parser: parser result domain_=ACE eventName_=INTERACTION_COMPLETED_LATENCY
02-19 18:32:43.417  1034-2506    C014b1/KRPRPERYIES             composer_host                   E     get property failed
02-19 18:32:43.417  1034-2506    C014c0/GRALLOC                 composer_host                   E     This buffer is nullptr
02-19 18:32:43.418  476-1364     C02d10/HiView-SysEventSource   hiview                          I     Parser: parser result domain_=GRAPHIC eventName_=INTERACTION_RENDER_JANK
02-19 18:32:43.419  1278-1320    C01400/Composer                render_service                  E     ReleaseFramebuffer: Current frame buffer is nullptr.
02-19 18:32:43.420  476-1364     C02d10/HiView-SysEventSource   hiview                          I     Parser: parser result domain_=PERFORMANCE eventName_=INTERACTION_JANK
02-19 18:32:43.426  2008-2008    C03900/Ace                     com.ohos.sceneboard             E     [js_if_else.cpp(SetBranchId)-(0)] invalid JS function signature: required SetBranchId(branchId, Array<number>)
02-19 18:32:43.427  2008-2008    A0001b/SceneBoard              com.ohos.sceneboard             I     SCBTransitionManager --> getInstance: [object Object]
02-19 18:32:43.427  2008-2008    C03900/Ace                     com.ohos.sceneboard             E     [js_if_else.cpp(SetBranchId)-(0)] invalid JS function signature: required SetBranchId(branchId, Array<number>)
02-19 18:32:43.428  2008-2008    C03900/Ace                     com.ohos.sceneboard             E     [view_stack_processor.cpp(Finish)-(0)] ViewStackProcessor Finish failed, input empty render or invalid root component
02-19 18:32:43.428  2008-2008    C03900/Ace                     com.ohos.sceneboard             E     [view_stack_processor.cpp(Finish)-(0)] ViewStackProcessor Finish failed, input empty render or invalid root component
02-19 18:32:43.428  2008-2008    C03900/Ace                     com.ohos.sceneboard             E     [js_if_else.cpp(SetBranchId)-(0)] invalid JS function signature: required SetBranchId(branchId, Array<number>)
02-19 18:32:43.428  2008-2008    C03900/Ace                     com.ohos.sceneboard             E     [js_if_else.cpp(SetBranchId)-(0)] invalid JS function signature: required SetBranchId(branchId, Array<number>)
02-19 18:32:43.429  2008-2008    C03900/Ace                     com.ohos.sceneboard             E     [js_if_else.cpp(SetBranchId)-(0)] invalid JS function signature: required SetBranchId(branchId, Array<number>)
02-19 18:32:43.429  2008-2008    C03900/Ace                     com.ohos.sceneboard             I     [image_pattern.cpp(LoadImageDataIfNeed)-(0)] start loading image pixmapID: 0x55ad7d4240 -> modifyID:
02-19 18:32:43.430  2008-2008    A0001b/SceneBoard              com.ohos.sceneboard             I     CompanionIcon --> aboutToDisappear
02-19 18:32:43.430  2008-2008    C03900/Ace                     com.ohos.sceneboard             I     [image_pattern.cpp(operator())-(0)] Image Load Success pixmapID: 0x55ad7d4240 -> modifyID:
02-19 18:32:43.439  1278-1420    C02b05/PixelMap                render_service                  I     PixelMap destory
02-19 18:32:43.440  1034-2506    C014b1/KRPRPERYIES             composer_host                   E     get property failed
02-19 18:32:43.440  1034-2506    C014c0/GRALLOC                 composer_host                   E     This buffer is nullptr
02-19 18:32:43.442  1278-1320    C01400/Composer                render_service                  E     ReleaseFramebuffer: Current frame buffer is nullptr.
02-19 18:32:43.546  851-933      C02251/GeofenceService         msdp                            I     [geofence_track.cpp] SetTrack# PowerState: 0
02-19 18:32:43.546  851-933      C02251/GeofenceService         msdp                            E     [geofence_track.cpp] SetTrack# Exit, not reached the time since the last time set track
02-19 18:32:43.624  1034-2506    C014b1/KRPRPERYIES             composer_host                   E     get property failed
02-19 18:32:43.624  1034-2506    C014c0/GRALLOC                 composer_host                   E     This buffer is nullptr
02-19 18:32:43.628  1278-1320    C01400/Composer                render_service                  E     ReleaseFramebuffer: Current frame buffer is nullptr.
02-19 18:32:43.648  704-822      C01c06/TimeService             resource_schedu                 I     [time_service_client.cpp] GetBootTimeMs# Result: 32348724
02-19 18:32:43.650  476-1364     C02d10/HiView-SysEventSource   hiview                          I     Parser: parser result domain_=DISPLAY eventName_=AMBIENT_LIGHT
02-19 18:32:43.653  1123-1698    C02965/StatsUtils              foundation                      W     [stats_utils.cpp:191] ConvertStatsType# Convert failed due to illegal type=15
02-19 18:32:43.908  704-838      C01702/CgroupSchedEnhance      resource_schedu                 I     ResetInheritThreadGroup pid:2008, name:com.ohos.sceneboard.
02-19 18:32:44.000  704-822      C01c06/TimeService             resource_schedu                 I     [time_service_client.cpp] GetBootTimeMs# Result: 32349075
02-19 18:32:44.001  476-1364     C02d10/HiView-SysEventSource   hiview                          I     Parser: parser result domain_=DISPLAY eventName_=AMBIENT_LIGHT
02-19 18:32:44.004  1123-1698    C02965/StatsUtils              foundation                      W     [stats_utils.cpp:191] ConvertStatsType# Convert failed due to illegal type=15
02-19 18:32:44.044  1840-1948    C01560/OHWIFI_STATE_MACHINE    wifi_manager_se                 I     State machine: LinkedState execute Cmd:2
02-19 18:32:44.044  1840-1948    C01560/StaStateMachine         wifi_manager_se                 I     LinkedState, reveived msgCode=2 msg.
02-19 18:32:44.044  987-987      C01560/WifiHdiStaImpl          wifi_hal_service                I     GetHdiSignalInfo enter.
02-19 18:32:44.045  987-987      C01560/WifiHdiProxy            wifi_hal_service                I     GetFeatureInner get an exist feature.
02-19 18:32:44.046  1026-1287    C02500/HDF_WIFI_CORE           wifi_host                       E     <private>: BSS attr or status missing!
02-19 18:32:44.046  1026-1287    C02500/HDF_WIFI_CORE           wifi_host                       E     <private>: BSS attr or status missing!
02-19 18:32:44.047  1026-1287    C02500/HDF_WIFI_CORE           wifi_host                       E     <private>: BSS attr or status missing!
02-19 18:32:44.047  1026-1287    C02500/HDF_WIFI_CORE           wifi_host                       E     <private>: BSS attr or status missing!
02-19 18:32:44.047  1026-1287    C02500/HDF_WIFI_CORE           wifi_host                       E     <private>: BSS attr or status missing!
02-19 18:32:44.047  1026-1287    C02500/HDF_WIFI_CORE           wifi_host                       E     <private>: BSS attr or status missing!
02-19 18:32:44.047  1026-1287    C02500/HDF_WIFI_CORE           wifi_host                       E     <private>: BSS attr or status missing!
02-19 18:32:44.047  1026-1287    C02500/HDF_WIFI_CORE           wifi_host                       E     <private>: BSS attr or status missing!
02-19 18:32:44.047  1026-1287    C02500/HDF_WIFI_CORE           wifi_host                       E     <private>: BSS attr or status missing!
02-19 18:32:44.047  1026-1287    C02500/HDF_WIFI_CORE           wifi_host                       E     <private>: BSS attr or status missing!
02-19 18:32:44.047  1026-1287    C02500/HDF_WIFI_CORE           wifi_host                       E     <private>: BSS attr or status missing!
02-19 18:32:44.047  1026-1287    C02500/HDF_WIFI_CORE           wifi_host                       E     <private>: BSS attr or status missing!
02-19 18:32:44.047  1026-1287    C02500/HDF_WIFI_CORE           wifi_host                       E     <private>: BSS attr or status missing!
02-19 18:32:44.047  1026-1287    C02500/HDF_WIFI_CORE           wifi_host                       E     <private>: BSS attr or status missing!
02-19 18:32:44.047  1026-1287    C02500/HDF_WIFI_CORE           wifi_host                       E     <private>: BSS attr or status missing!
02-19 18:32:44.047  1026-1287    C02500/HDF_WIFI_CORE           wifi_host                       E     <private>: BSS attr or status missing!
02-19 18:32:44.047  1026-1287    C02500/HDF_WIFI_CORE           wifi_host                       E     <private>: BSS attr or status missing!
02-19 18:32:44.047  1026-1287    C02500/HDF_WIFI_CORE           wifi_host                       E     <private>: BSS attr or status missing!
02-19 18:32:44.047  1026-1287    C02500/HDF_WIFI_CORE           wifi_host                       E     <private>: BSS attr or status missing!
02-19 18:32:44.047  1026-1287    C02500/HDF_WIFI_CORE           wifi_host                       E     <private>: BSS attr or status missing!
02-19 18:32:44.047  1026-1287    C02500/HDF_WIFI_CORE           wifi_host                       E     <private>: BSS attr or status missing!
02-19 18:32:44.047  1026-1287    C02500/HDF_WIFI_CORE           wifi_host                       E     <private>: BSS attr or status missing!
02-19 18:32:44.047  1026-1287    C02500/HDF_WIFI_CORE           wifi_host                       E     <private>: BSS attr or status missing!
02-19 18:32:44.047  1026-1287    C02500/HDF_WIFI_CORE           wifi_host                       E     <private>: BSS attr or status missing!
02-19 18:32:44.047  1026-1287    C02500/HDF_WIFI_CORE           wifi_host                       E     <private>: BSS attr or status missing!
02-19 18:32:44.047  1026-1287    C02500/HDF_WIFI_CORE           wifi_host                       E     <private>: BSS attr or status missing!
02-19 18:32:44.047  1026-1287    C02500/HDF_WIFI_CORE           wifi_host                       E     <private>: BSS attr or status missing!
02-19 18:32:44.047  1026-1287    C02500/HDF_WIFI_CORE           wifi_host                       E     <private>: BSS attr or status missing!
02-19 18:32:44.047  1026-1287    C02500/HDF_WIFI_CORE           wifi_host                       E     <private>: BSS attr or status missing!
02-19 18:32:44.047  1026-1287    C02500/HDF_WIFI_CORE           wifi_host                       E     <private>: BSS attr or status missing!
02-19 18:32:44.047  1026-1287    C02500/HDF_WIFI_CORE           wifi_host                       E     <private>: BSS attr or status missing!
02-19 18:32:44.047  1026-1287    C02500/HDF_WIFI_CORE           wifi_host                       E     <private>: BSS attr or status missing!
02-19 18:32:44.047  1026-1287    C02500/HDF_WIFI_CORE           wifi_host                       E     <private>: BSS attr or status missing!
02-19 18:32:44.047  1026-1287    C02500/HDF_WIFI_CORE           wifi_host                       E     <private>: BSS attr or status missing!
02-19 18:32:44.047  1026-1287    C02500/HDF_WIFI_CORE           wifi_host                       E     <private>: BSS attr or status missing!
02-19 18:32:44.047  1026-1287    C02500/HDF_WIFI_CORE           wifi_host                       E     <private>: BSS attr or status missing!
02-19 18:32:44.047  1026-1287    C02500/HDF_WIFI_CORE           wifi_host                       E     <private>: BSS attr or status missing!
02-19 18:32:44.047  1026-1287    C02500/HDF_WIFI_CORE           wifi_host                       E     <private>: BSS attr or status missing!
02-19 18:32:44.047  1026-1287    C02500/HDF_WIFI_CORE           wifi_host                       E     <private>: BSS attr or status missing!
02-19 18:32:44.047  1026-1287    C02500/HDF_WIFI_CORE           wifi_host                       E     <private>: BSS attr or status missing!
02-19 18:32:44.047  1026-1287    C02500/HDF_WIFI_CORE           wifi_host                       E     <private>: BSS attr or status missing!
02-19 18:32:44.047  1026-1287    C02500/HDF_WIFI_CORE           wifi_host                       E     <private>: BSS attr or status missing!
02-19 18:32:44.047  1026-1287    C02500/HDF_WIFI_CORE           wifi_host                       E     <private>: BSS attr or status missing!
02-19 18:32:44.047  1026-1287    C02500/HDF_WIFI_CORE           wifi_host                       E     <private>: BSS attr or status missing!
02-19 18:32:44.047  1026-1287    C02500/HDF_WIFI_CORE           wifi_host                       E     <private>: BSS attr or status missing!
02-19 18:32:44.047  1026-1287    C02500/HDF_WIFI_CORE           wifi_host                       E     <private>: BSS attr or status missing!
02-19 18:32:44.047  1026-1287    C02500/HDF_WIFI_CORE           wifi_host                       E     <private>: BSS attr or status missing!
02-19 18:32:44.047  1026-1287    C02500/HDF_WIFI_CORE           wifi_host                       E     <private>: BSS attr or status missing!
02-19 18:32:44.047  1026-1287    C02500/HDF_WIFI_CORE           wifi_host                       E     <private>: BSS attr or status missing!
02-19 18:32:44.047  1026-1287    C02500/HDF_WIFI_CORE           wifi_host                       E     <private>: BSS attr or status missing!
02-19 18:32:44.047  1026-1287    C02500/HDF_WIFI_CORE           wifi_host                       E     <private>: BSS attr or status missing!
02-19 18:32:44.048  1026-1287    C02500/HDF_WIFI_CORE           wifi_host                       E     <private>: BSS attr or status missing!
02-19 18:32:44.048  1026-1287    C02500/HDF_WIFI_CORE           wifi_host                       E     <private>: BSS attr or status missing!
02-19 18:32:44.048  1026-1287    C02500/HDF_WIFI_CORE           wifi_host                       E     <private>: BSS attr or status missing!
02-19 18:32:44.048  1026-1287    C02500/HDF_WIFI_CORE           wifi_host                       E     <private>: BSS attr or status missing!
02-19 18:32:44.052  1840-1948    C01560/WifiFrameWork           wifi_manager_se                 I     DealSignalPollResult, signal:-61, txLinkSpeed:4000, rxLinkSpeed:4000, freq:5300, noise:-88.
02-19 18:32:44.052  1840-1948    C01560/WifiFrameWork           wifi_manager_se                 I     DealSignalPollResult, networkId:0, ssid:<private>, rssi:-61, band:2, connState:4, detailedState:10.
02-19 18:32:44.052  1840-1948    C01560/WifiFrameWork           wifi_manager_se                 I     DealSignalPollResult currentSignalLevel:4, lastSignalLevel:4.
02-19 18:32:44.052  1840-1948    C01560/WifiFrameWork           wifi_manager_se                 I     DealSignalPollResult GetWifiStandard:5, bssid:f4:db:**:**:**:8f rxmax:400 txmax:400.
02-19 18:32:44.052  1840-1857    C01560/WifiInternalEventDispatcher wifi_manager_se                 I     WifiInternalEventDispatcher:: Deal Sta Event Callback Msg: 4100
02-19 18:32:44.054  1840-1857    C01560/WifiInternalEventDispatcher wifi_manager_se                 I     WifiInternalEventDispatcher:: Deal Sta Event Callback Msg: 4100
02-19 18:32:44.303  1059-1321    C015c0/dsoftbus                softbus_server                  E     SoftBusCondTimedWait timeout, ret[110]
02-19 18:32:44.309  2008-2008    C01560/WifiNAPIUtils           com.ohos.sceneboard             I     Call wifi func: GetLinkedInfo (start)
02-19 18:32:44.309  2008-2008    C01560/WifiNAPIUtils           com.ohos.sceneboard             I     Call wifi func: GetLinkedInfo (end), time cost:537us, 0ms
02-19 18:32:44.310  2008-10258   C01560/WifiNAPIUtils           com.ohos.sceneboard             I     Call wifi func: wifiDevicePtr->GetLinkedInfo (start)
02-19 18:32:44.310  2008-10258   C01510/IPCObjectStub           com.ohos.sceneboard             I     63: create, desc: OHOS.ISystemAbilityLoadCallback
02-19 18:32:44.311  480-1429     C01510/IPCObjectProxy          samgr                           I     58: handle = 44 create, descriptor: IPCObjectProxy44
02-19 18:32:44.313  480-1429     C01800/SAMGR                   samgr                           I     [SA Scheduler][SA: 1120] handle load event start, callingpid: 2008
02-19 18:32:44.313  480-1429     C01800/SAMGR                   samgr                           I     NotifySystemAbilityLoaded systemAbilityId : 1120
02-19 18:32:44.313  704-822      C01c06/TimeService             resource_schedu                 I     [time_service_client.cpp] GetBootTimeMs# Result: 32349389
02-19 18:32:44.313  480-1429     C01510/IPCObjectProxy          samgr                           W     63: handle = 44 destroyed, descriptor: IPCObjectProxy44
02-19 18:32:44.313  2008-2014    C01800/SA_CLIENT               com.ohos.sceneboard             I     SystemAbilityLoadCallbackStub::OnRemoteRequest, code = 1
02-19 18:32:44.313  2008-10258   C01800/SA_CLIENT               com.ohos.sceneboard             I     LoadSystemAbility systemAbilityId : 1120, SendRequest succeed!
02-19 18:32:44.313  2008-10258   C01510/IPCObjectStub           com.ohos.sceneboard             W     68: destroy, desc: OHOS.ISystemAbilityLoadCallback
02-19 18:32:44.315  1840-1847    C01560/OHWIFI_MANAGER_PERMISSION_HELPE wifi_manager_se                 I     callerToken=0x2005c34e has permission_name=ohos.permission.GET_WIFI_INFO, pid=0x7d8, type=0
02-19 18:32:44.315  1840-1847    C01560/OHWIFI_MANAGER_PERMISSION_HELPE wifi_manager_se                 I     callerToken=0x2005c34e has no permission_name=ohos.permission.GET_WIFI_LOCAL_MAC, pid=0x7d8, type=0
02-19 18:32:44.315  1840-1847    C01560/WifiDeviceServiceImpl   wifi_manager_se                 E     GetLinkedInfo:VerifyGetWifiLocalMacPermission() PERMISSION_DENIED!
02-19 18:32:44.316  2008-10258   C01560/WifiNAPIUtils           com.ohos.sceneboard             I     Call wifi func: wifiDevicePtr->GetLinkedInfo (end), time cost:6218us, 6ms
02-19 18:32:44.316  2008-2008    C01560/WifiNAPIDevice          com.ohos.sceneboard             I     Push get linkedInfo result to client
02-19 18:32:44.317  2008-2008    C01560/WifiNAPIErrCode         com.ohos.sceneboard             I     HandleCallbackErrCode, errCode = 0
02-19 18:32:44.317  2008-2008    A0001b/SceneBoard              com.ohos.sceneboard             I     Model.NetSpeedController --> wifi getLinkedInfo
02-19 18:32:44.348  704-822      C01c06/TimeService             resource_schedu                 I     [time_service_client.cpp] GetBootTimeMs# Result: 32349424
02-19 18:32:44.349  476-1364     C02d10/HiView-SysEventSource   hiview                          I     Parser: parser result domain_=DISPLAY eventName_=AMBIENT_LIGHT
02-19 18:32:44.352  1123-1698    C02965/StatsUtils              foundation                      W     [stats_utils.cpp:191] ConvertStatsType# Convert failed due to illegal type=15
02-19 18:32:44.586  1123-1465    C01719/ffrt                    foundation                      E     470125:CheckQueuesStatus:144 SERIAL_TASK_TIMEOUT: serial queue qid=9, serial task gid=25 execution 30000000 us.
02-19 18:32:44.612  1572-1588    C02d13/HDC_LOG                 hdcd                            I     [daemon.cpp:397] FetchCommand channelId:3971161862 command:1001
02-19 18:32:44.613  1572-1588    C02d13/HDC_LOG                 hdcd                            I     [session.cpp:1317] New HTaskInfo channelId:3971161862 command:1001
02-19 18:32:44.613  1572-1588    C02d13/HDC_LOG                 hdcd                            W     [session.cpp:728] mapTask.size:2
02-19 18:32:44.613  1572-1588    C02d13/HDC_LOG                 hdcd                            I     [session.cpp:738] AdminTask add session 89464325, channelId 3971161862, mapTask size: 3
02-19 18:32:44.613  1572-1588    C02d13/HDC_LOG                 hdcd                            I     [task.cpp:32] HdcTaskBase channelId:3971161862
02-19 18:32:44.614  1572-10268   C02d13/HDC_LOG                 hdcd                            I     [async_cmd.cpp:152] ExecuteCommand pipe fds[pipeRead]:36 fds[pipeWrite]:37
02-19 18:32:44.615  1572-10268   C02d13/HDC_LOG                 hdcd                            I     [base.cpp:1617] CloseFd fd:37
02-19 18:32:44.615  10269-10269  C02d13/HDC_LOG                 pid-10269                       I     [base.cpp:1617] CloseFd fd:36
02-19 18:32:44.616  10269-10269  C02d13/HDC_LOG                 pid-10269                       I     [base.cpp:1617] CloseFd fd:37
02-19 18:32:44.616  1572-1588    C02d13/HDC_LOG                 hdcd                            I     [async_cmd.cpp:200] ExecuteCommand cmd:ps -ef fd:36 pid:10269
02-19 18:32:44.673  1572-10271   C02d13/HDC_LOG                 hdcd                            I     [file_descriptor.cpp:127] FileIOOnThread fd:36 nBytes:0
02-19 18:32:44.674  1572-10271   C02d13/HDC_LOG                 hdcd                            I     [async_cmd.cpp:80] FinishShellProc finish pipeRead fd:36 pid:10269
02-19 18:32:44.674  1572-10271   C02d13/HDC_LOG                 hdcd                            I     [task.cpp:50] HdcTaskBase::TaskFinish notify begin channelId:3971161862
02-19 18:32:44.675  1572-10271   C02d13/HDC_LOG                 hdcd                            I     [task.cpp:52] HdcTaskBase::TaskFinish notify end channelId:3971161862
02-19 18:32:44.676  1572-1588    C02d13/HDC_LOG                 hdcd                            I     [daemon.cpp:397] FetchCommand channelId:3971161862 command:2
02-19 18:32:44.676  1572-1588    C02d13/HDC_LOG                 hdcd                            I     [session.cpp:104] BeginRemoveTask taskType:0 channelId:3971161862
02-19 18:32:44.676  1572-1588    C02d13/HDC_LOG                 hdcd                            I     [async_cmd.cpp:56] AsyncCmd::DoRelease finish
02-19 18:32:44.676  1572-1588    C02d13/HDC_LOG                 hdcd                            I     [session.cpp:157] ClearOwnTasks OP_CLEAR finish, session:0x7effe84000 channelIDInput:3971161862
02-19 18:32:44.676  1572-1588    C02d13/HDC_LOG                 hdcd                            I     [session.cpp:116] TaskDelay task remove retry count 0/30, taskType:0 channelId:3971161862, sessionId:89464325
02-19 18:32:44.677  1572-1588    C02d13/HDC_LOG                 hdcd                            F     [file_descriptor.cpp:38] ~HdcFileDescriptor refIO:0
02-19 18:32:44.677  1572-1588    C02d13/HDC_LOG                 hdcd                            I     [base.cpp:1617] CloseFd fd:36
02-19 18:32:44.677  1572-1588    C02d13/HDC_LOG                 hdcd                            I     [daemon_unity.cpp:27] HdcDaemonUnity::~HdcDaemonUnity finish
02-19 18:32:44.677  1572-1588    C02d13/HDC_LOG                 hdcd                            I     [async_cmd.cpp:35] ~AsyncCmd
02-19 18:32:44.677  1572-1588    C02d13/HDC_LOG                 hdcd                            I     [task.cpp:37] ~HdcTaskBase channelId:3971161862
02-19 18:32:44.677  1572-1588    C02d13/HDC_LOG                 hdcd                            I     [session.cpp:123] TaskDelay task remove finish, channelId:3971161862
02-19 18:32:44.682  1572-1588    C02d13/HDC_LOG                 hdcd                            I     [daemon.cpp:397] FetchCommand channelId:3971161862 command:2
02-19 18:32:44.699  704-822      C01c06/TimeService             resource_schedu                 I     [time_service_client.cpp] GetBootTimeMs# Result: 32349775
02-19 18:32:44.700  476-1364     C02d10/HiView-SysEventSource   hiview                          I     Parser: parser result domain_=DISPLAY eventName_=AMBIENT_LIGHT
02-19 18:32:44.703  1123-1698    C02965/StatsUtils              foundation                      W     [stats_utils.cpp:191] ConvertStatsType# Convert failed due to illegal type=15
02-19 18:32:44.745  1123-1465    C01719/ffrt                    foundation                      E     470127:CheckQueuesStatus:144 SERIAL_TASK_TIMEOUT: serial queue qid=0, serial task gid=87 execution 30000000 us.
02-19 18:32:44.941  10236-10236  C03900/Ace                     com.netease.lava.nertc.demo     W     [scrollable_pattern.cpp(CreateScrollBarOverlayModifier)-(0)] !scrollBarOverlayModifier_ is null, return on line 506
02-19 18:32:44.974  1278-1278    C01400/OHOS::RS                render_service                  I     RsDebug RSProcessor::Perf: do nothing
02-19 18:32:44.975  1034-2506    C014b1/KRPRPERYIES             composer_host                   E     get property failed
02-19 18:32:44.975  1034-2506    C014c0/GRALLOC                 composer_host                   E     This buffer is nullptr
02-19 18:32:44.979  1278-1320    C01400/Composer                render_service                  E     ReleaseFramebuffer: Current frame buffer is nullptr.
