02-19 18:41:54.624  2008-2008    C04201/JsDisplayManager        com.ohos.sceneboard             I     <148>GetAllDisplay called
02-19 18:41:54.624  2008-2008    A0001b/SceneBoard              com.ohos.sceneboard             I     AppItem --> onTouch down start
02-19 18:41:54.624  2008-2008    C03900/Ace                     com.ohos.sceneboard             I     [image_pattern.cpp(LoadImageDataIfNeed)-(0)] start loading image pixmapID: 0x55ad989c00 -> modifyID:
02-19 18:41:54.624  2008-2008    C03900/Ace                     com.ohos.sceneboard             I     [image_pattern.cpp(operator())-(0)] Image Load Success pixmapID: 0x55ad989c00 -> modifyID:
02-19 18:41:54.625  1278-1320    C01400/Composer                render_service                  E     ReleaseFramebuffer: Current frame buffer is nullptr.
02-19 18:41:54.625  2008-2008    C04200/Session                 com.ohos.sceneboard             E     <1122>TransferPointerEvent: windowEventChannel_ is null
02-19 18:41:54.625  2008-2008    C03900/Ace                     com.ohos.sceneboard             I     [pan_recognizer.cpp(HandleTouchDownEvent)-(0)] pan recognizer receives 0 touch down event, begin to detect pan event
02-19 18:41:54.625  2008-2008    C03900/Ace                     com.ohos.sceneboard             I     [pan_recognizer.cpp(HandleTouchDownEvent)-(0)] pan recognizer receives 0 touch down event, begin to detect pan event
02-19 18:41:54.625  2008-2008    C03900/Ace                     com.ohos.sceneboard             I     [long_press_recognizer.cpp(HandleTouchDownEvent)-(0)] long press recognizer receives 0 touch down event, begin to detect long press event
02-19 18:41:54.625  2008-2008    C03900/Ace                     com.ohos.sceneboard             I     [long_press_recognizer.cpp(HandleTouchDownEvent)-(0)] currentTimeStamp is larger than eventTimeStamp, need to minus time spent waiting
02-19 18:41:54.625  2008-2008    C03900/Ace                     com.ohos.sceneboard             I     [long_press_recognizer.cpp(HandleTouchDownEvent)-(0)] long press recognizer receives 0 touch down event, begin to detect long press event
02-19 18:41:54.625  2008-2008    C03900/Ace                     com.ohos.sceneboard             I     [long_press_recognizer.cpp(HandleTouchDownEvent)-(0)] currentTimeStamp is larger than eventTimeStamp, need to minus time spent waiting
02-19 18:41:54.625  2008-2008    C03900/Ace                     com.ohos.sceneboard             I     [long_press_recognizer.cpp(HandleTouchDownEvent)-(0)] long press recognizer receives 0 touch down event, begin to detect long press event
02-19 18:41:54.625  2008-2008    C03900/Ace                     com.ohos.sceneboard             I     [long_press_recognizer.cpp(HandleTouchDownEvent)-(0)] currentTimeStamp is larger than eventTimeStamp, need to minus time spent waiting
02-19 18:41:54.625  2008-2008    C03900/Ace                     com.ohos.sceneboard             I     [long_press_recognizer.cpp(HandleTouchDownEvent)-(0)] long press recognizer receives 0 touch down event, begin to detect long press event
02-19 18:41:54.625  2008-2008    C03900/Ace                     com.ohos.sceneboard             I     [long_press_recognizer.cpp(HandleTouchDownEvent)-(0)] currentTimeStamp is larger than eventTimeStamp, need to minus time spent waiting
02-19 18:41:54.625  2008-2008    C03900/Ace                     com.ohos.sceneboard             I     [long_press_recognizer.cpp(HandleTouchDownEvent)-(0)] long press recognizer receives 0 touch down event, begin to detect long press event
02-19 18:41:54.625  2008-2008    C03900/Ace                     com.ohos.sceneboard             I     [long_press_recognizer.cpp(HandleTouchDownEvent)-(0)] currentTimeStamp is larger than eventTimeStamp, need to minus time spent waiting
02-19 18:41:54.625  2008-2008    C03900/Ace                     com.ohos.sceneboard             I     [click_recognizer.cpp(HandleTouchDownEvent)-(0)] click recognizer receives 0 touch down event, begin to detect click event, current finger info: 0, 0
02-19 18:41:54.625  2008-2008    C03900/Ace                     com.ohos.sceneboard             I     [long_press_recognizer.cpp(HandleTouchDownEvent)-(0)] long press recognizer receives 0 touch down event, begin to detect long press event
02-19 18:41:54.625  2008-2008    C03900/Ace                     com.ohos.sceneboard             I     [long_press_recognizer.cpp(HandleTouchDownEvent)-(0)] currentTimeStamp is larger than eventTimeStamp, need to minus time spent waiting
02-19 18:41:54.625  2008-2008    C03900/Ace                     com.ohos.sceneboard             I     [pan_recognizer.cpp(HandleTouchDownEvent)-(0)] pan recognizer receives 0 touch down event, begin to detect pan event
02-19 18:41:54.625  2008-2008    C03900/Ace                     com.ohos.sceneboard             I     [pan_recognizer.cpp(HandleTouchDownEvent)-(0)] pan recognizer receives 0 touch down event, begin to detect pan event
02-19 18:41:54.625  2008-2008    C03900/Ace                     com.ohos.sceneboard             I     [click_recognizer.cpp(HandleTouchDownEvent)-(0)] click recognizer receives 0 touch down event, begin to detect click event, current finger info: 0, 0
02-19 18:41:54.625  2008-2008    C03900/Ace                     com.ohos.sceneboard             I     [long_press_recognizer.cpp(HandleTouchDownEvent)-(0)] long press recognizer receives 0 touch down event, begin to detect long press event
02-19 18:41:54.625  2008-2008    C03900/Ace                     com.ohos.sceneboard             I     [long_press_recognizer.cpp(HandleTouchDownEvent)-(0)] currentTimeStamp is larger than eventTimeStamp, need to minus time spent waiting
02-19 18:41:54.625  2008-2008    C02800/ClientMsgHandler        com.ohos.sceneboard             I     in OnPointerEvent, Pointer event dispatcher of client:
02-19 18:41:54.626  2008-2008    C02800/ClientMsgHandler        com.ohos.sceneboard             I     in OnPointerEvent, Pointer event dispatcher of client:
02-19 18:41:54.626  2008-2008    A0001b/SceneBoard              com.ohos.sceneboard             I     SCBSceneSessionManager --> outsideDownEvent x = 552 y = 2059systemScene size = 14
02-19 18:41:54.626  2008-2008    A0001b/SceneBoard              com.ohos.sceneboard             I     SCBSceneSessionManager --> outsideDownEvent sceneRect left = [object Object] top = [object Object] width = [object Object] height = [object Object]
02-19 18:41:54.626  2008-2008    A0001b/SceneBoard              com.ohos.sceneboard             I     SCBSceneSessionManager --> is contains:false
02-19 18:41:54.626  2008-2008    A0001b/SceneBoard              com.ohos.sceneboard             I     SCBSceneSessionManager --> outsideDownEvent sceneRect left = [object Object] top = [object Object] width = [object Object] height = [object Object]
02-19 18:41:54.626  1034-1056    C014b1/KRPRPERYIES             composer_host                   E     get property failed
02-19 18:41:54.626  2008-2008    A0001b/SceneBoard              com.ohos.sceneboard             I     SCBSceneSessionManager --> is contains:true
02-19 18:41:54.626  2008-2008    A0001b/SceneBoard              com.ohos.sceneboard             I     SCBSceneSessionManager --> outsideDownEvent sceneRect left = [object Object] top = [object Object] width = [object Object] height = [object Object]
02-19 18:41:54.626  2008-2008    A0001b/SceneBoard              com.ohos.sceneboard             I     SCBSceneSessionManager --> is contains:true
02-19 18:41:54.626  1034-1056    C014c0/GRALLOC                 composer_host                   E     This buffer is nullptr
02-19 18:41:54.626  2008-2008    A0001b/SceneBoard              com.ohos.sceneboard             I     SCBSceneSessionManager --> outsideDownEvent sceneRect left = [object Object] top = [object Object] width = [object Object] height = [object Object]
02-19 18:41:54.626  2008-2008    A0001b/SceneBoard              com.ohos.sceneboard             I     SCBSceneSessionManager --> is contains:true
02-19 18:41:54.626  2008-2008    A0001b/SceneBoard              com.ohos.sceneboard             I     SCBSceneSessionManager --> outsideDownEvent sceneRect left = [object Object] top = [object Object] width = [object Object] height = [object Object]
02-19 18:41:54.626  2008-2008    A0001b/SceneBoard              com.ohos.sceneboard             I     SCBSceneSessionManager --> is contains:true
02-19 18:41:54.626  2008-2008    A0001b/SceneBoard              com.ohos.sceneboard             I     SCBSceneSessionManager --> outsideDownEvent sceneRect left = [object Object] top = [object Object] width = [object Object] height = [object Object]
02-19 18:41:54.626  2008-2008    A0001b/SceneBoard              com.ohos.sceneboard             I     SCBSceneSessionManager --> is contains:true
02-19 18:41:54.626  2008-2008    A0001b/SceneBoard              com.ohos.sceneboard             I     SCBSceneSessionManager --> outsideDownEvent sceneRect left = [object Object] top = [object Object] width = [object Object] height = [object Object]
02-19 18:41:54.626  2008-2008    A0001b/SceneBoard              com.ohos.sceneboard             I     SCBSceneSessionManager --> is contains:true
02-19 18:41:54.626  2008-2008    A0001b/SceneBoard              com.ohos.sceneboard             I     SCBSceneSessionManager --> outsideDownEvent sceneRect left = [object Object] top = [object Object] width = [object Object] height = [object Object]
02-19 18:41:54.626  2008-2008    A0001b/SceneBoard              com.ohos.sceneboard             I     SCBSceneSessionManager --> is contains:false
02-19 18:41:54.626  2008-2008    A0001b/SceneBoard              com.ohos.sceneboard             I     SCBSceneSessionManager --> outsideDownEvent sceneRect left = [object Object] top = [object Object] width = [object Object] height = [object Object]
02-19 18:41:54.626  2008-2008    A0001b/SceneBoard              com.ohos.sceneboard             I     SCBSceneSessionManager --> is contains:true
02-19 18:41:54.626  2008-2008    A0001b/SceneBoard              com.ohos.sceneboard             I     SCBSceneSessionManager --> outsideDownEvent sceneRect left = [object Object] top = [object Object] width = [object Object] height = [object Object]
02-19 18:41:54.626  2008-2008    A0001b/SceneBoard              com.ohos.sceneboard             I     SCBSceneSessionManager --> is contains:true
02-19 18:41:54.626  2008-2008    A0001b/SceneBoard              com.ohos.sceneboard             I     SCBSceneSessionManager --> outsideDownEvent sceneRect left = [object Object] top = [object Object] width = [object Object] height = [object Object]
02-19 18:41:54.627  2008-2008    A0001b/SceneBoard              com.ohos.sceneboard             I     SCBSceneSessionManager --> is contains:true
02-19 18:41:54.627  2008-2008    A0001b/SceneBoard              com.ohos.sceneboard             I     SCBSceneSessionManager --> outsideDownEvent sceneRect left = [object Object] top = [object Object] width = [object Object] height = [object Object]
02-19 18:41:54.627  2008-2008    A0001b/SceneBoard              com.ohos.sceneboard             I     SCBSceneSessionManager --> is contains:true
02-19 18:41:54.627  2008-2008    A0001b/SceneBoard              com.ohos.sceneboard             I     SCBSceneSessionManager --> outsideDownEvent sceneRect left = [object Object] top = [object Object] width = [object Object] height = [object Object]
02-19 18:41:54.627  2008-2008    A0001b/SceneBoard              com.ohos.sceneboard             I     SCBSceneSessionManager --> is contains:true
02-19 18:41:54.627  2008-2008    A0001b/SceneBoard              com.ohos.sceneboard             I     SCBSceneSessionManager --> outsideDownEvent sceneRect left = [object Object] top = [object Object] width = [object Object] height = [object Object]
02-19 18:41:54.627  2008-2008    A0001b/SceneBoard              com.ohos.sceneboard             I     SCBSceneSessionManager --> is contains:true
02-19 18:41:54.627  2008-2008    C04201/JsDisplayManager        com.ohos.sceneboard             I     <415>CreateJsDisplayArrayObject is called
02-19 18:41:54.627  2008-2008    C04201/JsDisplay               com.ohos.sceneboard             I     <177>CreateJsDisplay is called
02-19 18:41:54.627  2008-2008    C04201/JsDisplay               com.ohos.sceneboard             I     <111>[NAPI]Try to find display 0 in g_JsDisplayMap
02-19 18:41:54.627  2008-2008    C04201/JsDisplay               com.ohos.sceneboard             I     <181>[NAPI]FindJsDisplayObject 0
02-19 18:41:54.627  2008-2008    A0001b/SceneBoard              com.ohos.sceneboard             I     AppBubble --> appIsBottomHalfOfTheScreen: true
02-19 18:41:54.627  2008-2008    C04201/JsDisplayManager        com.ohos.sceneboard             I     <164>GetAllDisplays success
02-19 18:41:54.628  613-1962     C02800/InputWindowsManager     multimodalinput                 I     in UpdateTouchScreenTarget, pid:2008,eventId:3458,
02-19 18:41:54.628  613-1962     C02800/KeyCommandHandler       multimodalinput                 W     in HandlePointerActionMoveEvent, Two finger gesture timer id is -1.
02-19 18:41:54.629  1057-2020    C02800/StreamBuffer            inputmethod_ser                 E     in Read, Memory out of bounds on read... errCode:65208328
02-19 18:41:54.629  1057-2020    C02800/StreamBuffer            inputmethod_ser                 E     in Read, [READ_ERROR] size:4 count:25,errCode:65077249
02-19 18:41:54.629  1057-2020    C02800/StreamBuffer            inputmethod_ser                 W     in operator>>, Read data failed
02-19 18:41:54.629  2008-2008    C02800/ClientMsgHandler        com.ohos.sceneboard             I     in OnPointerEvent, Pointer event dispatcher of client:
02-19 18:41:54.629  1123-1895    C02800/StreamBuffer            foundation                      E     in Read, Memory out of bounds on read... errCode:65208328
02-19 18:41:54.629  1123-1895    C02800/StreamBuffer            foundation                      E     in Read, [READ_ERROR] size:4 count:25,errCode:65077249
02-19 18:41:54.629  1123-1895    C02800/StreamBuffer            foundation                      W     in operator>>, Read data failed
02-19 18:41:54.631  2008-2008    C04200/Session                 com.ohos.sceneboard             E     <1122>TransferPointerEvent: windowEventChannel_ is null
02-19 18:41:54.632  613-1962     C02800/InputWindowsManager     multimodalinput                 I     in UpdateTouchScreenTarget, pid:2008,eventId:3459,
02-19 18:41:54.632  613-1962     C02800/KeyCommandHandler       multimodalinput                 W     in HandlePointerActionMoveEvent, Two finger gesture timer id is -1.
02-19 18:41:54.632  1123-1895    C02800/StreamBuffer            foundation                      E     in Read, Memory out of bounds on read... errCode:65208328
02-19 18:41:54.632  1057-2020    C02800/StreamBuffer            inputmethod_ser                 E     in Read, Memory out of bounds on read... errCode:65208328
02-19 18:41:54.632  1123-1895    C02800/StreamBuffer            foundation                      E     in Read, [READ_ERROR] size:4 count:25,errCode:65077249
02-19 18:41:54.632  1057-2020    C02800/StreamBuffer            inputmethod_ser                 E     in Read, [READ_ERROR] size:4 count:25,errCode:65077249
02-19 18:41:54.632  1123-1895    C02800/StreamBuffer            foundation                      W     in operator>>, Read data failed
02-19 18:41:54.632  1057-2020    C02800/StreamBuffer            inputmethod_ser                 W     in operator>>, Read data failed
02-19 18:41:54.633  2008-2008    C02800/ClientMsgHandler        com.ohos.sceneboard             I     in OnPointerEvent, Pointer event dispatcher of client:
02-19 18:41:54.635  1278-1320    C01400/Composer                render_service                  E     ReleaseFramebuffer: Current frame buffer is nullptr.
02-19 18:41:54.637  1034-1056    C014b1/KRPRPERYIES             composer_host                   E     get property failed
02-19 18:41:54.637  1034-1056    C014c0/GRALLOC                 composer_host                   E     This buffer is nullptr
02-19 18:41:54.638  613-1962     C02800/InputWindowsManager     multimodalinput                 I     in UpdateTouchScreenTarget, pid:2008,eventId:3460,
02-19 18:41:54.638  613-1962     C02800/KeyCommandHandler       multimodalinput                 W     in HandlePointerActionMoveEvent, Two finger gesture timer id is -1.
02-19 18:41:54.638  1123-1895    C02800/StreamBuffer            foundation                      E     in Read, Memory out of bounds on read... errCode:65208328
02-19 18:41:54.638  1123-1895    C02800/StreamBuffer            foundation                      E     in Read, [READ_ERROR] size:4 count:25,errCode:65077249
02-19 18:41:54.638  1057-2020    C02800/StreamBuffer            inputmethod_ser                 E     in Read, Memory out of bounds on read... errCode:65208328
02-19 18:41:54.638  1123-1895    C02800/StreamBuffer            foundation                      W     in operator>>, Read data failed
02-19 18:41:54.638  1057-2020    C02800/StreamBuffer            inputmethod_ser                 E     in Read, [READ_ERROR] size:4 count:25,errCode:65077249
02-19 18:41:54.638  1057-2020    C02800/StreamBuffer            inputmethod_ser                 W     in operator>>, Read data failed
02-19 18:41:54.638  2008-2008    C02800/ClientMsgHandler        com.ohos.sceneboard             I     in OnPointerEvent, Pointer event dispatcher of client:
02-19 18:41:54.642  2008-2008    C04200/Session                 com.ohos.sceneboard             E     <1122>TransferPointerEvent: windowEventChannel_ is null
02-19 18:41:54.643  613-1962     C02800/InputWindowsManager     multimodalinput                 I     in UpdateTouchScreenTarget, pid:2008,eventId:3461,
02-19 18:41:54.643  613-1962     C02800/KeyCommandHandler       multimodalinput                 W     in HandlePointerActionMoveEvent, Two finger gesture timer id is -1.
02-19 18:41:54.643  1123-1895    C02800/StreamBuffer            foundation                      E     in Read, Memory out of bounds on read... errCode:65208328
02-19 18:41:54.643  1057-2020    C02800/StreamBuffer            inputmethod_ser                 E     in Read, Memory out of bounds on read... errCode:65208328
02-19 18:41:54.643  1123-1895    C02800/StreamBuffer            foundation                      E     in Read, [READ_ERROR] size:4 count:25,errCode:65077249
02-19 18:41:54.643  1123-1895    C02800/StreamBuffer            foundation                      W     in operator>>, Read data failed
02-19 18:41:54.643  1057-2020    C02800/StreamBuffer            inputmethod_ser                 E     in Read, [READ_ERROR] size:4 count:25,errCode:65077249
02-19 18:41:54.643  1057-2020    C02800/StreamBuffer            inputmethod_ser                 W     in operator>>, Read data failed
02-19 18:41:54.644  2008-2008    C02800/ClientMsgHandler        com.ohos.sceneboard             I     in OnPointerEvent, Pointer event dispatcher of client:
02-19 18:41:54.646  1278-1320    C01400/Composer                render_service                  E     ReleaseFramebuffer: Current frame buffer is nullptr.
02-19 18:41:54.647  1034-1056    C014b1/KRPRPERYIES             composer_host                   E     get property failed
02-19 18:41:54.647  1034-1056    C014c0/GRALLOC                 composer_host                   E     This buffer is nullptr
02-19 18:41:54.649  613-1962     C02800/InputWindowsManager     multimodalinput                 I     in UpdateTouchScreenTarget, pid:2008,eventId:3462,
02-19 18:41:54.649  613-1962     C02800/KeyCommandHandler       multimodalinput                 W     in HandlePointerActionMoveEvent, Two finger gesture timer id is -1.
02-19 18:41:54.650  1123-1895    C02800/StreamBuffer            foundation                      E     in Read, Memory out of bounds on read... errCode:65208328
02-19 18:41:54.650  1123-1895    C02800/StreamBuffer            foundation                      E     in Read, [READ_ERROR] size:4 count:25,errCode:65077249
02-19 18:41:54.650  2008-2008    C02800/ClientMsgHandler        com.ohos.sceneboard             I     in OnPointerEvent, Pointer event dispatcher of client:
02-19 18:41:54.650  1123-1895    C02800/StreamBuffer            foundation                      W     in operator>>, Read data failed
02-19 18:41:54.650  1057-2020    C02800/StreamBuffer            inputmethod_ser                 E     in Read, Memory out of bounds on read... errCode:65208328
02-19 18:41:54.650  1057-2020    C02800/StreamBuffer            inputmethod_ser                 E     in Read, [READ_ERROR] size:4 count:25,errCode:65077249
02-19 18:41:54.650  1057-2020    C02800/StreamBuffer            inputmethod_ser                 W     in operator>>, Read data failed
02-19 18:41:54.653  2008-2008    C04200/Session                 com.ohos.sceneboard             E     <1122>TransferPointerEvent: windowEventChannel_ is null
02-19 18:41:54.654  613-1962     C02800/InputWindowsManager     multimodalinput                 I     in UpdateTouchScreenTarget, pid:2008,eventId:3463,
02-19 18:41:54.654  613-1962     C02800/KeyCommandHandler       multimodalinput                 W     in HandlePointerActionMoveEvent, Two finger gesture timer id is -1.
02-19 18:41:54.654  1123-1895    C02800/StreamBuffer            foundation                      E     in Read, Memory out of bounds on read... errCode:65208328
02-19 18:41:54.654  1123-1895    C02800/StreamBuffer            foundation                      E     in Read, [READ_ERROR] size:4 count:25,errCode:65077249
02-19 18:41:54.654  1123-1895    C02800/StreamBuffer            foundation                      W     in operator>>, Read data failed
02-19 18:41:54.654  1057-2020    C02800/StreamBuffer            inputmethod_ser                 E     in Read, Memory out of bounds on read... errCode:65208328
02-19 18:41:54.654  2008-2008    C02800/ClientMsgHandler        com.ohos.sceneboard             I     in OnPointerEvent, Pointer event dispatcher of client:
02-19 18:41:54.654  1057-2020    C02800/StreamBuffer            inputmethod_ser                 E     in Read, [READ_ERROR] size:4 count:25,errCode:65077249
02-19 18:41:54.655  1057-2020    C02800/StreamBuffer            inputmethod_ser                 W     in operator>>, Read data failed
02-19 18:41:54.658  1278-1320    C01400/Composer                render_service                  E     ReleaseFramebuffer: Current frame buffer is nullptr.
02-19 18:41:54.658  1034-2506    C014b1/KRPRPERYIES             composer_host                   E     get property failed
02-19 18:41:54.658  1034-2506    C014c0/GRALLOC                 composer_host                   E     This buffer is nullptr
02-19 18:41:54.660  613-1962     C02800/InputWindowsManager     multimodalinput                 I     in UpdateTouchScreenTarget, pid:2008,eventId:3464,
02-19 18:41:54.660  613-1962     C02800/KeyCommandHandler       multimodalinput                 W     in HandlePointerActionMoveEvent, Two finger gesture timer id is -1.
02-19 18:41:54.661  1123-1895    C02800/StreamBuffer            foundation                      E     in Read, Memory out of bounds on read... errCode:65208328
02-19 18:41:54.661  2008-2008    C02800/ClientMsgHandler        com.ohos.sceneboard             I     in OnPointerEvent, Pointer event dispatcher of client:
02-19 18:41:54.661  1123-1895    C02800/StreamBuffer            foundation                      E     in Read, [READ_ERROR] size:4 count:25,errCode:65077249
02-19 18:41:54.661  1123-1895    C02800/StreamBuffer            foundation                      W     in operator>>, Read data failed
02-19 18:41:54.661  1057-2020    C02800/StreamBuffer            inputmethod_ser                 E     in Read, Memory out of bounds on read... errCode:65208328
02-19 18:41:54.661  1057-2020    C02800/StreamBuffer            inputmethod_ser                 E     in Read, [READ_ERROR] size:4 count:25,errCode:65077249
02-19 18:41:54.661  1057-2020    C02800/StreamBuffer            inputmethod_ser                 W     in operator>>, Read data failed
02-19 18:41:54.664  2008-2008    C04200/Session                 com.ohos.sceneboard             E     <1122>TransferPointerEvent: windowEventChannel_ is null
02-19 18:41:54.666  613-1962     C02800/InputWindowsManager     multimodalinput                 I     in UpdateTouchScreenTarget, pid:2008,eventId:3465,
02-19 18:41:54.666  613-1962     C02800/KeyCommandHandler       multimodalinput                 W     in HandlePointerActionMoveEvent, Two finger gesture timer id is -1.
02-19 18:41:54.666  1123-1895    C02800/StreamBuffer            foundation                      E     in Read, Memory out of bounds on read... errCode:65208328
02-19 18:41:54.666  1123-1895    C02800/StreamBuffer            foundation                      E     in Read, [READ_ERROR] size:4 count:25,errCode:65077249
02-19 18:41:54.666  1123-1895    C02800/StreamBuffer            foundation                      W     in operator>>, Read data failed
02-19 18:41:54.666  2008-2008    C02800/ClientMsgHandler        com.ohos.sceneboard             I     in OnPointerEvent, Pointer event dispatcher of client:
02-19 18:41:54.666  1057-2020    C02800/StreamBuffer            inputmethod_ser                 E     in Read, Memory out of bounds on read... errCode:65208328
02-19 18:41:54.666  1057-2020    C02800/StreamBuffer            inputmethod_ser                 E     in Read, [READ_ERROR] size:4 count:25,errCode:65077249
02-19 18:41:54.666  1057-2020    C02800/StreamBuffer            inputmethod_ser                 W     in operator>>, Read data failed
02-19 18:41:54.669  1278-1320    C01400/Composer                render_service                  E     ReleaseFramebuffer: Current frame buffer is nullptr.
02-19 18:41:54.669  1034-1056    C014b1/KRPRPERYIES             composer_host                   E     get property failed
02-19 18:41:54.669  1034-1056    C014c0/GRALLOC                 composer_host                   E     This buffer is nullptr
02-19 18:41:54.672  613-1962     C02800/InputWindowsManager     multimodalinput                 I     in UpdateTouchScreenTarget, pid:2008,eventId:3466,
02-19 18:41:54.672  613-1962     C02800/KeyCommandHandler       multimodalinput                 W     in HandlePointerActionMoveEvent, Two finger gesture timer id is -1.
02-19 18:41:54.673  2008-2008    C02800/ClientMsgHandler        com.ohos.sceneboard             I     in OnPointerEvent, Pointer event dispatcher of client:
02-19 18:41:54.673  1123-1895    C02800/StreamBuffer            foundation                      E     in Read, Memory out of bounds on read... errCode:65208328
02-19 18:41:54.673  1057-2020    C02800/StreamBuffer            inputmethod_ser                 E     in Read, Memory out of bounds on read... errCode:65208328
02-19 18:41:54.673  1123-1895    C02800/StreamBuffer            foundation                      E     in Read, [READ_ERROR] size:4 count:25,errCode:65077249
02-19 18:41:54.673  1057-2020    C02800/StreamBuffer            inputmethod_ser                 E     in Read, [READ_ERROR] size:4 count:25,errCode:65077249
02-19 18:41:54.673  1123-1895    C02800/StreamBuffer            foundation                      W     in operator>>, Read data failed
02-19 18:41:54.673  1057-2020    C02800/StreamBuffer            inputmethod_ser                 W     in operator>>, Read data failed
02-19 18:41:54.676  2008-2008    C04200/Session                 com.ohos.sceneboard             E     <1122>TransferPointerEvent: windowEventChannel_ is null
02-19 18:41:54.676  613-1962     C02800/InputWindowsManager     multimodalinput                 I     in UpdateTouchScreenTarget, pid:2008,eventId:3467,
02-19 18:41:54.677  613-1962     C02800/KeyCommandHandler       multimodalinput                 W     in HandlePointerActionMoveEvent, Two finger gesture timer id is -1.
02-19 18:41:54.677  1123-1895    C02800/StreamBuffer            foundation                      E     in Read, Memory out of bounds on read... errCode:65208328
02-19 18:41:54.677  1123-1895    C02800/StreamBuffer            foundation                      E     in Read, [READ_ERROR] size:4 count:25,errCode:65077249
02-19 18:41:54.677  1123-1895    C02800/StreamBuffer            foundation                      W     in operator>>, Read data failed
02-19 18:41:54.677  1057-2020    C02800/StreamBuffer            inputmethod_ser                 E     in Read, Memory out of bounds on read... errCode:65208328
02-19 18:41:54.677  1057-2020    C02800/StreamBuffer            inputmethod_ser                 E     in Read, [READ_ERROR] size:4 count:25,errCode:65077249
02-19 18:41:54.677  1057-2020    C02800/StreamBuffer            inputmethod_ser                 W     in operator>>, Read data failed
02-19 18:41:54.680  2008-2008    C02800/ClientMsgHandler        com.ohos.sceneboard             I     in OnPointerEvent, Pointer event dispatcher of client:
02-19 18:41:54.680  1278-1320    C01400/Composer                render_service                  E     ReleaseFramebuffer: Current frame buffer is nullptr.
02-19 18:41:54.681  1034-2506    C014b1/KRPRPERYIES             composer_host                   E     get property failed
02-19 18:41:54.681  1034-2506    C014c0/GRALLOC                 composer_host                   E     This buffer is nullptr
02-19 18:41:54.683  613-1962     C02800/HWfingersenseWrapper    multimodalinput                 E     in NotifyTouchUp, libhwlibfingersense.so was not loaded
02-19 18:41:54.683  613-1962     C02800/InputWindowsManager     multimodalinput                 I     in UpdateTouchScreenTarget, pid:2008,eventId:3468,
02-19 18:41:54.684  2008-2008    C02800/ClientMsgHandler        com.ohos.sceneboard             I     in OnPointerEvent, Pointer event dispatcher of client:
02-19 18:41:54.684  1057-2020    C02800/StreamBuffer            inputmethod_ser                 E     in Read, Memory out of bounds on read... errCode:65208328
02-19 18:41:54.684  1057-2020    C02800/StreamBuffer            inputmethod_ser                 E     in Read, [READ_ERROR] size:4 count:25,errCode:65077249
02-19 18:41:54.684  1057-2020    C02800/StreamBuffer            inputmethod_ser                 W     in operator>>, Read data failed
02-19 18:41:54.684  1123-1895    C02800/StreamBuffer            foundation                      E     in Read, Memory out of bounds on read... errCode:65208328
02-19 18:41:54.684  1123-1895    C02800/StreamBuffer            foundation                      E     in Read, [READ_ERROR] size:4 count:25,errCode:65077249
02-19 18:41:54.684  1123-1895    C02800/StreamBuffer            foundation                      W     in operator>>, Read data failed
02-19 18:41:54.685  2008-2008    C04200/Session                 com.ohos.sceneboard             E     <1122>TransferPointerEvent: windowEventChannel_ is null
02-19 18:41:54.685  1279-1467    C02f01/ATMServ                 accesstoken_ser                 I     [GetTokenType]:tokenID: 0x28060930
02-19 18:41:54.686  2008-2013    C02f01/ATMProxy                com.ohos.sceneboard             I     [GetTokenType]:result from server data = 1
02-19 18:41:54.686  2008-2013    C04200/SceneSessionManager     com.ohos.sceneboard             I     <3776>WindowVisibilityChangeCallback: WindowVisibilityChangeCallback: entry
02-19 18:41:54.686  2008-2008    A0001b/SceneBoard              com.ohos.sceneboard             I     AppIcon --> scaleOption is: {"x":1,"y":1}
02-19 18:41:54.686  2008-2356    C01799/MemMgr                  com.ohos.sceneboard             I     MemMgrClient::GetMemMgrService called
02-19 18:41:54.686  704-2397     C04200/WindowManager           resource_schedu                 I     <166>Notify WindowVisibilityInfo to caller
02-19 18:41:54.686  704-838      C01702/CgroupAdjuster          resource_schedu                 I     AdjustProcessGroup for 2008, source : 10
02-19 18:41:54.687  704-2397     C04200/WindowManager           resource_schedu                 I     <166>Notify WindowVisibilityInfo to caller
02-19 18:41:54.687  704-2397     C01713/SUSPEND_MANAGER         resource_schedu                 I     [suspend_manager_impl.cpp(UpdateVisibleUidMap):1727] uid: 10003 visible window: 5.
02-19 18:41:54.687  704-2397     C01713/SUSPEND_MANAGER         resource_schedu                 I     [suspend_manager_impl.cpp(UpdateVisibleUidMap):1727] uid: 10003 visible window: 4.
02-19 18:41:54.687  2008-2356    C01799/MemMgr                  com.ohos.sceneboard             I     MemMgrClient::GetMemMgrService get service succeed
02-19 18:41:54.687  704-838      C01702/CgroupAdjuster          resource_schedu                 I     AdjustProcessGroup for 2008, source : 10
02-19 18:41:54.687  678-1976     C01799/MemMgr                  memmgrservice                   I     MemMgrStub::OnRemoteRequest MemMgrStub::OnReceived, code = 10, flags= 0.
02-19 18:41:54.687  678-1976     C01799/MemMgr                  memmgrservice                   I     MemMgrService::OnWindowVisibilityChanged called
02-19 18:41:54.687  678-738      C01799/MemMgr                  memmgrservice                   I     WindowVisibilityObserver::UpdateWindowVisibilityPriorityInner WindowVisibilityInfo[pid=2008, uid=10003, winId=4, visible=0]
02-19 18:41:54.688  678-738      C01799/MemMgr                  memmgrservice                   I     WindowVisibilityObserver::UpdateWindowVisibilityPriorityInner WindowVisibilityInfo[pid=2008, uid=10003, winId=5, visible=0]
02-19 18:41:54.688  678-738      C01799/MemMgr                  memmgrservice                   I     WindowVisibilityObserver::UpdateWindowVisibilityPriorityInner windowVisibleMap_size=1
02-19 18:41:54.689  2008-2008    C04200/Session                 com.ohos.sceneboard             E     <1122>TransferPointerEvent: windowEventChannel_ is null
02-19 18:41:54.689  2008-2008    C03900/Ace                     com.ohos.sceneboard             I     [pan_recognizer.cpp(HandleTouchUpEvent)-(0)] pan recognizer receives 0 touch up event
02-19 18:41:54.689  2008-2008    C03900/Ace                     com.ohos.sceneboard             I     [pan_recognizer.cpp(HandleTouchUpEvent)-(0)] pan recognizer receives 0 touch up event
02-19 18:41:54.689  2008-2008    C03900/Ace                     com.ohos.sceneboard             E     [parallel_recognizer.cpp(OnRejected)-(0)] the LongPressRecognizer gesture recognizer already failed
02-19 18:41:54.689  2008-2008    C03900/Ace                     com.ohos.sceneboard             E     [parallel_recognizer.cpp(OnRejected)-(0)] the SequencedRecognizer gesture recognizer already failed
02-19 18:41:54.689  2008-2008    C03900/Ace                     com.ohos.sceneboard             E     [parallel_recognizer.cpp(OnRejected)-(0)] the LongPressRecognizer gesture recognizer already failed
02-19 18:41:54.689  2008-2008    C03900/Ace                     com.ohos.sceneboard             E     [exclusive_recognizer.cpp(OnRejected)-(0)] the PanRecognizer gesture recognizer already failed
02-19 18:41:54.689  2008-2008    C03900/Ace                     com.ohos.sceneboard             E     [exclusive_recognizer.cpp(OnRejected)-(0)] the ParallelRecognizer gesture recognizer already failed
02-19 18:41:54.689  2008-2008    C03900/Ace                     com.ohos.sceneboard             E     [parallel_recognizer.cpp(OnRejected)-(0)] the ExclusiveRecognizer gesture recognizer already failed
02-19 18:41:54.689  2008-2008    C03900/Ace                     com.ohos.sceneboard             E     [parallel_recognizer.cpp(OnRejected)-(0)] the LongPressRecognizer gesture recognizer already failed
02-19 18:41:54.689  2008-2008    C03900/Ace                     com.ohos.sceneboard             E     [parallel_recognizer.cpp(OnRejected)-(0)] the ParallelRecognizer gesture recognizer already failed
02-19 18:41:54.689  2008-2008    C03900/Ace                     com.ohos.sceneboard             E     [parallel_recognizer.cpp(OnRejected)-(0)] the LongPressRecognizer gesture recognizer already failed
02-19 18:41:54.689  2008-2008    C03900/Ace                     com.ohos.sceneboard             I     [click_recognizer.cpp(HandleTouchUpEvent)-(0)] click recognizer receives 0 touch up event, current finger info: 1, 1
02-19 18:41:54.689  2008-2008    C03900/Ace                     com.ohos.sceneboard             I     [click_recognizer.cpp(HandleTouchUpEvent)-(0)] this gesture is click, try to accept it
02-19 18:41:54.689  2008-2008    C03900/Ace                     com.ohos.sceneboard             I     [click_recognizer.cpp(OnAccepted)-(0)] Click gesture has been accepted!
02-19 18:41:54.689  704-28772    C01700/RSS                     resource_schedu                 I     ResSchedService::ReportData from ipc receive data resType = 9, value = 2.
02-19 18:41:54.690  704-826      C01700/RSS                     resource_schedu                 I     IOSchedPlugin::OnDispatchResource success.
02-19 18:41:54.690  704-826      C01700/RSS                     resource_schedu                 I     SocPerfPlugin: socperf->EVENT_CLICK: 2
02-19 18:41:54.690  2008-2008    A0001b/SceneBoard              com.ohos.sceneboard             I     AppItem --> tap action {"displayX":157.71428571428572,"displayY":588.2857142857143,"windowX":157.71428571428572,"windowY":588.2857142857143,"screenX":157.71428571428572,"screenY":588.2857142857143,"x":56.314296177455354,"y":35.029261997767854,"timestamp":32899758912000,"source":2,"pressure":1,"tiltX":0,"tiltY":0,"sourceTool":1,"target":{"area":{"position":{"x":0,"y":0},"globalPosition":{"x":101.39998081752232,"y":553.2564871651786},"width":89.60000174386161,"height":78.35860770089286}}}
02-19 18:41:54.690  2008-2008    A0001b/SceneBoard              com.ohos.sceneboard             I     GlobalSearchService --> publishAppClickEvent start
02-19 18:41:54.691  2008-12329   C01200/Ces                     com.ohos.sceneboard             W     [common_event_proxy.cpp:(PublishCommonEvent):70] invalid commonEventListener
02-19 18:41:54.691  1278-1320    C01400/Composer                render_service                  E     ReleaseFramebuffer: Current frame buffer is nullptr.
02-19 18:41:54.691  2008-2008    A0001b/SceneBoard              com.ohos.sceneboard             I     AppItem --> tap click, {"appName":"NERtcDemo","applicationName":"nertc","isSystemApp":false,"isUninstallAble":true,"appIconId":16777222,"applicationIconId":16777217,"appLabelId":16777219,"applicationLabelId":16777216,"bundleName":"com.netease.lava.nertc.demo","kindId":-1,"abilityName":"EntryAbility","moduleName":"demo","keyName":"com.netease.lava.nertc.demoEntryAbilitydemo","installTime":"Mon Feb 19 2024 17:38:43 GMT+0800","badgeNumber":0,"areaType":0,"bundleType":0,"typeId":0,"area":[1,1],"page":0,"row":5,"column":1,"x":0}
02-19 18:41:54.691  2008-2008    A0001b/SceneBoard              com.ohos.sceneboard             I     SceneBoard:Trace --> start trace 10004, methodName: startAppAnimation
02-19 18:41:54.691  2008-2008    C04200/JsSceneSessionManager   com.ohos.sceneboard             I     <1099>[NAPI]OnPerfRequestEx
02-19 18:41:54.691  1034-1056    C014b1/KRPRPERYIES             composer_host                   E     get property failed
02-19 18:41:54.691  1034-1056    C014c0/GRALLOC                 composer_host                   E     This buffer is nullptr
02-19 18:41:54.691  2008-2008    A0001b/SceneBoard              com.ohos.sceneboard             I     SCBSceneSessionManager --> startSceneFromIcon:{"appIndex":0,"screenId":0,"persistentId":0,"callerPersistentId":0,"toPersistentId":0,"launchType":0,"callState":0,"isNewInstance":false,"sceneMode":1,"rotationStrategy":0,"windowMode":0,"isClearSession":false,"bundleName":"com.netease.lava.nertc.demo","moduleName":"demo","abilityName":"EntryAbility","want":{"bundleName":"com.netease.lava.nertc.demo","abilityName":"EntryAbility","moduleName":"demo","parameters":{}}}
02-19 18:41:54.692  2008-2008    A0001b/SceneBoard              com.ohos.sceneboard             I     SCBSceneSessionManager --> Start scene on screen with screenId: 0!
02-19 18:41:54.692  1279-1467    C02f01/ATMServ                 accesstoken_ser                 I     [GetTokenType]:tokenID: 0x280fc514
02-19 18:41:54.692  1279-1467    C02f01/ATMServ                 accesstoken_ser                 I     [GetHapTokenInfo]:tokenID: 0x2005c34e
02-19 18:41:54.692  1123-1692    C02f01/ATMProxy                foundation                      I     [GetHapTokenInfo]:result from server data = 0
02-19 18:41:54.692  2008-2008    A0001b/SceneBoard              com.ohos.sceneboard             I     SCBScenePanel --> onStartSceneFromIcon with sceneInfo:{"appIndex":0,"screenId":0,"persistentId":0,"callerPersistentId":0,"toPersistentId":0,"launchType":0,"callState":0,"isNewInstance":false,"sceneMode":1,"rotationStrategy":0,"windowMode":0,"isClearSession":false,"bundleName":"com.netease.lava.nertc.demo","moduleName":"demo","abilityName":"EntryAbility","want":{"bundleName":"com.netease.lava.nertc.demo","abilityName":"EntryAbility","moduleName":"demo","parameters":{}}}
02-19 18:41:54.692  2008-2008    A0001b/SceneBoard              com.ohos.sceneboard             I     SceneBoard:Trace --> start trace 10684, methodName: SCBScenePanel onStartSceneFromIcon
02-19 18:41:54.692  2008-2008    A0001b/SceneBoard              com.ohos.sceneboard             I     SCBScenePanel --> getSceneSession is null, new scene session
02-19 18:41:54.692  2008-2008    C04200/JsSceneSessionManager   com.ohos.sceneboard             I     <305>[NAPI]RequestSceneSession
02-19 18:41:54.693  2008-2008    C04200/JsSceneSessionManager   com.ohos.sceneboard             I     <717>[NAPI]OnRequestSceneSession
02-19 18:41:54.693  1123-12441   C01200/Ces                     foundation                      I     [common_event_support.cpp:(IsSystemEvent):1706] enter
02-19 18:41:54.693  2008-2008    C04200/JsSceneSessionManager   com.ohos.sceneboard             I     <748>OnRequestSceneSession: [NAPI]SessionInfo [com.netease.lava.nertc.demo, demo, EntryAbility], errCode = 0
02-19 18:41:54.693  2008-2356    C04200/SceneSessionManager     com.ohos.sceneboard             I     <832>operator(): sessionInfo: bundleName: com.netease.lava.nertc.demo, moduleName: demo, abilityName: EntryAbility,             appIndex: 0, type 1
02-19 18:41:54.693  2008-2356    C01510/IPCObjectStub           com.ohos.sceneboard             I     63: create, desc: OHOS.ISession
02-19 18:41:54.693  1278-1318    C01401/Bufferqueue             render_service                  I     (WindowScene_demo51) BufferQueue: ctor, Queue id: 5488968204362 isShared: 0
02-19 18:41:54.693  1278-1318    C01510/IPCObjectStub           render_service                  I     63: create, desc: surf.IBufferProducer
02-19 18:41:54.693  1278-1318    C01400/OHOS::RS                render_service                  I     RsDebug RSRenderService::CreateNodeAndSurface nodeid:8624294333947 name:WindowScene_demo51 bundleName: surface id:5488968204362 name:WindowScene_demo51
02-19 18:41:54.693  1123-12436   C01200/Ces                     foundation                      E     [access_token_helper.cpp:(RecordSensitivePermissionUsage):52] permission denied
02-19 18:41:54.693  1278-1318    C01401/Bufferqueue             render_service                  E     (WindowScene_demo51) ~ProducerSurface: Wrong SptrRefCount! producer_:3
02-19 18:41:54.693  1278-1318    C01401/Bufferqueue             render_service                  E     (WindowScene_demo51) ~ProducerSurface: Disconnect failed, <412 invalid operating>
02-19 18:41:54.693  2008-2356    C01510/IPCObjectProxy          com.ohos.sceneboard             I     58: handle = 97 create, descriptor: IPCObjectProxy97
02-19 18:41:54.694  2008-2356    C04200/SceneSessionManager     com.ohos.sceneboard             I     <2145>RegisterSessionExceptionFunc: RegisterSessionExceptionFunc success, id: 51
02-19 18:41:54.694  2008-2356    C04200/SceneSessionManager     com.ohos.sceneboard             I     <1649>FillSessionInfo: FillSessionInfo end, removeMissionAfterTerminate: 0 excludeFromMissions: 0  label:$string:EntryAbility_label iconPath:$media:icon collaboratorType:/data/app/el1/bundle/public/com.netease.lava.nertc.demo
02-19 18:41:54.694  2008-2356    C04200/SceneSessionManager     com.ohos.sceneboard             W     <739>UpdateParentSession: Property is null, no need to update parent info
02-19 18:41:54.694  2008-2356    C04200/SceneSessionManager     com.ohos.sceneboard             E     <4339>CheckCollaboratorType: type is invalid
02-19 18:41:54.694  2008-2356    C04200/SceneSessionManager     com.ohos.sceneboard             I     <2177>RegisterSessionSnapshotFunc: RegisterSessionSnapshotFunc success, id: 51
02-19 18:41:54.694  2008-2356    C04200/SceneSessionManager     com.ohos.sceneboard             I     <866>operator(): create session persistentId: 51
02-19 18:41:54.694  2008-2008    C04200/JsSceneSession          com.ohos.sceneboard             I     <59>[NAPI]Create
02-19 18:41:54.695  2008-2008    A0001b/SceneBoard              com.ohos.sceneboard             I     SCBSceneSession --> requestOrientation: 0 queryKey: com.netease.lava.nertc.demodemoEntryAbility
02-19 18:41:54.695  2008-2008    C04200/JsSceneSession          com.ohos.sceneboard             I     <975>OnSessionTouchableChange: [NAPI]OnSessionTouchableChange, state: 1
02-19 18:41:54.695  2008-2008    C04200/JsSceneSession          com.ohos.sceneboard             I     <1475>OnShowWhenLocked: [NAPI]OnShowWhenLocked 0
02-19 18:41:54.695  2008-2008    A0001b/SceneBoard              com.ohos.sceneboard             I     SCBScenePanel --> currId = 51, oldId = 0, newId = 0, toId = 0
02-19 18:41:54.695  2008-2008    A0001b/SceneBoard              com.ohos.sceneboard             I     SCBScenePanel --> final callId = 0, toId = 0
02-19 18:41:54.695  2008-2008    A0001b/SceneBoard              com.ohos.sceneboard             I     SCBScenePanel --> onStartSceneFromIcon isNewWant:false
02-19 18:41:54.695  2008-2008    A0001b/SceneBoard              com.ohos.sceneboard             W     SCBScenePanel --> Failed to get scene containerSession with session id: 51
02-19 18:41:54.695  2008-2008    A0001b/SceneBoard              com.ohos.sceneboard             I     SCBTransitionManager --> getInstance: [object Object]
02-19 18:41:54.695  2008-2008    A0001b/SceneBoard              com.ohos.sceneboard             I     SCBTransitionManager --> findTransitionController bundleName: com.netease.lava.nertc.demo, abilityName: EntryAbility, startType: 0, cardId: undefined
02-19 18:41:54.695  2008-2008    A0001b/SceneBoard              com.ohos.sceneboard             I     SCBTransitionManager --> Find controller success, bundleName: com.netease.lava.nertc.demo abilityName: EntryAbility
02-19 18:41:54.696  2008-2008    A0001b/SceneBoard              com.ohos.sceneboard             I     SCBTransitionManager --> getInstance: [object Object]
02-19 18:41:54.696  2008-2008    A0001b/SceneBoard              com.ohos.sceneboard             I     SCBSceneContainerSession --> initCompanionIconInfo 0, 0
02-19 18:41:54.696  2008-2008    A0001b/SceneBoard              com.ohos.sceneboard             I     SCBSceneContainerSession --> getTargetRotation: com.netease.lava.nertc.demorequestOrientation: 0
02-19 18:41:54.696  2008-2008    A0001b/SceneBoard              com.ohos.sceneboard             I     SCBSceneContainerSession --> processOrientationUnrelatedToSensor requestOrientation: 0
02-19 18:41:54.696  2008-2008    A0001b/SceneBoard              com.ohos.sceneboard             I     SCBScenePanel --> is scrolling value is  false  state is  1
02-19 18:41:54.697  2008-2008    C03900/Ace                     com.ohos.sceneboard             E     [scroll_bar_proxy.cpp(RegisterScrollableNode)-(0)] scrollable node is already exist.
02-19 18:41:54.697  2008-2008    C03900/Ace                     com.ohos.sceneboard             E     [jsi_base_utils.cpp(JsLogPrint)-(0)] ace Log: SCBSceneContainer[8065]: update function of ElementId 13030 not found, internal error!
02-19 18:41:54.697  2008-2008    C03900/Ace                     com.ohos.sceneboard             E     [jsi_base_utils.cpp(JsLogPrint)-(0)] ace Log: SCBSceneContainer[8065]: update function of ElementId 13031 not found, internal error!
02-19 18:41:54.697  2008-2008    C03900/Ace                     com.ohos.sceneboard             E     [jsi_base_utils.cpp(JsLogPrint)-(0)] ace Log: SCBSceneContainer[8065]: update function of ElementId 13046 not found, internal error!
02-19 18:41:54.698  2008-2008    C03900/Ace                     com.ohos.sceneboard             E     [view_stack_processor.cpp(Finish)-(0)] ViewStackProcessor Finish failed, input empty render or invalid root component
02-19 18:41:54.698  2008-2008    A0001b/SceneBoard              com.ohos.sceneboard             I     PageDesktopModel --> isInCurrentPage isOpenFolder: false
02-19 18:41:54.698  2008-2008    A0001b/SceneBoard              com.ohos.sceneboard             I     PageDesktopModel --> isInCurrentDeskTopPage appListInfo [object Object], length 11, page: 0
02-19 18:41:54.699  2008-2008    A0001b/SceneBoard              com.ohos.sceneboard             I     PageDesktopModel --> isInCurrentDeskTopPage folder: [object Object]
02-19 18:41:54.699  2008-2008    A0001b/SceneBoard              com.ohos.sceneboard             I     PageDesktopModel --> isInCurrentDeskTopPage 16777222, [object Object]
