02-19 18:41:53.406  678-739      C01799/MemMgr                  memmgrservice                   E     ReclaimPriorityManager::DeleteBundleInfoFromSet delete 1 bundles from set, uid_=20010081, totalBundlePrioSet_.size=12
02-19 18:41:53.406  678-739      C01799/MemMgr                  memmgrservice                   E     ReclaimPriorityManager::AddBundleInfoToSet success to insert bundle to set, uid_=20010081, totalBundlePrioSet_.size=13
02-19 18:41:53.406  678-739      C01799/MemMgr                  memmgrservice                   E     ReclaimPriorityManager::AddBundleInfoToSet procsNumsSum = 15
02-19 18:41:53.406  1971-1971    A00f00/AiDataService           com.huawei.hmos.aidataservice   I     CallingInfoManager: userId: 0
02-19 18:41:53.406  678-739      C01799/MemMgr                  memmgrservice                   E     ReclaimPriorityManager::DeleteBundleInfoFromSet delete 1 bundles from set, uid_=20010081, totalBundlePrioSet_.size=12
02-19 18:41:53.406  678-739      C01799/MemMgr                  memmgrservice                   E     ReclaimPriorityManager::AddBundleInfoToSet success to insert bundle to set, uid_=20010081, totalBundlePrioSet_.size=13
02-19 18:41:53.406  678-739      C01799/MemMgr                  memmgrservice                   E     ReclaimPriorityManager::AddBundleInfoToSet procsNumsSum = 15
02-19 18:41:53.406  12312-12312  C03900/Ace                     com.netease.lava.nertc.demo     I     [subwindow_manager.cpp(GetSubwindow)-(0)] Get subwindow of instance 0.
02-19 18:41:53.406  1971-1971    A00f00/AiDataService           com.huawei.hmos.aidataservice   I     PermissionService: self Immunity
02-19 18:41:53.406  476-1364     C02d10/HiView-SysEventSource   hiview                          I     Parser: parser result domain_=GRAPHIC eventName_=JANK_STATS_RS
02-19 18:41:53.406  1971-1971    A00f00/AiDataService           com.huawei.hmos.aidataservice   I     DataEntityHandler: namespace:CommonEntity,name:db_datamanager_unencrypted-t_aidata_app_usage,operation:Update
02-19 18:41:53.406  12312-12312  C01300/Ability                 com.netease.lava.nertc.demo     I     [ability_impl.cpp(Background:777)]Background end.
02-19 18:41:53.406  12312-12312  C01300/Ability                 com.netease.lava.nertc.demo     I     [new_ability_impl.cpp(HandleAbilityTransaction:41)]NewAbilityImpl::HandleAbilityTransaction begin sourceState:6; targetState: 0; isNewWant: 0, sceneFlag: 0
02-19 18:41:53.406  2008-2013    C04200/ClientAgentContainer    com.ohos.sceneboard             I     <114>UnregisterAgentLocked: agent unregistered
02-19 18:41:53.406  2008-2013    C01510/IPCObjectProxy          com.ohos.sceneboard             W     63: handle = 113 destroyed, descriptor: IPCObjectProxy113
02-19 18:41:53.406  1971-1971    A00f00/AiDataService           com.huawei.hmos.aidataservice   I     CommonEntity: update
02-19 18:41:53.406  12312-12312  C01510/IPCObjectStub           com.netease.lava.nertc.demo     W     68: destroy, desc: OHOS.IDisplayManagerAgent
02-19 18:41:53.406  12312-12312  C04200/WindowSceneSessionImpl  com.netease.lava.nertc.demo     I     <608>Destroy: Id:50 Destroy, state_:3
02-19 18:41:53.406  704-822      C01c06/TimeService             resource_schedu                 I     [time_service_client.cpp] GetBootTimeMs# Result: 32898482
02-19 18:41:53.407  12312-12312  A00000/testTag                 com.netease.lava.nertc.demo     I     Ability onWindowStageDestroy
02-19 18:41:53.407  12312-12312  A00000/testTag                 com.netease.lava.nertc.demo     I     Ability onDestroy
02-19 18:41:53.407  12312-12312  C01300/Ability                 com.netease.lava.nertc.demo     I     [new_ability_impl.cpp(AbilityTransactionCallback:83)]Handle ability transaction done, notify ability manager service.
02-19 18:41:53.407  1971-1971    C01510/IPCObjectStub           com.huawei.hmos.aidataservice   I     63: create, desc: OHOS.ISystemAbilityLoadCallback
02-19 18:41:53.407  476-1364     C02d10/HiView-SysEventSource   hiview                          I     Parser: parser result domain_=AAFWK eventName_=ABILITY_ONBACKGROUND
02-19 18:41:53.407  1123-1701    C01304/AbilityManagerService   foundation                      I     [ability_manager_service.cpp(AbilityTransitionDone:4245)]Ability transition done come, state:0.
02-19 18:41:53.407  1123-1701    C01304/AbilityManagerService   foundation                      I     [ui_ability_lifecycle_manager.cpp(AbilityTransactionDone:186)]AbilityTransactionDone, state: INITIAL.
02-19 18:41:53.407  1123-12413   C01304/AbilityManagerService   foundation                      I     [ability_record.cpp(RemoveAbilityDeathRecipient:2062)]RemoveDeathRecipient
02-19 18:41:53.407  1123-12413   C01304/AbilityManagerService   foundation                      I     [ability_record.cpp(TerminateAbility:1135)]ability:EntryAbility.
02-19 18:41:53.407  12312-12312  C01305/Appkit                  com.netease.lava.nertc.demo     E     [application_context.cpp(NotifyApplicationBackground:264)]applicationStateCallback is nullptr
02-19 18:41:53.407  12312-12312  C03f00/ArkCompiler             com.netease.lava.nertc.demo     I     [gc] app is inBackground
02-19 18:41:53.407  12312-12312  C03f00/ArkCompiler             com.netease.lava.nertc.demo     I     [gc] Heap Growing Type CONSERVATIVE
02-19 18:41:53.407  12312-12312  C01304/Runtime                 com.netease.lava.nertc.demo     I     [js_runtime.cpp(NotifyApplicationState:955)]NotifyApplicationState, isBackground 1.
02-19 18:41:53.407  1123-12413   C01518/DBinderBaseInvoker      foundation                      I     36: Create DBinderDatabusInvoker
02-19 18:41:53.407  1123-12413   C01510/IPCObjectProxy          foundation                      W     63: handle = 120 destroyed, descriptor: IPCObjectProxy120
02-19 18:41:53.407  1123-12431   C01303/AppMgrService           foundation                      I     [app_running_record.cpp(TerminateAbility:963)]Terminate ability, isForce: 1
02-19 18:41:53.407  12312-12312  C03900/Ace                     com.netease.lava.nertc.demo     I     [ui_content_impl.cpp(Destroy)-(-1)] UIContentImpl: window destroy
02-19 18:41:53.407  12312-12312  C03900/Ace                     com.netease.lava.nertc.demo     I     [subwindow_manager.cpp(CloseDialog)-(-1)] SubwindowManager::CloseDialog containerId = 0.
02-19 18:41:53.407  1123-12413   C01510/IPCObjectProxy          foundation                      W     63: handle = 143 destroyed, descriptor: IPCObjectProxy143
02-19 18:41:53.407  12312-12312  C03900/Ace                     com.netease.lava.nertc.demo     I     [subwindow_manager.cpp(GetDialogSubwindow)-(-1)] Get dialog subwindow of instance 0.
02-19 18:41:53.407  12312-12312  C03900/Ace                     com.netease.lava.nertc.demo     E     [subwindow_manager.cpp(CloseDialog)-(-1)] SubwindowManager::CloseDialog Subwindow is null.
02-19 18:41:53.407  480-1443     C01510/IPCObjectProxy          samgr                           I     58: handle = 44 create, descriptor: IPCObjectProxy44
02-19 18:41:53.407  12312-12312  C03900/Ace                     com.netease.lava.nertc.demo     I     [ace_container.cpp(Destroy)-(-1)] AceContainer::Destroy begin
02-19 18:41:53.407  12312-12312  C03900/Ace                     com.netease.lava.nertc.demo     I     [pipeline_context.cpp(Destroy)-(0)] PipelineContext::Destroy begin.
02-19 18:41:53.407  12312-12312  C03900/Ace                     com.netease.lava.nertc.demo     I     [overlay_manager.h(~OverlayManager)-(0)] OverlayManager Destructor.
02-19 18:41:53.407  12312-12312  C03900/Ace                     com.netease.lava.nertc.demo     W     [rosen_render_context.cpp(NotifyTransitionInner)-(0)] pipeline is null, return on line 1510
02-19 18:41:53.407  12312-12312  C03900/Ace                     com.netease.lava.nertc.demo     W     [frame_node.cpp(TriggerVisibleAreaChangeCallback)-(0)] context is null, return on line 805
02-19 18:41:53.408  12312-12312  C03900/Ace                     com.netease.lava.nertc.demo     W     [rosen_render_context.cpp(NotifyTransitionInner)-(0)] pipeline is null, return on line 1510
02-19 18:41:53.408  12312-12312  C03900/Ace                     com.netease.lava.nertc.demo     W     [frame_node.cpp(TriggerVisibleAreaChangeCallback)-(0)] context is null, return on line 805
02-19 18:41:53.408  12312-12312  C03900/Ace                     com.netease.lava.nertc.demo     W     [rosen_render_context.cpp(NotifyTransitionInner)-(0)] pipeline is null, return on line 1510
02-19 18:41:53.408  12312-12312  C03900/Ace                     com.netease.lava.nertc.demo     W     [frame_node.cpp(TriggerVisibleAreaChangeCallback)-(0)] context is null, return on line 805
02-19 18:41:53.408  480-1443     C01800/SAMGR                   samgr                           I     [SA Scheduler][SA: 3902] handle load event start, callingpid: 1971
02-19 18:41:53.408  476-1364     C02d10/HiView-SysEventSource   hiview                          I     Parser: parser result domain_=AAFWK eventName_=TERMINATE_ABILITY
02-19 18:41:53.408  480-1443     C01800/SAMGR                   samgr                           W     NOT found service : 3902
02-19 18:41:53.408  480-1443     C01800/SAMGR                   samgr                           I     LoadSystemAbility systemAbilityId:3902 AddDeathRecipient succeed
02-19 18:41:53.408  480-1443     C02c0b/BEGET                   samgr                           I     [service_control.c:34]Start service by extra args
02-19 18:41:53.408  704-822      C01c06/TimeService             resource_schedu                 I     [time_service_client.cpp] GetBootTimeMs# Result: 32898484
02-19 18:41:53.408  12312-12312  C03900/Ace                     com.netease.lava.nertc.demo     W     [rosen_render_context.cpp(NotifyTransitionInner)-(0)] pipeline is null, return on line 1510
02-19 18:41:53.408  12312-12312  C03900/Ace                     com.netease.lava.nertc.demo     W     [frame_node.cpp(TriggerVisibleAreaChangeCallback)-(0)] context is null, return on line 805
02-19 18:41:53.408  480-1443     C02c02/PARAM                   samgr                           I     [param_request.c:179]SystemSetParameter name ohos.ctl.start msgid:410
02-19 18:41:53.408  12312-12312  C03900/Ace                     com.netease.lava.nertc.demo     W     [rosen_render_context.cpp(NotifyTransitionInner)-(0)] pipeline is null, return on line 1510
02-19 18:41:53.408  12312-12312  C03900/Ace                     com.netease.lava.nertc.demo     W     [frame_node.cpp(TriggerVisibleAreaChangeCallback)-(0)] context is null, return on line 805
02-19 18:41:53.408  12312-12312  C03900/Ace                     com.netease.lava.nertc.demo     W     [rosen_render_context.cpp(NotifyTransitionInner)-(0)] pipeline is null, return on line 1510
02-19 18:41:53.408  12312-12312  C03900/Ace                     com.netease.lava.nertc.demo     W     [frame_node.cpp(TriggerVisibleAreaChangeCallback)-(0)] context is null, return on line 805
02-19 18:41:53.408  12312-12312  C03900/Ace                     com.netease.lava.nertc.demo     W     [rosen_render_context.cpp(NotifyTransitionInner)-(0)] pipeline is null, return on line 1510
02-19 18:41:53.408  12312-12312  C03900/Ace                     com.netease.lava.nertc.demo     W     [frame_node.cpp(TriggerVisibleAreaChangeCallback)-(0)] context is null, return on line 805
02-19 18:41:53.408  12312-12312  C03900/Ace                     com.netease.lava.nertc.demo     W     [text_pattern.cpp(OnDetachFromFrameNode)-(0)] pipeline is null, return on line 73
02-19 18:41:53.408  12312-12312  C03900/Ace                     com.netease.lava.nertc.demo     W     [rosen_render_context.cpp(NotifyTransitionInner)-(0)] pipeline is null, return on line 1510
02-19 18:41:53.408  12312-12312  C03900/Ace                     com.netease.lava.nertc.demo     W     [frame_node.cpp(TriggerVisibleAreaChangeCallback)-(0)] context is null, return on line 805
02-19 18:41:53.408  12312-12312  C03900/Ace                     com.netease.lava.nertc.demo     W     [rosen_render_context.cpp(NotifyTransitionInner)-(0)] pipeline is null, return on line 1510
02-19 18:41:53.408  12312-12312  C03900/Ace                     com.netease.lava.nertc.demo     W     [frame_node.cpp(TriggerVisibleAreaChangeCallback)-(0)] context is null, return on line 805
02-19 18:41:53.408  12312-12312  C03900/Ace                     com.netease.lava.nertc.demo     W     [text_pattern.cpp(OnDetachFromFrameNode)-(0)] pipeline is null, return on line 73
02-19 18:41:53.408  12312-12312  C03900/Ace                     com.netease.lava.nertc.demo     W     [rosen_render_context.cpp(NotifyTransitionInner)-(0)] pipeline is null, return on line 1510
02-19 18:41:53.408  12312-12312  C03900/Ace                     com.netease.lava.nertc.demo     W     [frame_node.cpp(TriggerVisibleAreaChangeCallback)-(0)] context is null, return on line 805
02-19 18:41:53.408  12312-12312  C03900/Ace                     com.netease.lava.nertc.demo     W     [text_pattern.cpp(OnDetachFromFrameNode)-(0)] pipeline is null, return on line 73
02-19 18:41:53.408  12312-12312  C03900/Ace                     com.netease.lava.nertc.demo     W     [rosen_render_context.cpp(NotifyTransitionInner)-(0)] pipeline is null, return on line 1510
02-19 18:41:53.408  12312-12312  C03900/Ace                     com.netease.lava.nertc.demo     W     [frame_node.cpp(TriggerVisibleAreaChangeCallback)-(0)] context is null, return on line 805
02-19 18:41:53.409  12312-12312  C03900/Ace                     com.netease.lava.nertc.demo     W     [rosen_render_context.cpp(NotifyTransitionInner)-(0)] pipeline is null, return on line 1510
02-19 18:41:53.409  12312-12312  C03900/Ace                     com.netease.lava.nertc.demo     W     [frame_node.cpp(TriggerVisibleAreaChangeCallback)-(0)] context is null, return on line 805
02-19 18:41:53.409  12312-12312  C03900/Ace                     com.netease.lava.nertc.demo     W     [rosen_render_context.cpp(NotifyTransitionInner)-(0)] pipeline is null, return on line 1510
02-19 18:41:53.409  12312-12312  C03900/Ace                     com.netease.lava.nertc.demo     W     [frame_node.cpp(TriggerVisibleAreaChangeCallback)-(0)] context is null, return on line 805
02-19 18:41:53.409  12312-12312  C03900/Ace                     com.netease.lava.nertc.demo     W     [rosen_render_context.cpp(NotifyTransitionInner)-(0)] pipeline is null, return on line 1510
02-19 18:41:53.409  12312-12312  C03900/Ace                     com.netease.lava.nertc.demo     W     [frame_node.cpp(TriggerVisibleAreaChangeCallback)-(0)] context is null, return on line 805
02-19 18:41:53.409  12312-12312  C03900/Ace                     com.netease.lava.nertc.demo     W     [rosen_render_context.cpp(NotifyTransitionInner)-(0)] pipeline is null, return on line 1510
02-19 18:41:53.409  12312-12312  C03900/Ace                     com.netease.lava.nertc.demo     W     [frame_node.cpp(TriggerVisibleAreaChangeCallback)-(0)] context is null, return on line 805
02-19 18:41:53.409  12312-12312  C03900/Ace                     com.netease.lava.nertc.demo     W     [rosen_render_context.cpp(NotifyTransitionInner)-(0)] pipeline is null, return on line 1510
02-19 18:41:53.409  12312-12312  C03900/Ace                     com.netease.lava.nertc.demo     W     [frame_node.cpp(TriggerVisibleAreaChangeCallback)-(0)] context is null, return on line 805
02-19 18:41:53.409  12312-12312  C03900/Ace                     com.netease.lava.nertc.demo     W     [text_pattern.cpp(OnDetachFromFrameNode)-(0)] pipeline is null, return on line 73
02-19 18:41:53.409  12312-12312  C03900/Ace                     com.netease.lava.nertc.demo     W     [rosen_render_context.cpp(NotifyTransitionInner)-(0)] pipeline is null, return on line 1510
02-19 18:41:53.409  12312-12312  C03900/Ace                     com.netease.lava.nertc.demo     W     [frame_node.cpp(TriggerVisibleAreaChangeCallback)-(0)] context is null, return on line 805
02-19 18:41:53.409  12312-12312  C03900/Ace                     com.netease.lava.nertc.demo     W     [rosen_render_context.cpp(NotifyTransitionInner)-(0)] pipeline is null, return on line 1510
02-19 18:41:53.409  12312-12312  C03900/Ace                     com.netease.lava.nertc.demo     W     [frame_node.cpp(TriggerVisibleAreaChangeCallback)-(0)] context is null, return on line 805
02-19 18:41:53.409  12312-12312  C03900/Ace                     com.netease.lava.nertc.demo     W     [text_pattern.cpp(OnDetachFromFrameNode)-(0)] pipeline is null, return on line 73
02-19 18:41:53.409  12312-12312  C03900/Ace                     com.netease.lava.nertc.demo     W     [rosen_render_context.cpp(NotifyTransitionInner)-(0)] pipeline is null, return on line 1510
02-19 18:41:53.409  12312-12312  C03900/Ace                     com.netease.lava.nertc.demo     W     [frame_node.cpp(TriggerVisibleAreaChangeCallback)-(0)] context is null, return on line 805
02-19 18:41:53.409  12312-12312  C03900/Ace                     com.netease.lava.nertc.demo     W     [rosen_render_context.cpp(NotifyTransitionInner)-(0)] pipeline is null, return on line 1510
02-19 18:41:53.409  12312-12312  C03900/Ace                     com.netease.lava.nertc.demo     W     [frame_node.cpp(TriggerVisibleAreaChangeCallback)-(0)] context is null, return on line 805
02-19 18:41:53.409  12312-12312  C03900/Ace                     com.netease.lava.nertc.demo     W     [rosen_render_context.cpp(NotifyTransitionInner)-(0)] pipeline is null, return on line 1510
02-19 18:41:53.409  12312-12312  C03900/Ace                     com.netease.lava.nertc.demo     W     [frame_node.cpp(TriggerVisibleAreaChangeCallback)-(0)] context is null, return on line 805
02-19 18:41:53.410  12312-12312  C03900/Ace                     com.netease.lava.nertc.demo     W     [text_pattern.cpp(OnDetachFromFrameNode)-(0)] pipeline is null, return on line 73
02-19 18:41:53.410  12312-12312  C03900/Ace                     com.netease.lava.nertc.demo     W     [rosen_render_context.cpp(NotifyTransitionInner)-(0)] pipeline is null, return on line 1510
02-19 18:41:53.410  12312-12312  C03900/Ace                     com.netease.lava.nertc.demo     W     [frame_node.cpp(TriggerVisibleAreaChangeCallback)-(0)] context is null, return on line 805
02-19 18:41:53.410  12312-12312  C03900/Ace                     com.netease.lava.nertc.demo     W     [rosen_render_context.cpp(NotifyTransitionInner)-(0)] pipeline is null, return on line 1510
02-19 18:41:53.410  12312-12312  C03900/Ace                     com.netease.lava.nertc.demo     W     [frame_node.cpp(TriggerVisibleAreaChangeCallback)-(0)] context is null, return on line 805
02-19 18:41:53.410  12312-12312  C03900/Ace                     com.netease.lava.nertc.demo     W     [rosen_render_context.cpp(NotifyTransitionInner)-(0)] pipeline is null, return on line 1510
02-19 18:41:53.410  12312-12312  C03900/Ace                     com.netease.lava.nertc.demo     W     [frame_node.cpp(TriggerVisibleAreaChangeCallback)-(0)] context is null, return on line 805
02-19 18:41:53.410  12312-12312  C03900/Ace                     com.netease.lava.nertc.demo     W     [text_pattern.cpp(OnDetachFromFrameNode)-(0)] pipeline is null, return on line 73
02-19 18:41:53.410  2008-2008    C03900/Ace                     com.ohos.sceneboard             I     [image_pattern.cpp(operator())-(0)] Image Load Success pixmapID: 0x55a13b5140 -> modifyID:
02-19 18:41:53.410  12312-12312  C03900/Ace                     com.netease.lava.nertc.demo     W     [rosen_render_context.cpp(NotifyTransitionInner)-(0)] pipeline is null, return on line 1510
02-19 18:41:53.410  12312-12312  C03900/Ace                     com.netease.lava.nertc.demo     W     [frame_node.cpp(TriggerVisibleAreaChangeCallback)-(0)] context is null, return on line 805
02-19 18:41:53.410  12312-12312  C03900/Ace                     com.netease.lava.nertc.demo     W     [rosen_render_context.cpp(NotifyTransitionInner)-(0)] pipeline is null, return on line 1510
02-19 18:41:53.410  2008-2356    C04200/Session                 com.ohos.sceneboard             I     <444>IsSessionValid: session is already destroyed or not created! id: 50 state: 0
02-19 18:41:53.410  12312-12312  C03900/Ace                     com.netease.lava.nertc.demo     W     [frame_node.cpp(TriggerVisibleAreaChangeCallback)-(0)] context is null, return on line 805
02-19 18:41:53.410  12312-12312  C03900/Ace                     com.netease.lava.nertc.demo     W     [text_pattern.cpp(OnDetachFromFrameNode)-(0)] pipeline is null, return on line 73
02-19 18:41:53.410  12312-12312  C03900/Ace                     com.netease.lava.nertc.demo     W     [rosen_render_context.cpp(NotifyTransitionInner)-(0)] pipeline is null, return on line 1510
02-19 18:41:53.410  12312-12312  C03900/Ace                     com.netease.lava.nertc.demo     W     [frame_node.cpp(TriggerVisibleAreaChangeCallback)-(0)] context is null, return on line 805
02-19 18:41:53.411  480-1443     C02c02/PARAM                   samgr                           I     [param_request.c:200]SystemSetParameter name ohos.ctl.start msgid:410  ret: 0
02-19 18:41:53.411  480-1443     C01800/SAMGR                   samgr                           I     StartDynamicSystemProcess call ServiceControlWithExtra result:0!
02-19 18:41:53.411  480-1443     C01800/SAMGR                   samgr                           I     LoadSystemAbility systemAbilityId:3902 size : 1
02-19 18:41:53.411  480-1443     C01800/SAMGR                   samgr                           I     SendCheckLoadedMsg PostTask name : 3902!, ret : success
02-19 18:41:53.411  480-1443     C01800/SAMGR                   samgr                           I     [SA Scheduler][SA: 3902] loading
02-19 18:41:53.411  1971-1971    C01800/SA_CLIENT               com.huawei.hmos.aidataservice   I     LoadSystemAbility systemAbilityId : 3902, SendRequest succeed!
02-19 18:41:53.411  12312-12312  C03900/Ace                     com.netease.lava.nertc.demo     W     [rosen_render_context.cpp(NotifyTransitionInner)-(0)] pipeline is null, return on line 1510
02-19 18:41:53.411  12312-12312  C03900/Ace                     com.netease.lava.nertc.demo     W     [frame_node.cpp(TriggerVisibleAreaChangeCallback)-(0)] context is null, return on line 805
02-19 18:41:53.411  12312-12312  C03900/Ace                     com.netease.lava.nertc.demo     W     [rosen_render_context.cpp(NotifyTransitionInner)-(0)] pipeline is null, return on line 1510
02-19 18:41:53.411  12312-12312  C03900/Ace                     com.netease.lava.nertc.demo     W     [frame_node.cpp(TriggerVisibleAreaChangeCallback)-(0)] context is null, return on line 805
02-19 18:41:53.411  12312-12312  C03900/Ace                     com.netease.lava.nertc.demo     W     [rosen_render_context.cpp(NotifyTransitionInner)-(0)] pipeline is null, return on line 1510
02-19 18:41:53.411  12312-12312  C03900/Ace                     com.netease.lava.nertc.demo     W     [frame_node.cpp(TriggerVisibleAreaChangeCallback)-(0)] context is null, return on line 805
02-19 18:41:53.412  12312-12312  C03900/Ace                     com.netease.lava.nertc.demo     W     [text_pattern.cpp(OnDetachFromFrameNode)-(0)] pipeline is null, return on line 73
02-19 18:41:53.412  12312-12312  C03900/Ace                     com.netease.lava.nertc.demo     W     [rosen_render_context.cpp(NotifyTransitionInner)-(0)] pipeline is null, return on line 1510
02-19 18:41:53.412  12312-12312  C03900/Ace                     com.netease.lava.nertc.demo     W     [frame_node.cpp(TriggerVisibleAreaChangeCallback)-(0)] context is null, return on line 805
02-19 18:41:53.412  12312-12312  C03900/Ace                     com.netease.lava.nertc.demo     W     [rosen_render_context.cpp(NotifyTransitionInner)-(0)] pipeline is null, return on line 1510
02-19 18:41:53.412  12312-12312  C03900/Ace                     com.netease.lava.nertc.demo     W     [frame_node.cpp(TriggerVisibleAreaChangeCallback)-(0)] context is null, return on line 805
02-19 18:41:53.412  12312-12312  C03900/Ace                     com.netease.lava.nertc.demo     W     [text_pattern.cpp(OnDetachFromFrameNode)-(0)] pipeline is null, return on line 73
02-19 18:41:53.412  12312-12312  C03900/Ace                     com.netease.lava.nertc.demo     W     [rosen_render_context.cpp(NotifyTransitionInner)-(0)] pipeline is null, return on line 1510
02-19 18:41:53.412  12312-12312  C03900/Ace                     com.netease.lava.nertc.demo     W     [frame_node.cpp(TriggerVisibleAreaChangeCallback)-(0)] context is null, return on line 805
02-19 18:41:53.412  12312-12312  C03900/Ace                     com.netease.lava.nertc.demo     W     [rosen_render_context.cpp(NotifyTransitionInner)-(0)] pipeline is null, return on line 1510
02-19 18:41:53.412  12312-12312  C03900/Ace                     com.netease.lava.nertc.demo     W     [frame_node.cpp(TriggerVisibleAreaChangeCallback)-(0)] context is null, return on line 805
02-19 18:41:53.412  12312-12312  C03900/Ace                     com.netease.lava.nertc.demo     W     [rosen_render_context.cpp(NotifyTransitionInner)-(0)] pipeline is null, return on line 1510
02-19 18:41:53.412  12312-12312  C03900/Ace                     com.netease.lava.nertc.demo     W     [frame_node.cpp(TriggerVisibleAreaChangeCallback)-(0)] context is null, return on line 805
02-19 18:41:53.412  12312-12312  C03900/Ace                     com.netease.lava.nertc.demo     W     [text_pattern.cpp(OnDetachFromFrameNode)-(0)] pipeline is null, return on line 73
02-19 18:41:53.412  12312-12312  C03900/Ace                     com.netease.lava.nertc.demo     W     [rosen_render_context.cpp(NotifyTransitionInner)-(0)] pipeline is null, return on line 1510
02-19 18:41:53.412  12312-12312  C03900/Ace                     com.netease.lava.nertc.demo     W     [frame_node.cpp(TriggerVisibleAreaChangeCallback)-(0)] context is null, return on line 805
02-19 18:41:53.412  1034-1056    C014b1/KRPRPERYIES             composer_host                   E     get property failed
02-19 18:41:53.412  1034-1056    C014c0/GRALLOC                 composer_host                   E     This buffer is nullptr
02-19 18:41:53.412  12312-12312  C03900/Ace                     com.netease.lava.nertc.demo     W     [rosen_render_context.cpp(NotifyTransitionInner)-(0)] pipeline is null, return on line 1510
02-19 18:41:53.412  12312-12312  C03900/Ace                     com.netease.lava.nertc.demo     W     [frame_node.cpp(TriggerVisibleAreaChangeCallback)-(0)] context is null, return on line 805
02-19 18:41:53.412  12312-12312  C03900/Ace                     com.netease.lava.nertc.demo     W     [text_pattern.cpp(OnDetachFromFrameNode)-(0)] pipeline is null, return on line 73
02-19 18:41:53.412  12312-12312  C03900/Ace                     com.netease.lava.nertc.demo     W     [rosen_render_context.cpp(NotifyTransitionInner)-(0)] pipeline is null, return on line 1510
02-19 18:41:53.412  12312-12312  C03900/Ace                     com.netease.lava.nertc.demo     W     [frame_node.cpp(TriggerVisibleAreaChangeCallback)-(0)] context is null, return on line 805
02-19 18:41:53.412  476-11650    C02c03/PARAM_WATCHER           hiview                          I     [watcher_manager_kits.cpp:287]OnParameterChange name startup.service.ctl.deviceinfoservice value 2
02-19 18:41:53.412  12312-12312  C03900/Ace                     com.netease.lava.nertc.demo     W     [rosen_render_context.cpp(NotifyTransitionInner)-(0)] pipeline is null, return on line 1510
02-19 18:41:53.412  12312-12312  C03900/Ace                     com.netease.lava.nertc.demo     W     [frame_node.cpp(TriggerVisibleAreaChangeCallback)-(0)] context is null, return on line 805
02-19 18:41:53.412  12312-12312  C03900/Ace                     com.netease.lava.nertc.demo     W     [rosen_render_context.cpp(NotifyTransitionInner)-(0)] pipeline is null, return on line 1510
02-19 18:41:53.412  12312-12312  C03900/Ace                     com.netease.lava.nertc.demo     W     [frame_node.cpp(TriggerVisibleAreaChangeCallback)-(0)] context is null, return on line 805
02-19 18:41:53.412  12312-12312  C03900/Ace                     com.netease.lava.nertc.demo     W     [text_pattern.cpp(OnDetachFromFrameNode)-(0)] pipeline is null, return on line 73
02-19 18:41:53.413  12312-12312  C03900/Ace                     com.netease.lava.nertc.demo     W     [rosen_render_context.cpp(NotifyTransitionInner)-(0)] pipeline is null, return on line 1510
02-19 18:41:53.413  12312-12312  C03900/Ace                     com.netease.lava.nertc.demo     W     [frame_node.cpp(TriggerVisibleAreaChangeCallback)-(0)] context is null, return on line 805
02-19 18:41:53.413  476-11650    C02c03/PARAM_WATCHER           hiview                          I     [watcher_manager_kits.cpp:287]OnParameterChange name startup.service.ctl.deviceinfoservice.pid value 12437
02-19 18:41:53.413  12312-12312  C03900/Ace                     com.netease.lava.nertc.demo     W     [rosen_render_context.cpp(NotifyTransitionInner)-(0)] pipeline is null, return on line 1510
02-19 18:41:53.413  12312-12312  C03900/Ace                     com.netease.lava.nertc.demo     W     [frame_node.cpp(TriggerVisibleAreaChangeCallback)-(0)] context is null, return on line 805
02-19 18:41:53.413  1123-12431   C01719/ffrt                    foundation                      E     492537:QosApplyForOther:242 qos apply failed for task 12436
02-19 18:41:53.413  12312-12312  C03900/Ace                     com.netease.lava.nertc.demo     W     [text_pattern.cpp(OnDetachFromFrameNode)-(0)] pipeline is null, return on line 73
02-19 18:41:53.413  1123-12431   C01303/AppMgrService           foundation                      I     [module_running_record.cpp(TerminateAbility:218)]Terminate ability.
02-19 18:41:53.413  1123-12431   C01303/AppMgrService           foundation                      I     [module_running_record.cpp(TerminateAbility:253)]ModuleRunningRecord::TerminateAbility end
02-19 18:41:53.413  1123-12431   C01303/AppMgrService           foundation                      E     [app_running_record.cpp(RemoveTerminateAbilityTimeoutTask:1501)]can not find module record
02-19 18:41:53.413  1123-12431   C01303/AppMgrService           foundation                      I     [app_mgr_service_inner.cpp(KillProcessByPid:1087)]kill pid 12312
02-19 18:41:53.413  12312-12312  C03900/Ace                     com.netease.lava.nertc.demo     W     [rosen_render_context.cpp(NotifyTransitionInner)-(0)] pipeline is null, return on line 1510
02-19 18:41:53.413  1123-12431   C01303/AppMgrService           foundation                      I     [app_mgr_service_inner.cpp(NotifyAppStatus:2513)]NotifyAppStatus called, bundle name is com.netease.lava.nertc.demo, event is usual.event.PACKAGE_RESTARTED
02-19 18:41:53.413  704-824      C01713/SUSPEND_MANAGER         resource_schedu                 I     [freezer_adapter.cpp(ThawPids):213] Thaw pid: 12312 success.
02-19 18:41:53.413  1971-3111    C01510/IPCObjectProxy          com.huawei.hmos.aidataservice   I     58: handle = 20 create, descriptor: IPCObjectProxy20
02-19 18:41:53.413  704-2397     C01510/IPCObjectProxy          resource_schedu                 I     58: handle = 28 create, descriptor: IPCObjectProxy28
02-19 18:41:53.413  678-727      C01510/IPCObjectProxy          memmgrservice                   I     58: handle = 8 create, descriptor: IPCObjectProxy8
02-19 18:41:53.413  1123-12431   C01120/BundleMgrService        foundation                      W     [bundle_data_mgr.cpp(GetInnerBundleInfoByUid):2081] the uid(5523) is not an application.
02-19 18:41:53.413  849-2191     C01510/IPCObjectProxy          bgtaskmgr_servi                 I     58: handle = 15 create, descriptor: IPCObjectProxy15
02-19 18:41:53.413  1284-1284    C01510/IPCObjectStub           privacy_service                 E     109: unknown OnRemoteRequest code = 1, descriptor: ohos.appexecfwk.IApplicationStateObserver
02-19 18:41:53.414  678-727      C01510/IPCObjectProxy          memmgrservice                   W     63: handle = 8 destroyed, descriptor: IPCObjectProxy8
02-19 18:41:53.414  1123-12413   C01200/Ces                     foundation                      I     [common_event_support.cpp:(IsSystemEvent):1706] enter
02-19 18:41:53.414  678-2766     C01510/IPCObjectProxy          memmgrservice                   I     58: handle = 8 create, descriptor: IPCObjectProxy8
02-19 18:41:53.414  890-11833    C01c06/TimeService             time_service                    E     [timer_manager.cpp] ProxyTimer# Uid: 20010081 doesn't exist in the proxy list.ld
02-19 18:41:53.414  1123-12431   C01304/AbilityManagerService   foundation                      I     [ability_manager_service.cpp(OnAppStateChanged:4469)]On app state changed.
02-19 18:41:53.414  1123-12431   C01304/AbilityManagerService   foundation                      I     [ui_ability_lifecycle_manager.cpp(OnAppStateChanged:1578)]Call.
02-19 18:41:53.414  704-824      C01510/BinderInvoker           resource_schedu                 E     124: SendRequest: handle=7 result = 77856773
02-19 18:41:53.414  1123-12431   C01303/AppMgrService           foundation                      I     [app_mgr_service_inner.cpp(ApplicationBackgrounded:529)]application is backgrounded
02-19 18:41:53.414  704-824      C01c05/TimeClient              resource_schedu                 E     [time_service_proxy.cpp] ProxyTimer# ProxyTimer failed, error code is: 77856773
02-19 18:41:53.414  704-824      C00101/Bluetooth               resource_schedu                 E     [bluetooth_host.cpp(IsBleEnabled:717)]pimpl or bluetooth host is nullptr
02-19 18:41:53.414  704-824      C00101/Bluetooth               resource_schedu                 E     [bluetooth_proxy_manager.cpp(ProxyUid:39)]bluetooth is off.
02-19 18:41:53.414  678-2766     C01510/IPCObjectProxy          memmgrservice                   W     63: handle = 8 destroyed, descriptor: IPCObjectProxy8
02-19 18:41:53.414  759-1021     C015b0/NetMgrCommon            netmanager                      I     [NetmanagerStartSyncTrace-(netmanager_hitrace.cpp:25)]NetmanagerStartSyncTrace value:TransPolicyToRule start
02-19 18:41:53.414  849-2191     C01510/IPCObjectProxy          bgtaskmgr_servi                 W     63: handle = 15 destroyed, descriptor: IPCObjectProxy15
02-19 18:41:53.414  1284-1284    C02f03/ApplicationStateObserverStub privacy_service                 I     [OnForegroundApplicationChanged]:OnChange(accessTokenId=536950784, state=4)
02-19 18:41:53.414  1284-1284    C02f03/PermissionRecordManager privacy_service                 I     [NotifyAppStateChange]:tokenId 536950784, status 2
02-19 18:41:53.414  480-1443     C01800/SAMGR                   samgr                           W     NOT found service : 2802
02-19 18:41:53.414  704-824      C01510/BinderInvoker           resource_schedu                 E     124: SendRequest: handle=0 result = 3
02-19 18:41:53.414  704-824      C02300/Locator_standard        resource_schedu                 I     ProxyUidForFreeze, no need freeze
02-19 18:41:53.414  1971-3111    C01304/AbilityManagerService   com.huawei.hmos.aidataservice   I     [js_app_state_observer.cpp(OnAbilityStateChanged:67)]OnAbilityStateChanged begin
02-19 18:41:53.414  1284-1284    C01510/IPCObjectStub           privacy_service                 E     109: unknown OnRemoteRequest code = 7, descriptor: ohos.appexecfwk.IApplicationStateObserver
02-19 18:41:53.414  1284-1284    C01510/IPCObjectStub           privacy_service                 E     109: unknown OnRemoteRequest code = 4, descriptor: ohos.appexecfwk.IApplicationStateObserver
02-19 18:41:53.414  1971-2082    C01304/AbilityManagerService   com.huawei.hmos.aidataservice   I     [js_app_state_observer.cpp(HandleOnAbilityStateChanged:90)]HandleOnAbilityStateChanged begin
02-19 18:41:53.414  1971-2082    C01304/AbilityManagerService   com.huawei.hmos.aidataservice   I     [js_app_manager_utils.cpp(CreateJsAbilityStateData:51)]CreateJsAbilityStateData called.
02-19 18:41:53.414  1971-2082    C01304/AbilityManagerService   com.huawei.hmos.aidataservice   I     [js_app_manager_utils.cpp(CreateJsAbilityStateData:57)]CreateJsAbilityStateData ConvertNativeValueTo begin.
02-19 18:41:53.414  1971-2082    C01304/AbilityManagerService   com.huawei.hmos.aidataservice   I     [js_app_manager_utils.cpp(CreateJsAbilityStateData:63)]CreateJsAbilityStateData SetProperty begin.
02-19 18:41:53.414  1971-2082    C01304/AbilityManagerService   com.huawei.hmos.aidataservice   I     [js_app_manager_utils.cpp(CreateJsAbilityStateData:71)]CreateJsAbilityStateData end.
02-19 18:41:53.414  1971-2082    C01304/AbilityManagerService   com.huawei.hmos.aidataservice   I     [js_app_state_observer.cpp(CallJsFunction:238)]CallJsFunction begin, method:onAbilityStateChanged
02-19 18:41:53.415  704-2397     C01510/IPCObjectProxy          resource_schedu                 W     63: handle = 28 destroyed, descriptor: IPCObjectProxy28
02-19 18:41:53.415  704-28772    C01510/IPCObjectProxy          resource_schedu                 I     58: handle = 28 create, descriptor: IPCObjectProxy28
02-19 18:41:53.415  1971-2036    C01304/AbilityManagerService   com.huawei.hmos.aidataservice   I     [js_app_state_observer.cpp(OnProcessStateChanged:169)]OnProcessStateChanged begin
02-19 18:41:53.415  678-1976     C01510/IPCObjectProxy          memmgrservice                   I     58: handle = 8 create, descriptor: IPCObjectProxy8
02-19 18:41:53.415  849-2177     C01510/IPCObjectProxy          bgtaskmgr_servi                 I     58: handle = 15 create, descriptor: IPCObjectProxy15
02-19 18:41:53.415  634-700      C01510/IPCObjectProxy          device_usage_st                 I     58: handle = 10 create, descriptor: IPCObjectProxy10
02-19 18:41:53.415  1278-1320    C01400/Composer                render_service                  E     ReleaseFramebuffer: Current frame buffer is nullptr.
02-19 18:41:53.415  704-28772    C01510/IPCObjectProxy          resource_schedu                 W     63: handle = 28 destroyed, descriptor: IPCObjectProxy28
02-19 18:41:53.414  759-759      C01510/IPCObjectProxy          netmanager                      I     58: handle = 34 create, descriptor: IPCObjectProxy34
02-19 18:41:53.415  704-1582     C01510/IPCObjectProxy          resource_schedu                 I     58: handle = 28 create, descriptor: IPCObjectProxy28
02-19 18:41:53.415  704-838      C01702/CgroupAdjuster          resource_schedu                 I     AdjustProcessGroup for 12312, source : 1
02-19 18:41:53.415  704-838      C01702/CgroupAdjuster          resource_schedu                 I     AdjustProcessGroup for 12312, source : 0
02-19 18:41:53.416  704-838      C01702/CgroupAdjuster          resource_schedu                 I     ApplyProcessGroup Set 12312's cgroup from 2 to 1.
02-19 18:41:53.416  704-826      C01700/RSS                     resource_schedu                 I     FrameAwarePlugin:DispatchResource type:1, value:4
02-19 18:41:53.416  704-826      C01700/RSS                     resource_schedu                 I     FrameAwarePlugin::OnDispatchResource success.
02-19 18:41:53.416  1060-1158    C02b00/AVSession               av_session                      I     [HandleAppStateChanged()-app_manager_adapter.cpp:116] bundleName=com.netease.lava.nertc.demo uid=20010081 state=4
02-19 18:41:53.416  704-837      C01706/ueaServer-IntelliSenseServer resource_schedu                 I     unknown state : 4
02-19 18:41:53.416  704-837      C01706/ueaServer-IntelliSenseServer resource_schedu                 I     Get app info:12312 20010081 com.netease.lava.nertc.demo 4
02-19 18:41:53.416  704-826      C01700/RSS                     resource_schedu                 I     FrameAwarePlugin:DispatchResource type:8, value:0
02-19 18:41:53.416  704-826      C01700/RSS                     resource_schedu                 I     add curForeAppCount uid is 20010081, pid is 12312, bundleName is com.netease.lava.nertc.demo
02-19 18:41:53.416  704-826      C01700/RSS                     resource_schedu                 I     FrameAwarePlugin::OnDispatchResource success.
02-19 18:41:53.416  704-837      C01706/ueaServer-IntelliSenseServer resource_schedu                 I     Send App back to concur_fwk, foreground remain: 9
02-19 18:41:53.416  704-837      C01706/ueaServer-IntelliSenseServer resource_schedu                 I     Get ReportCgroupChange:12312 from 2 to 1
02-19 18:41:53.416  704-2397     C01713/SUSPEND_MANAGER         resource_schedu                 I     [suspend_manager_impl.cpp(SendExtensionFreezeEventToOneApp):728] appStateRecord is nullptr, uid is 20010081
02-19 18:41:53.416  634-700      C01c06/TimeService             device_usage_st                 I     [time_service_client.cpp] GetBootTimeMs# Result: 32898492
02-19 18:41:53.416  634-700      C01710/BUNDLE_ACTIVE           device_usage_st                 I     [bundle_active_app_state_obsever.cpp(OnAbilityStateChanged):76] OnAbilityStateChangeduser id is 100, bundle name is com.netease.lava.nertc.demo, ability name is EntryAbility, ability id is 0x7fa045db60, event id is 4
02-19 18:41:53.416  634-700      C01510/IPCObjectProxy          device_usage_st                 W     63: handle = 10 destroyed, descriptor: IPCObjectProxy10
02-19 18:41:53.416  704-1582     C01510/IPCObjectProxy          resource_schedu                 W     63: handle = 28 destroyed, descriptor: IPCObjectProxy28
02-19 18:41:53.416  634-1842     C01710/BUNDLE_ACTIVE           device_usage_st                 I     [bundle_active_report_handler.cpp(ProcessEvent):39] MSG_REPORT_EVENT CALLED
02-19 18:41:53.416  678-1976     C01510/IPCObjectProxy          memmgrservice                   W     63: handle = 8 destroyed, descriptor: IPCObjectProxy8
02-19 18:41:53.416  614-614      C01707/CONCUR                  concurrent_task                 I     uid 20010081 change to background.
02-19 18:41:53.416  1285-1463    C015b0/NetsysNativeService     netsysnative                    E     [RemoveDeniedList-(bandwidth_manager.cpp:489)]AllowedList uid is not exist, can not remove
02-19 18:41:53.416  614-614      C01707/CONCUR                  concurrent_task                 I     auth_pause 20010081 success
02-19 18:41:53.416  614-614      C01706/rtg_interface           concurrent_task                 I     Search tid 12312 success with rtg_grp 17
02-19 18:41:53.416  759-759      C01510/IPCObjectProxy          netmanager                      W     63: handle = 34 destroyed, descriptor: IPCObjectProxy34
02-19 18:41:53.416  614-614      C01706/rtg_interface           concurrent_task                 I     set EndScene success, get ret 0.
02-19 18:41:53.417  634-1842     C01c06/TimeService             device_usage_st                 I     [time_service_client.cpp] GetBootTimeMs# Result: 32898492
02-19 18:41:53.417  759-1021     C015b0/NetPolicyService        netmanager                      I     [WritePolicyByUid-(net_policy_file.cpp:333)]Need to do nothing!
02-19 18:41:53.417  634-1842     C01c06/TimeService             device_usage_st                 I     [time_service_client.cpp] GetBootTimeMs# Result: 32898492
02-19 18:41:53.417  634-1842     C01710/BUNDLE_ACTIVE           device_usage_st                 I     [bundle_active_user_service.cpp(ReportModuleEvent):593] ReportModuleEvent called
02-19 18:41:53.417  634-1842     C01710/BUNDLE_ACTIVE           device_usage_st                 I     [bundle_active_user_service.cpp(ReportEvent):100] ReportEvent, B time is 1708300800000, E time is 1708387200000, userId is 100,
02-19 18:41:53.417  634-1842     C01710/BUNDLE_ACTIVE           device_usage_st                 I     [bundle_active_user_service.cpp(NotifyStatsChanged):84] NotifyStatsChanged stat change is 1, user is 100
02-19 18:41:53.417  1971-2082    C01304/AbilityManagerService   com.huawei.hmos.aidataservice   I     [js_app_state_observer.cpp(CallJsFunction:251)]CallJsFunction end
02-19 18:41:53.417  849-2177     C01510/IPCObjectProxy          bgtaskmgr_servi                 W     63: handle = 15 destroyed, descriptor: IPCObjectProxy15
02-19 18:41:53.417  1971-2082    C01510/IPCObjectProxy          com.huawei.hmos.aidataservice   W     63: handle = 20 destroyed, descriptor: IPCObjectProxy20
02-19 18:41:53.417  1971-2082    C01304/AbilityManagerService   com.huawei.hmos.aidataservice   I     [js_app_manager_utils.cpp(CreateJsAppStateData:29)]CreateJsAppStateData called.
02-19 18:41:53.417  759-1841     C015b5/netmanager_enhanced     netmanager                      I     [app_aware]NotifyForegroundAppChanged:uid=2******1, pid=12312, state=4, bundleName=com.netease.lava.nertc.demo.
02-19 18:41:53.417  1971-2082    C01304/AbilityManagerService   com.huawei.hmos.aidataservice   I     [js_app_manager_utils.cpp(CreateJsAppStateData:35)]CreateJsAppStateData ConvertNativeValueTo begin.
02-19 18:41:53.417  759-1841     C015b5/netmanager_enhanced     netmanager                      I     [decision_center]com.netease.lava.nertc.demo, OnForegroundAppChanged.
02-19 18:41:53.417  1971-2082    C01304/AbilityManagerService   com.huawei.hmos.aidataservice   I     [js_app_manager_utils.cpp(CreateJsAppStateData:41)]CreateJsAppStateData SetProperty begin.
02-19 18:41:53.417  759-1841     C015b5/netmanager_enhanced     netmanager                      I     [decision_center]loadState:0, isScreenOn:1, isWifiConnected:1, ForegroundAppChanged:com.netease.lava.nertc.demo
02-19 18:41:53.417  759-1841     C015b5/netmanager_enhanced     netmanager                      I     [configuration]Can't find APP com.netease.lava.nertc.demo's config.
02-19 18:41:53.417  1971-2082    C01304/AbilityManagerService   com.huawei.hmos.aidataservice   I     [js_app_manager_utils.cpp(CreateJsAppStateData:45)]CreateJsAppStateData end.
02-19 18:41:53.417  1971-2082    C01304/AbilityManagerService   com.huawei.hmos.aidataservice   I     [js_app_state_observer.cpp(CallJsFunction:238)]CallJsFunction begin, method:onForegroundApplicationChanged
02-19 18:41:53.417  1971-2082    A00f00/AiDataService           com.huawei.hmos.aidataservice   I     AppUsageAbility:  publishAppUsage:com.netease.lava.nertc.demo,20010081,out
02-19 18:41:53.417  759-1021     C015b0/NetMgrCommon            netmanager                      I     [NetmanagerFinishSyncTrace-(netmanager_hitrace.cpp:31)]NetmanagerFinishSyncTrace value:TransPolicyToRule end
02-19 18:41:53.417  1971-2082    A00f00/AiDataService           com.huawei.hmos.aidataservice   I     AbilityContext: publish event verify
02-19 18:41:53.417  1971-2082    A00f00/AiDataService           com.huawei.hmos.aidataservice   I     AbilityContext: key: dataName, ability: undefined, length: undefined
02-19 18:41:53.417  476-1900     C01510/IPCObjectProxy          hiview                          I     58: handle = 18 create, descriptor: IPCObjectProxy18
02-19 18:41:53.417  1971-2082    A00f00/AiDataService           com.huawei.hmos.aidataservice   I     AbilityContext: key: states, ability: Cannot get source code of funtion, length: 3
02-19 18:41:53.417  476-1900     C01510/IPCObjectProxy          hiview                          W     63: handle = 18 destroyed, descriptor: IPCObjectProxy18
02-19 18:41:53.418  1971-2082    A00f00/AiDataService           com.huawei.hmos.aidataservice   I     decorators: previous: undefined
02-19 18:41:53.418  1971-2082    A00f00/AiDataService           com.huawei.hmos.aidataservice   I     default: states check isIncludes = true
02-19 18:41:53.418  1971-2082    A00f00/AiDataService           com.huawei.hmos.aidataservice   I     AbilityContext: publish event
02-19 18:41:53.418  1971-2082    A00f00/AiDataService           com.huawei.hmos.aidataservice   I     InnerUpdateRequest: execute, running on a worker thread.
02-19 18:41:53.418  1971-2082    A00f00/AiDataService           com.huawei.hmos.aidataservice   I     DataOperationWorkerHolder: sendMessage starts.
02-19 18:41:53.418  1971-2082    A00f00/AiDataService           com.huawei.hmos.aidataservice   I     DataOperationWorkerHolder: sendMessage, start to send message, messageType: 2, sessionId: 89565541-5e7f-4cf0-bf9d-aa978e0f8b41
02-19 18:41:53.418  476-11650    C01510/IPCObjectProxy          hiview                          I     58: handle = 18 create, descriptor: IPCObjectProxy18
02-19 18:41:53.418  476-11650    C01510/IPCObjectProxy          hiview                          W     63: handle = 18 destroyed, descriptor: IPCObjectProxy18
02-19 18:41:53.418  1971-2082    C01304/AbilityManagerService   com.huawei.hmos.aidataservice   I     [js_app_state_observer.cpp(CallJsFunction:251)]CallJsFunction end
02-19 18:41:53.418  1971-2082    C01304/AbilityManagerService   com.huawei.hmos.aidataservice   I     [js_app_state_observer.cpp(HandleOnProcessStateChanged:192)]HandleOnProcessStateChanged begin
02-19 18:41:53.419  1971-2082    C01304/AbilityManagerService   com.huawei.hmos.aidataservice   I     [js_app_manager_utils.cpp(CreateJsProcessData:77)]CreateJsProcessData called.
02-19 18:41:53.419  476-1364     C02d10/HiView-SysEventSource   hiview                          I     Parser: parser result domain_=AAFWK eventName_=APP_TERMINATE
02-19 18:41:53.419  1971-2082    C01304/AbilityManagerService   com.huawei.hmos.aidataservice   I     [js_app_manager_utils.cpp(CreateJsProcessData:83)]CreateJsProcessData ConvertNativeValueTo begin.
02-19 18:41:53.419  1971-2082    C01304/AbilityManagerService   com.huawei.hmos.aidataservice   I     [js_app_manager_utils.cpp(CreateJsProcessData:89)]CreateJsProcessData SetProperty begin.
02-19 18:41:53.419  1971-2082    C01304/AbilityManagerService   com.huawei.hmos.aidataservice   I     [js_app_manager_utils.cpp(CreateJsProcessData:96)]CreateJsProcessData end.
02-19 18:41:53.419  1971-2082    C01304/AbilityManagerService   com.huawei.hmos.aidataservice   I     [js_app_state_observer.cpp(CallJsFunction:238)]CallJsFunction begin, method:onProcessStateChanged
