=13
02-19 18:41:53.363  678-739      C01799/MemMgr                  memmgrservice                   E     ReclaimPriorityManager::AddBundleInfoToSet procsNumsSum = 15
02-19 18:41:53.363  678-1976     C01510/IPCObjectProxy          memmgrservice                   W     63: handle = 8 destroyed, descriptor: IPCObjectProxy8
02-19 18:41:53.363  1284-2743    C02f03/ApplicationStateObserverStub privacy_service                 I     [OnForegroundApplicationChanged]:OnChange(accessTokenId=536950784, state=2)
02-19 18:41:53.364  1284-2743    C02f03/PermissionRecordManager privacy_service                 I     [NotifyAppStateChange]:tokenId 536950784, status 1
02-19 18:41:53.364  704-838      C01702/CgroupAdjuster          resource_schedu                 I     AdjustProcessGroup for 12312, source : 0
02-19 18:41:53.364  704-826      C01700/RSS                     resource_schedu                 I     FrameAwarePlugin:DispatchResource type:1, value:2
02-19 18:41:53.364  704-826      C01700/RSS                     resource_schedu                 I     FrameAwarePlugin::OnDispatchResource success.
02-19 18:41:53.364  678-739      C01799/MemMgr                  memmgrservice                   E     ReclaimPriorityManager::DeleteBundleInfoFromSet delete 1 bundles from set, uid_=20010081, totalBundlePrioSet_.size=12
02-19 18:41:53.364  678-739      C01799/MemMgr                  memmgrservice                   E     ReclaimPriorityManager::AddBundleInfoToSet success to insert bundle to set, uid_=20010081, totalBundlePrioSet_.size=13
02-19 18:41:53.364  704-837      C01706/ueaServer-IntelliSenseServer resource_schedu                 I     unknown state : 2
02-19 18:41:53.364  704-837      C01706/ueaServer-IntelliSenseServer resource_schedu                 I     Get app info:12312 20010081 com.netease.lava.nertc.demo 2
02-19 18:41:53.364  678-739      C01799/MemMgr                  memmgrservice                   E     ReclaimPriorityManager::AddBundleInfoToSet procsNumsSum = 15
02-19 18:41:53.364  849-27185    C01510/IPCObjectProxy          bgtaskmgr_servi                 W     63: handle = 15 destroyed, descriptor: IPCObjectProxy15
02-19 18:41:53.364  759-1021     C015b0/NetMgrCommon            netmanager                      I     [NetmanagerStartSyncTrace-(netmanager_hitrace.cpp:25)]NetmanagerStartSyncTrace value:TransPolicyToRule start
02-19 18:41:53.364  1123-12413   C01303/AppMgrService           foundation                      I     [app_running_record.cpp(UpdateAbilityFocusState:762)]focus state is :1
02-19 18:41:53.364  2008-2008    C03900/Ace                     com.ohos.sceneboard             E     [view_stack_processor.cpp(Finish)-(0)] ViewStackProcessor Finish failed, input empty render or invalid root component
02-19 18:41:53.364  2008-2356    C04200/SceneSessionManager     com.ohos.sceneboard             I     <1185>operator(): destroy session persistentId: 50
02-19 18:41:53.364  704-2397     C01510/IPCObjectProxy          resource_schedu                 I     58: handle = 28 create, descriptor: IPCObjectProxy28
02-19 18:41:53.364  1284-2743    C01510/IPCObjectStub           privacy_service                 E     109: unknown OnRemoteRequest code = 7, descriptor: ohos.appexecfwk.IApplicationStateObserver
02-19 18:41:53.364  1057-1057    C01510/IPCObjectProxy          inputmethod_ser                 I     58: handle = 13 create, descriptor: IPCObjectProxy13
02-19 18:41:53.364  476-11650    C01510/IPCObjectProxy          hiview                          I     58: handle = 18 create, descriptor: IPCObjectProxy18
02-19 18:41:53.364  476-11650    C01510/IPCObjectProxy          hiview                          W     63: handle = 18 destroyed, descriptor: IPCObjectProxy18
02-19 18:41:53.364  704-1582     C04200/WindowManager           resource_schedu                 I     <166>Notify WindowVisibilityInfo to caller
02-19 18:41:53.364  704-838      C01702/CgroupAdjuster          resource_schedu                 I     AdjustProcessGroup for 12312, source : 10
02-19 18:41:53.365  704-1582     C04200/WindowManager           resource_schedu                 I     <166>Notify WindowVisibilityInfo to caller
02-19 18:41:53.365  704-1582     C01713/SUSPEND_MANAGER         resource_schedu                 I     [suspend_manager_impl.cpp(UpdateVisibleUidMap):1727] uid: 20010081 visible window: 0.
02-19 18:41:53.365  704-838      C01702/CgroupAdjuster          resource_schedu                 I     ApplyProcessGroup Set 12312's cgroup from 4 to 2.
02-19 18:41:53.365  12312-12312  C01300/Ability                 com.netease.lava.nertc.demo     I     [ability_impl.cpp(operator():586)]isStageBasedModel: 1
02-19 18:41:53.365  704-826      C01700/RSS                     resource_schedu                 I     FrameAwarePlugin:DispatchResource type:8, value:0
02-19 18:41:53.365  704-826      C01700/RSS                     resource_schedu                 I     FrameAwarePlugin::OnDispatchResource success.
02-19 18:41:53.365  2008-2008    A0001b/SceneBoard              com.ohos.sceneboard             I     SCBSceneContainer --> getTranslateYInRecent:-314.78766788587325 tansY:0
02-19 18:41:53.365  12312-12317  C03900/Ace                     com.netease.lava.nertc.demo     I     [ui_content_impl.cpp(UnFocus)-(-1)] UIContentImpl: window unFocus
02-19 18:41:53.365  759-1841     C015b5/netmanager_enhanced     netmanager                      I     [app_aware]NotifyForegroundAppChanged:uid=2******1, pid=12312, state=2, bundleName=com.netease.lava.nertc.demo.
02-19 18:41:53.365  759-1841     C015b5/netmanager_enhanced     netmanager                      I     [decision_center]com.netease.lava.nertc.demo, OnForegroundAppChanged.
02-19 18:41:53.366  759-1841     C015b5/netmanager_enhanced     netmanager                      I     [decision_center]loadState:0, isScreenOn:1, isWifiConnected:1, ForegroundAppChanged:com.netease.lava.nertc.demo
02-19 18:41:53.365  1285-1463    C015b0/NetsysNativeService     netsysnative                    E     [RemoveDeniedList-(bandwidth_manager.cpp:489)]AllowedList uid is not exist, can not remove
02-19 18:41:53.366  2008-2008    A0001b/SceneBoard              com.ohos.sceneboard             I     SCBTransitionManager --> getInstance: [object Object]
02-19 18:41:53.366  759-1841     C015b5/netmanager_enhanced     netmanager                      I     [configuration]Can't find APP com.netease.lava.nertc.demo's config.
02-19 18:41:53.366  704-2397     C01713/SUSPEND_MANAGER         resource_schedu                 E     [suspend_manager_service.cpp(ThawOneApplication):218] Invalid calling token!
02-19 18:41:53.366  704-2397     C01510/IPCObjectProxy          resource_schedu                 W     63: handle = 28 destroyed, descriptor: IPCObjectProxy28
02-19 18:41:53.366  704-826      C01700/RSS                     resource_schedu                 I     FrameAwarePlugin:DispatchResource type:5, value:0
02-19 18:41:53.366  2008-2008    C03900/Ace                     com.ohos.sceneboard             E     [view_stack_processor.cpp(Finish)-(0)] ViewStackProcessor Finish failed, input empty render or invalid root component
02-19 18:41:53.366  2008-2008    C03900/Ace                     com.ohos.sceneboard             E     [js_if_else.cpp(SetBranchId)-(0)] invalid JS function signature: required SetBranchId(branchId, Array<number>)
02-19 18:41:53.366  704-826      C01700/RSS                     resource_schedu                 I     FrameAwarePlugin::OnDispatchResource success.
02-19 18:41:53.366  704-837      C01706/ueaServer-IntelliSenseServer resource_schedu                 I     [ReportWindowFocus]:2008 get focus
02-19 18:41:53.366  2008-2008    C03900/Ace                     com.ohos.sceneboard             E     [js_if_else.cpp(SetBranchId)-(0)] invalid JS function signature: required SetBranchId(branchId, Array<number>)
02-19 18:41:53.366  704-826      C01700/RSS                     resource_schedu                 I     SocPerfPlugin: socperf->WINDOW_SWITCH
02-19 18:41:53.366  2008-2008    C03900/Ace                     com.ohos.sceneboard             E     [js_if_else.cpp(SetBranchId)-(0)] invalid JS function signature: required SetBranchId(branchId, Array<number>)
02-19 18:41:53.366  704-828      C01714/COMPONENT_SCHED         resource_schedu                 W     bundleName is invalid
02-19 18:41:53.366  704-838      C01702/CgroupAdjuster          resource_schedu                 I     AdjustProcessGroup for 12312, source : 8
02-19 18:41:53.366  704-838      C01702/CgroupAdjuster          resource_schedu                 I     AdjustProcessGroup for 2008, source : 8
02-19 18:41:53.366  2008-2008    C03900/Ace                     com.ohos.sceneboard             E     [view_stack_processor.cpp(Finish)-(0)] ViewStackProcessor Finish failed, input empty render or invalid root component
02-19 18:41:53.366  2008-2008    C03900/Ace                     com.ohos.sceneboard             E     [view_stack_processor.cpp(Finish)-(0)] ViewStackProcessor Finish failed, input empty render or invalid root component
02-19 18:41:53.366  704-826      C01700/RSS                     resource_schedu                 I     FrameAwarePlugin:DispatchResource type:8, value:1
02-19 18:41:53.366  704-826      C01700/RSS                     resource_schedu                 I     FrameAwarePlugin::OnDispatchResource success.
02-19 18:41:53.367  2008-2008    C03900/Ace                     com.ohos.sceneboard             I     [image_pattern.cpp(LoadImageDataIfNeed)-(0)] start loading image pixmapID: 0x55ad7d4240 -> modifyID:
02-19 18:41:53.367  2008-2008    A0001b/SceneBoard              com.ohos.sceneboard             I     SCBScene --> SCBSceneSession bundle name: com.netease.lava.nertc.demo id: 50
02-19 18:41:53.367  2008-2008    A0001b/SceneBoard              com.ohos.sceneboard             I     SCBScene --> SCBScene build: com.netease.lava.nertc.demo id: 50
02-19 18:41:53.367  1057-1057    C01510/IPCObjectProxy          inputmethod_ser                 W     63: handle = 13 destroyed, descriptor: IPCObjectProxy13
02-19 18:41:53.367  2008-2008    C03900/Ace                     com.ohos.sceneboard             W     [window_scene.cpp(UpdateSession)-(0)] session_ != session is null, return on line 100
02-19 18:41:53.367  1123-12413   C01304/AbilityManagerService   foundation                      I     [ability_manager_service.cpp(OnAppStateChanged:4469)]On app state changed.
02-19 18:41:53.367  1123-12413   C01304/AbilityManagerService   foundation                      I     [ui_ability_lifecycle_manager.cpp(OnAppStateChanged:1578)]Call.
02-19 18:41:53.368  2008-2008    C03900/Ace                     com.ohos.sceneboard             I     [image_pattern.cpp(operator())-(0)] Image Load Success pixmapID: 0x55ad7d4240 -> modifyID:
02-19 18:41:53.368  1034-1056    C014b1/KRPRPERYIES             composer_host                   E     get property failed
02-19 18:41:53.368  1034-1056    C014c0/GRALLOC                 composer_host                   E     This buffer is nullptr
02-19 18:41:53.368  2008-2008    C03900/Ace                     com.ohos.sceneboard             E     [scroll_bar_proxy.cpp(RegisterScrollableNode)-(0)] scrollable node is already exist.
02-19 18:41:53.369  12312-12312  C03900/Ace                     com.netease.lava.nertc.demo     I     [jsi_declarative_engine.cpp(UpdateApplicationState)-(0)] JsiDeclarativeEngine UpdateApplicationState, packageName , state: 5
02-19 18:41:53.369  2008-2008    A0001b/SceneBoard              com.ohos.sceneboard             I     SCBSceneContainer --> onDisAppear false
02-19 18:41:53.369  1284-1284    C01510/IPCObjectStub           privacy_service                 E     109: unknown OnRemoteRequest code = 4, descriptor: ohos.appexecfwk.IApplicationStateObserver
02-19 18:41:53.369  704-1582     C01510/IPCObjectProxy          resource_schedu                 I     58: handle = 28 create, descriptor: IPCObjectProxy28
02-19 18:41:53.369  704-1582     C01510/IPCObjectProxy          resource_schedu                 W     63: handle = 28 destroyed, descriptor: IPCObjectProxy28
02-19 18:41:53.369  704-1582     C01510/IPCObjectProxy          resource_schedu                 I     58: handle = 28 create, descriptor: IPCObjectProxy28
02-19 18:41:53.370  1971-2082    C01304/AbilityManagerService   com.huawei.hmos.aidataservice   I     [js_app_state_observer.cpp(HandleOnAbilityStateChanged:90)]HandleOnAbilityStateChanged begin
02-19 18:41:53.370  1971-2082    C01304/AbilityManagerService   com.huawei.hmos.aidataservice   I     [js_app_manager_utils.cpp(CreateJsAbilityStateData:51)]CreateJsAbilityStateData called.
02-19 18:41:53.370  1971-2082    C01304/AbilityManagerService   com.huawei.hmos.aidataservice   I     [js_app_manager_utils.cpp(CreateJsAbilityStateData:57)]CreateJsAbilityStateData ConvertNativeValueTo begin.
02-19 18:41:53.370  1971-2082    C01304/AbilityManagerService   com.huawei.hmos.aidataservice   I     [js_app_manager_utils.cpp(CreateJsAbilityStateData:63)]CreateJsAbilityStateData SetProperty begin.
02-19 18:41:53.370  1278-27905   C01510/IPCObjectProxy          render_service                  I     58: handle = 43 create, descriptor: IPCObjectProxy43
02-19 18:41:53.370  1971-2082    C01304/AbilityManagerService   com.huawei.hmos.aidataservice   I     [js_app_manager_utils.cpp(CreateJsAbilityStateData:71)]CreateJsAbilityStateData end.
02-19 18:41:53.370  1971-2082    C01304/AbilityManagerService   com.huawei.hmos.aidataservice   I     [js_app_state_observer.cpp(CallJsFunction:238)]CallJsFunction begin, method:onAbilityStateChanged
02-19 18:41:53.370  1971-2082    C01304/AbilityManagerService   com.huawei.hmos.aidataservice   I     [js_app_state_observer.cpp(CallJsFunction:251)]CallJsFunction end
02-19 18:41:53.370  1971-2082    C01510/IPCObjectProxy          com.huawei.hmos.aidataservice   W     63: handle = 20 destroyed, descriptor: IPCObjectProxy20
02-19 18:41:53.370  1284-1284    C01510/IPCObjectStub           privacy_service                 E     109: unknown OnRemoteRequest code = 2, descriptor: ohos.appexecfwk.IApplicationStateObserver
02-19 18:41:53.370  1278-1278    C02b05/PixelMap                render_service                  I     PixelMap::Create3 enter
02-19 18:41:53.370  2008-2008    A0001b/SceneBoard              com.ohos.sceneboard             I     SCBSceneContainer --> getTranslateYInRecent:-451.43999999999994 tansY:0
02-19 18:41:53.370  1971-2082    C01304/AbilityManagerService   com.huawei.hmos.aidataservice   I     [js_app_manager_utils.cpp(CreateJsAppStateData:29)]CreateJsAppStateData called.
02-19 18:41:53.370  1971-2082    C01304/AbilityManagerService   com.huawei.hmos.aidataservice   I     [js_app_manager_utils.cpp(CreateJsAppStateData:35)]CreateJsAppStateData ConvertNativeValueTo begin.
02-19 18:41:53.370  1971-2082    C01304/AbilityManagerService   com.huawei.hmos.aidataservice   I     [js_app_manager_utils.cpp(CreateJsAppStateData:41)]CreateJsAppStateData SetProperty begin.
02-19 18:41:53.370  1278-1278    C02b05/PixelMap                render_service                  I     PixelMap destory
02-19 18:41:53.370  1971-2082    C01304/AbilityManagerService   com.huawei.hmos.aidataservice   I     [js_app_manager_utils.cpp(CreateJsAppStateData:45)]CreateJsAppStateData end.
02-19 18:41:53.370  1971-2082    C01304/AbilityManagerService   com.huawei.hmos.aidataservice   I     [js_app_state_observer.cpp(CallJsFunction:238)]CallJsFunction begin, method:onForegroundApplicationChanged
02-19 18:41:53.370  1971-2082    C01304/AbilityManagerService   com.huawei.hmos.aidataservice   I     [js_app_state_observer.cpp(CallJsFunction:251)]CallJsFunction end
02-19 18:41:53.370  1971-2036    C01304/AbilityManagerService   com.huawei.hmos.aidataservice   I     [js_app_state_observer.cpp(OnProcessStateChanged:169)]OnProcessStateChanged begin
02-19 18:41:53.370  2008-2008    A0001b/SceneBoard              com.ohos.sceneboard             I     SCBTransitionManager --> getInstance: [object Object]
02-19 18:41:53.370  1971-2036    C01510/IPCObjectProxy          com.huawei.hmos.aidataservice   I     58: handle = 22 create, descriptor: IPCObjectProxy22
02-19 18:41:53.370  849-2191     C01510/IPCObjectProxy          bgtaskmgr_servi                 I     58: handle = 15 create, descriptor: IPCObjectProxy15
02-19 18:41:53.370  2008-2008    C03900/Ace                     com.ohos.sceneboard             E     [view_stack_processor.cpp(Finish)-(0)] ViewStackProcessor Finish failed, input empty render or invalid root component
02-19 18:41:53.370  2008-2008    C03900/Ace                     com.ohos.sceneboard             E     [js_if_else.cpp(SetBranchId)-(0)] invalid JS function signature: required SetBranchId(branchId, Array<number>)
02-19 18:41:53.370  2008-2008    C03900/Ace                     com.ohos.sceneboard             E     [js_if_else.cpp(SetBranchId)-(0)] invalid JS function signature: required SetBranchId(branchId, Array<number>)
02-19 18:41:53.370  2008-2008    C03900/Ace                     com.ohos.sceneboard             E     [js_if_else.cpp(SetBranchId)-(0)] invalid JS function signature: required SetBranchId(branchId, Array<number>)
02-19 18:41:53.370  2008-2008    C03900/Ace                     com.ohos.sceneboard             E     [view_stack_processor.cpp(Finish)-(0)] ViewStackProcessor Finish failed, input empty render or invalid root component
02-19 18:41:53.370  759-759      C01510/IPCObjectProxy          netmanager                      I     58: handle = 34 create, descriptor: IPCObjectProxy34
02-19 18:41:53.370  2008-2008    C03900/Ace                     com.ohos.sceneboard             E     [view_stack_processor.cpp(Finish)-(0)] ViewStackProcessor Finish failed, input empty render or invalid root component
02-19 18:41:53.370  1971-2036    C01304/AbilityManagerService   com.huawei.hmos.aidataservice   I     [js_app_state_observer.cpp(OnExtensionStateChanged:101)]OnExtensionStateChanged begin
02-19 18:41:53.371  634-27130    C01510/IPCObjectProxy          device_usage_st                 I     58: handle = 10 create, descriptor: IPCObjectProxy10
02-19 18:41:53.371  704-822      C01c06/TimeService             resource_schedu                 I     [time_service_client.cpp] GetBootTimeMs# Result: 32898447
02-19 18:41:53.371  1278-1320    C01400/Composer                render_service                  E     ReleaseFramebuffer: Current frame buffer is nullptr.
02-19 18:41:53.371  678-1976     C01510/IPCObjectProxy          memmgrservice                   I     58: handle = 8 create, descriptor: IPCObjectProxy8
02-19 18:41:53.371  634-27130    C01510/IPCObjectProxy          device_usage_st                 W     63: handle = 10 destroyed, descriptor: IPCObjectProxy10
02-19 18:41:53.371  2008-2008    C03900/Ace                     com.ohos.sceneboard             I     [image_pattern.cpp(LoadImageDataIfNeed)-(0)] start loading image pixmapID: 0x55ad7d4240 -> modifyID:
02-19 18:41:53.371  849-2191     C01510/IPCObjectProxy          bgtaskmgr_servi                 W     63: handle = 15 destroyed, descriptor: IPCObjectProxy15
02-19 18:41:53.371  849-2177     C01510/IPCObjectProxy          bgtaskmgr_servi                 I     58: handle = 15 create, descriptor: IPCObjectProxy15
02-19 18:41:53.371  678-1976     C01510/IPCObjectProxy          memmgrservice                   W     63: handle = 8 destroyed, descriptor: IPCObjectProxy8
02-19 18:41:53.371  759-759      C01510/IPCObjectProxy          netmanager                      W     63: handle = 34 destroyed, descriptor: IPCObjectProxy34
02-19 18:41:53.371  704-1582     C01510/IPCObjectProxy          resource_schedu                 W     63: handle = 28 destroyed, descriptor: IPCObjectProxy28
02-19 18:41:53.371  849-2177     C01510/IPCObjectProxy          bgtaskmgr_servi                 W     63: handle = 15 destroyed, descriptor: IPCObjectProxy15
02-19 18:41:53.371  704-1582     C01510/IPCObjectProxy          resource_schedu                 I     58: handle = 28 create, descriptor: IPCObjectProxy28
02-19 18:41:53.371  678-727      C01510/IPCObjectProxy          memmgrservice                   I     58: handle = 8 create, descriptor: IPCObjectProxy8
02-19 18:41:53.371  2008-2008    C03900/Ace                     com.ohos.sceneboard             I     [image_pattern.cpp(operator())-(0)] Image Load Success pixmapID: 0x55ad7d4240 -> modifyID:
02-19 18:41:53.372  704-1582     C01510/IPCObjectProxy          resource_schedu                 W     63: handle = 28 destroyed, descriptor: IPCObjectProxy28
02-19 18:41:53.372  704-838      C01702/CgroupAdjuster          resource_schedu                 I     AdjustProcessGroup for 2008, source : 2
02-19 18:41:53.372  1971-2036    C01304/AbilityManagerService   com.huawei.hmos.aidataservice   I     [js_app_state_observer.cpp(OnProcessStateChanged:169)]OnProcessStateChanged begin
02-19 18:41:53.372  1284-1284    C01510/IPCObjectStub           privacy_service                 E     109: unknown OnRemoteRequest code = 4, descriptor: ohos.appexecfwk.IApplicationStateObserver
02-19 18:41:53.369  12312-12312  C03900/Ace                     com.netease.lava.nertc.demo     I     [pipeline_context.cpp(WindowFocus)-(0)] WindowFocus: window - 50 on blur.
02-19 18:41:53.372  678-727      C01510/IPCObjectProxy          memmgrservice                   W     63: handle = 8 destroyed, descriptor: IPCObjectProxy8
02-19 18:41:53.372  476-1900     C01510/IPCObjectProxy          hiview                          I     58: handle = 18 create, descriptor: IPCObjectProxy18
02-19 18:41:53.373  1285-1759    C015b0/NetsysNativeService     netsysnative                    E     [AddAllowedList-(bandwidth_manager.cpp:509)]AllowedList uid exist, do not repeat
02-19 18:41:53.373  759-1021     C015b0/NetPolicyService        netmanager                      I     [WritePolicyByUid-(net_policy_file.cpp:333)]Need to do nothing!
02-19 18:41:53.373  476-1900     C01510/IPCObjectProxy          hiview                          W     63: handle = 18 destroyed, descriptor: IPCObjectProxy18
02-19 18:41:53.373  476-11650    C01510/IPCObjectProxy          hiview                          I     58: handle = 18 create, descriptor: IPCObjectProxy18
02-19 18:41:53.373  476-11650    C01510/IPCObjectProxy          hiview                          W     63: handle = 18 destroyed, descriptor: IPCObjectProxy18
02-19 18:41:53.373  12312-12312  C01510/IPCObjectProxy          com.netease.lava.nertc.demo     I     58: handle = 20 create, descriptor: IPCObjectProxy20
02-19 18:41:53.374  12312-12312  C02800/MultimodalInputConnectManager com.netease.lava.nertc.demo     I     in ConnectMultimodalInputService, Get multimodalinput service successful
02-19 18:41:53.374  759-1021     C015b0/NetMgrCommon            netmanager                      I     [NetmanagerFinishSyncTrace-(netmanager_hitrace.cpp:31)]NetmanagerFinishSyncTrace value:TransPolicyToRule end
02-19 18:41:53.374  1971-2082    C01304/AbilityManagerService   com.huawei.hmos.aidataservice   I     [js_app_state_observer.cpp(HandleOnProcessStateChanged:192)]HandleOnProcessStateChanged begin
02-19 18:41:53.374  12312-12312  C03900/Ace                     com.netease.lava.nertc.demo     I     [focus_hub.cpp(OnBlurNode)-(0)] FocusHub: Node(root/0) on blur
02-19 18:41:53.374  12312-12312  C03900/Ace                     com.netease.lava.nertc.demo     I     [focus_hub.cpp(OnBlurNode)-(0)] FocusHub: Node(page/2) on blur
02-19 18:41:53.374  12312-12312  C03900/Ace                     com.netease.lava.nertc.demo     I     [focus_hub.cpp(OnBlurNode)-(0)] FocusHub: Node(Column/10) on blur
02-19 18:41:53.374  1971-2082    C01304/AbilityManagerService   com.huawei.hmos.aidataservice   I     [js_app_manager_utils.cpp(CreateJsProcessData:77)]CreateJsProcessData called.
02-19 18:41:53.374  12312-12312  C03900/Ace                     com.netease.lava.nertc.demo     I     [focus_hub.cpp(OnBlurNode)-(0)] FocusHub: Node(Flex/11) on blur
02-19 18:41:53.374  678-2766     C01510/IPCObjectProxy          memmgrservice                   I     58: handle = 8 create, descriptor: IPCObjectProxy8
02-19 18:41:53.374  1971-2082    C01304/AbilityManagerService   com.huawei.hmos.aidataservice   I     [js_app_manager_utils.cpp(CreateJsProcessData:83)]CreateJsProcessData ConvertNativeValueTo begin.
02-19 18:41:53.374  12312-12312  C03900/Ace                     com.netease.lava.nertc.demo     I     [focus_hub.cpp(OnBlurNode)-(0)] FocusHub: Node(Row/12) on blur
02-19 18:41:53.374  12312-12312  C03900/Ace                     com.netease.lava.nertc.demo     I     [focus_hub.cpp(OnBlurNode)-(0)] FocusHub: Node(Button/13) on blur
02-19 18:41:53.374  1971-2082    C01304/AbilityManagerService   com.huawei.hmos.aidataservice   I     [js_app_manager_utils.cpp(CreateJsProcessData:89)]CreateJsProcessData SetProperty begin.
02-19 18:41:53.374  12312-12312  C03900/Ace                     com.netease.lava.nertc.demo     I     [subwindow_manager.cpp(GetSubwindow)-(0)] Get subwindow of instance 0.
02-19 18:41:53.375  1971-2082    C01304/AbilityManagerService   com.huawei.hmos.aidataservice   I     [js_app_manager_utils.cpp(CreateJsProcessData:96)]CreateJsProcessData end.
02-19 18:41:53.375  1971-2082    C01304/AbilityManagerService   com.huawei.hmos.aidataservice   I     [js_app_state_observer.cpp(CallJsFunction:238)]CallJsFunction begin, method:onProcessStateChanged
02-19 18:41:53.375  1971-2082    C01304/AbilityManagerService   com.huawei.hmos.aidataservice   I     [js_app_state_observer.cpp(CallJsFunction:251)]CallJsFunction end
02-19 18:41:53.375  1971-2082    C01304/AbilityManagerService   com.huawei.hmos.aidataservice   I     [js_app_state_observer.cpp(HandleOnProcessStateChanged:192)]HandleOnProcessStateChanged begin
02-19 18:41:53.375  678-2766     C01510/IPCObjectProxy          memmgrservice                   W     63: handle = 8 destroyed, descriptor: IPCObjectProxy8
02-19 18:41:53.375  1971-2082    C01304/AbilityManagerService   com.huawei.hmos.aidataservice   I     [js_app_manager_utils.cpp(CreateJsProcessData:77)]CreateJsProcessData called.
02-19 18:41:53.375  1971-2082    C01304/AbilityManagerService   com.huawei.hmos.aidataservice   I     [js_app_manager_utils.cpp(CreateJsProcessData:83)]CreateJsProcessData ConvertNativeValueTo begin.
02-19 18:41:53.375  1971-2082    C01304/AbilityManagerService   com.huawei.hmos.aidataservice   I     [js_app_manager_utils.cpp(CreateJsProcessData:89)]CreateJsProcessData SetProperty begin.
02-19 18:41:53.375  1971-2082    C01304/AbilityManagerService   com.huawei.hmos.aidataservice   I     [js_app_manager_utils.cpp(CreateJsProcessData:96)]CreateJsProcessData end.
02-19 18:41:53.375  1971-2082    C01304/AbilityManagerService   com.huawei.hmos.aidataservice   I     [js_app_state_observer.cpp(CallJsFunction:238)]CallJsFunction begin, method:onProcessStateChanged
02-19 18:41:53.375  1971-2082    C01304/AbilityManagerService   com.huawei.hmos.aidataservice   I     [js_app_state_observer.cpp(CallJsFunction:251)]CallJsFunction end
02-19 18:41:53.375  1971-2082    C01304/AbilityManagerService   com.huawei.hmos.aidataservice   I     [js_app_state_observer.cpp(HandleOnExtensionStateChanged:124)]HandleOnExtensionStateChanged begin
02-19 18:41:53.375  1971-2082    C01304/AbilityManagerService   com.huawei.hmos.aidataservice   I     [js_app_manager_utils.cpp(CreateJsAbilityStateData:51)]CreateJsAbilityStateData called.
02-19 18:41:53.375  1971-2082    C01304/AbilityManagerService   com.huawei.hmos.aidataservice   I     [js_app_manager_utils.cpp(CreateJsAbilityStateData:57)]CreateJsAbilityStateData ConvertNativeValueTo begin.
02-19 18:41:53.375  1971-2082    C01304/AbilityManagerService   com.huawei.hmos.aidataservice   I     [js_app_manager_utils.cpp(CreateJsAbilityStateData:63)]CreateJsAbilityStateData SetProperty begin.
02-19 18:41:53.375  1971-2082    C01304/AbilityManagerService   com.huawei.hmos.aidataservice   I     [js_app_manager_utils.cpp(CreateJsAbilityStateData:71)]CreateJsAbilityStateData end.
02-19 18:41:53.375  1971-2082    C01304/AbilityManagerService   com.huawei.hmos.aidataservice   I     [js_app_state_observer.cpp(CallJsFunction:238)]CallJsFunction begin, method:onAbilityStateChanged
02-19 18:41:53.375  1971-2082    C01304/AbilityManagerService   com.huawei.hmos.aidataservice   I     [js_app_state_observer.cpp(CallJsFunction:251)]CallJsFunction end
02-19 18:41:53.375  1971-2082    C01510/IPCObjectProxy          com.huawei.hmos.aidataservice   W     63: handle = 22 destroyed, descriptor: IPCObjectProxy22
02-19 18:41:53.379  1278-1420    C02b05/PixelMap                render_service                  E     SetPixelsAddr error
02-19 18:41:53.379  1278-1420    C02b05/PixelMap                render_service                  I     PixelMap destory
02-19 18:41:53.379  1034-1056    C014b1/KRPRPERYIES             composer_host                   E     get property failed
02-19 18:41:53.379  1278-1420    C01510/IPCObjectProxy          render_service                  W     63: handle = 43 destroyed, descriptor: IPCObjectProxy43
02-19 18:41:53.379  1034-1056    C014c0/GRALLOC                 composer_host                   E     This buffer is nullptr
02-19 18:41:53.379  1278-1420    C01400/OHOS::RS                render_service                  I     RSBackgroundThread::CleanGrResource() finished
02-19 18:41:53.379  2008-2014    C01400/OHOS::ROSEN             com.ohos.sceneboard             I     RSRenderServiceClient::Into TriggerSurfaceCaptureCallback nodeId:[52879637348353]
02-19 18:41:53.379  2008-2360    C04200/SessionListenerController com.ohos.sceneboard             I     <176>operator(): NotifySessionSnapshotChanged, persistentId:50.
02-19 18:41:53.382  1278-1320    C01400/Composer                render_service                  E     ReleaseFramebuffer: Current frame buffer is nullptr.
02-19 18:41:53.390  1034-1056    C014b1/KRPRPERYIES             composer_host                   E     get property failed
02-19 18:41:53.390  1034-1056    C014c0/GRALLOC                 composer_host                   E     This buffer is nullptr
02-19 18:41:53.393  1278-1320    C01400/Composer                render_service                  E     ReleaseFramebuffer: Current frame buffer is nullptr.
02-19 18:41:53.397  2008-2008    A0001b/SceneBoard              com.ohos.sceneboard             I     SCBSceneSession --> onSessionStateChange, id: 50, state: 5
02-19 18:41:53.397  2008-2356    C04200/SceneSessionManager     com.ohos.sceneboard             E     <4339>CheckCollaboratorType: type is invalid
02-19 18:41:53.397  2008-2008    A0001b/SceneBoard              com.ohos.sceneboard             I     SCBSceneSessionManager --> reOrder showWhenLocked sessions, status: false
02-19 18:41:53.397  2008-2008    A0001b/SceneBoard              com.ohos.sceneboard             I     SCBSceneSessionManager --> remove special scene panel container session
02-19 18:41:53.397  1123-1701    C01304/AbilityManagerService   foundation                      I     [ability_manager_service.cpp(CloseUIAbilityBySCB:2301)]close session: 50, resultCode: -1
02-19 18:41:53.397  1123-1701    C01304/AbilityManagerService   foundation                      I     [app_exit_reason_data_manager.cpp(DeleteAbilityRecoverInfo:340)]DeleteAbilityRecoverInfo bundle com.netease.lava.nertc.demo module demo ability EntryAbility
02-19 18:41:53.397  2008-2008    A0001b/SceneBoard              com.ohos.sceneboard             I     SCBSceneSessionManager --> add scene panel container session
02-19 18:41:53.398  2008-2008    A0001b/SceneBoard              com.ohos.sceneboard             I     SCBSceneSession --> onSessionStateChange, id: 50, state: 0
02-19 18:41:53.398  1123-1701    C01630/DistributedDB           foundation                      W     [KvStoreNbDelegate] Get the data failed:-1003
02-19 18:41:53.398  1123-1701    C01610/ZDDS                    foundation                      E     SingleStoreImpl::Get: status:0x1a30007 key:rec***emo
02-19 18:41:53.398  1123-1701    C01304/AbilityManagerService   foundation                      E     [app_exit_reason_data_manager.cpp(DeleteAbilityRecoverInfo:353)]DeleteAbilityRecoverInfo get error: 27459591
02-19 18:41:53.398  1123-1701    C01304/AbilityManagerService   foundation                      E     [event_report.cpp(SendAbilityEvent:199)]invalid eventName
02-19 18:41:53.398  1123-1701    C01304/AbilityManagerService   foundation                      I     [ui_ability_lifecycle_manager.cpp(CloseUIAbility:821)]call, from ability: /com.netease.lava.nertc.demo/demo/EntryAbility
02-19 18:41:53.398  1123-1701    C01304/AbilityManagerService   foundation                      W     [ability_record.cpp(SaveResultToCallers:1593)]callerRecordList is empty.
02-19 18:41:53.398  1123-1701    C01304/AbilityManagerService   foundation                      I     [ability_record.cpp(BackgroundAbility:1093)]ability:EntryAbility.
02-19 18:41:53.398  1123-1701    C01304/AbilityManagerService   foundation                      E     [ability_manager_service.cpp(CheckCollaboratorType:8141)]type is invalid
02-19 18:41:53.398  1123-1701    C01304/AbilityManagerService   foundation                      E     [ability_manager_service.cpp(GetCollaborator:8125)]collaborator: CheckCollaboratorType failed
02-19 18:41:53.398  1123-1701    C01304/AbilityManagerService   foundation                      I     [lifecycle_deal.cpp(BackgroundNew:146)]call
02-19 18:41:53.398  2008-2008    C03900/Ace                     com.ohos.sceneboard             I     [image_pattern.cpp(LoadImageDataIfNeed)-(0)] start loading image pixmapID: 0x55a13b5140 -> modifyID:
02-19 18:41:53.398  2008-2356    C04200/SceneSessionManager     com.ohos.sceneboard             I     <2187>NotifySessionForCallback: NotifySessionForCallback, id: 50, needRemoveSession: 1
02-19 18:41:53.398  2008-2356    C04200/SceneSessionManager     com.ohos.sceneboard             I     <2195>NotifySessionForCallback: NotifySessionDestroy, needRemoveSession, id: 50
02-19 18:41:53.398  2008-2360    C04200/SessionListenerController com.ohos.sceneboard             I     <131>operator(): NotifySessionDestroyed, persistentId:50.
02-19 18:41:53.398  12312-12317  C01304/AbilityManagerService   com.netease.lava.nertc.demo     I     [ability_thread.cpp(ScheduleAbilityTransaction:699)]name:EntryAbility,targeState:6,isNewWant:0
02-19 18:41:53.398  2008-2008    C04200/JsSceneSession          com.ohos.sceneboard             I     <168>operator(): clear callbackMap
02-19 18:41:53.399  12312-12312  C01300/Ability                 com.netease.lava.nertc.demo     I     [new_ability_impl.cpp(HandleAbilityTransaction:41)]NewAbilityImpl::HandleAbilityTransaction begin sourceState:5; targetState: 6; isNewWant: 0, sceneFlag: 0
02-19 18:41:53.399  12312-12312  A00000/testTag                 com.netease.lava.nertc.demo     I     Ability onBackground
02-19 18:41:53.400  12312-12312  C04200/WindowScene             com.netease.lava.nertc.demo     I     <148>GoBackground: reason:0
02-19 18:41:53.400  12312-12312  C04200/WindowSceneSessionImpl  com.netease.lava.nertc.demo     I     <450>Hide: id:50 Hide, reason:0, state:2, requestState:2
02-19 18:41:53.400  12312-12312  C01300/Ability                 com.netease.lava.nertc.demo     I     [ability_impl.cpp(AfterBackground:665)]UIAbility, window after background.
02-19 18:41:53.401  1034-1056    C014b1/KRPRPERYIES             composer_host                   E     get property failed
02-19 18:41:53.401  1034-1056    C014c0/GRALLOC                 composer_host                   E     This buffer is nullptr
02-19 18:41:53.401  1123-1701    C01304/AbilityManagerService   foundation                      I     [ability_manager_service.cpp(AbilityTransitionDone:4245)]Ability transition done come, state:6.
02-19 18:41:53.401  1123-1701    C01304/AbilityManagerService   foundation                      I     [ui_ability_lifecycle_manager.cpp(AbilityTransactionDone:186)]AbilityTransactionDone, state: BACKGROUND.
02-19 18:41:53.401  1123-1701    C01304/AbilityManagerService   foundation                      I     [ability_record.cpp(SaveAbilityState:1477)]call
02-19 18:41:53.402  1123-12431   C01304/AbilityManagerService   foundation                      E     [ability_manager_service.cpp(CheckCollaboratorType:8141)]type is invalid
02-19 18:41:53.402  1123-12431   C01304/AbilityManagerService   foundation                      E     [ability_manager_service.cpp(GetCollaborator:8125)]collaborator: CheckCollaboratorType failed
02-19 18:41:53.402  1123-12431   C01518/DBinderBaseInvoker      foundation                      I     36: Create DBinderDatabusInvoker
02-19 18:41:53.402  1123-12431   C01304/AbilityManagerService   foundation                      I     [ability_record.cpp(Terminate:1410)]ability:EntryAbility.
02-19 18:41:53.402  1123-12431   C01304/AbilityManagerService   foundation                      E     [ability_manager_service.cpp(CheckCollaboratorType:8141)]type is invalid
02-19 18:41:53.402  1123-12431   C01304/AbilityManagerService   foundation                      E     [ability_manager_service.cpp(GetCollaborator:8125)]collaborator: CheckCollaboratorType failed
02-19 18:41:53.402  1123-12431   C01304/AbilityManagerService   foundation                      I     [lifecycle_deal.cpp(Terminate:91)]call
02-19 18:41:53.402  1123-12413   C01303/AppMgrService           foundation                      I     [app_mgr_service_inner.cpp(UpdateAbilityState:1254)]AppMgrService start to update the ability to state 4.
02-19 18:41:53.402  1123-12413   C01303/AppMgrService           foundation                      I     [app_running_record.cpp(UpdateAbilityState:784)]state is :4
02-19 18:41:53.402  1123-12413   C01303/AppMgrService           foundation                      I     [app_running_record.cpp(AbilityBackground:849)]ability is com.netease.lava.nertc.demo
02-19 18:41:53.402  1123-12413   C01303/AppMgrService           foundation                      I     [module_running_record.cpp(OnAbilityStateChanged:168)]Ability state change from 2 to 4, name is EntryAbility.
02-19 18:41:53.402  1123-12413   C01304/AbilityManagerService   foundation                      I     [app_scheduler.cpp(OnAbilityRequestDone:205)]On ability request done, state:4
02-19 18:41:53.402  1123-12413   C01304/AbilityManagerService   foundation                      I     [ability_manager_service.cpp(OnAbilityRequestDone:4426)]On ability request done, name is EntryAbility
02-19 18:41:53.402  12312-12317  C01304/AbilityManagerService   com.netease.lava.nertc.demo     I     [ability_thread.cpp(ScheduleAbilityTransaction:699)]name:EntryAbility,targeState:0,isNewWant:0
02-19 18:41:53.402  12312-12312  C03900/Ace                     com.netease.lava.nertc.demo     I     [ui_content_impl.cpp(Background)-(-1)] UIContentImpl: window background
02-19 18:41:53.402  12312-12312  C03900/Ace                     com.netease.lava.nertc.demo     I     [jsi_declarative_engine.cpp(UpdateApplicationState)-(0)] JsiDeclarativeEngine UpdateApplicationState, packageName , state: 3
02-19 18:41:53.402  759-775      C01510/IPCObjectProxy          netmanager                      I     58: handle = 34 create, descriptor: IPCObjectProxy34
02-19 18:41:53.402  1060-1158    C01510/IPCObjectProxy          av_session                      I     58: handle = 13 create, descriptor: IPCObjectProxy13
02-19 18:41:53.402  1971-3111    C01510/IPCObjectProxy          com.huawei.hmos.aidataservice   I     58: handle = 20 create, descriptor: IPCObjectProxy20
02-19 18:41:53.402  1971-3111    C01304/AbilityManagerService   com.huawei.hmos.aidataservice   I     [js_app_state_observer.cpp(OnAbilityStateChanged:67)]OnAbilityStateChanged begin
02-19 18:41:53.402  1060-1158    C01510/IPCObjectProxy          av_session                      W     63: handle = 13 destroyed, descriptor: IPCObjectProxy13
02-19 18:41:53.402  678-1976     C01510/IPCObjectProxy          memmgrservice                   I     58: handle = 8 create, descriptor: IPCObjectProxy8
02-19 18:41:53.403  1971-2082    C01304/AbilityManagerService   com.huawei.hmos.aidataservice   I     [js_app_state_observer.cpp(HandleOnAbilityStateChanged:90)]HandleOnAbilityStateChanged begin
02-19 18:41:53.403  1971-2082    C01304/AbilityManagerService   com.huawei.hmos.aidataservice   I     [js_app_manager_utils.cpp(CreateJsAbilityStateData:51)]CreateJsAbilityStateData called.
02-19 18:41:53.403  1971-2082    C01304/AbilityManagerService   com.huawei.hmos.aidataservice   I     [js_app_manager_utils.cpp(CreateJsAbilityStateData:57)]CreateJsAbilityStateData ConvertNativeValueTo begin.
02-19 18:41:53.403  1971-2082    C01304/AbilityManagerService   com.huawei.hmos.aidataservice   I     [js_app_manager_utils.cpp(CreateJsAbilityStateData:63)]CreateJsAbilityStateData SetProperty begin.
02-19 18:41:53.403  1971-2082    C01304/AbilityManagerService   com.huawei.hmos.aidataservice   I     [js_app_manager_utils.cpp(CreateJsAbilityStateData:71)]CreateJsAbilityStateData end.
02-19 18:41:53.403  1971-2082    C01304/AbilityManagerService   com.huawei.hmos.aidataservice   I     [js_app_state_observer.cpp(CallJsFunction:238)]CallJsFunction begin, method:onAbilityStateChanged
02-19 18:41:53.403  704-1582     C01510/IPCObjectProxy          resource_schedu                 I     58: handle = 28 create, descriptor: IPCObjectProxy28
02-19 18:41:53.403  476-1900     C01510/IPCObjectProxy          hiview                          I     58: handle = 18 create, descriptor: IPCObjectProxy18
02-19 18:41:53.403  1971-2082    A00f00/AiDataService           com.huawei.hmos.aidataservice   I     AppUsageAbility:  publishAbilityUsage:com.netease.lava.nertc.demo,demo,EntryAbility,20010081,out
02-19 18:41:53.403  476-1900     C01510/IPCObjectProxy          hiview                          W     63: handle = 18 destroyed, descriptor: IPCObjectProxy18
02-19 18:41:53.403  759-775      C01510/IPCObjectProxy          netmanager                      W     63: handle = 34 destroyed, descriptor: IPCObjectProxy34
02-19 18:41:53.403  759-759      C01510/IPCObjectProxy          netmanager                      I     58: handle = 34 create, descriptor: IPCObjectProxy34
02-19 18:41:53.403  1284-1284    C01510/IPCObjectStub           privacy_service                 E     109: unknown OnRemoteRequest code = 1, descriptor: ohos.appexecfwk.IApplicationStateObserver
02-19 18:41:53.403  476-11650    C01510/IPCObjectProxy          hiview                          I     58: handle = 18 create, descriptor: IPCObjectProxy18
02-19 18:41:53.403  1971-2082    A00f00/AiDataService           com.huawei.hmos.aidataservice   I     AbilityContext: publish event verify
02-19 18:41:53.403  476-11650    C01510/IPCObjectProxy          hiview                          W     63: handle = 18 destroyed, descriptor: IPCObjectProxy18
02-19 18:41:53.403  704-1582     C01510/IPCObjectProxy          resource_schedu                 W     63: handle = 28 destroyed, descriptor: IPCObjectProxy28
02-19 18:41:53.403  1971-2082    A00f00/AiDataService           com.huawei.hmos.aidataservice   I     AbilityContext: key: dataName, ability: undefined, length: undefined
02-19 18:41:53.403  704-2397     C01510/IPCObjectProxy          resource_schedu                 I     58: handle = 28 create, descriptor: IPCObjectProxy28
02-19 18:41:53.403  1971-2082    A00f00/AiDataService           com.huawei.hmos.aidataservice   I     AbilityContext: key: states, ability: Cannot get source code of funtion, length: 3
02-19 18:41:53.403  1971-2082    A00f00/AiDataService           com.huawei.hmos.aidataservice   I     decorators: previous: undefined
02-19 18:41:53.403  704-2397     C01510/IPCObjectProxy          resource_schedu                 W     63: handle = 28 destroyed, descriptor: IPCObjectProxy28
02-19 18:41:53.403  849-2177     C01510/IPCObjectProxy          bgtaskmgr_servi                 I     58: handle = 15 create, descriptor: IPCObjectProxy15
02-19 18:41:53.403  759-759      C01510/IPCObjectProxy          netmanager                      W     63: handle = 34 destroyed, descriptor: IPCObjectProxy34
02-19 18:41:53.403  704-2397     C01510/IPCObjectProxy          resource_schedu                 I     58: handle = 28 create, descriptor: IPCObjectProxy28
02-19 18:41:53.403  678-2766     C01510/IPCObjectProxy          memmgrservice                   W     63: handle = 8 destroyed, descriptor: IPCObjectProxy8
02-19 18:41:53.403  678-727      C01510/IPCObjectProxy          memmgrservice                   I     58: handle = 8 create, descriptor: IPCObjectProxy8
02-19 18:41:53.403  634-700      C01510/IPCObjectProxy          device_usage_st                 I     58: handle = 10 create, descriptor: IPCObjectProxy10
02-19 18:41:53.403  678-727      C01510/IPCObjectProxy          memmgrservice                   W     63: handle = 8 destroyed, descriptor: IPCObjectProxy8
02-19 18:41:53.403  704-2397     C01510/IPCObjectProxy          resource_schedu                 W     63: handle = 28 destroyed, descriptor: IPCObjectProxy28
02-19 18:41:53.403  704-838      C01702/CgroupAdjuster          resource_schedu                 I     AdjustProcessGroup for 12312, source : 1
02-19 18:41:53.404  849-2177     C01510/IPCObjectProxy          bgtaskmgr_servi                 W     63: handle = 15 destroyed, descriptor: IPCObjectProxy15
02-19 18:41:53.404  1971-2082    A00f00/AiDataService           com.huawei.hmos.aidataservice   I     default: states check isIncludes = true
02-19 18:41:53.404  1971-2082    A00f00/AiDataService           com.huawei.hmos.aidataservice   I     AbilityContext: publish event
02-19 18:41:53.404  1971-2082    A00f00/AiDataService           com.huawei.hmos.aidataservice   I     InnerUpdateRequest: execute, running on a worker thread.
02-19 18:41:53.404  634-700      C01c06/TimeService             device_usage_st                 I     [time_service_client.cpp] GetBootTimeMs# Result: 32898480
02-19 18:41:53.404  634-700      C01710/BUNDLE_ACTIVE           device_usage_st                 I     [bundle_active_app_state_obsever.cpp(OnAbilityStateChanged):76] OnAbilityStateChangeduser id is 100, bundle name is com.netease.lava.nertc.demo, ability name is EntryAbility, ability id is 0x7fa045db60, event id is 3
02-19 18:41:53.404  1971-2082    A00f00/AiDataService           com.huawei.hmos.aidataservice   I     DataOperationWorkerHolder: sendMessage starts.
02-19 18:41:53.404  1278-1320    C01400/Composer                render_service                  E     ReleaseFramebuffer: Current frame buffer is nullptr.
02-19 18:41:53.404  634-700      C01510/IPCObjectProxy          device_usage_st                 W     63: handle = 10 destroyed, descriptor: IPCObjectProxy10
02-19 18:41:53.404  1971-2082    A00f00/AiDataService           com.huawei.hmos.aidataservice   I     DataOperationWorkerHolder: sendMessage, start to send message, messageType: 2, sessionId: 5b6f1356-fc01-44b6-a2a2-91964afd9185
02-19 18:41:53.404  1971-2082    C01304/AbilityManagerService   com.huawei.hmos.aidataservice   I     [js_app_state_observer.cpp(CallJsFunction:251)]CallJsFunction end
02-19 18:41:53.404  1971-2082    C01510/IPCObjectProxy          com.huawei.hmos.aidataservice   W     63: handle = 20 destroyed, descriptor: IPCObjectProxy20
02-19 18:41:53.405  634-1842     C01710/BUNDLE_ACTIVE           device_usage_st                 I     [bundle_active_report_handler.cpp(ProcessEvent):39] MSG_REPORT_EVENT CALLED
02-19 18:41:53.405  634-1842     C01c06/TimeService             device_usage_st                 I     [time_service_client.cpp] GetBootTimeMs# Result: 32898480
02-19 18:41:53.405  634-1842     C01c06/TimeService             device_usage_st                 I     [time_service_client.cpp] GetBootTimeMs# Result: 32898481
02-19 18:41:53.405  634-1842     C01710/BUNDLE_ACTIVE           device_usage_st                 I     [bundle_active_user_service.cpp(ReportModuleEvent):593] ReportModuleEvent called
02-19 18:41:53.405  634-1842     C01710/BUNDLE_ACTIVE           device_usage_st                 I     [bundle_active_user_service.cpp(ReportEvent):100] ReportEvent, B time is 1708300800000, E time is 1708387200000, userId is 100,
02-19 18:41:53.405  634-1842     C01710/BUNDLE_ACTIVE           device_usage_st                 I     [bundle_active_user_service.cpp(NotifyStatsChanged):84] NotifyStatsChanged stat change is 1, user is 100
02-19 18:41:53.405  1971-1971    A00f00/AiDataService           com.huawei.hmos.aidataservice   I     AiWorkerManager: onMessage, messageType.2
02-19 18:41:53.405  849-2191     C01510/IPCObjectProxy          bgtaskmgr_servi                 I     58: handle = 15 create, descriptor: IPCObjectProxy15
02-19 18:41:53.405  634-1842     C01710/BUNDLE_ACTIVE           device_usage_st                 I     [bundle_active_user_history.cpp(ReportUsage):196] RegisterAppGroupCallBack will ReportUsage
02-19 18:41:53.405  849-2191     C01510/IPCObjectProxy          bgtaskmgr_servi                 W     63: handle = 15 destroyed, descriptor: IPCObjectProxy15
02-19 18:41:53.405  678-739      C01799/MemMgr                  memmgrservice                   E     ReclaimPriorityManager::DeleteBundleInfoFromSet delete 1 bundles from set, uid_=20010081, totalBundlePrioSet_.size=12
02-19 18:41:53.405  678-739      C01799/MemMgr                  memmgrservice                   E     ReclaimPriorityManager::AddBundleInfoToSet success to insert bundle to set, uid_=20010081, totalBundlePrioSet_.size=13
02-19 18:41:53.405  678-739      C01799/MemMgr                  memmgrservice                   E     ReclaimPriorityManager::AddBundleInfoToSet procsNumsSum = 15
02-19 18:41:53.405  1971-12434   C01518/DBinderBaseInvoker      com.huawei.hmos.aidataservice   I     36: Create DBinderDatabusInvoker
