02-19 18:33:49.838  482-482      C02c11/APPSPAWN                appspawn                        I     [appspawn_service.c:428]flags 0x0 cloneFlags 0x20000 hapFlags 0x1
02-19 18:33:49.838  482-482      C02c11/APPSPAWN                appspawn                        I     [appspawn_service.c:428]bundleName com.ohos.telephonydataability soPath
02-19 18:33:49.839  482-482      C02c11/APPSPAWN                appspawn                        I     [appspawn_service.c:428]Access token apl normal renderCmd invalidparam
02-19 18:33:49.839  482-482      C02c11/APPSPAWN                appspawn                        I     [appspawn_service.c:428]uid 20010078 20010078 gid count 0
02-19 18:33:49.839  482-482      C02c11/APPSPAWN                appspawn                        I     [appspawn_service.c:428]setAllowInternet 1 allowInternet 0
02-19 18:33:49.839  482-482      C02c11/APPSPAWN                appspawn                        I     [appspawn_server.c:217]AppSpawnProcessMsg id 130 0x0
02-19 18:33:49.840  10585-10585  C04388/file_api                pid-10585                       E     Export: Class __properities__ for module fileio has been exported
02-19 18:33:49.840  10585-10585  C04388/file_api                pid-10585                       I     SaveClass: Class Dirent has been saved
02-19 18:33:49.840  10585-10585  C04388/file_api                pid-10585                       E     Export: Class Dirent for module fileio has been exported
02-19 18:33:49.840  10585-10585  C04388/file_api                pid-10585                       I     SaveClass: Class Dir has been saved
02-19 18:33:49.840  10585-10585  C04388/file_api                pid-10585                       E     Export: Class Dir for module fileio has been exported
02-19 18:33:49.840  10585-10585  C04388/file_api                pid-10585                       I     SaveClass: Class RandomAccessFile has been saved
02-19 18:33:49.840  10585-10585  C04388/file_api                pid-10585                       E     Export: Class RandomAccessFile for module fileio has been exported
02-19 18:33:49.840  10585-10585  C04388/file_api                pid-10585                       I     SaveClass: Class Stat has been saved
02-19 18:33:49.840  10585-10585  C04388/file_api                pid-10585                       E     Export: Class Stat for module fileio has been exported
02-19 18:33:49.840  10585-10585  C04388/file_api                pid-10585                       I     SaveClass: Class Stream has been saved
02-19 18:33:49.840  10585-10585  C04388/file_api                pid-10585                       E     Export: Class Stream for module fileio has been exported
02-19 18:33:49.840  10585-10585  C04388/file_api                pid-10585                       I     SaveClass: Class Watcher has been saved
02-19 18:33:49.840  10585-10585  C04388/file_api                pid-10585                       E     Export: Class Watcher for module fileio has been exported
02-19 18:33:49.841  10585-10585  C04388/file_api                pid-10585                       I     SaveClass: Class Constants has been saved
02-19 18:33:49.841  10585-10585  C04388/file_api                pid-10585                       E     Export: Class Constants for module fileio has been exported
02-19 18:33:49.842  10585-10585  C03900/NAPI                    pid-10585                       W     [(native_module_manager.cpp:447)(LoadNativeModule)] module 'display' does not in cache
02-19 18:33:49.842  10585-10585  C03900/NAPI                    pid-10585                       I     [(app_module_checker.cpp:24)(CheckModuleLoadable)] check blocklist, moduleName = display, processExtensionType_ = 3
02-19 18:33:49.842  10585-10585  C03900/NAPI                    pid-10585                       W     [(native_module_manager.cpp:646)(LoadModuleLibrary)] dlopen failed: Error loading shared library /system/lib64/module/libdisplay.z.so: No such file or directory
02-19 18:33:49.842  10585-10585  C03900/NAPI                    pid-10585                       I     [(native_module_manager.cpp:239)(Register)] NativeModule Register success. module name is 'display'
02-19 18:33:49.842  10585-10585  C04201/JsDisplayManager        pid-10585                       I     <568>JsDisplayManagerInit is called
02-19 18:33:49.842  10585-10585  C04201/JsDisplayManager        pid-10585                       I     <435>InitDisplayState called
02-19 18:33:49.843  10585-10585  C04201/JsDisplayManager        pid-10585                       I     <465>InitOrientation called
02-19 18:33:49.843  10585-10585  C04201/JsDisplayManager        pid-10585                       I     <490>InitDisplayErrorCode called
02-19 18:33:49.843  10585-10585  C04201/JsDisplayManager        pid-10585                       I     <522>InitDisplayError called
02-19 18:33:49.847  10585-10585  C03900/NAPI                    pid-10585                       W     [(native_module_manager.cpp:447)(LoadNativeModule)] module 'net.http' does not in cache
02-19 18:33:49.847  10585-10585  C03900/NAPI                    pid-10585                       I     [(app_module_checker.cpp:24)(CheckModuleLoadable)] check blocklist, moduleName = net.http, processExtensionType_ = 3
02-19 18:33:49.848  10585-10585  C03900/NAPI                    pid-10585                       I     [(native_module_manager.cpp:239)(Register)] NativeModule Register success. module name is 'net.http'
02-19 18:33:49.848  10585-10585  C03900/NAPI                    pid-10585                       W     [(native_module_manager.cpp:447)(LoadNativeModule)] module 'i18n' does not in cache
02-19 18:33:49.848  10585-10585  C03900/NAPI                    pid-10585                       I     [(app_module_checker.cpp:24)(CheckModuleLoadable)] check blocklist, moduleName = i18n, processExtensionType_ = 3
02-19 18:33:49.849  10585-10585  C03900/NAPI                    pid-10585                       I     [(native_module_manager.cpp:239)(Register)] NativeModule Register success. module name is 'i18n'
02-19 18:33:49.851  10598-10598  C02c11/APPSPAWN                pid-10598                       I     [appspawn_process.c:192]ClearEnvironment id 130
02-19 18:33:49.851  10585-10585  C03900/NAPI                    pid-10585                       W     [(native_module_manager.cpp:447)(LoadNativeModule)] module 'process' does not in cache
02-19 18:33:49.851  10585-10585  C03900/NAPI                    pid-10585                       I     [(app_module_checker.cpp:24)(CheckModuleLoadable)] check blocklist, moduleName = process, processExtensionType_ = 3
02-19 18:33:49.851  10585-10585  C03900/NAPI                    pid-10585                       I     [(native_module_manager.cpp:239)(Register)] NativeModule Register success. module name is 'process'
02-19 18:33:49.852  10585-10585  C03900/NAPI                    pid-10585                       W     [(native_module_manager.cpp:447)(LoadNativeModule)] module 'buffer' does not in cache
02-19 18:33:49.852  10585-10585  C03900/NAPI                    pid-10585                       I     [(app_module_checker.cpp:24)(CheckModuleLoadable)] check blocklist, moduleName = buffer, processExtensionType_ = 3
02-19 18:33:49.852  10585-10585  C03900/NAPI                    pid-10585                       I     [(native_module_manager.cpp:239)(Register)] NativeModule Register success. module name is 'buffer'
02-19 18:33:49.853  10585-10585  C03900/NAPI                    pid-10585                       W     [(native_module_manager.cpp:447)(LoadNativeModule)] module 'agccrypto' does not in cache
02-19 18:33:49.853  10585-10585  C03900/NAPI                    pid-10585                       I     [(app_module_checker.cpp:24)(CheckModuleLoadable)] check blocklist, moduleName = agccrypto, processExtensionType_ = 3
02-19 18:33:49.854  10585-10585  C03900/NAPI                    pid-10585                       I     [(native_module_manager.cpp:239)(Register)] NativeModule Register success. module name is 'default/agccrypto'
02-19 18:33:49.855  10585-10585  C03900/NAPI                    pid-10585                       W     [(native_module_manager.cpp:447)(LoadNativeModule)] module 'statfs' does not in cache
02-19 18:33:49.855  10585-10585  C03900/NAPI                    pid-10585                       I     [(app_module_checker.cpp:24)(CheckModuleLoadable)] check blocklist, moduleName = statfs, processExtensionType_ = 3
02-19 18:33:49.855  10585-10585  C03900/NAPI                    pid-10585                       I     [(native_module_manager.cpp:239)(Register)] NativeModule Register success. module name is 'statfs'
02-19 18:33:49.855  10585-10585  C03900/NAPI                    pid-10585                       W     [(native_module_manager.cpp:447)(LoadNativeModule)] module 'bundle.bundleManager' does not in cache
02-19 18:33:49.855  10585-10585  C03900/NAPI                    pid-10585                       I     [(app_module_checker.cpp:24)(CheckModuleLoadable)] check blocklist, moduleName = bundle.bundleManager, processExtensionType_ = 3
02-19 18:33:49.855  10585-10585  C03900/NAPI                    pid-10585                       I     [(native_module_manager.cpp:239)(Register)] NativeModule Register success. module name is 'bundle.bundleManager'
02-19 18:33:49.856  10585-10585  C01510/IPCObjectProxy          pid-10585                       I     58: handle = 13 create, descriptor: IPCObjectProxy13
02-19 18:33:49.856  10585-10585  C01510/IPCObjectStub           pid-10585                       I     63: create, desc: ohos.eventfwk.IEventReceive
02-19 18:33:49.857  1123-1696    C01510/IPCObjectProxy          foundation                      I     58: handle = 275 create, descriptor: IPCObjectProxy275
02-19 18:33:49.857  1123-1696    C01200/Ces                     foundation                      I     [common_event_subscribe_info.cpp:(~CommonEventSubscribeInfo):47] ~CommonEventSubscribeInfo
02-19 18:33:49.857  1123-1696    C01200/Ces                     foundation                      I     [common_event_subscribe_info.cpp:(~CommonEventSubscribeInfo):47] ~CommonEventSubscribeInfo
02-19 18:33:49.857  1123-1696    C01200/Ces                     foundation                      I     [common_event_subscribe_info.cpp:(~CommonEventSubscribeInfo):47] ~CommonEventSubscribeInfo
02-19 18:33:49.857  10585-10585  C01200/Ces                     pid-10585                       I     [common_event_subscribe_info.cpp:(~CommonEventSubscribeInfo):47] ~CommonEventSubscribeInfo
02-19 18:33:49.857  10585-10585  C01120/BundleMgrService        pid-10585                       I     [native_module.cpp(BundleManagerExport):141] init js bundle manager success.
02-19 18:33:49.857  704-822      C01c06/TimeService             resource_schedu                 I     [time_service_client.cpp] GetBootTimeMs# Result: 32414933
02-19 18:33:49.857  10585-10585  C03900/NAPI                    pid-10585                       W     [(native_module_manager.cpp:447)(LoadNativeModule)] module 'util.List' does not in cache
02-19 18:33:49.857  10585-10585  C03900/NAPI                    pid-10585                       I     [(app_module_checker.cpp:24)(CheckModuleLoadable)] check blocklist, moduleName = util.List, processExtensionType_ = 3
02-19 18:33:49.858  1123-10516   C01200/Ces                     foundation                      I     [common_event_subscribe_info.cpp:(~CommonEventSubscribeInfo):47] ~CommonEventSubscribeInfo
02-19 18:33:49.858  1123-10516   C01200/Ces                     foundation                      I     [common_event_subscribe_info.cpp:(~CommonEventSubscribeInfo):47] ~CommonEventSubscribeInfo
02-19 18:33:49.858  10585-10585  C03900/NAPI                    pid-10585                       I     [(native_module_manager.cpp:239)(Register)] NativeModule Register success. module name is 'util.List'
02-19 18:33:49.858  10598-10598  C02c11/APPSPAWN                pid-10598                       I     [sandbox_utils.cpp:197]errno is: 2, bind mount /system/data to /mnt/sandbox/com.ohos.telephonydataability/system/data
02-19 18:33:49.858  10598-10598  C02c11/APPSPAWN                pid-10598                       I     [json_utils.cpp:51]Find key[check-action-status] : false successful.
02-19 18:33:49.859  10598-10598  C02c11/APPSPAWN                pid-10598                       I     [sandbox_utils.cpp:197]errno is: 2, bind mount /vendor/lib to /mnt/sandbox/com.ohos.telephonydataability/vendor/lib
02-19 18:33:49.859  476-1364     C02d10/HiView-SysEventSource   hiview                          I     Parser: parser result domain_=COMMONEVENT eventName_=SUBSCRIBE
02-19 18:33:49.859  10598-10598  C02c11/APPSPAWN                pid-10598                       I     [json_utils.cpp:51]Find key[check-action-status] : false successful.
02-19 18:33:49.861  10585-10585  C03900/NAPI                    pid-10585                       W     [(native_module_manager.cpp:447)(LoadNativeModule)] module 'hiTraceChain' does not in cache
02-19 18:33:49.861  10598-10598  C02c11/APPSPAWN                pid-10598                       I     [sandbox_utils.cpp:197]errno is: 2, bind mount /data/local/ark-cache/com.ohos.telephonydataability to /mnt/sandbox/com.ohos.telephonydataability/data/storage/ark-cache
02-19 18:33:49.861  10585-10585  C03900/NAPI                    pid-10585                       I     [(app_module_checker.cpp:24)(CheckModuleLoadable)] check blocklist, moduleName = hiTraceChain, processExtensionType_ = 3
02-19 18:33:49.861  10598-10598  C02c11/APPSPAWN                pid-10598                       I     [json_utils.cpp:51]Find key[check-action-status] : false successful.
02-19 18:33:49.861  10585-10585  C03900/NAPI                    pid-10585                       W     [(native_module_manager.cpp:646)(LoadModuleLibrary)] dlopen failed: Error loading shared library /system/lib64/module/libhitracechain.z.so: No such file or directory
02-19 18:33:49.861  10585-10585  C03900/NAPI                    pid-10585                       I     [(native_module_manager.cpp:239)(Register)] NativeModule Register success. module name is 'hiTraceChain'
02-19 18:33:49.862  10598-10598  C02c11/APPSPAWN                pid-10598                       I     [sandbox_utils.cpp:197]errno is: 2, bind mount /system/asan/lib64 to /mnt/sandbox/com.ohos.telephonydataability/system/asan/lib64
02-19 18:33:49.862  10598-10598  C02c11/APPSPAWN                pid-10598                       I     [json_utils.cpp:51]Find key[check-action-status] : false successful.
02-19 18:33:49.862  10598-10598  C02c11/APPSPAWN                pid-10598                       I     [sandbox_utils.cpp:197]errno is: 2, bind mount /vendor/asan/lib64 to /mnt/sandbox/com.ohos.telephonydataability/vendor/asan/lib64
02-19 18:33:49.862  10598-10598  C02c11/APPSPAWN                pid-10598                       I     [json_utils.cpp:51]Find key[check-action-status] : false successful.
02-19 18:33:49.862  10585-10585  C03900/NAPI                    pid-10585                       W     [(native_module_manager.cpp:447)(LoadNativeModule)] module 'commonEvent' does not in cache
02-19 18:33:49.862  10585-10585  C03900/NAPI                    pid-10585                       I     [(app_module_checker.cpp:24)(CheckModuleLoadable)] check blocklist, moduleName = commonEvent, processExtensionType_ = 3
02-19 18:33:49.863  10585-10585  C03900/NAPI                    pid-10585                       I     [(native_module_manager.cpp:239)(Register)] NativeModule Register success. module name is 'commonEvent'
02-19 18:33:49.863  10598-10598  C02c11/APPSPAWN                pid-10598                       I     [sandbox_utils.cpp:197]errno is: 2, bind mount /system/app/ohos.global.systemres to /mnt/sandbox/com.ohos.telephonydataability/data/storage/el1/bundle/systemResources
02-19 18:33:49.863  10598-10598  C02c11/APPSPAWN                pid-10598                       I     [json_utils.cpp:51]Find key[check-action-status] : false successful.
02-19 18:33:49.864  10598-10598  C02c11/APPSPAWN                pid-10598                       I     [sandbox_utils.cpp:197]errno is: 2, bind mount /data/app/el1/bundle/public/ohos.global.systemres.overlay to /mnt/sandbox/com.ohos.telephonydataability/data/storage/el1/bundle/ohos.global.systemres.overlay
02-19 18:33:49.864  10585-10585  C01304/AbilityManagerService   pid-10585                       I     [js_service_extension.cpp(Init:154)]JsServiceExtension::Init ConvertNativeValueTo.
02-19 18:33:49.864  10585-10585  C01304/AbilityManagerService   pid-10585                       I     [js_service_extension.cpp(BindContext:213)]call
02-19 18:33:49.864  10598-10598  C02c11/APPSPAWN                pid-10598                       I     [json_utils.cpp:51]Find key[check-action-status] : false successful.
02-19 18:33:49.864  10585-10585  C01304/AbilityManagerService   pid-10585                       I     [js_service_extension.cpp(BindContext:226)]JsServiceExtension::Init Bind.
02-19 18:33:49.864  10585-10585  C01304/AbilityManagerService   pid-10585                       I     [js_service_extension.cpp(BindContext:228)]JsServiceExtension::SetProperty.
02-19 18:33:49.864  10585-10585  C01304/AbilityManagerService   pid-10585                       I     [js_service_extension.cpp(BindContext:230)]Set service extension context
02-19 18:33:49.864  10585-10585  C01304/AbilityManagerService   pid-10585                       I     [js_service_extension.cpp(BindContext:238)]JsServiceExtension::Init end.
02-19 18:33:49.864  10585-10585  C01304/AbilityManagerService   pid-10585                       I     [js_service_extension.cpp(ListenWMS:181)]RegisterDisplayListener
02-19 18:33:49.864  10585-10585  C01510/IPCObjectStub           pid-10585                       I     63: create, desc: OHOS.ISystemAbilityStatusChange
02-19 18:33:49.864  10585-10585  C01800/SA_CLIENT               pid-10585                       I     SubscribeSystemAbility called, SubscribeSystemAbility systemAbilityId:4606
02-19 18:33:49.865  480-1429     C01510/IPCObjectProxy          samgr                           I     58: handle = 44 create, descriptor: IPCObjectProxy44
02-19 18:33:49.865  480-1429     C01800/SAMGR                   samgr                           I     SubscribeSystemAbility systemAbilityId = 4606 AddDeathRecipient succeed
02-19 18:33:49.865  480-1429     C01800/SAMGR                   samgr                           I     SubscribeSystemAbility systemAbilityId = 4606, size = 16
02-19 18:33:49.865  10585-10585  C01800/SA_CLIENT               pid-10585                       I     SubscribeSystemAbility SendRequest succeed!
02-19 18:33:49.865  10585-10585  C01510/IPCObjectProxy          pid-10585                       I     58: handle = 14 create, descriptor: IPCObjectProxy14
02-19 18:33:49.865  10585-10586  C01800/SA_CLIENT               pid-10585                       I     SystemAbilityStatusChangeStub::code:1, flags:1
02-19 18:33:49.865  10585-10586  C01304/AbilityManagerService   pid-10585                       I     [js_service_extension.cpp(OnAddSystemAbility:200)]systemAbilityId: 4606 add
02-19 18:33:49.865  10585-10586  C01510/IPCObjectStub           pid-10585                       I     63: create, desc: OHOS.IDisplayManagerAgent
02-19 18:33:49.865  1123-1696    C01510/IPCObjectProxy          foundation                      I     58: handle = 276 create, descriptor: IPCObjectProxy276
02-19 18:33:49.865  1123-1696    C01304/AbilityManagerService   foundation                      I     [ability_manager_service.cpp(AttachAbilityThread:3712)]Attach ability thread.
02-19 18:33:49.866  1123-1696    C01304/AbilityManagerService   foundation                      I     [ability_record.cpp(SetScheduler:1251)]bundle:com.huawei.hmos.clouddrive, ability: DriveServiceAbility
02-19 18:33:49.866  1123-1696    C01304/AbilityManagerService   foundation                      I     [ability_record.cpp(Inactivate:1394)]ability:DriveServiceAbility.
02-19 18:33:49.866  1123-1696    C01304/AbilityManagerService   foundation                      E     [ability_manager_service.cpp(CheckCollaboratorType:8141)]type is invalid
02-19 18:33:49.866  1123-1696    C01304/AbilityManagerService   foundation                      E     [ability_manager_service.cpp(GetCollaborator:8125)]collaborator: CheckCollaboratorType failed
02-19 18:33:49.866  1123-1696    C01304/AbilityManagerService   foundation                      I     [lifecycle_deal.cpp(Inactivate:57)]call
02-19 18:33:49.866  704-822      C01c06/TimeService             resource_schedu                 I     [time_service_client.cpp] GetBootTimeMs# Result: 32414941
02-19 18:33:49.866  10585-10585  C01305/Appkit                  pid-10585                       E     [idle_time.cpp(EventTask:123)]no VSync occur.
02-19 18:33:49.866  10585-10601  C01304/AbilityManagerService   pid-10585                       I     [ability_thread.cpp(ScheduleAbilityTransaction:699)]name:DriveServiceAbility,targeState:1,isNewWant:0
02-19 18:33:49.866  10585-10585  C01304/AbilityManagerService   pid-10585                       I     [extension_impl.cpp(HandleExtensionTransaction:67)]sourceState:0;targetState:1;isNewWant:0
02-19 18:33:49.866  10585-10585  C01304/AbilityManagerService   pid-10585                       I     [extension_impl.cpp(Start:149)]call
02-19 18:33:49.866  10585-10585  C01304/AbilityManagerService   pid-10585                       I     [extension_impl.cpp(Start:155)]ExtensionImpl::Start
02-19 18:33:49.866  10585-10585  C01304/AbilityManagerService   pid-10585                       I     [extension.cpp(OnStart:44)]extension:DriveServiceAbility.
02-19 18:33:49.866  10585-10585  C01304/AbilityManagerService   pid-10585                       I     [js_service_extension.cpp(OnStart:244)]call
02-19 18:33:49.866  704-822      C01c06/TimeService             resource_schedu                 I     [time_service_client.cpp] GetBootTimeMs# Result: 32414942
02-19 18:33:49.866  10585-10586  C01510/IPCObjectProxy          pid-10585                       I     58: handle = 15 create, descriptor: IPCObjectProxy15
02-19 18:33:49.867  10585-10586  C01510/IPCObjectProxy          pid-10585                       I     58: handle = 16 create, descriptor: IPCObjectProxy16
02-19 18:33:49.867  10585-10586  C01510/IPCObjectProxy          pid-10585                       I     58: handle = 17 create, descriptor: IPCObjectProxy17
02-19 18:33:49.867  704-822      C01c06/TimeService             resource_schedu                 I     [time_service_client.cpp] GetBootTimeMs# Result: 32414943
02-19 18:33:49.867  2008-2370    C01510/IPCObjectProxy          com.ohos.sceneboard             I     58: handle = 115 create, descriptor: IPCObjectProxy115
02-19 18:33:49.867  704-822      C01c06/TimeService             resource_schedu                 I     [time_service_client.cpp] GetBootTimeMs# Result: 32414943
02-19 18:33:49.868  704-822      C01c06/TimeService             resource_schedu                 I     [time_service_client.cpp] GetBootTimeMs# Result: 32414943
02-19 18:33:49.868  10585-10585  C01304/AbilityManagerService   pid-10585                       I     [configuration_utils.cpp(UpdateDisplayResConfig:173)]Update resConfig, density: 3.500000, direction: vertical.
02-19 18:33:49.868  10585-10585  C01304/AbilityManagerService   pid-10585                       I     [configuration_utils.cpp(UpdateDisplayResConfig:185)]Update resConfig finished, density: 3.500000, direction: 0.
02-19 18:33:49.868  10585-10585  C01304/AbilityManagerService   pid-10585                       I     [js_extension_context.cpp(ConfigurationUpdated:47)]JsExtensionContext call onUpdateConfiguration.
02-19 18:33:49.868  10585-10585  C01304/AbilityManagerService   pid-10585                       I     [js_service_extension.cpp(CallObjectMethod:396)]CallObjectMethod(onCreate)
02-19 18:33:49.868  10585-10585  C01304/AbilityManagerService   pid-10585                       I     [js_service_extension.cpp(CallObjectMethod:418)]CallFunction(onCreate) ok
02-19 18:33:49.868  10585-10585  A03d00/JSAPP                   pid-10585                       I     PAF-TRACE TracerForOHOS, LogService.info 2 paf-trace trace begin startTime: 1708338829868
02-19 18:33:49.868  704-822      C01c06/TimeService             resource_schedu                 I     [time_service_client.cpp] GetBootTimeMs# Result: 32414944
02-19 18:33:49.868  10585-10585  A06666/[Cloud-2.0.0.301]DriveServiceAb pid-10585                       I     onCreate begin
02-19 18:33:49.868  10585-10585  A06666/LogService              pid-10585                       E     LogD service is not is inited.
02-19 18:33:49.868  10585-10585  A03d00/JSAPP                   pid-10585                       I     PAF-TRACE TracerForOHOS, LogService.info paf-trace end instance undefined
02-19 18:33:49.868  10585-10585  A00800/PAF-JS                  pid-10585                       I     Initializing...
02-19 18:33:49.868  10585-10585  A00800/PAF-JS                  pid-10585                       I     PafAdapterConfig init enter
02-19 18:33:49.868  704-822      C01c06/TimeService             resource_schedu                 I     [time_service_client.cpp] GetBootTimeMs# Result: 32414944
02-19 18:33:49.868  10585-10585  A00800/PAF-JS                  pid-10585                       I     XPSF init enter
02-19 18:33:49.868  10585-10585  A00800/PAF-JS                  pid-10585                       I     PafXpsfAdapter constructor
02-19 18:33:49.868  10585-10585  A00000/PAF-Adapter             pid-10585                       I     begin to SetContext
02-19 18:33:49.868  10585-10585  A00000/PAF-Adapter             pid-10585                       I     begin to setTraceFlag
02-19 18:33:49.868  10585-10585  A00000/PAF-Adapter             pid-10585                       I     setTraceFlag, traceFlag: 0
02-19 18:33:49.868  704-822      C01c06/TimeService             resource_schedu                 I     [time_service_client.cpp] GetBootTimeMs# Result: 32414944
02-19 18:33:49.868  10585-10585  A00800/PAF-JS                  pid-10585                       I     create JsbHObjectManager.
02-19 18:33:49.869  10585-10585  A00800/PAF-JS                  pid-10585                       I     PafJsbAdapter constructor
02-19 18:33:49.869  10585-10585  A00800/PAF-JS                  pid-10585                       I     getAppInfo start
02-19 18:33:49.869  704-822      C01c06/TimeService             resource_schedu                 I     [time_service_client.cpp] GetBootTimeMs# Result: 32414944
02-19 18:33:49.869  10585-10585  A00800/PAF-JS                  pid-10585                       I     init component: service.network-file-download
02-19 18:33:49.869  10585-10585  A00800/PAF-JS                  pid-10585                       I     registerServiceInfo enter info :"{\"progId\":\"service.network-file-download\",\"sId\":\"9e47b6c4-045b-47c6-b406-8439505ea116\",\"path\":\"libnetwork-file-download-service.so\",\"trigger\":\"native\",\"apiLevels\":{\"network-file-download-service\":1},\"isSupportBinding\":false}"
02-19 18:33:49.869  10585-10585  A00800/PAF-JS                  pid-10585                       I     registerServiceInfo enter, registryInfo = "{\"progId\":\"service.network-file-download\",\"sId\":\"9e47b6c4-045b-47c6-b406-8439505ea116\",\"path\":\"libnetwork-file-download-service.so\",\"trigger\":\"native\",\"apiLevels\":{\"network-file-download-service\":1},\"isSupportBinding\":false}"
02-19 18:33:49.869  10585-10585  A03d00/JSAPP                   pid-10585                       I     NativeServiceBridge registerServiceInfo enter registryInfo = {"progId":"service.network-file-download","sId":"9e47b6c4-045b-47c6-b406-8439505ea116","path":"libnetwork-file-download-service.so","trigger":"native","apiLevels":{"network-file-download-service":1},"isSupportBinding":false}.
02-19 18:33:49.869  10585-10585  A00000/napi_bridge_TAG         pid-10585                       I     RegisterServiceInfo enter
02-19 18:33:49.869  10585-10585  A00000/napi_bridge_TAG         pid-10585                       I     g_env reInit
02-19 18:33:49.869  10585-10585  A00000/napi_bridge_TAG         pid-10585                       I     registryInfo {"progId":"service.network-file-download","sId":"9e47b6c4-045b-47c6-b406-8439505ea116","path":"libnetwork-file-download-service.so","trigger":"native","apiLevels":{"network-file-download-service":1},"isSupportBinding":false}:
02-19 18:33:49.869  704-822      C01c06/TimeService             resource_schedu                 I     [time_service_client.cpp] GetBootTimeMs# Result: 32414945
02-19 18:33:49.869  10585-10585  A00000/napi_bridge_TAG         pid-10585                       I     registryInfo item.key():network-file-download-service, item.value():1
02-19 18:33:49.869  10585-10585  A00000/napi_bridge_TAG         pid-10585                       I     registryInfo progId:service.network-file-download, sId:9e47b6c4-045b-47c6-b406-8439505ea116, path:libnetwork-file-download-service.so, trigger:native, proc:INPROC_SERVER
02-19 18:33:49.869  10585-10585  A00000/XPSF_TAG                pid-10585                       I     [service_manager]:GetInstance enter
02-19 18:33:49.869  10585-10585  A03d00/JSAPP                   pid-10585                       I     NativeServiceBridge registerServiceInfo end
02-19 18:33:49.869  10585-10585  A00800/PAF-JS                  pid-10585                       I     registerServiceInfo end
02-19 18:33:49.869  10585-10585  A00800/PAF-JS                  pid-10585                       I     init component: service.grs
02-19 18:33:49.869  10585-10585  A00800/PAF-JS                  pid-10585                       I     registerServiceInfo enter info :"{\"progId\":\"service.grs\",\"sId\":\"b5b7cae4-b0c1-11ec-8b89-00155dfecb97\",\"path\":\"libgrs-service.so\",\"trigger\":\"native\",\"apiLevels\":{\"IGRSService\":1},\"isSupportBinding\":false}"
02-19 18:33:49.869  10585-10585  A00800/PAF-JS                  pid-10585                       I     registerServiceInfo enter, registryInfo = "{\"progId\":\"service.grs\",\"sId\":\"b5b7cae4-b0c1-11ec-8b89-00155dfecb97\",\"path\":\"libgrs-service.so\",\"trigger\":\"native\",\"apiLevels\":{\"IGRSService\":1},\"isSupportBinding\":false}"
02-19 18:33:49.869  10585-10585  A03d00/JSAPP                   pid-10585                       I     NativeServiceBridge registerServiceInfo enter registryInfo = {"progId":"service.grs","sId":"b5b7cae4-b0c1-11ec-8b89-00155dfecb97","path":"libgrs-service.so","trigger":"native","apiLevels":{"IGRSService":1},"isSupportBinding":false}.
02-19 18:33:49.869  10585-10585  A00000/napi_bridge_TAG         pid-10585                       I     RegisterServiceInfo enter
02-19 18:33:49.869  10585-10585  A00000/napi_bridge_TAG         pid-10585                       I     registryInfo {"progId":"service.grs","sId":"b5b7cae4-b0c1-11ec-8b89-00155dfecb97","path":"libgrs-service.so","trigger":"native","apiLevels":{"IGRSService":1},"isSupportBinding":false}:
02-19 18:33:49.869  704-822      C01c06/TimeService             resource_schedu                 I     [time_service_client.cpp] GetBootTimeMs# Result: 32414945
02-19 18:33:49.869  10585-10585  A00000/napi_bridge_TAG         pid-10585                       I     registryInfo item.key():IGRSService, item.value():1
02-19 18:33:49.869  10585-10585  A00000/napi_bridge_TAG         pid-10585                       I     registryInfo progId:service.grs, sId:b5b7cae4-b0c1-11ec-8b89-00155dfecb97, path:libgrs-service.so, trigger:native, proc:INPROC_SERVER
02-19 18:33:49.869  10585-10585  A00000/XPSF_TAG                pid-10585                       I     [service_manager]:GetInstance enter
02-19 18:33:49.869  10585-10585  A03d00/JSAPP                   pid-10585                       I     NativeServiceBridge registerServiceInfo end
02-19 18:33:49.869  10585-10585  A00800/PAF-JS                  pid-10585                       I     registerServiceInfo end
02-19 18:33:49.869  10585-10585  A00800/PAF-JS                  pid-10585                       I     init component: service.aegis
02-19 18:33:49.869  10585-10585  A00800/PAF-JS                  pid-10585                       I     registerServiceInfo enter info :"{\"progId\":\"service.aegis\",\"sId\":\"b5b7cae4-b0c1-11ec-8b89-00155dfecb23\",\"path\":\"libagcrypto.so\",\"trigger\":\"native\",\"apiLevels\":{\"IEncryptService\":1},\"isSupportBinding\":false}"
02-19 18:33:49.869  10585-10585  A00800/PAF-JS                  pid-10585                       I     registerServiceInfo enter, registryInfo = "{\"progId\":\"service.aegis\",\"sId\":\"b5b7cae4-b0c1-11ec-8b89-00155dfecb23\",\"path\":\"libagcrypto.so\",\"trigger\":\"native\",\"apiLevels\":{\"IEncryptService\":1},\"isSupportBinding\":false}"
02-19 18:33:49.869  10585-10585  A03d00/JSAPP                   pid-10585                       I     NativeServiceBridge registerServiceInfo enter registryInfo = {"progId":"service.aegis","sId":"b5b7cae4-b0c1-11ec-8b89-00155dfecb23","path":"libagcrypto.so","trigger":"native","apiLevels":{"IEncryptService":1},"isSupportBinding":false}.
02-19 18:33:49.869  10585-10585  A00000/napi_bridge_TAG         pid-10585                       I     RegisterServiceInfo enter
02-19 18:33:49.869  10585-10585  A00000/napi_bridge_TAG         pid-10585                       I     registryInfo {"progId":"service.aegis","sId":"b5b7cae4-b0c1-11ec-8b89-00155dfecb23","path":"libagcrypto.so","trigger":"native","apiLevels":{"IEncryptService":1},"isSupportBinding":false}:
02-19 18:33:49.869  10585-10585  A00000/napi_bridge_TAG         pid-10585                       I     registryInfo item.key():IEncryptService, item.value():1
02-19 18:33:49.869  10585-10585  A00000/napi_bridge_TAG         pid-10585                       I     registryInfo progId:service.aegis, sId:b5b7cae4-b0c1-11ec-8b89-00155dfecb23, path:libagcrypto.so, trigger:native, proc:INPROC_SERVER
02-19 18:33:49.869  10585-10585  A00000/XPSF_TAG                pid-10585                       I     [service_manager]:GetInstance enter
02-19 18:33:49.870  10585-10585  A03d00/JSAPP                   pid-10585                       I     NativeServiceBridge registerServiceInfo end
02-19 18:33:49.870  10585-10585  A00800/PAF-JS                  pid-10585                       I     registerServiceInfo end
02-19 18:33:49.870  10585-10585  A00800/PAF-JS                  pid-10585                       I     init component: service.network-restclient
02-19 18:33:49.870  10585-10585  A00800/PAF-JS                  pid-10585                       I     registerServiceInfo enter info :"{\"progId\":\"service.network-restclient\",\"sId\":\"b5b7cae4-b0c1-11ec-8b89-00155dfecb98\",\"path\":\"libnetwork-restclient-service.so\",\"trigger\":\"native\",\"apiLevels\":{\"network-restclient-service\":1},\"isSupportBinding\":false}"
02-19 18:33:49.870  10585-10585  A00800/PAF-JS                  pid-10585                       I     registerServiceInfo enter, registryInfo = "{\"progId\":\"service.network-restclient\",\"sId\":\"b5b7cae4-b0c1-11ec-8b89-00155dfecb98\",\"path\":\"libnetwork-restclient-service.so\",\"trigger\":\"native\",\"apiLevels\":{\"network-restclient-service\":1},\"isSupportBinding\":false}"
02-19 18:33:49.870  10585-10585  A03d00/JSAPP                   pid-10585                       I     NativeServiceBridge registerServiceInfo enter registryInfo = {"progId":"service.network-restclient","sId":"b5b7cae4-b0c1-11ec-8b89-00155dfecb98","path":"libnetwork-restclient-service.so","trigger":"native","apiLevels":{"network-restclient-service":1},"isSupportBinding":false}.
02-19 18:33:49.870  10585-10585  A00000/napi_bridge_TAG         pid-10585                       I     RegisterServiceInfo enter
02-19 18:33:49.870  10585-10585  A00000/napi_bridge_TAG         pid-10585                       I     registryInfo {"progId":"service.network-restclient","sId":"b5b7cae4-b0c1-11ec-8b89-00155dfecb98","path":"libnetwork-restclient-service.so","trigger":"native","apiLevels":{"network-restclient-service":1},"isSupportBinding":false}:
02-19 18:33:49.870  10585-10585  A00000/napi_bridge_TAG         pid-10585                       I     registryInfo item.key():network-restclient-service, item.value():1
02-19 18:33:49.870  10585-10585  A00000/napi_bridge_TAG         pid-10585                       I     registryInfo progId:service.network-restclient, sId:b5b7cae4-b0c1-11ec-8b89-00155dfecb98, path:libnetwork-restclient-service.so, trigger:native, proc:INPROC_SERVER
02-19 18:33:49.870  10585-10585  A00000/XPSF_TAG                pid-10585                       I     [service_manager]:GetInstance enter
02-19 18:33:49.870  10585-10585  A03d00/JSAPP                   pid-10585                       I     NativeServiceBridge registerServiceInfo end
02-19 18:33:49.870  10585-10585  A00800/PAF-JS                  pid-10585                       I     registerServiceInfo end
02-19 18:33:49.870  10585-10585  A00800/PAF-JS                  pid-10585                       I     parse service info success.
02-19 18:33:49.870  10585-10585  A06666/[HMSCore-OHOSBase]      pid-10585                       I     HMSClient attachAbilityContext.
02-19 18:33:49.870  10585-10585  A06666/[HMSCore-OHOSBase]      pid-10585                       I     OHOSAdapter constructor
02-19 18:33:49.870  10585-10585  A06666/[HMSCore-OHOSBase]      pid-10585                       I     OHOSAbilityManager constructor
02-19 18:33:49.870  10585-10585  A03d00/JSAPP                   pid-10585                       I     PAF-TRACE paf trace is disable
02-19 18:33:49.870  10585-10585  A03d00/JSAPP                   pid-10585                       I     PAF-TRACE TracerForOHOS, LogService.init 3 paf-trace trace begin startTime: 1708338829870
02-19 18:33:49.870  10585-10585  A00000/XPSF_TAG                pid-10585                       I     [service_manager]:GetInstance()
02-19 18:33:49.870  10585-10585  A00000/XPSF_TAG                pid-10585                       I     [service_manager]:ServiceManager::HCreateInstance enter
02-19 18:33:49.871  10585-10602  A00000/XPSF_TAG                pid-10585                       I     [default_adapter]:progId: service.log, iId: ILogService, apiLevel: 1
02-19 18:33:49.871  10585-10602  A00000/XPSF_TAG                pid-10585                       I     [service_manager]:GetClassObject enter
02-19 18:33:49.871  10585-10602  A00000/XPSF_TAG                pid-10585                       E     [service_registry]:not find registryInfo of service.log
02-19 18:33:49.871  10585-10602  A00000/XPSF_TAG                pid-10585                       E     [service_manager]:Query ServiceInfo failed
02-19 18:33:49.871  10585-10602  A06666/LogService              pid-10585                       I     create log service fail:907180009
02-19 18:33:49.871  10585-10585  A06666/LogService              pid-10585                       I     create instance.
02-19 18:33:49.871  10585-10585  A06666/LogService              pid-10585                       E     init log service fail.
02-19 18:33:49.871  10585-10585  A06666/[Cloud-2.0.0.301]DriveServiceAb pid-10585                       I     onCreate, want: DriveServiceAbility
02-19 18:33:49.871  10585-10585  A06666/LogService              pid-10585                       E     LogD service is not is inited.
02-19 18:33:49.871  10585-10585  A06666/[Cloud-2.0.0.301]EventManager pid-10585                       W     subscriber is null
02-19 18:33:49.871  10585-10585  A06666/LogService              pid-10585                       E     LogD service is not is inited.
02-19 18:33:49.871  10585-10585  C01304/AbilityManagerService   pid-10585                       I     [js_service_extension.cpp(OnStart:263)]ok
02-19 18:33:49.871  10585-10585  C01304/AbilityManagerService   pid-10585                       I     [extension_impl.cpp(Start:162)]ok
02-19 18:33:49.871  10585-10585  C01304/AbilityManagerService   pid-10585                       I     [extension_impl.cpp(HandleExtensionTransaction:108)]call abilityms
02-19 18:33:49.872  1123-1123    C01304/AbilityManagerService   foundation                      I     [ability_manager_service.cpp(AbilityTransitionDone:4245)]Ability transition done come, state:1.
02-19 18:33:49.872  1123-1123    C01304/AbilityManagerService   foundation                      E     [ability_manager_service.cpp(CheckCollaboratorType:8141)]type is invalid
02-19 18:33:49.872  1123-1123    C01304/AbilityManagerService   foundation                      E     [ability_manager_service.cpp(GetCollaborator:8125)]collaborator: CheckCollaboratorType failed
02-19 18:33:49.872  1123-1123    C01304/AbilityManagerService   foundation                      I     [ability_record.cpp(ConnectAbility:1442)]Connect ability.
02-19 18:33:49.872  1123-1123    C01304/AbilityManagerService   foundation                      I     [lifecycle_deal.cpp(ConnectAbility:75)]call
02-19 18:33:49.872  10585-10585  C01305/Appkit                  pid-10585                       E     [idle_time.cpp(EventTask:123)]no VSync occur.
02-19 18:33:49.872  1123-10521   C01518/DBinderBaseInvoker      foundation                      I     36: Create DBinderDatabusInvoker
02-19 18:33:49.872  1123-10521   C01120/BundleMgrService        foundation                      I     [bundle_connect_ability_mgr.cpp(ProcessPreload):261] the module have no preload module.
02-19 18:33:49.873  1123-1696    C01120/BundleMgrService        foundation                      E     [bundle_permission_mgr.cpp(VerifyCallingPermission):595] permission ohos.permission.GET_BUNDLE_INFO_PRIVILEGED denied
02-19 18:33:49.873  10585-10585  C01120/BundleMgrService        pid-10585                       E     [bundle_mgr.cpp(CreateBundleInfo):3564] ConvertNativeValueTo typeValue->TypeOf is UNDEFINE
02-19 18:33:49.874  10585-10585  A00800/PAF-JS                  pid-10585                       I     getAppInfo Operation successful. appInfo: {"deviceType":"phone","reportUrl":"https://cloudbackdown.hwcloudtest.cn:443","appId":"com.huawei.hmos.clouddrive_BC5DGth6a9lbN46kapWh9octLOA/zmJuV0b8dez+HPfedPIv8Z4cUfeQXy1JmdcycrK0g7MoH31Buumvsnivpr4cWN1kdsRyoSPQT/zRRUYMM1uYv/aXRG72qY3gqzinEw==","bundleName":"com.huawei.hmos.clouddrive","appVersion":"2.0.0.301"}
02-19 18:33:49.874  10585-10585  A00000/PAF-Adapter             pid-10585                       I     begin to setAppInfo
02-19 18:33:49.874  10585-10585  C01200/Ces                     pid-10585                       I     [common_event_subscribe_info.cpp:(~CommonEventSubscribeInfo):47] ~CommonEventSubscribeInfo
02-19 18:33:49.874  10585-10585  C01200/Ces                     pid-10585                       I     [common_event.cpp:(SubscriberInstance):65] constructor SubscriberInstance
02-19 18:33:49.874  10585-10585  C01200/Ces                     pid-10585                       I     [common_event_subscribe_info.cpp:(~CommonEventSubscribeInfo):47] ~CommonEventSubscribeInfo
02-19 18:33:49.874  10585-10585  C01304/AbilityManagerService   pid-10585                       I     [extension_impl.cpp(ConnectExtension:250)]call
02-19 18:33:49.874  10585-10596  C01510/IPCObjectStub           pid-10585                       I     63: create, desc: ohos.eventfwk.IEventReceive
02-19 18:33:49.874  10585-10585  A06666/[Cloud-2.0.0.301]DriveServiceAb pid-10585                       I     onConnect, want: DriveServiceAbility
02-19 18:33:49.874  10585-10585  A06666/LogService              pid-10585                       E     LogD service is not is inited.
02-19 18:33:49.874  10585-10585  C03900/NAPI                    pid-10585                       I     [(native_engine.cpp:469)(AddCleanupHook)] AddCleanupHook, start.
02-19 18:33:49.874  10585-10585  C03900/NAPI                    pid-10585                       I     [(native_engine.cpp:474)(AddCleanupHook)] AddCleanupHook, end.
02-19 18:33:49.874  10585-10585  C01304/AbilityManagerService   pid-10585                       I     [js_service_extension.cpp(CallOnConnect:473)]ok
02-19 18:33:49.874  10585-10585  C01510/IPCObjectStub           pid-10585                       I     63: create, desc: DriveServiceStub
02-19 18:33:49.874  10585-10585  C01304/AbilityManagerService   pid-10585                       I     [extension_impl.cpp(ConnectExtension:284)]ok
02-19 18:33:49.874  1123-1703    C01510/IPCObjectProxy          foundation                      I     58: handle = 286 create, descriptor: IPCObjectProxy286
02-19 18:33:49.874  1123-1692    C01510/IPCObjectProxy          foundation                      I     58: handle = 277 create, descriptor: IPCObjectProxy277
02-19 18:33:49.875  1123-1703    C01304/AbilityManagerService   foundation                      I     [ability_manager_service.cpp(ScheduleConnectAbilityDone:4303)]Schedule connect ability done.
02-19 18:33:49.875  1123-1703    C01304/AbilityManagerService   foundation                      E     [ability_manager_service.cpp(CheckCollaboratorType:8141)]type is invalid
02-19 18:33:49.875  1123-1703    C01304/AbilityManagerService   foundation                      E     [ability_manager_service.cpp(GetCollaborator:8125)]collaborator: CheckCollaboratorType failed
02-19 18:33:49.875  1123-1703    C01304/AbilityManagerService   foundation                      I     [connection_observer_proxy.cpp(OnExtensionConnected:30)]ConnectionObserverProxy OnExtensionConnected.
02-19 18:33:49.875  1123-1703    C01304/AbilityManagerService   foundation                      I     [connection_observer_proxy.cpp(OnExtensionConnected:30)]ConnectionObserverProxy OnExtensionConnected.
02-19 18:33:49.875  1123-1703    C01304/AbilityManagerService   foundation                      I     [connection_record.cpp(CompleteConnect:147)]result: 0. connectState:2.
02-19 18:33:49.875  10585-10585  C01305/Appkit                  pid-10585                       E     [idle_time.cpp(EventTask:123)]no VSync occur.
02-19 18:33:49.876  704-822      C01c06/TimeService             resource_schedu                 I     [time_service_client.cpp] GetBootTimeMs# Result: 32414951
02-19 18:33:49.876  704-822      C01c06/TimeService             resource_schedu                 I     [time_service_client.cpp] GetBootTimeMs# Result: 32414952
02-19 18:33:49.876  678-3112     C01799/MemMgr                  memmgrservice                   I     ExtConnObs::OnExtensionConnected 1468(1468,3012) --> [com.huawei.hmos.clouddrive|entry|DriveServiceAbility](10585,20010023) with type 3
02-19 18:33:49.877  1123-1692    C01200/Ces                     foundation                      I     [common_event_subscribe_info.cpp:(~CommonEventSubscribeInfo):47] ~CommonEventSubscribeInfo
02-19 18:33:49.877  678-739      C01799/MemMgr                  memmgrservice                   I     ReclaimPriorityManager::UpdateExtensionStatusForCaller called
02-19 18:33:49.877  1123-1692    C01200/Ces                     foundation                      I     [common_event_subscribe_info.cpp:(~CommonEventSubscribeInfo):47] ~CommonEventSubscribeInfo
02-19 18:33:49.877  678-739      C01799/MemMgr                  memmgrservice                   I     ReclaimPriorityManager::UpdateExtensionStatusForTarget called
02-19 18:33:49.877  1123-1692    C01200/Ces                     foundation                      I     [common_event_subscribe_info.cpp:(~CommonEventSubscribeInfo):47] ~CommonEventSubscribeInfo
02-19 18:33:49.877  10598-10598  C02c11/APPSPAWN                pid-10598                       I     [sandbox_utils.cpp:598]GetMountPermissionNames size: 2
02-19 18:33:49.877  10585-10585  C01305/Appkit                  pid-10585                       E     [idle_time.cpp(EventTask:123)]no VSync occur.
02-19 18:33:49.877  678-739      C01510/IPCObjectProxy          memmgrservice                   I     58: handle = 8 create, descriptor: IPCObjectProxy8
02-19 18:33:49.878  1468-1468    C01304/AbilityManagerService   distributeddata                 I     [ability_connect_callback_stub.cpp(OnRemoteRequest:104)]AbilityConnectionStub::OnRemoteRequest code: 1
02-19 18:33:49.878  10598-10598  C02c11/APPSPAWN                pid-10598                       I     [sandbox_utils.cpp:598]GetMountPermissionNames size: 2
02-19 18:33:49.878  1468-1468    C01510/IPCObjectProxy          distributeddata                 I     58: handle = 25 create, descriptor: IPCObjectProxy25
02-19 18:33:49.878  1468-1468    A0d201/DriveKit                distributeddata                 I     {drive_service_proxy.cpp:37 OnAbilityConnectDone()} ability connect success, ability name:DriveServiceAbility
02-19 18:33:49.878  1468-1468    A0d201/DriveKit                distributeddata                 I     {drive_service_proxy.cpp:106 AddObjectDeathRecipient()} Add death recipient success
02-19 18:33:49.879  1468-10603   A0d201/DriveKit                distributeddata                 I     {drive_service_proxy.cpp:175 SendData()} send data send request:, function:getAppState
02-19 18:33:49.879  1468-10603   A0d201/DriveKit                distributeddata                 I     {drive_service_proxy.cpp:314 StartTimer()} start timer
02-19 18:33:49.879  10585-10585  C01305/Appkit                  pid-10585                       E     [idle_time.cpp(EventTask:123)]no VSync occur.
02-19 18:33:49.879  1468-10603   A0d201/DriveKit                distributeddata                 I     {drive_service_proxy.cpp:327 StartTimer()} start timer success
02-19 18:33:49.879  704-822      C01c06/TimeService             resource_schedu                 I     [time_service_client.cpp] GetBootTimeMs# Result: 32414955
02-19 18:33:49.879  10585-10586  C01510/napi_remoteObject       pid-10585                       I     323: enter OnRemoteRequest
02-19 18:33:49.879  10585-10586  C01510/napi_remoteObject       pid-10585                       I     344: callingPid:1468, callingUid:3012,callingDeviceID:, localDeviceId:, localCalling:1
02-19 18:33:49.879  10585-10586  C01510/napi_remoteObject       pid-10585                       I     461: start nv queue work loop
