02-19 18:33:54.709  704-821      C01718/StandbyService          resource_schedu                 I     [push_strategy.cpp(HandleEvent):34] enter FreezeStrategy HandleEvent, eventId is 9
02-19 18:33:54.709  704-821      C01718/StandbyService          resource_schedu                 I     [network_strategy.cpp(HandleEvent):61] enter NetworkStrategy HandleEvent, eventId is 9
02-19 18:33:54.709  704-821      C01718/StandbyService          resource_schedu                 I     [running_lock_strategy.cpp(HandleProcessStatusChanged):554] RunningLockStrategy is not in proxy, do not need process
02-19 18:33:54.709  476-1364     C02d10/HiView-SysEventSource   hiview                          I     Parser: parser result domain_=AAFWK eventName_=PROCESS_EXIT
02-19 18:33:54.709  1284-2743    C01510/IPCObjectStub           privacy_service                 E     109: unknown OnRemoteRequest code = 10, descriptor: ohos.appexecfwk.IApplicationStateObserver
02-19 18:33:54.710  849-935      C01711/RESOURCE_TASK           bgtaskmgr_servi                 I     reset efficiency resources inner,  uid:20010034, pid 10528, resource number: 499, isProcess: 0
02-19 18:33:54.710  849-935      C01711/RESOURCE_TASK           bgtaskmgr_servi                 W     remove single resource record failure, no matched task: 20010034
02-19 18:33:54.710  476-1364     C02d10/HiView-SysEventSource   hiview                          I     Parser: parser result domain_=STARTUP eventName_=PROCESS_EXIT
02-19 18:33:54.728  1123-1701    C01120/BundleMgrService        foundation                      W     [bundle_data_mgr.cpp(GetInnerBundleInfoByUid):2081] the uid(3012) is not an application.
02-19 18:33:54.729  704-824      C01120/BundleMgrService        resource_schedu                 E     [bundle_mgr_proxy.cpp(GetNameForUid):757] host reply errCode : 8521233
02-19 18:33:54.729  704-824      C01713/SUSPEND_MANAGER         resource_schedu                 I     [suspend_manager_impl.cpp(DozeOneApplication):1041] Doze 20010023_com.huawei.hmos.clouddrive, keepAlive_ 0, continuousTaskCount_ 0, statusFlags_ 0, resourceFlags_ 0, curState_ 0, uiExtensionVisible_  0, [10585_0_0_0_-1_0]
02-19 18:33:54.758  476-1929     C02900/DumperCommon            hiview                          I     UpdateCpuInfo# UpdateCpuInfo debug|exit
02-19 18:33:54.761  10585-10585  A03d00/JSAPP                   com.huawei.hmos.clouddrive      E     PAF-TRACE TracerForOHOS, traceEnd get haInstance failed.
02-19 18:33:54.761  10585-10585  C03900/NAPI                    com.huawei.hmos.clouddrive      W     [(timer.cpp:149)(TimerCallback)] not found timerCallbackInfo
02-19 18:33:54.888  10585-10596  C01719/ffrt                    com.huawei.hmos.clouddrive      E     1:Detach:93 qos 2 thread not joinable
02-19 18:33:54.888  10585-10596  C01510/IPCThreadSkeleton       com.huawei.hmos.clouddrive      W     48: thread exit, flush commands
02-19 18:33:54.889  10585-10596  C01510/IPCThreadSkeleton       com.huawei.hmos.clouddrive      E     85: IPCThreadSkeleton delete
02-19 18:33:54.889  10585-10605  C01719/ffrt                    com.huawei.hmos.clouddrive      E     2:Detach:93 qos 2 thread not joinable
02-19 18:33:55.047  704-822      C01c06/TimeService             resource_schedu                 I     [time_service_client.cpp] GetBootTimeMs# Result: 32420123
02-19 18:33:55.048  476-1364     C02d10/HiView-SysEventSource   hiview                          I     Parser: parser result domain_=DISPLAY eventName_=AMBIENT_LIGHT
02-19 18:33:55.051  1123-1696    C02965/StatsUtils              foundation                      W     [stats_utils.cpp:191] ConvertStatsType# Convert failed due to illegal type=15
02-19 18:33:55.334  1059-1321    C015c0/dsoftbus                softbus_server                  E     SoftBusCondTimedWait timeout, ret[110]
02-19 18:33:55.399  704-822      C01c06/TimeService             resource_schedu                 I     [time_service_client.cpp] GetBootTimeMs# Result: 32420474
02-19 18:33:55.400  476-1364     C02d10/HiView-SysEventSource   hiview                          I     Parser: parser result domain_=DISPLAY eventName_=AMBIENT_LIGHT
02-19 18:33:55.402  1123-1696    C02965/StatsUtils              foundation                      W     [stats_utils.cpp:191] ConvertStatsType# Convert failed due to illegal type=15
02-19 18:33:55.698  678-1533     C01799/MemMgr                  memmgrservice                   E     KernelInterface::RemoveDirRecursively OHOS::ForceRemoveDirectory(/dev/memcg/100/com.huawei.hmsapp.totemweather) failed
02-19 18:33:55.698  678-1533     C01799/MemMgr                  memmgrservice                   I     Memcg::~Memcg release memcg success
02-19 18:33:55.707  678-1533     C01799/MemMgr                  memmgrservice                   E     KernelInterface::RemoveDirRecursively OHOS::ForceRemoveDirectory(/dev/memcg/100/com.huawei.hmos.photos) failed
02-19 18:33:55.708  678-1533     C01799/MemMgr                  memmgrservice                   I     Memcg::~Memcg release memcg success
02-19 18:33:55.747  704-822      C01c06/TimeService             resource_schedu                 I     [time_service_client.cpp] GetBootTimeMs# Result: 32420822
02-19 18:33:55.748  476-1364     C02d10/HiView-SysEventSource   hiview                          I     Parser: parser result domain_=DISPLAY eventName_=AMBIENT_LIGHT
02-19 18:33:55.750  1123-1696    C02965/StatsUtils              foundation                      W     [stats_utils.cpp:191] ConvertStatsType# Convert failed due to illegal type=15
02-19 18:33:55.768  1059-1321    C015c0/dsoftbus                softbus_server                  E     SoftBusCondTimedWait timeout, ret[110]
02-19 18:33:56.014  1572-1588    C02d13/HDC_LOG                 hdcd                            I     [daemon.cpp:397] FetchCommand channelId:701794669 command:1001
02-19 18:33:56.014  1572-1588    C02d13/HDC_LOG                 hdcd                            I     [session.cpp:1317] New HTaskInfo channelId:701794669 command:1001
02-19 18:33:56.014  1572-1588    C02d13/HDC_LOG                 hdcd                            W     [session.cpp:728] mapTask.size:2
02-19 18:33:56.014  1572-1588    C02d13/HDC_LOG                 hdcd                            I     [session.cpp:738] AdminTask add session 89464325, channelId 701794669, mapTask size: 3
02-19 18:33:56.014  1572-1588    C02d13/HDC_LOG                 hdcd                            I     [task.cpp:32] HdcTaskBase channelId:701794669
02-19 18:33:56.015  1572-10642   C02d13/HDC_LOG                 hdcd                            I     [async_cmd.cpp:152] ExecuteCommand pipe fds[pipeRead]:36 fds[pipeWrite]:37
02-19 18:33:56.016  1572-10642   C02d13/HDC_LOG                 hdcd                            I     [base.cpp:1617] CloseFd fd:37
02-19 18:33:56.016  10643-10643  C02d13/HDC_LOG                 pid-10643                       I     [base.cpp:1617] CloseFd fd:36
02-19 18:33:56.016  10643-10643  C02d13/HDC_LOG                 pid-10643                       I     [base.cpp:1617] CloseFd fd:37
02-19 18:33:56.016  1572-1588    C02d13/HDC_LOG                 hdcd                            I     [async_cmd.cpp:200] ExecuteCommand cmd:ps -ef fd:36 pid:10643
02-19 18:33:56.063  1050-1240    C02926/BatteryInfo             power_host                      E     [power_supply_provider.cpp:268] ReadSysfsFile# failed to open file
02-19 18:33:56.063  1050-1240    C02926/BatteryInfo             power_host                      W     [power_supply_provider.cpp:284] ReadBatterySysfsToBuff# read path failed, ret: -17
02-19 18:33:56.063  1050-1240    C02926/BatteryInfo             power_host                      E     [power_supply_provider.cpp:268] ReadSysfsFile# failed to open file
02-19 18:33:56.063  1050-1240    C02926/BatteryInfo             power_host                      W     [power_supply_provider.cpp:303] GetPluggedTypeName# read online path failed in loop, ret: -17
02-19 18:33:56.064  1050-1240    C02926/BatteryInfo             power_host                      E     [power_supply_provider.cpp:268] ReadSysfsFile# failed to open file
02-19 18:33:56.064  1050-1240    C02926/BatteryInfo             power_host                      W     [power_supply_provider.cpp:303] GetPluggedTypeName# read online path failed in loop, ret: -17
02-19 18:33:56.065  1050-1240    C02926/BatteryInfo             power_host                      E     [power_supply_provider.cpp:268] ReadSysfsFile# failed to open file
02-19 18:33:56.065  1050-1240    C02926/BatteryInfo             power_host                      W     [power_supply_provider.cpp:303] GetPluggedTypeName# read online path failed in loop, ret: -17
02-19 18:33:56.066  1123-1696    C02922/BatterySvc              foundation                      I     [battery_notify.cpp:58] PublishEvents# common event service ability init success
02-19 18:33:56.068  1123-1696    C01120/BundleMgrService        foundation                      W     [bundle_data_mgr.cpp(GetInnerBundleInfoByUid):2081] the uid(3025) is not an application.
02-19 18:33:56.068  1123-10521   C01200/Ces                     foundation                      I     [common_event_support.cpp:(IsSystemEvent):1706] enter
02-19 18:33:56.068  1123-1696    C01120/BundleMgrService        foundation                      W     [bundle_data_mgr.cpp(GetInnerBundleInfoByUid):2081] the uid(3025) is not an application.
02-19 18:33:56.069  1123-10521   C01719/ffrt                    foundation                      E     475431:QosApplyForOther:242 qos apply failed for task 10646
02-19 18:33:56.069  476-1364     C02d10/HiView-SysEventSource   hiview                          I     Parser: parser result domain_=BATTERY eventName_=CHANGED
02-19 18:33:56.069  1123-10646   C01200/Ces                     foundation                      E     [access_token_helper.cpp:(RecordSensitivePermissionUsage):47] tokenType != ATokenTypeEnum::TOKEN_HAP
02-19 18:33:56.070  1123-10646   C01200/Ces                     foundation                      E     [access_token_helper.cpp:(RecordSensitivePermissionUsage):47] tokenType != ATokenTypeEnum::TOKEN_HAP
02-19 18:33:56.070  1123-10646   C01200/Ces                     foundation                      E     [access_token_helper.cpp:(RecordSensitivePermissionUsage):47] tokenType != ATokenTypeEnum::TOKEN_HAP
02-19 18:33:56.070  1123-10521   C01200/Ces                     foundation                      I     [common_event_support.cpp:(IsSystemEvent):1706] enter
02-19 18:33:56.070  1123-10646   C01200/Ces                     foundation                      E     [access_token_helper.cpp:(RecordSensitivePermissionUsage):47] tokenType != ATokenTypeEnum::TOKEN_HAP
02-19 18:33:56.070  1123-10646   C01200/Ces                     foundation                      E     [access_token_helper.cpp:(RecordSensitivePermissionUsage):47] tokenType != ATokenTypeEnum::TOKEN_HAP
02-19 18:33:56.070  1123-1684    C02962/StatsSvc                foundation                      I     [battery_stats_subscriber.cpp:52] OnReceiveEvent# Received COMMON_EVENT_BATTERY_CHANGED event, capacity=92, pluggedType=2
02-19 18:33:56.070  1123-10646   C01200/Ces                     foundation                      E     [access_token_helper.cpp:(RecordSensitivePermissionUsage):47] tokenType != ATokenTypeEnum::TOKEN_HAP
02-19 18:33:56.070  1123-1684    C02942/ThermalSvc              foundation                      I     [thermal_common_event_receiver.cpp:99] HandleEvent# Handle Event: usual.event.BATTERY_CHANGED
02-19 18:33:56.070  1123-10646   C01200/Ces                     foundation                      E     [access_token_helper.cpp:(RecordSensitivePermissionUsage):52] permission denied
02-19 18:33:56.070  1123-1684    C02942/ThermalSvc              foundation                      I     [charger_state_collection.cpp:166] HandleChargeIdleState# soc=92, charging==1, current==48, level==0
02-19 18:33:56.070  1123-1684    C02942/ThermalSvc              foundation                      I     [thermal_common_event_receiver.cpp:99] HandleEvent# Handle Event: usual.event.BATTERY_CHANGED
02-19 18:33:56.070  1123-1684    C02942/ThermalSvc              foundation                      I     [charger_state_collection.cpp:166] HandleChargeIdleState# soc=92, charging==1, current==48, level==0
02-19 18:33:56.070  1123-1684    C02942/ThermalSvc              foundation                      I     [thermal_common_event_receiver.cpp:99] HandleEvent# Handle Event: usual.event.BATTERY_CHANGED
02-19 18:33:56.070  1123-1684    C02942/ThermalSvc              foundation                      I     [charger_state_collection.cpp:166] HandleChargeIdleState# soc=92, charging==1, current==48, level==0
02-19 18:33:56.071  476-1364     C02d10/HiView-SysEventSource   hiview                          I     Parser: parser result domain_=COMMONEVENT eventName_=PUBLISH
02-19 18:33:56.071  476-1899     C02904/DumperCpuService        hiview                          I     OnReceiveEvent# dump battery stats on receive event action=usual.event.BATTERY_CHANGED
02-19 18:33:56.071  476-1899     C02904/DumperCpuService        hiview                          I     OnReceiveEvent# Received COMMON_EVENT_BATTERY_CHANGED event, capacity=92, last capacity=92
02-19 18:33:56.071  759-1738     C015b5/netmanager_enhanced     netmanager                      W     [COMM] log len error
02-19 18:33:56.072  1123-10518   C01200/Ces                     foundation                      E     [access_token_helper.cpp:(RecordSensitivePermissionUsage):47] tokenType != ATokenTypeEnum::TOKEN_HAP
02-19 18:33:56.072  1123-1684    C02942/ThermalSvc              foundation                      I     [thermal_common_event_receiver.cpp:99] HandleEvent# Handle Event: usual.event.BATTERY_CHANGED_INNER
02-19 18:33:56.072  1123-10518   C01200/Ces                     foundation                      E     [access_token_helper.cpp:(RecordSensitivePermissionUsage):47] tokenType != ATokenTypeEnum::TOKEN_HAP
02-19 18:33:56.072  1123-1684    C02942/ThermalSvc              foundation                      I     [charger_state_collection.cpp:166] HandleChargeIdleState# soc=92, charging==1, current==-485, level==0
02-19 18:33:56.072  1123-1684    C02942/ThermalSvc              foundation                      I     [thermal_common_event_receiver.cpp:99] HandleEvent# Handle Event: usual.event.BATTERY_CHANGED_INNER
02-19 18:33:56.072  1123-1684    C02942/ThermalSvc              foundation                      I     [charger_state_collection.cpp:166] HandleChargeIdleState# soc=92, charging==1, current==-485, level==0
02-19 18:33:56.074  476-1384     C02d10/HiView-SysEventDocLruCache hiview                          I     Add: put sysEventDoc domain=BATTERY, name=CHANGED
02-19 18:33:56.074  2008-2008    A0001b/SceneBoard              com.ohos.sceneboard             I     BatteryComponent-batteryModel --> setBatteryStatus
02-19 18:33:56.075  476-1384     C02d10/HiView-SysEventDocLruCache hiview                          I     Add: put sysEventDoc domain=COMMONEVENT, name=PUBLISH
02-19 18:33:56.077  2008-2008    A0001b/SceneBoard              com.ohos.sceneboard             I     BatteryComponent-batteryModel --> batterySoc = 92
02-19 18:33:56.077  1050-1687    C02926/BatteryInfo             power_host                      E     [power_supply_provider.cpp:268] ReadSysfsFile# failed to open file
02-19 18:33:56.077  1050-1687    C02926/BatteryInfo             power_host                      W     [power_supply_provider.cpp:303] GetPluggedTypeName# read online path failed in loop, ret: -17
02-19 18:33:56.077  1840-1949    C01560/StaNetworkCheck         wifi_manager_se                 I     Enter httpDetection
02-19 18:33:56.078  1840-1949    C01560/OHWIFI_UTILS_HTTP_REQ   wifi_manager_se                 I     GetHostAddrFromUrl urlTmp2 = [<private>].
02-19 18:33:56.078  1840-1949    C01560/OHWIFI_UTILS_HTTP_REQ   wifi_manager_se                 I     GetIPFromUrl Url maybe contain Domain.
02-19 18:33:56.079  1840-10647   C01560/OHWIFI_UTILS_HTTP_REQ   wifi_manager_se                 E     GetHostThread ipOrDomain is connectivitycheck.platform.hicloud.com.
02-19 18:33:56.079  1572-10645   C02d13/HDC_LOG                 hdcd                            I     [file_descriptor.cpp:127] FileIOOnThread fd:36 nBytes:0
02-19 18:33:56.079  1572-10645   C02d13/HDC_LOG                 hdcd                            I     [async_cmd.cpp:80] FinishShellProc finish pipeRead fd:36 pid:10643
02-19 18:33:56.079  1572-10645   C02d13/HDC_LOG                 hdcd                            I     [task.cpp:50] HdcTaskBase::TaskFinish notify begin channelId:701794669
02-19 18:33:56.080  1840-10647   C01560/OHWIFI_UTILS_HTTP_REQ   wifi_manager_se                 E     GetHostThread ipaddr is 115.231.141.85.
02-19 18:33:56.080  1572-10645   C02d13/HDC_LOG                 hdcd                            I     [task.cpp:52] HdcTaskBase::TaskFinish notify end channelId:701794669
02-19 18:33:56.080  1840-1949    C01560/OHWIFI_UTILS_HTTP_REQ   wifi_manager_se                 I     iPort= [80],strIP= [<private>]
02-19 18:33:56.082  1572-1588    C02d13/HDC_LOG                 hdcd                            I     [daemon.cpp:397] FetchCommand channelId:701794669 command:2
02-19 18:33:56.082  1572-1588    C02d13/HDC_LOG                 hdcd                            I     [session.cpp:104] BeginRemoveTask taskType:0 channelId:701794669
02-19 18:33:56.082  1572-1588    C02d13/HDC_LOG                 hdcd                            I     [async_cmd.cpp:56] AsyncCmd::DoRelease finish
02-19 18:33:56.082  1572-1588    C02d13/HDC_LOG                 hdcd                            I     [session.cpp:157] ClearOwnTasks OP_CLEAR finish, session:0x7effe84000 channelIDInput:701794669
02-19 18:33:56.082  1572-1588    C02d13/HDC_LOG                 hdcd                            I     [session.cpp:116] TaskDelay task remove retry count 0/30, taskType:0 channelId:701794669, sessionId:89464325
02-19 18:33:56.082  1572-1588    C02d13/HDC_LOG                 hdcd                            F     [file_descriptor.cpp:38] ~HdcFileDescriptor refIO:0
02-19 18:33:56.082  1572-1588    C02d13/HDC_LOG                 hdcd                            I     [base.cpp:1617] CloseFd fd:36
02-19 18:33:56.082  1572-1588    C02d13/HDC_LOG                 hdcd                            I     [daemon_unity.cpp:27] HdcDaemonUnity::~HdcDaemonUnity finish
02-19 18:33:56.083  1572-1588    C02d13/HDC_LOG                 hdcd                            I     [async_cmd.cpp:35] ~AsyncCmd
02-19 18:33:56.083  1572-1588    C02d13/HDC_LOG                 hdcd                            I     [task.cpp:37] ~HdcTaskBase channelId:701794669
02-19 18:33:56.083  1572-1588    C02d13/HDC_LOG                 hdcd                            I     [session.cpp:123] TaskDelay task remove finish, channelId:701794669
02-19 18:33:56.087  1572-1588    C02d13/HDC_LOG                 hdcd                            I     [daemon.cpp:397] FetchCommand channelId:701794669 command:2
02-19 18:33:56.097  704-822      C01c06/TimeService             resource_schedu                 I     [time_service_client.cpp] GetBootTimeMs# Result: 32421173
02-19 18:33:56.098  476-1364     C02d10/HiView-SysEventSource   hiview                          I     Parser: parser result domain_=DISPLAY eventName_=AMBIENT_LIGHT
02-19 18:33:56.100  1123-1701    C02965/StatsUtils              foundation                      W     [stats_utils.cpp:191] ConvertStatsType# Convert failed due to illegal type=15
02-19 18:33:56.102  1840-1949    C01560/StaNetworkCheck         wifi_manager_se                 E     This network is normal!
02-19 18:33:56.233  1840-1948    C01560/OHWIFI_STATE_MACHINE    wifi_manager_se                 I     State machine: LinkedState execute Cmd:2
02-19 18:33:56.233  1840-1948    C01560/StaStateMachine         wifi_manager_se                 I     LinkedState, reveived msgCode=2 msg.
02-19 18:33:56.233  987-987      C01560/WifiHdiStaImpl          wifi_hal_service                I     GetHdiSignalInfo enter.
02-19 18:33:56.233  987-987      C01560/WifiHdiProxy            wifi_hal_service                I     GetFeatureInner get an exist feature.
02-19 18:33:56.238  1840-1948    C01560/WifiFrameWork           wifi_manager_se                 I     DealSignalPollResult, signal:-61, txLinkSpeed:4000, rxLinkSpeed:4000, freq:5300, noise:-89.
02-19 18:33:56.238  1840-1948    C01560/WifiFrameWork           wifi_manager_se                 I     DealSignalPollResult, networkId:0, ssid:<private>, rssi:-61, band:2, connState:4, detailedState:10.
02-19 18:33:56.238  1840-1948    C01560/WifiFrameWork           wifi_manager_se                 I     DealSignalPollResult currentSignalLevel:4, lastSignalLevel:4.
02-19 18:33:56.238  1840-1948    C01560/WifiFrameWork           wifi_manager_se                 I     DealSignalPollResult GetWifiStandard:5, bssid:f4:db:**:**:**:8f rxmax:400 txmax:400.
02-19 18:33:56.238  1840-1857    C01560/WifiInternalEventDispatcher wifi_manager_se                 I     WifiInternalEventDispatcher:: Deal Sta Event Callback Msg: 4100
02-19 18:33:56.239  1840-1857    C01560/WifiInternalEventDispatcher wifi_manager_se                 I     WifiInternalEventDispatcher:: Deal Sta Event Callback Msg: 4100
02-19 18:33:56.334  1059-1321    C015c0/dsoftbus                softbus_server                  E     SoftBusCondTimedWait timeout, ret[110]
02-19 18:33:56.334  2008-2008    C01560/WifiNAPIUtils           com.ohos.sceneboard             I     Call wifi func: GetLinkedInfo (start)
02-19 18:33:56.335  2008-2008    C01560/WifiNAPIUtils           com.ohos.sceneboard             I     Call wifi func: GetLinkedInfo (end), time cost:378us, 0ms
02-19 18:33:56.335  2008-10413   C01560/WifiNAPIUtils           com.ohos.sceneboard             I     Call wifi func: wifiDevicePtr->GetLinkedInfo (start)
02-19 18:33:56.335  2008-10413   C01510/IPCObjectStub           com.ohos.sceneboard             I     63: create, desc: OHOS.ISystemAbilityLoadCallback
02-19 18:33:56.336  480-1429     C01510/IPCObjectProxy          samgr                           I     58: handle = 74 create, descriptor: IPCObjectProxy74
02-19 18:33:56.337  480-1429     C01800/SAMGR                   samgr                           I     [SA Scheduler][SA: 1120] handle load event start, callingpid: 2008
02-19 18:33:56.337  480-1429     C01800/SAMGR                   samgr                           I     NotifySystemAbilityLoaded systemAbilityId : 1120
02-19 18:33:56.337  704-822      C01c06/TimeService             resource_schedu                 I     [time_service_client.cpp] GetBootTimeMs# Result: 32421413
02-19 18:33:56.337  480-1429     C01510/IPCObjectProxy          samgr                           W     63: handle = 74 destroyed, descriptor: IPCObjectProxy74
02-19 18:33:56.337  2008-2014    C01800/SA_CLIENT               com.ohos.sceneboard             I     SystemAbilityLoadCallbackStub::OnRemoteRequest, code = 1
02-19 18:33:56.337  2008-10413   C01800/SA_CLIENT               com.ohos.sceneboard             I     LoadSystemAbility systemAbilityId : 1120, SendRequest succeed!
02-19 18:33:56.338  2008-10254   C01510/IPCObjectStub           com.ohos.sceneboard             W     68: destroy, desc: OHOS.ISystemAbilityLoadCallback
02-19 18:33:56.338  1840-1847    C01560/OHWIFI_MANAGER_PERMISSION_HELPE wifi_manager_se                 I     callerToken=0x2005c34e has permission_name=ohos.permission.GET_WIFI_INFO, pid=0x7d8, type=0
02-19 18:33:56.339  1840-1847    C01560/OHWIFI_MANAGER_PERMISSION_HELPE wifi_manager_se                 I     callerToken=0x2005c34e has no permission_name=ohos.permission.GET_WIFI_LOCAL_MAC, pid=0x7d8, type=0
02-19 18:33:56.339  1840-1847    C01560/WifiDeviceServiceImpl   wifi_manager_se                 E     GetLinkedInfo:VerifyGetWifiLocalMacPermission() PERMISSION_DENIED!
02-19 18:33:56.339  2008-10413   C01560/WifiNAPIUtils           com.ohos.sceneboard             I     Call wifi func: wifiDevicePtr->GetLinkedInfo (end), time cost:3867us, 3ms
02-19 18:33:56.339  2008-2008    C01560/WifiNAPIDevice          com.ohos.sceneboard             I     Push get linkedInfo result to client
02-19 18:33:56.339  2008-2008    C01560/WifiNAPIErrCode         com.ohos.sceneboard             I     HandleCallbackErrCode, errCode = 0
02-19 18:33:56.340  2008-2008    A0001b/SceneBoard              com.ohos.sceneboard             I     Model.NetSpeedController --> wifi getLinkedInfo
02-19 18:33:56.449  704-822      C01c06/TimeService             resource_schedu                 I     [time_service_client.cpp] GetBootTimeMs# Result: 32421524
02-19 18:33:56.449  476-1364     C02d10/HiView-SysEventSource   hiview                          I     Parser: parser result domain_=DISPLAY eventName_=AMBIENT_LIGHT
02-19 18:33:56.452  1123-1701    C02965/StatsUtils              foundation                      W     [stats_utils.cpp:191] ConvertStatsType# Convert failed due to illegal type=15
02-19 18:33:56.798  704-822      C01c06/TimeService             resource_schedu                 I     [time_service_client.cpp] GetBootTimeMs# Result: 32421874
02-19 18:33:56.800  476-1364     C02d10/HiView-SysEventSource   hiview                          I     Parser: parser result domain_=DISPLAY eventName_=AMBIENT_LIGHT
02-19 18:33:56.802  1123-1701    C02965/StatsUtils              foundation                      W     [stats_utils.cpp:191] ConvertStatsType# Convert failed due to illegal type=15
02-19 18:33:57.147  704-822      C01c06/TimeService             resource_schedu                 I     [time_service_client.cpp] GetBootTimeMs# Result: 32422223
02-19 18:33:57.148  476-1364     C02d10/HiView-SysEventSource   hiview                          I     Parser: parser result domain_=DISPLAY eventName_=AMBIENT_LIGHT
02-19 18:33:57.150  1123-1701    C02965/StatsUtils              foundation                      W     [stats_utils.cpp:191] ConvertStatsType# Convert failed due to illegal type=15
02-19 18:33:57.212  1059-1946    C015c0/dsoftbus                softbus_server                  E     SoftBusCondTimedWait timeout, ret[110]
02-19 18:33:57.212  1059-1946    C015c0/dsoftbus                softbus_server                  I     [COMM][LoopTask:149]LoopTask[Heartbeat-Looper], get message. handle=LnnHbFsm-0,what=1,arg1=4,msgSize=0,time=32422288207
02-19 18:33:57.212  1059-1946    C015c0/dsoftbus                softbus_server                  I     [COMM][LoopTask:167]LoopTask[Heartbeat-Looper], HandleMessage message. handle=LnnHbFsm-0,what=1
02-19 18:33:57.212  1059-1946    C015c0/dsoftbus                softbus_server                  W     [LNN][ProcessSendOnceStrategy:365]HB send once get hbType(4) is not available
02-19 18:33:57.212  1059-1946    C015c0/dsoftbus                softbus_server                  I     [COMM][PostMessageAtTime:278][Heartbeat-Looper]PostMessageAtTime what =1 time= 32722288587 us
02-19 18:33:57.212  1059-1946    C015c0/dsoftbus                softbus_server                  I     [LNN][HbFsmStateProcessFunc:200]HB FSM process msg(4) succ, state=2
02-19 18:33:57.212  1059-1946    C015c0/dsoftbus                softbus_server                  I     [COMM][LoopTask:178]LoopTask[Heartbeat-Looper], after HandleMessage message. what=1,arg1=4
02-19 18:33:57.335  1059-1321    C015c0/dsoftbus                softbus_server                  E     SoftBusCondTimedWait timeout, ret[110]
02-19 18:33:57.498  704-822      C01c06/TimeService             resource_schedu                 I     [time_service_client.cpp] GetBootTimeMs# Result: 32422574
02-19 18:33:57.499  476-1364     C02d10/HiView-SysEventSource   hiview                          I     Parser: parser result domain_=DISPLAY eventName_=AMBIENT_LIGHT
02-19 18:33:57.501  1123-1701    C02965/StatsUtils              foundation                      W     [stats_utils.cpp:191] ConvertStatsType# Convert failed due to illegal type=15
02-19 18:33:57.560  1123-1701    C02942/ThermalSvc              foundation                      I     [thermal_observer.cpp:289] OnReceivedSensorInfo# callbackinfo_ size = 6
02-19 18:33:57.561  1123-1701    C02942/ThermalSvc              foundation                      I     [thermal_observer.cpp:265] NotifySensorTempChanged# listeners.size = 0, callbackTypeMap.size = 0
02-19 18:33:57.561  1123-1701    C02942/ThermalSvc              foundation                      I     [thermal_service_subscriber.cpp:94] SetHistoryTypeTempMap# SetHistoryTypeTempMap: sec=30
02-19 18:33:57.848  704-822      C01c06/TimeService             resource_schedu                 I     [time_service_client.cpp] GetBootTimeMs# Result: 32422924
02-19 18:33:57.849  476-1364     C02d10/HiView-SysEventSource   hiview                          I     Parser: parser result domain_=DISPLAY eventName_=AMBIENT_LIGHT
02-19 18:33:57.851  1123-1701    C02965/StatsUtils              foundation                      W     [stats_utils.cpp:191] ConvertStatsType# Convert failed due to illegal type=15
02-19 18:33:57.882  1572-1588    C02d13/HDC_LOG                 hdcd                            I     [daemon.cpp:397] FetchCommand channelId:2445390877 command:1001
02-19 18:33:57.882  1572-1588    C02d13/HDC_LOG                 hdcd                            I     [session.cpp:1317] New HTaskInfo channelId:2445390877 command:1001
02-19 18:33:57.882  1572-1588    C02d13/HDC_LOG                 hdcd                            W     [session.cpp:728] mapTask.size:2
02-19 18:33:57.882  1572-1588    C02d13/HDC_LOG                 hdcd                            I     [session.cpp:738] AdminTask add session 89464325, channelId 2445390877, mapTask size: 3
02-19 18:33:57.882  1572-1588    C02d13/HDC_LOG                 hdcd                            I     [task.cpp:32] HdcTaskBase channelId:2445390877
02-19 18:33:57.883  1572-10648   C02d13/HDC_LOG                 hdcd                            I     [async_cmd.cpp:152] ExecuteCommand pipe fds[pipeRead]:36 fds[pipeWrite]:37
02-19 18:33:57.884  1572-10648   C02d13/HDC_LOG                 hdcd                            I     [base.cpp:1617] CloseFd fd:37
02-19 18:33:57.884  10649-10649  C02d13/HDC_LOG                 pid-10649                       I     [base.cpp:1617] CloseFd fd:36
02-19 18:33:57.885  1572-1588    C02d13/HDC_LOG                 hdcd                            I     [async_cmd.cpp:200] ExecuteCommand cmd:hidumper -s 1201 -a "-p Faultlogger"  fd:36 pid:10649
02-19 18:33:57.885  10649-10649  C02d13/HDC_LOG                 pid-10649                       I     [base.cpp:1617] CloseFd fd:37
02-19 18:33:57.934  10652-10652  C01510/BinderConnector         pid-10652                       I     97: OpenDriver:succ to open, fd=3
02-19 18:33:57.935  10652-10652  C01510/IPCObjectProxy          pid-10652                       I     58: handle = 0 create, descriptor: IPCObjectProxy0
02-19 18:33:57.935  10652-10652  C01510/IPCObjectProxy          pid-10652                       I     58: handle = 1 create, descriptor: IPCObjectProxy1
02-19 18:33:58.027  10220-10220  C01510/IPCObjectProxy          hidumper_servic                 I     58: handle = 1 create, descriptor: IPCObjectProxy1
02-19 18:33:58.028  476-476      C02d10/Faultlogger             hiview                          I     Dump: DumpRequest: detail:<private>, list:<private>, file:<private>, name:<private>, time:<private>
02-19 18:33:58.039  10220-10220  C01510/IPCObjectProxy          hidumper_servic                 W     63: handle = 1 destroyed, descriptor: IPCObjectProxy1
02-19 18:33:58.043  1572-10651   C02d13/HDC_LOG                 hdcd                            I     [file_descriptor.cpp:127] FileIOOnThread fd:36 nBytes:0
02-19 18:33:58.043  1572-10651   C02d13/HDC_LOG                 hdcd                            I     [async_cmd.cpp:80] FinishShellProc finish pipeRead fd:36 pid:10649
02-19 18:33:58.043  1572-10651   C02d13/HDC_LOG                 hdcd                            I     [task.cpp:50] HdcTaskBase::TaskFinish notify begin channelId:2445390877
02-19 18:33:58.043  1572-10651   C02d13/HDC_LOG                 hdcd                            I     [task.cpp:52] HdcTaskBase::TaskFinish notify end channelId:2445390877
02-19 18:33:58.045  1572-1588    C02d13/HDC_LOG                 hdcd                            I     [daemon.cpp:397] FetchCommand channelId:2445390877 command:2
02-19 18:33:58.045  1572-1588    C02d13/HDC_LOG                 hdcd                            I     [session.cpp:104] BeginRemoveTask taskType:0 channelId:2445390877
02-19 18:33:58.045  1572-1588    C02d13/HDC_LOG                 hdcd                            I     [async_cmd.cpp:56] AsyncCmd::DoRelease finish
02-19 18:33:58.045  1572-1588    C02d13/HDC_LOG                 hdcd                            I     [session.cpp:157] ClearOwnTasks OP_CLEAR finish, session:0x7effe84000 channelIDInput:2445390877
02-19 18:33:58.045  1572-1588    C02d13/HDC_LOG                 hdcd                            I     [session.cpp:116] TaskDelay task remove retry count 0/30, taskType:0 channelId:2445390877, sessionId:89464325
02-19 18:33:58.045  1572-1588    C02d13/HDC_LOG                 hdcd                            F     [file_descriptor.cpp:38] ~HdcFileDescriptor refIO:0
02-19 18:33:58.045  1572-1588    C02d13/HDC_LOG                 hdcd                            I     [base.cpp:1617] CloseFd fd:36
02-19 18:33:58.045  1572-1588    C02d13/HDC_LOG                 hdcd                            I     [daemon_unity.cpp:27] HdcDaemonUnity::~HdcDaemonUnity finish
02-19 18:33:58.045  1572-1588    C02d13/HDC_LOG                 hdcd                            I     [async_cmd.cpp:35] ~AsyncCmd
02-19 18:33:58.045  1572-1588    C02d13/HDC_LOG                 hdcd                            I     [task.cpp:37] ~HdcTaskBase channelId:2445390877
02-19 18:33:58.045  1572-1588    C02d13/HDC_LOG                 hdcd                            I     [session.cpp:123] TaskDelay task remove finish, channelId:2445390877
02-19 18:33:58.051  1572-1588    C02d13/HDC_LOG                 hdcd                            I     [daemon.cpp:397] FetchCommand channelId:2445390877 command:2
02-19 18:33:58.198  704-822      C01c06/TimeService             resource_schedu                 I     [time_service_client.cpp] GetBootTimeMs# Result: 32423274
02-19 18:33:58.199  476-1364     C02d10/HiView-SysEventSource   hiview                          I     Parser: parser result domain_=DISPLAY eventName_=AMBIENT_LIGHT
02-19 18:33:58.201  1123-1701    C02965/StatsUtils              foundation                      W     [stats_utils.cpp:191] ConvertStatsType# Convert failed due to illegal type=15
02-19 18:33:58.269  1059-1321    C015c0/dsoftbus                softbus_server                  E     SoftBusCondTimedWait timeout, ret[110]
02-19 18:33:58.298  476-1881     C01200/InnerEvent              hiview                          E     Type of the shared_ptr, weak_ptr or unique_ptr mismatched
02-19 18:33:58.301  476-1881     C02d10/XPower                  hiview                          E     [MemoryCollector.cpp] GetRss# File  /proc/30913/rss not found.
02-19 18:33:58.335  1059-1321    C015c0/dsoftbus                softbus_server                  E     SoftBusCondTimedWait timeout, ret[110]
02-19 18:33:58.335  2008-2008    C01560/WifiNAPIUtils           com.ohos.sceneboard             I     Call wifi func: GetLinkedInfo (start)
02-19 18:33:58.335  2008-2008    C01560/WifiNAPIUtils           com.ohos.sceneboard             I     Call wifi func: GetLinkedInfo (end), time cost:247us, 0ms
02-19 18:33:58.335  2008-10415   C01560/WifiNAPIUtils           com.ohos.sceneboard             I     Call wifi func: wifiDevicePtr->GetLinkedInfo (start)
02-19 18:33:58.335  2008-10415   C01510/IPCObjectStub           com.ohos.sceneboard             I     63: create, desc: OHOS.ISystemAbilityLoadCallback
02-19 18:33:58.336  480-1429     C01510/IPCObjectProxy          samgr                           I     58: handle = 74 create, descriptor: IPCObjectProxy74
02-19 18:33:58.337  480-1429     C01800/SAMGR                   samgr                           I     [SA Scheduler][SA: 1120] handle load event start, callingpid: 2008
02-19 18:33:58.337  480-1429     C01800/SAMGR                   samgr                           I     NotifySystemAbilityLoaded systemAbilityId : 1120
02-19 18:33:58.337  480-1429     C01510/IPCObjectProxy          samgr                           W     63: handle = 74 destroyed, descriptor: IPCObjectProxy74
02-19 18:33:58.337  704-822      C01c06/TimeService             resource_schedu                 I     [time_service_client.cpp] GetBootTimeMs# Result: 32423412
02-19 18:33:58.337  2008-10415   C01800/SA_CLIENT               com.ohos.sceneboard             I     LoadSystemAbility systemAbilityId : 1120, SendRequest succeed!
02-19 18:33:58.337  2008-10254   C01800/SA_CLIENT               com.ohos.sceneboard             I     SystemAbilityLoadCallbackStub::OnRemoteRequest, code = 1
02-19 18:33:58.337  2008-2014    C01510/IPCObjectStub           com.ohos.sceneboard             W     68: destroy, desc: OHOS.ISystemAbilityLoadCallback
02-19 18:33:58.338  1840-1847    C01560/OHWIFI_MANAGER_PERMISSION_HELPE wifi_manager_se                 I     callerToken=0x2005c34e has permission_name=ohos.permission.GET_WIFI_INFO, pid=0x7d8, type=0
02-19 18:33:58.338  1840-1847    C01560/OHWIFI_MANAGER_PERMISSION_HELPE wifi_manager_se                 I     callerToken=0x2005c34e has no permission_name=ohos.permission.GET_WIFI_LOCAL_MAC, pid=0x7d8, type=0
02-19 18:33:58.338  1840-1847    C01560/WifiDeviceServiceImpl   wifi_manager_se                 E     GetLinkedInfo:VerifyGetWifiLocalMacPermission() PERMISSION_DENIED!
02-19 18:33:58.339  2008-10415   C01560/WifiNAPIUtils           com.ohos.sceneboard             I     Call wifi func: wifiDevicePtr->GetLinkedInfo (end), time cost:4143us, 4ms
02-19 18:33:58.340  2008-2008    C01560/WifiNAPIDevice          com.ohos.sceneboard             I     Push get linkedInfo result to client
02-19 18:33:58.340  2008-2008    C01560/WifiNAPIErrCode         com.ohos.sceneboard             I     HandleCallbackErrCode, errCode = 0
02-19 18:33:58.340  2008-2008    A0001b/SceneBoard              com.ohos.sceneboard             I     Model.NetSpeedController --> wifi getLinkedInfo
02-19 18:33:58.548  704-822      C01c06/TimeService             resource_schedu                 I     [time_service_client.cpp] GetBootTimeMs# Result: 32423624
02-19 18:33:58.899  704-822      C01c06/TimeService             resource_schedu                 I     [time_service_client.cpp] GetBootTimeMs# Result: 32423974
02-19 18:33:59.103  1840-1949    C01560/StaNetworkCheck         wifi_manager_se                 I     Enter httpDetection
02-19 18:33:59.103  1840-1949    C01560/OHWIFI_UTILS_HTTP_REQ   wifi_manager_se                 I     GetHostAddrFromUrl urlTmp2 = [<private>].
02-19 18:33:59.103  1840-1949    C01560/OHWIFI_UTILS_HTTP_REQ   wifi_manager_se                 I     GetIPFromUrl Url maybe contain Domain.
02-19 18:33:59.104  1840-10656   C01560/OHWIFI_UTILS_HTTP_REQ   wifi_manager_se                 E     GetHostThread ipOrDomain is connectivitycheck.platform.hicloud.com.
02-19 18:33:59.105  1840-10656   C01560/OHWIFI_UTILS_HTTP_REQ   wifi_manager_se                 E     GetHostThread ipaddr is 115.231.141.85.
02-19 18:33:59.105  1840-1949    C01560/OHWIFI_UTILS_HTTP_REQ   wifi_manager_se                 I     iPort= [80],strIP= [<private>]
02-19 18:33:59.128  1840-1949    C01560/StaNetworkCheck         wifi_manager_se                 E     This network is normal!
02-19 18:33:59.238  1840-1948    C01560/OHWIFI_STATE_MACHINE    wifi_manager_se                 I     State machine: LinkedState execute Cmd:2
02-19 18:33:59.239  1840-1948    C01560/StaStateMachine         wifi_manager_se                 I     LinkedState, reveived msgCode=2 msg.
02-19 18:33:59.239  987-987      C01560/WifiHdiStaImpl          wifi_hal_service                I     GetHdiSignalInfo enter.
02-19 18:33:59.239  987-987      C01560/WifiHdiProxy            wifi_hal_service                I     GetFeatureInner get an exist feature.
02-19 18:33:59.243  1840-1948    C01560/WifiFrameWork           wifi_manager_se                 I     DealSignalPollResult, signal:-62, txLinkSpeed:4000, rxLinkSpeed:3600, freq:5300, noise:-88.
02-19 18:33:59.243  1840-1948    C01560/WifiFrameWork           wifi_manager_se                 I     DealSignalPollResult, networkId:0, ssid:<private>, rssi:-62, band:2, connState:4, detailedState:10.
02-19 18:33:59.243  1840-1948    C01560/WifiFrameWork           wifi_manager_se                 I     DealSignalPollResult currentSignalLevel:4, lastSignalLevel:4.
02-19 18:33:59.243  1840-1948    C01560/WifiFrameWork           wifi_manager_se                 I     DealSignalPollResult GetWifiStandard:5, bssid:f4:db:**:**:**:8f rxmax:400 txmax:400.
02-19 18:33:59.243  1840-1857    C01560/WifiInternalEventDispatcher wifi_manager_se                 I     WifiInternalEventDispatcher:: Deal Sta Event Callback Msg: 4100
02-19 18:33:59.245  1840-1857    C01560/WifiInternalEventDispatcher wifi_manager_se                 I     WifiInternalEventDispatcher:: Deal Sta Event Callback Msg: 4100
02-19 18:33:59.247  704-822      C01c06/TimeService             resource_schedu                 I     [time_service_client.cpp] GetBootTimeMs# Result: 32424322
02-19 18:33:59.335  1059-1321    C015c0/dsoftbus                softbus_server                  E     SoftBusCondTimedWait timeout, ret[110]
02-19 18:33:59.503  1050-1186    C02500/ThermalDaemon           power_host                      I     [temperature_manager.cpp] [system_h] new temp: 31 old temp: 30
02-19 18:33:59.597  704-822      C01c06/TimeService             resource_schedu                 I     [time_service_client.cpp] GetBootTimeMs# Result: 32424673
02-19 18:33:59.698  1971-10583   C01719/ffrt                    com.huawei.hmos.aidataservice   E     160:Detach:93 qos 2 thread not joinable
02-19 18:33:59.707  1971-10527   C01719/ffrt                    com.huawei.hmos.aidataservice   E     161:Detach:93 qos 2 thread not joinable
02-19 18:33:59.730  704-824      C01713/SUSPEND_MANAGER         resource_schedu                 I     [suspend_manager_impl.cpp(FreezeOneApplication):1151] Freeze 20010023_com.huawei.hmos.clouddrive, keepAlive_ 0, continuousTaskCount_ 0, statusFlags_ 0, resourceFlags_ 0, curState_ 1, uiExtensionVisible_  0, [10585_0_0_0_-1_0]
02-19 18:33:59.731  704-824      C01c06/TimeService             resource_schedu                 I     [time_service_client.cpp] GetBootTimeMs# Result: 32424806
02-19 18:33:59.731  704-824      C01713/SUSPEND_MANAGER         resource_schedu                 I     [app_state_record.cpp(ProcessOperations):364] Process operaton for 10585, freeze option is 1
02-19 18:33:59.732  704-824      C01713/SUSPEND_MANAGER         resource_schedu                 I     [freezer_adapter.cpp(FreezePids):189] Freeze pid: 10585 success.
02-19 18:33:59.732  704-824      C00101/Bluetooth               resource_schedu                 E     [bluetooth_host.cpp(IsBleEnabled:717)]pimpl or bluetooth host is nullptr
02-19 18:33:59.732  704-824      C00101/Bluetooth               resource_schedu                 E     [bluetooth_proxy_manager.cpp(ProxyUid:39)]bluetooth is off.
02-19 18:33:59.732  480-1429     C01800/SAMGR                   samgr                           W     NOT found service : 2802
02-19 18:33:59.733  704-824      C01510/BinderInvoker           resource_schedu                 E     124: SendRequest: handle=0 result = 3
02-19 18:33:59.733  704-824      C02300/Locator_standard        resource_schedu                 I     ProxyUidForFreeze, no need freeze
02-19 18:33:59.734  1118-1118    C02700/SensorPowerPolicy       sensors                         I     in SuspendSensors, Suspend sensors failed, sensorIdList is empty, pid:10585
02-19 18:33:59.734  704-824      C01510/BinderInvoker           resource_schedu                 E     124: SendRequest: handle=1 result = 75628571
02-19 18:33:59.734  704-824      C02700/SensorServiceProxy      resource_schedu                 E     in SuspendSensors, Failed, ret:75628571
02-19 18:33:59.734  704-824      C02700/SensorAgentProxy        resource_schedu                 E     in SuspendSensors, Suspend sensors failed, ret:75628571
02-19 18:33:59.734  704-824      C02700/SensorNativeAPI         resource_schedu                 E     in SuspendSensors, Suspend sensors failed, ret:75628571
02-19 18:33:59.734  704-824      C01713/SUSPEND_MANAGER         resource_schedu                 I     [app_state_record.cpp(ProxyHardwareResourcesLocked):436] pid: 10585, uid: 20010023, proxy: 1, sensor: 14500101
02-19 18:33:59.735  1123-1701    C02908/PowerRunningLock        foundation                      I     [running_lock_proxy.cpp:95] IncreaseProxyCnt# IncreaseProxyCnt proxykey=10585_20010023 proxycnt=1
02-19 18:33:59.735  1123-1701    C02908/PowerRunningLock        foundation                      W     [running_lock_mgr.cpp:484] ProxyRunningLockInner# Proxy runninglock failed, no matching runninglock exist
02-19 18:33:59.735  476-1364     C02d10/HiView-SysEventSource   hiview                          I     Parser: parser result domain_=SENSOR eventName_=SERVICE_IPC_EXCEPTION
02-19 18:33:59.736  704-824      C01713/SUSPEND_MANAGER         resource_schedu                 I     [app_state_record.cpp(ProxyHardwareResourcesLocked):450] pid: 10585, uid: 20010023, proxy: 1, RunningLockProxy: 1
02-19 18:33:59.739  476-1384     C02d10/HiView-SysEventDocLruCache hiview                          I     Add: put sysEventDoc domain=SENSOR, name=SERVICE_IPC_EXCEPTION
02-19 18:33:59.950  704-822      C01c06/TimeService             resource_schedu                 I     [time_service_client.cpp] GetBootTimeMs# Result: 32425026
02-19 18:34:00.000  890-1717     C01200/Ces                     time_service                    W     [common_event_proxy.cpp:(PublishCommonEvent):70] invalid commonEventListener
02-19 18:34:00.002  1123-1701    C01120/BundleMgrService        foundation                      W     [bundle_data_mgr.cpp(GetInnerBundleInfoByUid):2081] the uid(3819) is not an application.
02-19 18:34:00.002  890-1717     C01c06/TimeService             time_service                    I     [time_service_notify.cpp] PublishEvents# Publish event usual.event.TIME_TICK done
02-19 18:34:00.002  1123-10521   C01200/Ces                     foundation                      I     [common_event_support.cpp:(IsSystemEvent):1706] enter
02-19 18:34:00.003  1123-10646   C01200/Ces                     foundation                      E     [access_token_helper.cpp:(RecordSensitivePermissionUsage):52] permission denied
02-19 18:34:00.003  1123-10646   C01200/Ces                     foundation                      E     [access_token_helper.cpp:(RecordSensitivePermissionUsage):52] permission denied
02-19 18:34:00.004  1123-10646   C01200/Ces                     foundation                      E     [access_token_helper.cpp:(RecordSensitivePermissionUsage):52] permission denied
02-19 18:34:00.004  1123-10646   C01200/Ces                     foundation                      E     [access_token_helper.cpp:(RecordSensitivePermissionUsage):52] permission denied
02-19 18:34:00.004  1123-10646   C01200/Ces                     foundation                      E     [access_token_helper.cpp:(RecordSensitivePermissionUsage):52] permission denied
02-19 18:34:00.004  1123-10646   C01200/Ces                     foundation                      E     [access_token_helper.cpp:(RecordSensitivePermissionUsage):52] permission denied
02-19 18:34:00.005  2008-2008    A0001b/SceneBoard              com.ohos.sceneboard             I     CommonEventManagerA --> handleCommonEventCallback post inner event: usual.event.TIME_TICK
02-19 18:34:00.013  2008-2008    A0001b/SceneBoard              com.ohos.sceneboard             I     ScreenLock-DateTime --> time = 06:34
02-19 18:34:00.013  2008-2008    A0001b/SceneBoard              com.ohos.sceneboard             I     ScreenLock-DateTime --> time = 06:34
02-19 18:34:00.014  2008-2008    A0001b/SceneBoard              com.ohos.sceneboard             I     ScreenLock-DateTime --> time = 06:34
02-19 18:34:00.014  2008-2008    A0001b/SceneBoard              com.ohos.sceneboard             I     ScreenLock-DateTime --> time = 06:34
02-19 18:34:00.048  1278-1278    C01400/OHOS::RS                render_service                  I     RsDebug RSProcessor::Perf: do nothing
02-19 18:34:00.048  1034-2506    C014b1/KRPRPERYIES             composer_host                   E     get property failed
02-19 18:34:00.049  1034-2506    C014c0/GRALLOC                 composer_host                   E     This buffer is nullptr
02-19 18:34:00.051  1278-1320    C01400/Composer                render_service                  E     ReleaseFramebuffer: Current frame buffer is nullptr.
02-19 18:34:00.183  1285-29995   C015b0/NetsysNativeService     netsysnative                    I     [Send-(fwmark_client.cpp:68)]FwmarkClient: socketFd_: 34
02-19 18:34:00.184  1285-1571    C015b0/NetsysNativeService     netsysnative                    I     [SetMark-(fwmark_network.cpp:99)]FwmarkNetwork: SetMark netId: 100, socketFd:35, cmd:0
02-19 18:34:00.184  1285-1571    C015b0/NetsysNativeService     netsysnative                    I     [CloseSocket-(fwmark_network.cpp:78)]NO_ERROR_CODE CloseSocket socket:35, ret:0
02-19 18:34:00.184  1285-29995   C015b0/NetsysNativeService     netsysnative                    I     [SearchNameServer-(dns_lookup_parse.cpp:266)]DNS send to server is 10.246.***.**
02-19 18:34:00.184  1285-1571    C015b0/NetsysNativeService     netsysnative                    I     [CloseSocket-(fwmark_network.cpp:78)]NO_ERROR_CODE CloseSocket socket:19, ret:4
