02-19 18:33:49.879  10585-10585  C01510/napi_remoteObject       pid-10585                       I     463: enter thread pool
02-19 18:33:49.879  704-822      C01c06/TimeService             resource_schedu                 I     [time_service_client.cpp] GetBootTimeMs# Result: 32414955
02-19 18:33:49.880  10585-10585  A06666/LogService              pid-10585                       E     LogD service is not is inited.
02-19 18:33:49.880  10585-10585  A06666/[Cloud-2.0.0.301]DispatcherFact pid-10585                       I     type: getAppState
02-19 18:33:49.880  10585-10585  A06666/LogService              pid-10585                       E     LogD service is not is inited.
02-19 18:33:49.880  678-739      C01510/IPCObjectProxy          memmgrservice                   W     63: handle = 8 destroyed, descriptor: IPCObjectProxy8
02-19 18:33:49.880  678-739      C01799/MemMgr                  memmgrservice                   E     ProcessPriorityInfo::ProcBindToMe insert process[pid=1468, uid=3012] to procsBindToMe_, map size = 1
02-19 18:33:49.880  1468-3012    A0d201/DriveKit                distributeddata                 I     {drive_service_proxy.cpp:175 SendData()} send data send request:e62b2c9df8574b46b0db8ec9b9fb93db, function:GetCloudUserInfo
02-19 18:33:49.880  678-739      C01799/MemMgr                  memmgrservice                   E     ReclaimPriorityManager::DeleteBundleInfoFromSet delete 1 bundles from set, uid_=20010023, totalBundlePrioSet_.size=15
02-19 18:33:49.880  678-739      C01799/MemMgr                  memmgrservice                   E     ReclaimPriorityManager::AddBundleInfoToSet success to insert bundle to set, uid_=20010023, totalBundlePrioSet_.size=16
02-19 18:33:49.880  678-739      C01799/MemMgr                  memmgrservice                   E     ReclaimPriorityManager::AddBundleInfoToSet procsNumsSum = 18
02-19 18:33:49.880  10585-10585  C01305/Appkit                  pid-10585                       E     [idle_time.cpp(EventTask:123)]no VSync occur.
02-19 18:33:49.880  10585-10601  C01510/napi_remoteObject       pid-10585                       I     323: enter OnRemoteRequest
02-19 18:33:49.880  10585-10601  C01510/napi_remoteObject       pid-10585                       I     344: callingPid:1468, callingUid:3012,callingDeviceID:, localDeviceId:, localCalling:1
02-19 18:33:49.880  10585-10601  C01510/napi_remoteObject       pid-10585                       I     461: start nv queue work loop
02-19 18:33:49.880  678-739      C01799/MemMgr                  memmgrservice                   E     ReclaimPriorityManager::DeleteBundleInfoFromSet delete 1 bundles from set, uid_=20010023, totalBundlePrioSet_.size=15
02-19 18:33:49.880  678-739      C01799/MemMgr                  memmgrservice                   E     ReclaimPriorityManager::AddBundleInfoToSet success to insert bundle to set, uid_=20010023, totalBundlePrioSet_.size=16
02-19 18:33:49.880  678-739      C01799/MemMgr                  memmgrservice                   E     ReclaimPriorityManager::AddBundleInfoToSet procsNumsSum = 18
02-19 18:33:49.880  678-739      C01799/MemMgr                  memmgrservice                   I     ReclaimPriorityManager::SetConnectExtensionProcPrio set extension priority: bundle[uid_=20010023,name=com.huawei.hmos.clouddrive,priority=100], proc[pid_=10585, uid=20010023, isFreground_=0, isBackgroundRunning_=0, isSuspendDelay_=0, isEventStart_=0, isDistDeviceConnected_=0, extensionBindStatus_=1, priority=100]
02-19 18:33:49.880  704-822      C01c06/TimeService             resource_schedu                 I     [time_service_client.cpp] GetBootTimeMs# Result: 32414956
02-19 18:33:49.881  1123-10520   C01200/Ces                     foundation                      I     [common_event_subscribe_info.cpp:(~CommonEventSubscribeInfo):47] ~CommonEventSubscribeInfo
02-19 18:33:49.881  1123-10520   C01200/Ces                     foundation                      I     [common_event_subscribe_info.cpp:(~CommonEventSubscribeInfo):47] ~CommonEventSubscribeInfo
02-19 18:33:49.881  10585-10585  C01510/napi_remoteObject       pid-10585                       I     463: enter thread pool
02-19 18:33:49.881  10585-10606  C01653/NativePreferences       pid-10585                       I     60: RenameFromBackupFile the backup file does not exist.
02-19 18:33:49.881  10585-10585  A06666/LogService              pid-10585                       E     LogD service is not is inited.
02-19 18:33:49.882  10585-10585  A06666/[Cloud-2.0.0.301]DispatcherFact pid-10585                       I     type: GetCloudUserInfo
02-19 18:33:49.882  10585-10585  A06666/LogService              pid-10585                       E     LogD service is not is inited.
02-19 18:33:49.882  10585-10585  A06666/[Cloud-2.0.0.301]UserInfoDispat pid-10585                       I     getUserInfo begin
02-19 18:33:49.882  10585-10585  A06666/LogService              pid-10585                       E     LogD service is not is inited.
02-19 18:33:49.882  10585-10585  A06666/[Cloud-2.0.0.301]AppInfoDispatc pid-10585                       E     uid is null
02-19 18:33:49.882  10585-10585  A06666/LogService              pid-10585                       E     LogD service is not is inited.
02-19 18:33:49.882  10585-10585  A06666/LogService              pid-10585                       E     LogD service is not is inited.
02-19 18:33:49.882  10585-10585  A06666/[Cloud-2.0.0.301]IdlDriveServic pid-10585                       I     onRemoteMessageRequest reply length 63, calc callbackTime 3 writeRawDataTime 0 totalTime 3
02-19 18:33:49.882  10585-10585  A06666/LogService              pid-10585                       E     LogD service is not is inited.
02-19 18:33:49.882  10585-10585  C01510/napi_remoteObject       pid-10585                       I     352: call js onRemoteRequest done
02-19 18:33:49.882  10585-10586  C01510/napi_remoteObject       pid-10585                       I     346: OnJsRemoteRequest done, ret:0
02-19 18:33:49.883  1468-10603   A0d201/DriveKit                distributeddata                 I     {drive_service_proxy.cpp:198 SendData()} recv data request:, function:getAppState, cost:3 ms,
02-19 18:33:49.883  1468-10603   A0d201/DriveKit                distributeddata                 I     {drive_service_proxy.cpp:200 SendData()} request:, data:{"code":1003,"error":{"code":1003,"description":"uid is null"}}
02-19 18:33:49.883  1468-10603   A0d201/DriveKit                distributeddata                 E     {drive_service_proxy.cpp:297 SendHelloToCloud()} send hello to cloud failed, code is :1003
02-19 18:33:49.883  1468-10603   C01510/IPCThreadSkeleton       distributeddata                 W     48: thread exit, flush commands
02-19 18:33:49.883  1468-10603   C01510/IPCThreadSkeleton       distributeddata                 E     85: IPCThreadSkeleton delete
02-19 18:33:49.884  10598-10598  C02c11/APPSPAWN                pid-10598                       I     [appspawn_adapter.cpp:133]Success to set app seccomp filter
02-19 18:33:49.884  476-1364     C02d10/HiView-SysEventSource   hiview                          I     Parser: parser result domain_=COMMONEVENT eventName_=SUBSCRIBE
02-19 18:33:49.885  10598-10598  C02f07/SecCompClientEnhanceImpl pid-10598                       I     [SecCompClientEnhanceImpl]:SecCompClientEnhanceImpl()
02-19 18:33:49.886  10598-10598  C02f07/SecCompClientEnhanceImpl pid-10598                       I     [InitClientEnhace]:start init client enhance
02-19 18:33:49.886  10598-10598  C01510/IPCObjectStub           pid-10598                       I     63: create, desc: ohos.security.ISecCompCheckCallback
02-19 18:33:49.886  10598-10598  C01510/BinderConnector         pid-10598                       I     97: OpenDriver:succ to open, fd=21
02-19 18:33:49.886  10585-10585  A06666/[Cloud-2.0.0.301]UserInfoDispat pid-10585                       E     getUserInfo uid is null
02-19 18:33:49.886  10585-10585  A06666/LogService              pid-10585                       E     LogD service is not is inited.
02-19 18:33:49.886  10598-10598  C01510/IPCObjectProxy          pid-10598                       I     58: handle = 0 create, descriptor: IPCObjectProxy0
02-19 18:33:49.886  10585-10585  A06666/[Cloud-2.0.0.301]UserInfoDispat pid-10585                       I     getUserInfo returns: {"code":0,"userInfo":{"cloudStatus":3}}
02-19 18:33:49.886  10585-10585  A06666/LogService              pid-10585                       E     LogD service is not is inited.
02-19 18:33:49.886  10585-10585  A06666/LogService              pid-10585                       E     LogD service is not is inited.
02-19 18:33:49.887  10585-10585  A06666/[Cloud-2.0.0.301]IdlDriveServic pid-10585                       I     onRemoteMessageRequest reply length 39, calc callbackTime 5 writeRawDataTime 1 totalTime 6
02-19 18:33:49.887  10585-10585  A06666/LogService              pid-10585                       E     LogD service is not is inited.
02-19 18:33:49.887  10585-10585  C01510/napi_remoteObject       pid-10585                       I     352: call js onRemoteRequest done
02-19 18:33:49.887  10585-10601  C01510/napi_remoteObject       pid-10585                       I     346: OnJsRemoteRequest done, ret:0
02-19 18:33:49.887  10585-10585  C01305/Appkit                  pid-10585                       E     [idle_time.cpp(EventTask:123)]no VSync occur.
02-19 18:33:49.887  480-1429     C01800/SAMGR                   samgr                           W     NOT found service : 3506
02-19 18:33:49.887  10598-10598  C01510/BinderInvoker           pid-10598                       E     124: SendRequest: handle=0 result = 3
02-19 18:33:49.887  10598-10598  C02f07/SecCompClient           pid-10598                       I     [TryToGetSecCompSa]:Service is not start.
02-19 18:33:49.887  10598-10598  C02f07/SecCompEnhanceClient    pid-10598                       I     [GetEnhanceProxy]:Get enhance object failed
02-19 18:33:49.887  10598-10598  C02f07/SecCompEnhanceClient    pid-10598                       I     [RegisterCheckCallback]:security component service not start, register it to privacy
02-19 18:33:49.887  1468-3012    A0d201/DriveKit                distributeddata                 I     {drive_service_proxy.cpp:198 SendData()} recv data request:e62b2c9df8574b46b0db8ec9b9fb93db, function:GetCloudUserInfo, cost:7 ms,
02-19 18:33:49.887  1468-3012    A0d201/DriveKit                distributeddata                 I     {drive_service_proxy.cpp:175 SendData()} send data send request:96bf19a84c8941378ad1131c956e1f71, function:getCloudAppBriefInfo
02-19 18:33:49.888  10598-10598  C01510/IPCObjectProxy          pid-10598                       I     58: handle = 1 create, descriptor: IPCObjectProxy1
02-19 18:33:49.888  10585-10601  C01510/napi_remoteObject       pid-10585                       I     323: enter OnRemoteRequest
02-19 18:33:49.888  10585-10601  C01510/napi_remoteObject       pid-10585                       I     344: callingPid:1468, callingUid:3012,callingDeviceID:, localDeviceId:, localCalling:1
02-19 18:33:49.888  10585-10601  C01510/napi_remoteObject       pid-10585                       I     461: start nv queue work loop
02-19 18:33:49.888  10585-10585  C01510/napi_remoteObject       pid-10585                       I     463: enter thread pool
02-19 18:33:49.888  704-822      C01c06/TimeService             resource_schedu                 I     [time_service_client.cpp] GetBootTimeMs# Result: 32414964
02-19 18:33:49.888  1284-29649   C01510/IPCObjectProxy          privacy_service                 I     58: handle = 16 create, descriptor: IPCObjectProxy16
02-19 18:33:49.888  10585-10585  A06666/LogService              pid-10585                       E     LogD service is not is inited.
02-19 18:33:49.888  10585-10585  A06666/[Cloud-2.0.0.301]DispatcherFact pid-10585                       I     type: getCloudAppBriefInfo
02-19 18:33:49.888  10585-10585  A06666/LogService              pid-10585                       E     LogD service is not is inited.
02-19 18:33:49.889  1284-29649   C02f03/PrivacySecCompEnhanceAgent privacy_service                 I     [RegisterSecCompEnhance]:register sec comp enhance success, pid 10598, total 19.
02-19 18:33:49.889  704-822      C01c06/TimeService             resource_schedu                 I     [time_service_client.cpp] GetBootTimeMs# Result: 32414964
02-19 18:33:49.889  10598-10598  C02f07/SecCompEnhanceClient    pid-10598                       I     [RegisterCheckCallback]:security component register to privacy ret 0
02-19 18:33:49.889  10598-10598  C02f07/SecCompClientEnhanceImpl pid-10598                       I     [InitClientEnhace]:Register Challenge ok
02-19 18:33:49.889  10598-10598  C02c11/APPSPAWN                pid-10598                       I     [appspawn_service.c:531]NotifyResToParent com.ohos.telephonydataability fd 22 result 0
02-19 18:33:49.889  10585-10585  A06666/[Cloud-2.0.0.301]AppInfoDispatc pid-10585                       E     uid is null
02-19 18:33:49.889  10585-10585  A06666/LogService              pid-10585                       E     LogD service is not is inited.
02-19 18:33:49.889  10585-10585  A06666/LogService              pid-10585                       E     LogD service is not is inited.
02-19 18:33:49.889  482-482      C02c11/APPSPAWN                appspawn                        I     [appspawn_service.c:436]child process com.ohos.telephonydataability success pid 10598
02-19 18:33:49.889  482-482      C02c11/APPSPAWN                appspawn                        I     [appspawn_service.c:94]Add com.ohos.telephonydataability, pid=10598 success
02-19 18:33:49.889  482-482      C02c11/APPSPAWN                appspawn                        I     [appspawn_service.c:146]SendMessageComplete client.id 130 result 0 pid 10598
02-19 18:33:49.889  10585-10585  A06666/[Cloud-2.0.0.301]IdlDriveServic pid-10585                       I     onRemoteMessageRequest reply length 63, calc callbackTime 1 writeRawDataTime 0 totalTime 1
02-19 18:33:49.889  10585-10585  A06666/LogService              pid-10585                       E     LogD service is not is inited.
02-19 18:33:49.889  10585-10585  C01510/napi_remoteObject       pid-10585                       I     352: call js onRemoteRequest done
02-19 18:33:49.889  1123-10519   C01303/AppMgrService           foundation                      I     [app_mgr_service_inner.cpp(StartProcess:1916)]Start process success, pid is 10598, processName is com.ohos.telephonydataability.
02-19 18:33:49.889  10585-10601  C01510/napi_remoteObject       pid-10585                       I     346: OnJsRemoteRequest done, ret:0
02-19 18:33:49.889  10585-10585  C01305/Appkit                  pid-10585                       E     [idle_time.cpp(EventTask:123)]no VSync occur.
02-19 18:33:49.889  482-482      C02c11/APPSPAWN                appspawn                        I     [appspawn_service.c:132]OnClose 130 processName = com.ohos.telephonydataability
02-19 18:33:49.889  1468-3012    A0d201/DriveKit                distributeddata                 I     {drive_service_proxy.cpp:198 SendData()} recv data request:96bf19a84c8941378ad1131c956e1f71, function:getCloudAppBriefInfo, cost:1 ms,
02-19 18:33:49.889  1468-3012    A0d201/DriveKit                distributeddata                 I     {drive_service_proxy.cpp:200 SendData()} request:96bf19a84c8941378ad1131c956e1f71, data:{"code":1003,"error":{"code":1003,"description":"uid is null"}}
02-19 18:33:49.889  1468-3012    C01613/CLOUD                   distributeddata                 E     CloudServerHwImpl::GetServerInfo: get brief app info fail
02-19 18:33:49.889  1468-3012    C01613/CLOUD                   distributeddata                 E     CloudServiceImpl::GetCloudInfo: no cloud info 100
02-19 18:33:49.890  10598-10598  C02d0b/HICHECKER               pid-10598                       I     hichecker processName is com.ohos.telephonydataability
02-19 18:33:49.890  10598-10598  C02d0b/HICHECKER               pid-10598                       I     hichecker param is empty.
02-19 18:33:49.890  10598-10598  C02c11/APPSPAWN                pid-10598                       I     [appspawn_ace.cpp:137]LoadExtendLib: RunChildProcessor
02-19 18:33:49.890  10598-10598  C02d33/HitraceMeter            pid-10598                       E     pid[10598] first get g_tagsProperty: 5456538433239384065
02-19 18:33:49.890  1279-1467    C02f01/ATMServ                 accesstoken_ser                 I     [GetTokenType]:tokenID: 0x280fc514
02-19 18:33:49.890  1279-1467    C02f01/ATMServ                 accesstoken_ser                 I     [GetNativeTokenInfo]:tokenID: 0x2807402e
02-19 18:33:49.890  10585-10585  C01305/Appkit                  pid-10585                       E     [idle_time.cpp(EventTask:123)]no VSync occur.
02-19 18:33:49.890  10598-10598  C01510/IPCObjectStub           pid-10598                       I     63: create, desc: ohos.appexecfwk.AppScheduler
02-19 18:33:49.890  10598-10598  C01305/Appkit                  pid-10598                       I     [main_thread.cpp(MainThread:254)]MainThread
02-19 18:33:49.890  1123-10519   C02f01/ATMProxy                foundation                      I     [GetNativeTokenInfo]:result from server data = 0
02-19 18:33:49.890  10598-10598  C02d06/XCollie                 pid-10598                       I     Add periodical task AppkitWatchdog to watchdog.
02-19 18:33:49.890  10598-10598  C02d06/XCollie                 pid-10598                       I     Watchdog is running!
02-19 18:33:49.891  1123-10519   C01120/BundleMgrService        foundation                      I     [perf_profile.cpp(Dump):276] start
02-19 18:33:49.891  1123-10519   C01120/BundleMgrService        foundation                      I     [perf_profile.cpp(Dump):278] *************************
02-19 18:33:49.891  1123-10519   C01120/BundleMgrService        foundation                      I     [perf_profile.cpp(Dump):299] AbilityLoadTime: 63(ms)
02-19 18:33:49.891  1123-10519   C01120/BundleMgrService        foundation                      I     [perf_profile.cpp(Dump):300]     AppForkTime: 53(ms)
02-19 18:33:49.891  1123-10519   C01120/BundleMgrService        foundation                      I     [perf_profile.cpp(Dump):303] *************************
02-19 18:33:49.891  1123-10519   C01120/BundleMgrService        foundation                      I     [perf_profile.cpp(Dump):305] end
02-19 18:33:49.891  1284-29649   C01510/IPCObjectStub           privacy_service                 E     109: unknown OnRemoteRequest code = 6, descriptor: ohos.appexecfwk.IApplicationStateObserver
02-19 18:33:49.891  10598-10610  C02d06/XCollie                 pid-10598                       I     Watchdog is running in thread(10610)!
02-19 18:33:49.891  10598-10610  C02d06/XCollie                 pid-10598                       I     Watchdog Set Thread Info Callback
02-19 18:33:49.891  476-1364     C02d10/HiView-SysEventSource   hiview                          I     Parser: parser result domain_=AAFWK eventName_=PROCESS_START
02-19 18:33:49.891  10598-10598  C01510/IPCObjectProxy          pid-10598                       I     58: handle = 2 create, descriptor: IPCObjectProxy2
02-19 18:33:49.892  1123-1703    C01510/IPCObjectProxy          foundation                      I     58: handle = 298 create, descriptor: IPCObjectProxy298
02-19 18:33:49.892  1123-10516   C01303/AppMgrService           foundation                      I     [app_state_observer_manager.cpp(HandleOnAppProcessCreated:401)]Process Create, bundle:com.ohos.telephonydataability, pid:10598, uid:20010078, processType:1, extensionType:5, processName:com.ohos.telephonydataability, renderUid:-1
02-19 18:33:49.892  704-826      C01700/RSS                     resource_schedu                 I     FrameAwarePlugin:DispatchResource type:1, value:0
02-19 18:33:49.892  704-826      C01700/RSS                     resource_schedu                 I     FrameAwarePlugin::OnDispatchResource success.
02-19 18:33:49.892  704-837      C01706/ueaServer-IntelliSenseServer resource_schedu                 I     Send App start to concur_fwk
02-19 18:33:49.892  704-822      C01c06/TimeService             resource_schedu                 I     [time_service_client.cpp] GetBootTimeMs# Result: 32414968
02-19 18:33:49.892  704-837      C01706/ueaServer-IntelliSenseServer resource_schedu                 I     Get app info:10598 20010078 com.ohos.telephonydataability 0
02-19 18:33:49.892  614-614      C01707/CONCUR                  concurrent_task                 I     uid 20010078 start.
02-19 18:33:49.893  614-614      C01707/CONCUR                  concurrent_task                 I     auth_enable 20010078 success
02-19 18:33:49.893  678-739      C01799/MemMgr                  memmgrservice                   E     ReclaimPriorityManager::AddBundleInfoToSet success to insert bundle to set, uid_=20010078, totalBundlePrioSet_.size=17
02-19 18:33:49.893  678-739      C01799/MemMgr                  memmgrservice                   E     ReclaimPriorityManager::AddBundleInfoToSet procsNumsSum = 18
02-19 18:33:49.893  704-1582     C01713/SUSPEND_MANAGER         resource_schedu                 I     [app_state_observer.cpp(OnProcessCreated):96] uid is 20010078, pid is 10598, bundle name is com.ohos.telephonydataability, extensionType is 5
02-19 18:33:49.893  1284-29649   C01510/IPCObjectStub           privacy_service                 E     109: unknown OnRemoteRequest code = 3, descriptor: ohos.appexecfwk.IApplicationStateObserver
02-19 18:33:49.893  704-838      C01702/CgroupAdjuster          resource_schedu                 I     AdjustProcessGroup for 10598, source : 3
02-19 18:33:49.893  704-821      C01718/StandbyService          resource_schedu                 I     [freeze_strategy.cpp(HandleEvent):47] enter FreezeStrategy HandleEvent, eventId is 9
02-19 18:33:49.893  704-821      C01718/StandbyService          resource_schedu                 I     [push_strategy.cpp(HandleEvent):34] enter FreezeStrategy HandleEvent, eventId is 9
02-19 18:33:49.893  704-821      C01718/StandbyService          resource_schedu                 I     [network_strategy.cpp(HandleEvent):61] enter NetworkStrategy HandleEvent, eventId is 9
02-19 18:33:49.893  704-821      C01718/StandbyService          resource_schedu                 I     [running_lock_strategy.cpp(HandleProcessStatusChanged):554] RunningLockStrategy is not in proxy, do not need process
02-19 18:33:49.893  1123-1696    C01303/AppMgrService           foundation                      I     [app_running_manager.cpp(GetForegroundApplications:538)]GetForegroundApplications, begin.
02-19 18:33:49.894  1123-1696    C01303/AppMgrService           foundation                      I     [app_running_manager.cpp(GetForegroundApplications:556)]GetForegroundApplications, bundleName:com.netease.lava.nertc.demo
02-19 18:33:49.894  704-838      C01702/CgroupAdjuster          resource_schedu                 I     ApplyProcessGroup Set 10598's cgroup from 255 to 0.
02-19 18:33:49.894  704-826      C01700/RSS                     resource_schedu                 I     IOSchedPlugin::OnDispatchResource success.
02-19 18:33:49.894  704-826      C01700/RSS                     resource_schedu                 I     FrameAwarePlugin:DispatchResource type:4, value:0
02-19 18:33:49.894  1123-10518   C01303/AppMgrService           foundation                      I     [app_mgr_service_inner.cpp(AttachApplication:382)]attach, pid:10598.
02-19 18:33:49.894  704-826      C01700/RSS                     resource_schedu                 I     FrameAwarePlugin::OnDispatchResource success.
02-19 18:33:49.894  1123-10518   C01303/AppMgrService           foundation                      I     [app_running_record.cpp(LaunchApplication:412)]Schedule launch application, app is com.ohos.telephonydataability.
02-19 18:33:49.894  704-826      C01700/RSS                     resource_schedu                 I     FrameAwarePlugin:DispatchResource type:8, value:0
02-19 18:33:49.894  704-826      C01700/RSS                     resource_schedu                 I     FrameAwarePlugin::OnDispatchResource success.
02-19 18:33:49.894  704-837      C01706/ueaServer-IntelliSenseServer resource_schedu                 I     Get pid info:10598 20010078 com.ohos.telephonydataability 0
02-19 18:33:49.894  1123-10518   C01302/Configuration           foundation                      W     [configuration.cpp(Marshalling:268)]Marshalling
02-19 18:33:49.894  1123-10518   C01303/AppMgrService           foundation                      I     [module_running_record.cpp(LaunchPendingAbilities:208)]name is SimAbility.
02-19 18:33:49.894  1123-10518   C01303/AppMgrService           foundation                      E     [app_mgr_service_inner.cpp(LaunchApplication:447)]callerRecord is nullptr, can not get callerBundleName.
02-19 18:33:49.894  476-476      C02903/DumperService           hiview                          I     OnProcessCreated# OnProcessCreated pid=10598, bundleName=com.ohos.telephonydataability
02-19 18:33:49.894  476-476      C02903/DumperService           hiview                          I     SendUpdateCpuInfoEvent# SendUpdateCpuInfoEvent|enter
02-19 18:33:49.894  476-476      C02904/DumperCpuService        hiview                          I     SendImmediateEvent# send immediate event
02-19 18:33:49.894  10598-10608  C01510/IPCObjectProxy          pid-10598                       I     58: handle = 3 create, descriptor: IPCObjectProxy3
02-19 18:33:49.894  678-739      C01510/IPCObjectProxy          memmgrservice                   I     58: handle = 8 create, descriptor: IPCObjectProxy8
02-19 18:33:49.894  10598-10598  C01510/IPCObjectProxy          pid-10598                       I     58: handle = 4 create, descriptor: IPCObjectProxy4
02-19 18:33:49.895  10598-10598  C01305/Appkit                  pid-10598                       I     [main_thread.cpp(GetBundleForLaunchApplication:1129)]bundleName = com.ohos.telephonydataability
02-19 18:33:49.895  1284-29649   C01510/IPCObjectStub           privacy_service                 E     109: unknown OnRemoteRequest code = 9, descriptor: ohos.appexecfwk.IApplicationStateObserver
02-19 18:33:49.895  476-1364     C02d10/HiView-SysEventSource   hiview                          I     Parser: parser result domain_=AAFWK eventName_=APP_LAUNCH
02-19 18:33:49.895  678-739      C01510/IPCObjectProxy          memmgrservice                   W     63: handle = 8 destroyed, descriptor: IPCObjectProxy8
02-19 18:33:49.895  678-739      C01799/MemMgr                  memmgrservice                   E     BundlePriorityInfo::AddProc insert process#10598 info to procs_, map size = 1
02-19 18:33:49.896  678-739      C01799/MemMgr                  memmgrservice                   E     ReclaimPriorityManager::DeleteBundleInfoFromSet delete 1 bundles from set, uid_=20010078, totalBundlePrioSet_.size=16
02-19 18:33:49.896  678-739      C01799/MemMgr                  memmgrservice                   E     ReclaimPriorityManager::AddBundleInfoToSet success to insert bundle to set, uid_=20010078, totalBundlePrioSet_.size=17
02-19 18:33:49.896  678-739      C01799/MemMgr                  memmgrservice                   E     ReclaimPriorityManager::AddBundleInfoToSet procsNumsSum = 19
02-19 18:33:49.896  678-739      C01799/MemMgr                  memmgrservice                   E     AccountBundleInfo::AddBundleToOsAccount insert bundle#20010078 info to bundleIdInfoMapping_, map size = 12
02-19 18:33:49.896  1971-3111    C01510/IPCObjectProxy          com.huawei.hmos.aidataservice   I     58: handle = 20 create, descriptor: IPCObjectProxy20
02-19 18:33:49.896  678-27131    C01510/IPCObjectProxy          memmgrservice                   I     58: handle = 8 create, descriptor: IPCObjectProxy8
02-19 18:33:49.896  476-1364     C02d10/HiView-SysEventSource   hiview                          I     Parser: parser result domain_=AAFWK eventName_=APP_ATTACH
02-19 18:33:49.896  678-739      C01510/IPCObjectProxy          memmgrservice                   I     58: handle = 9 create, descriptor: IPCObjectProxy9
02-19 18:33:49.896  678-27131    C01510/IPCObjectProxy          memmgrservice                   W     63: handle = 8 destroyed, descriptor: IPCObjectProxy8
02-19 18:33:49.896  1123-1692    C01120/BundleMgrService        foundation                      W     [bundle_data_mgr.cpp(ExplicitQueryExtensionInfo):3630] extensionAbility not found or disabled
02-19 18:33:49.896  1123-1692    C01120/BundleMgrService        foundation                      E     [bundle_mgr_host_impl.cpp(QueryExtensionAbilityInfos):1821] QueryExtensionAbilityInfos is failed
02-19 18:33:49.896  678-1533     C01799/MemMgr                  memmgrservice                   I     Memcg::AddProc dir:/dev/memcg/100/com.ohos.telephonydataability exist=1. file:/dev/memcg/100/com.ohos.telephonydataability/cgroup.procs exist=1 content=*10598 * ret=1
02-19 18:33:49.896  849-2191     C01510/IPCObjectProxy          bgtaskmgr_servi                 I     58: handle = 15 create, descriptor: IPCObjectProxy15
02-19 18:33:49.896  704-1582     C01510/IPCObjectProxy          resource_schedu                 I     58: handle = 28 create, descriptor: IPCObjectProxy28
02-19 18:33:49.896  849-2191     C01510/IPCObjectProxy          bgtaskmgr_servi                 W     63: handle = 15 destroyed, descriptor: IPCObjectProxy15
02-19 18:33:49.897  704-1582     C01510/IPCObjectProxy          resource_schedu                 W     63: handle = 28 destroyed, descriptor: IPCObjectProxy28
02-19 18:33:49.897  759-775      C01510/IPCObjectProxy          netmanager                      I     58: handle = 34 create, descriptor: IPCObjectProxy34
02-19 18:33:49.897  678-739      C01510/IPCObjectProxy          memmgrservice                   W     63: handle = 9 destroyed, descriptor: IPCObjectProxy9
02-19 18:33:49.897  678-739      C01799/MemMgr                  memmgrservice                   E     BundlePriorityInfo::AddProc insert process#10598 info to procs_, map size = 1
02-19 18:33:49.897  704-1582     C01510/IPCObjectProxy          resource_schedu                 I     58: handle = 28 create, descriptor: IPCObjectProxy28
02-19 18:33:49.897  759-775      C01510/IPCObjectProxy          netmanager                      W     63: handle = 34 destroyed, descriptor: IPCObjectProxy34
02-19 18:33:49.897  849-2191     C01510/IPCObjectProxy          bgtaskmgr_servi                 I     58: handle = 15 create, descriptor: IPCObjectProxy15
02-19 18:33:49.897  476-476      C01510/IPCObjectProxy          hiview                          I     58: handle = 18 create, descriptor: IPCObjectProxy18
02-19 18:33:49.897  678-739      C01799/MemMgr                  memmgrservice                   E     ReclaimPriorityManager::DeleteBundleInfoFromSet delete 1 bundles from set, uid_=20010078, totalBundlePrioSet_.size=16
02-19 18:33:49.897  678-739      C01799/MemMgr                  memmgrservice                   E     ReclaimPriorityManager::AddBundleInfoToSet success to insert bundle to set, uid_=20010078, totalBundlePrioSet_.size=17
02-19 18:33:49.897  678-739      C01799/MemMgr                  memmgrservice                   E     ReclaimPriorityManager::AddBundleInfoToSet procsNumsSum = 19
02-19 18:33:49.897  678-739      C01799/MemMgr                  memmgrservice                   E     AccountBundleInfo::AddBundleToOsAccount insert bundle#20010078 info to bundleIdInfoMapping_, map size = 12
02-19 18:33:49.897  476-476      C01510/IPCObjectProxy          hiview                          W     63: handle = 18 destroyed, descriptor: IPCObjectProxy18
02-19 18:33:49.897  704-1582     C01510/IPCObjectProxy          resource_schedu                 W     63: handle = 28 destroyed, descriptor: IPCObjectProxy28
02-19 18:33:49.897  704-2397     C01510/IPCObjectProxy          resource_schedu                 I     58: handle = 28 create, descriptor: IPCObjectProxy28
02-19 18:33:49.897  1284-29649   C01510/IPCObjectStub           privacy_service                 E     109: unknown OnRemoteRequest code = 2, descriptor: ohos.appexecfwk.IApplicationStateObserver
02-19 18:33:49.897  678-1533     C01799/MemMgr                  memmgrservice                   I     Memcg::AddProc dir:/dev/memcg/100/com.ohos.telephonydataability exist=1. file:/dev/memcg/100/com.ohos.telephonydataability/cgroup.procs exist=1 content=*10598 * ret=1
02-19 18:33:49.897  1971-2082    C01510/IPCObjectProxy          com.huawei.hmos.aidataservice   W     63: handle = 20 destroyed, descriptor: IPCObjectProxy20
02-19 18:33:49.897  634-27130    C01510/IPCObjectProxy          device_usage_st                 I     58: handle = 10 create, descriptor: IPCObjectProxy10
02-19 18:33:49.897  849-2191     C01510/IPCObjectProxy          bgtaskmgr_servi                 W     63: handle = 15 destroyed, descriptor: IPCObjectProxy15
02-19 18:33:49.897  1971-3111    C01510/IPCObjectProxy          com.huawei.hmos.aidataservice   I     58: handle = 20 create, descriptor: IPCObjectProxy20
02-19 18:33:49.898  678-30318    C01510/IPCObjectProxy          memmgrservice                   I     58: handle = 8 create, descriptor: IPCObjectProxy8
02-19 18:33:49.898  678-739      C01510/IPCObjectProxy          memmgrservice                   I     58: handle = 9 create, descriptor: IPCObjectProxy9
02-19 18:33:49.898  634-27130    C01510/IPCObjectProxy          device_usage_st                 W     63: handle = 10 destroyed, descriptor: IPCObjectProxy10
02-19 18:33:49.898  678-30318    C01510/IPCObjectProxy          memmgrservice                   W     63: handle = 8 destroyed, descriptor: IPCObjectProxy8
02-19 18:33:49.898  849-2191     C01510/IPCObjectProxy          bgtaskmgr_servi                 I     58: handle = 15 create, descriptor: IPCObjectProxy15
02-19 18:33:49.898  1284-29649   C01510/IPCObjectStub           privacy_service                 E     109: unknown OnRemoteRequest code = 2, descriptor: ohos.appexecfwk.IApplicationStateObserver
02-19 18:33:49.898  759-775      C01510/IPCObjectProxy          netmanager                      I     58: handle = 34 create, descriptor: IPCObjectProxy34
02-19 18:33:49.898  634-27130    C01510/IPCObjectProxy          device_usage_st                 I     58: handle = 10 create, descriptor: IPCObjectProxy10
02-19 18:33:49.898  704-728      C01510/IPCObjectProxy          resource_schedu                 W     63: handle = 28 destroyed, descriptor: IPCObjectProxy28
02-19 18:33:49.898  704-838      C01702/CgroupAdjuster          resource_schedu                 I     AdjustProcessGroup for 10585, source : 2
02-19 18:33:49.898  704-1582     C01510/IPCObjectProxy          resource_schedu                 I     58: handle = 28 create, descriptor: IPCObjectProxy28
02-19 18:33:49.898  634-27130    C01510/IPCObjectProxy          device_usage_st                 W     63: handle = 10 destroyed, descriptor: IPCObjectProxy10
02-19 18:33:49.898  678-739      C01510/IPCObjectProxy          memmgrservice                   W     63: handle = 9 destroyed, descriptor: IPCObjectProxy9
02-19 18:33:49.898  678-739      C01799/MemMgr                  memmgrservice                   E     BundlePriorityInfo::AddProc insert process#10598 info to procs_, map size = 1
02-19 18:33:49.898  678-3112     C01510/IPCObjectProxy          memmgrservice                   I     58: handle = 8 create, descriptor: IPCObjectProxy8
02-19 18:33:49.898  1971-2082    C01510/IPCObjectProxy          com.huawei.hmos.aidataservice   W     63: handle = 20 destroyed, descriptor: IPCObjectProxy20
02-19 18:33:49.898  759-775      C01510/IPCObjectProxy          netmanager                      W     63: handle = 34 destroyed, descriptor: IPCObjectProxy34
02-19 18:33:49.898  476-476      C01510/IPCObjectProxy          hiview                          I     58: handle = 18 create, descriptor: IPCObjectProxy18
02-19 18:33:49.898  476-476      C01510/IPCObjectProxy          hiview                          W     63: handle = 18 destroyed, descriptor: IPCObjectProxy18
02-19 18:33:49.898  678-739      C01799/MemMgr                  memmgrservice                   E     ReclaimPriorityManager::DeleteBundleInfoFromSet delete 1 bundles from set, uid_=20010078, totalBundlePrioSet_.size=16
02-19 18:33:49.899  678-739      C01799/MemMgr                  memmgrservice                   E     ReclaimPriorityManager::AddBundleInfoToSet success to insert bundle to set, uid_=20010078, totalBundlePrioSet_.size=17
02-19 18:33:49.899  678-739      C01799/MemMgr                  memmgrservice                   E     ReclaimPriorityManager::AddBundleInfoToSet procsNumsSum = 19
02-19 18:33:49.899  678-739      C01799/MemMgr                  memmgrservice                   E     AccountBundleInfo::AddBundleToOsAccount insert bundle#20010078 info to bundleIdInfoMapping_, map size = 12
02-19 18:33:49.899  678-3112     C01510/IPCObjectProxy          memmgrservice                   W     63: handle = 8 destroyed, descriptor: IPCObjectProxy8
02-19 18:33:49.899  678-3112     C01510/IPCObjectProxy          memmgrservice                   I     58: handle = 8 create, descriptor: IPCObjectProxy8
02-19 18:33:49.899  704-1582     C01510/IPCObjectProxy          resource_schedu                 W     63: handle = 28 destroyed, descriptor: IPCObjectProxy28
02-19 18:33:49.899  704-2397     C01510/IPCObjectProxy          resource_schedu                 I     58: handle = 28 create, descriptor: IPCObjectProxy28
02-19 18:33:49.899  678-3112     C01510/IPCObjectProxy          memmgrservice                   W     63: handle = 8 destroyed, descriptor: IPCObjectProxy8
02-19 18:33:49.899  678-1533     C01799/MemMgr                  memmgrservice                   I     Memcg::AddProc dir:/dev/memcg/100/com.ohos.telephonydataability exist=1. file:/dev/memcg/100/com.ohos.telephonydataability/cgroup.procs exist=1 content=*10598 * ret=1
02-19 18:33:49.899  849-2191     C01510/IPCObjectProxy          bgtaskmgr_servi                 W     63: handle = 15 destroyed, descriptor: IPCObjectProxy15
02-19 18:33:49.899  678-27131    C01510/IPCObjectProxy          memmgrservice                   I     58: handle = 8 create, descriptor: IPCObjectProxy8
02-19 18:33:49.899  849-27185    C01510/IPCObjectProxy          bgtaskmgr_servi                 I     58: handle = 15 create, descriptor: IPCObjectProxy15
02-19 18:33:49.899  704-2397     C01510/IPCObjectProxy          resource_schedu                 W     63: handle = 28 destroyed, descriptor: IPCObjectProxy28
02-19 18:33:49.899  704-838      C01702/CgroupAdjuster          resource_schedu                 I     AdjustProcessGroup for 10585, source : 2
02-19 18:33:49.899  678-27131    C01510/IPCObjectProxy          memmgrservice                   W     63: handle = 8 destroyed, descriptor: IPCObjectProxy8
02-19 18:33:49.899  849-27185    C01510/IPCObjectProxy          bgtaskmgr_servi                 W     63: handle = 15 destroyed, descriptor: IPCObjectProxy15
02-19 18:33:49.899  678-27131    C01510/IPCObjectProxy          memmgrservice                   I     58: handle = 8 create, descriptor: IPCObjectProxy8
02-19 18:33:49.899  678-27131    C01510/IPCObjectProxy          memmgrservice                   W     63: handle = 8 destroyed, descriptor: IPCObjectProxy8
02-19 18:33:49.899  10598-10598  C01305/Appkit                  pid-10598                       W     [main_thread.cpp(LoadAbilityLibrary:2197)]No ability library
02-19 18:33:49.901  476-14901    C01510/IPCObjectProxy          hiview                          I     58: handle = 18 create, descriptor: IPCObjectProxy18
02-19 18:33:49.901  476-14901    C01510/IPCObjectProxy          hiview                          W     63: handle = 18 destroyed, descriptor: IPCObjectProxy18
02-19 18:33:49.901  476-14901    C01510/IPCObjectProxy          hiview                          I     58: handle = 18 create, descriptor: IPCObjectProxy18
02-19 18:33:49.901  476-14901    C01510/IPCObjectProxy          hiview                          W     63: handle = 18 destroyed, descriptor: IPCObjectProxy18
02-19 18:33:49.901  10585-10585  C01305/Appkit                  pid-10585                       E     [idle_time.cpp(EventTask:123)]no VSync occur.
02-19 18:33:49.905  10598-10598  C01f05/DataStorage             pid-10598                       I     [RegisterDataShareCreator-(sim_ability.cpp:68)] TelephonyDataCreator::RegisterDataShareCreator
02-19 18:33:49.906  1123-1696    C01120/BundleMgrService        foundation                      E     [bundle_permission_mgr.cpp(VerifyCallingPermission):595] permission ohos.permission.GET_BUNDLE_INFO_PRIVILEGED denied
02-19 18:33:49.906  1123-1696    C01120/BundleMgrService        foundation                      E     [bundle_permission_mgr.cpp(VerifyCallingPermission):595] permission ohos.permission.GET_BUNDLE_INFO denied
02-19 18:33:49.906  10598-10598  C01120/BundleMgrService        pid-10598                       W     [bundle_mgr_proxy.cpp(GetParcelableInfosWithErrCode):3763] GetParcelableInfosWithErrCode ErrCode : 0
02-19 18:33:49.906  10598-10598  C01305/Appkit                  pid-10598                       I     [main_thread.cpp(GetNativeLibPath:218)]napi lib path = <private>
02-19 18:33:49.906  10598-10598  C03900/NAPI                    pid-10598                       I     [(native_module_manager.cpp:357)(CreateLdNamespace)] CreateLdNamespace success. moduleName: default, path: /data/storage/el1/bundle/libs/arm64
02-19 18:33:49.906  10598-10598  C03900/NAPI                    pid-10598                       I     [(native_module_manager.cpp:398)(SetAppLibPath)] create ld namespace, path: /data/storage/el1/bundle/libs/arm64
02-19 18:33:49.907  10598-10598  C03f00/ArkCompiler             pid-10598                       I     [ecmascript] asmint: 1, aot: 1, bundle name: com.ohos.telephonydataability
02-19 18:33:49.907  10598-10598  C01300/JsEnv                   pid-10598                       I     [js_environment.cpp(ReInitJsEnvImpl:255)]ReInit jsenv impl.
02-19 18:33:49.907  10598-10598  C01302/AbilityBase             pid-10598                       I     [extractor.cpp(GetExtractor:327)]extractor cache size: 1.
02-19 18:33:49.908  10598-10598  C01400/OHOS::RS                pid-10598                       I     RSRenderServiceConnectHub::Init
02-19 18:33:49.908  10598-10598  C01400/OHOS::RS                pid-10598                       I     RSRenderServiceConnectHub: ctor
02-19 18:33:49.908  10598-10598  C01400/OHOS::RS                pid-10598                       I     RSRenderServiceConnectHub::Connect
02-19 18:33:49.908  480-1429     C01800/SAMGR                   samgr                           E     [SA Scheduler][SA: 10] not in SA profiles
02-19 18:33:49.908  10598-10598  C01510/IPCObjectProxy          pid-10598                       I     58: handle = 5 create, descriptor: IPCObjectProxy5
02-19 18:33:49.909  10598-10598  C01510/IPCObjectStub           pid-10598                       I     63: create, desc: ohos.rosen.RSConnectionToken
02-19 18:33:49.909  1278-2102    C01510/IPCObjectProxy          render_service                  I     58: handle = 54 create, descriptor: IPCObjectProxy54
02-19 18:33:49.909  1278-2102    C01510/IPCObjectStub           render_service                  I     63: create, desc: ohos.rosen.RenderServiceConnection
02-19 18:33:49.909  10598-10598  C01510/IPCObjectProxy          pid-10598                       I     58: handle = 6 create, descriptor: IPCObjectProxy6
02-19 18:33:49.909  10598-10598  C01510/IPCObjectStub           pid-10598                       I     63: create, desc: ohos.rosen.VSyncIConnectionToken
02-19 18:33:49.909  1278-2102    C01510/IPCObjectProxy          render_service                  I     58: handle = 55 create, descriptor: IPCObjectProxy55
02-19 18:33:49.909  704-822      C01c06/TimeService             resource_schedu                 I     [time_service_client.cpp] GetBootTimeMs# Result: 32414985
02-19 18:33:49.910  1278-2102    C01510/IPCObjectStub           render_service                  I     63: create, desc: IVSyncConnection
02-19 18:33:49.910  10598-10598  C01510/IPCObjectProxy          pid-10598                       I     58: handle = 7 create, descriptor: IPCObjectProxy7
02-19 18:33:49.910  704-822      C01c06/TimeService             resource_schedu                 I     [time_service_client.cpp] GetBootTimeMs# Result: 32414986
02-19 18:33:49.911  10598-10598  C01510/IPCObjectProxy          pid-10598                       I     58: handle = 8 create, descriptor: IPCObjectProxy8
02-19 18:33:49.911  10598-10598  C01510/IPCObjectProxy          pid-10598                       W     63: handle = 8 destroyed, descriptor: IPCObjectProxy8
02-19 18:33:49.912  10598-10598  C01305/Appkit                  pid-10598                       I     [main_thread.cpp(InitResourceManager:994)]Language: zh, script: Hans, region:
02-19 18:33:49.912  10598-10598  C01510/IPCObjectProxy          pid-10598                       W     63: handle = 4 destroyed, descriptor: IPCObjectProxy4
02-19 18:33:49.912  10598-10616  C04500/NWEB                    pid-10598                       I      PreDnsInThread<29>: PreDns start
02-19 18:33:49.912  10598-10617  C04500/NWEB                    pid-10598                       I      TryPreReadLib<171>: first time startup, need to wait until the nweb init stage
02-19 18:33:49.912  10598-10616  C04500/NWEB                    pid-10598                       I      GetInstance<59>: webdatabase CreateDataBase
02-19 18:33:49.912  10585-10585  C01305/Appkit                  pid-10585                       E     [idle_time.cpp(EventTask:123)]no VSync occur.
02-19 18:33:49.912  10598-10616  C04500/NWEB                    pid-10598                       I      CreateDataBase<69>: web dns database create rdb store
02-19 18:33:49.913  10598-10616  C04500/NWEB                    pid-10598                       I      CreateDataBase<80>: web dns database fail to access cache web dir:/data/storage/el2/base/cache/web
02-19 18:33:49.913  10598-10616  C04500/NWEB                    pid-10598                       I      PreDnsInThread<41>: PreDns no hostinfo.
02-19 18:33:49.913  10598-10598  C01510/IPCObjectProxy          pid-10598                       I     58: handle = 4 create, descriptor: IPCObjectProxy4
02-19 18:33:49.913  1123-1692    C01120/BundleMgrService        foundation                      E     [bundle_permission_mgr.cpp(VerifyCallingUid):774] verify calling uid failed
02-19 18:33:49.913  1123-1692    C01120/BundleMgrService        foundation                      E     [bundle_permission_mgr.cpp(IsNativeTokenType):758] caller tokenType not native, verify failed
02-19 18:33:49.913  1123-1692    C01120/BundleMgrService        foundation                      E     [bundle_permission_mgr.cpp(VerifyCallingPermission):595] permission ohos.permission.GET_BUNDLE_INFO_PRIVILEGED denied
02-19 18:33:49.914  1123-1692    C01120/BundleMgrService        foundation                      E     [bundle_permission_mgr.cpp(VerifyCallingPermission):595] permission ohos.permission.GET_BUNDLE_INFO denied
02-19 18:33:49.915  10598-10598  C03f00/ArkCompiler             pid-10598                       I     [ecmascript] start to execute ark buffer with secure memory: /data/storage/el1/bundle/telephonydata/ets/Application/TelephonyDataAbilityStage.abc
02-19 18:33:49.915  10598-10598  C03900/NAPI                    pid-10598                       W     [(native_module_manager.cpp:447)(LoadNativeModule)] module 'app.ability.AbilityStage' does not in cache
02-19 18:33:49.915  10598-10598  C03900/NAPI                    pid-10598                       I     [(module_load_checker.cpp:23)(CheckModuleLoadable)] Not check moduleLoadable, moduleCheckerDelegate_ not set
02-19 18:33:49.916  10598-10598  C03900/NAPI                    pid-10598                       I     [(native_module_manager.cpp:239)(Register)] NativeModule Register success. module name is 'app.ability.AbilityStage'
02-19 18:33:49.916  10598-10598  C01305/Appkit                  pid-10598                       I     [js_ability_stage.cpp(Create:112)]JsAbilityStage srcPath is telephonydata/./ets/Application/TelephonyDataAbilityStage.abc
02-19 18:33:49.916  10598-10598  C01305/Appkit                  pid-10598                       I     [js_ability_stage_context.cpp(CreateJsAbilityStageContext:57)]CreateJsAbilityStageContext called.
02-19 18:33:49.918  10598-10598  A03d00/JSAPP                   pid-10598                       I     [TelephonyData:]TelephonyDataAbilityStage:onCreate
02-19 18:33:49.918  10598-10598  C01305/Appkit                  pid-10598                       I     [main_thread.cpp(SetProcessExtensionType:2564)]SetProcessExtensionType, type = 5
02-19 18:33:49.918  10598-10598  C01510/IPCObjectStub           pid-10598                       I     63: create, desc: ohos.aafwk.AbilityScheduler
02-19 18:33:49.918  10598-10598  C01f05/DataStorage             pid-10598                       I     [TelephonyDataShareCreator-(sim_ability.cpp:62)] sim TelephonyDataCreator::TelephonyDataShareCreator begin.
02-19 18:33:49.918  10598-10598  C01f05/DataStorage             pid-10598                       I     [Create-(sim_ability.cpp:54)] SimAbility::Create begin.
02-19 18:33:49.918  10598-10598  C01f05/DataStorage             pid-10598                       I     [DoInit-(sim_ability.cpp:86)] GetDatabaseDir: /data/storage/el1/database
02-19 18:33:49.918  10598-10598  C01f05/DataStorage             pid-10598                       I     [CreateRdbStore-(rdb_base_helper.cpp:136)] RdbBaseHelper::CreateRdbStore
02-19 18:33:49.919  10598-10618  C01650/Rdb                     pid-10598                       I     ::[RdbManagerImpl()-rdb_manager_impl.cpp:80]: construct
