02-19 18:33:51.675  634-1843     C01710/BUNDLE_ACTIVE           device_usage_st                 I     [bundle_active_user_history.cpp(GetLevelIndex):89] screendiff is 1995094, bootfromdiff is 32402920, bundle name is ohos.global.systemres,userid is 100
02-19 18:33:51.676  634-1843     C01710/BUNDLE_ACTIVE           device_usage_st                 I     [bundle_active_user_history.cpp(WriteBundleUsage):44] WriteBundleUsage called
02-19 18:33:51.677  634-1843     C01710/BUNDLE_ACTIVE           device_usage_st                 I     [bundle_active_usage_database.cpp(PutBundleHistoryData):695] PutBundleHistoryData, update 1 bundles, keep 86 bundles group
02-19 18:33:51.899  704-822      C01c06/TimeService             resource_schedu                 I     [time_service_client.cpp] GetBootTimeMs# Result: 32416974
02-19 18:33:51.900  476-1364     C02d10/HiView-SysEventSource   hiview                          I     Parser: parser result domain_=DISPLAY eventName_=AMBIENT_LIGHT
02-19 18:33:51.902  1123-1703    C02965/StatsUtils              foundation                      W     [stats_utils.cpp:191] ConvertStatsType# Convert failed due to illegal type=15
02-19 18:33:52.247  704-822      C01c06/TimeService             resource_schedu                 I     [time_service_client.cpp] GetBootTimeMs# Result: 32417323
02-19 18:33:52.249  476-1364     C02d10/HiView-SysEventSource   hiview                          I     Parser: parser result domain_=DISPLAY eventName_=AMBIENT_LIGHT
02-19 18:33:52.251  1123-1703    C02965/StatsUtils              foundation                      W     [stats_utils.cpp:191] ConvertStatsType# Convert failed due to illegal type=15
02-19 18:33:52.332  1059-1321    C015c0/dsoftbus                softbus_server                  E     SoftBusCondTimedWait timeout, ret[110]
02-19 18:33:52.335  2008-2008    C01560/WifiNAPIUtils           com.ohos.sceneboard             I     Call wifi func: GetLinkedInfo (start)
02-19 18:33:52.335  2008-2008    C01560/WifiNAPIUtils           com.ohos.sceneboard             I     Call wifi func: GetLinkedInfo (end), time cost:332us, 0ms
02-19 18:33:52.335  2008-10415   C01560/WifiNAPIUtils           com.ohos.sceneboard             I     Call wifi func: wifiDevicePtr->GetLinkedInfo (start)
02-19 18:33:52.335  2008-10415   C01510/IPCObjectStub           com.ohos.sceneboard             I     63: create, desc: OHOS.ISystemAbilityLoadCallback
02-19 18:33:52.336  480-1430     C01510/IPCObjectProxy          samgr                           I     58: handle = 74 create, descriptor: IPCObjectProxy74
02-19 18:33:52.337  480-1430     C01800/SAMGR                   samgr                           I     [SA Scheduler][SA: 1120] handle load event start, callingpid: 2008
02-19 18:33:52.337  480-1430     C01800/SAMGR                   samgr                           I     NotifySystemAbilityLoaded systemAbilityId : 1120
02-19 18:33:52.337  480-1430     C01510/IPCObjectProxy          samgr                           W     63: handle = 74 destroyed, descriptor: IPCObjectProxy74
02-19 18:33:52.337  2008-10254   C01800/SA_CLIENT               com.ohos.sceneboard             I     SystemAbilityLoadCallbackStub::OnRemoteRequest, code = 1
02-19 18:33:52.337  704-822      C01c06/TimeService             resource_schedu                 I     [time_service_client.cpp] GetBootTimeMs# Result: 32417413
02-19 18:33:52.337  2008-10415   C01800/SA_CLIENT               com.ohos.sceneboard             I     LoadSystemAbility systemAbilityId : 1120, SendRequest succeed!
02-19 18:33:52.337  2008-10415   C01510/IPCObjectStub           com.ohos.sceneboard             W     68: destroy, desc: OHOS.ISystemAbilityLoadCallback
02-19 18:33:52.338  1840-1847    C01560/OHWIFI_MANAGER_PERMISSION_HELPE wifi_manager_se                 I     callerToken=0x2005c34e has permission_name=ohos.permission.GET_WIFI_INFO, pid=0x7d8, type=0
02-19 18:33:52.338  1840-1847    C01560/OHWIFI_MANAGER_PERMISSION_HELPE wifi_manager_se                 I     callerToken=0x2005c34e has no permission_name=ohos.permission.GET_WIFI_LOCAL_MAC, pid=0x7d8, type=0
02-19 18:33:52.338  1840-1847    C01560/WifiDeviceServiceImpl   wifi_manager_se                 E     GetLinkedInfo:VerifyGetWifiLocalMacPermission() PERMISSION_DENIED!
02-19 18:33:52.339  2008-10415   C01560/WifiNAPIUtils           com.ohos.sceneboard             I     Call wifi func: wifiDevicePtr->GetLinkedInfo (end), time cost:3689us, 3ms
02-19 18:33:52.339  2008-2008    C01560/WifiNAPIDevice          com.ohos.sceneboard             I     Push get linkedInfo result to client
02-19 18:33:52.339  2008-2008    C01560/WifiNAPIErrCode         com.ohos.sceneboard             I     HandleCallbackErrCode, errCode = 0
02-19 18:33:52.340  2008-2008    A0001b/SceneBoard              com.ohos.sceneboard             I     Model.NetSpeedController --> wifi getLinkedInfo
02-19 18:33:52.557  1123-1703    C02942/ThermalSvc              foundation                      I     [thermal_observer.cpp:289] OnReceivedSensorInfo# callbackinfo_ size = 6
02-19 18:33:52.557  1123-1703    C02942/ThermalSvc              foundation                      I     [thermal_observer.cpp:265] NotifySensorTempChanged# listeners.size = 0, callbackTypeMap.size = 0
02-19 18:33:52.558  1123-1703    C02942/ThermalSvc              foundation                      I     [thermal_service_subscriber.cpp:94] SetHistoryTypeTempMap# SetHistoryTypeTempMap: sec=30
02-19 18:33:52.598  704-822      C01c06/TimeService             resource_schedu                 I     [time_service_client.cpp] GetBootTimeMs# Result: 32417674
02-19 18:33:52.684  1572-1588    C02d13/HDC_LOG                 hdcd                            I     [daemon.cpp:397] FetchCommand channelId:343183652 command:1001
02-19 18:33:52.684  1572-1588    C02d13/HDC_LOG                 hdcd                            I     [session.cpp:1317] New HTaskInfo channelId:343183652 command:1001
02-19 18:33:52.684  1572-1588    C02d13/HDC_LOG                 hdcd                            W     [session.cpp:728] mapTask.size:2
02-19 18:33:52.684  1572-1588    C02d13/HDC_LOG                 hdcd                            I     [session.cpp:738] AdminTask add session 89464325, channelId 343183652, mapTask size: 3
02-19 18:33:52.684  1572-1588    C02d13/HDC_LOG                 hdcd                            I     [task.cpp:32] HdcTaskBase channelId:343183652
02-19 18:33:52.685  1572-10630   C02d13/HDC_LOG                 hdcd                            I     [async_cmd.cpp:152] ExecuteCommand pipe fds[pipeRead]:36 fds[pipeWrite]:37
02-19 18:33:52.686  1572-10630   C02d13/HDC_LOG                 hdcd                            I     [base.cpp:1617] CloseFd fd:37
02-19 18:33:52.686  10631-10631  C02d13/HDC_LOG                 pid-10631                       I     [base.cpp:1617] CloseFd fd:36
02-19 18:33:52.686  1572-1588    C02d13/HDC_LOG                 hdcd                            I     [async_cmd.cpp:200] ExecuteCommand cmd:hidumper -s 1201 -a "-p Faultlogger"  fd:36 pid:10631
02-19 18:33:52.687  10631-10631  C02d13/HDC_LOG                 pid-10631                       I     [base.cpp:1617] CloseFd fd:37
02-19 18:33:52.735  10634-10634  C01510/BinderConnector         pid-10634                       I     97: OpenDriver:succ to open, fd=3
02-19 18:33:52.736  10634-10634  C01510/IPCObjectProxy          pid-10634                       I     58: handle = 0 create, descriptor: IPCObjectProxy0
02-19 18:33:52.737  10634-10634  C01510/IPCObjectProxy          pid-10634                       I     58: handle = 1 create, descriptor: IPCObjectProxy1
02-19 18:33:52.845  10220-10220  C01510/IPCObjectProxy          hidumper_servic                 I     58: handle = 1 create, descriptor: IPCObjectProxy1
02-19 18:33:52.846  476-1908     C02d10/Faultlogger             hiview                          I     Dump: DumpRequest: detail:<private>, list:<private>, file:<private>, name:<private>, time:<private>
02-19 18:33:52.857  10220-10220  C01510/IPCObjectProxy          hidumper_servic                 W     63: handle = 1 destroyed, descriptor: IPCObjectProxy1
02-19 18:33:52.861  1572-10633   C02d13/HDC_LOG                 hdcd                            I     [file_descriptor.cpp:127] FileIOOnThread fd:36 nBytes:0
02-19 18:33:52.861  1572-10633   C02d13/HDC_LOG                 hdcd                            I     [async_cmd.cpp:80] FinishShellProc finish pipeRead fd:36 pid:10631
02-19 18:33:52.861  1572-10633   C02d13/HDC_LOG                 hdcd                            I     [task.cpp:50] HdcTaskBase::TaskFinish notify begin channelId:343183652
02-19 18:33:52.862  1572-10633   C02d13/HDC_LOG                 hdcd                            I     [task.cpp:52] HdcTaskBase::TaskFinish notify end channelId:343183652
02-19 18:33:52.864  1572-1588    C02d13/HDC_LOG                 hdcd                            I     [daemon.cpp:397] FetchCommand channelId:343183652 command:2
02-19 18:33:52.864  1572-1588    C02d13/HDC_LOG                 hdcd                            I     [session.cpp:104] BeginRemoveTask taskType:0 channelId:343183652
02-19 18:33:52.864  1572-1588    C02d13/HDC_LOG                 hdcd                            I     [async_cmd.cpp:56] AsyncCmd::DoRelease finish
02-19 18:33:52.864  1572-1588    C02d13/HDC_LOG                 hdcd                            I     [session.cpp:157] ClearOwnTasks OP_CLEAR finish, session:0x7effe84000 channelIDInput:343183652
02-19 18:33:52.864  1572-1588    C02d13/HDC_LOG                 hdcd                            I     [session.cpp:116] TaskDelay task remove retry count 0/30, taskType:0 channelId:343183652, sessionId:89464325
02-19 18:33:52.864  1572-1588    C02d13/HDC_LOG                 hdcd                            F     [file_descriptor.cpp:38] ~HdcFileDescriptor refIO:0
02-19 18:33:52.864  1572-1588    C02d13/HDC_LOG                 hdcd                            I     [base.cpp:1617] CloseFd fd:36
02-19 18:33:52.864  1572-1588    C02d13/HDC_LOG                 hdcd                            I     [daemon_unity.cpp:27] HdcDaemonUnity::~HdcDaemonUnity finish
02-19 18:33:52.864  1572-1588    C02d13/HDC_LOG                 hdcd                            I     [async_cmd.cpp:35] ~AsyncCmd
02-19 18:33:52.864  1572-1588    C02d13/HDC_LOG                 hdcd                            I     [task.cpp:37] ~HdcTaskBase channelId:343183652
02-19 18:33:52.864  1572-1588    C02d13/HDC_LOG                 hdcd                            I     [session.cpp:123] TaskDelay task remove finish, channelId:343183652
02-19 18:33:52.870  1572-1588    C02d13/HDC_LOG                 hdcd                            I     [daemon.cpp:397] FetchCommand channelId:343183652 command:2
02-19 18:33:52.948  704-822      C01c06/TimeService             resource_schedu                 I     [time_service_client.cpp] GetBootTimeMs# Result: 32418024
02-19 18:33:53.050  1840-1949    C01560/StaNetworkCheck         wifi_manager_se                 I     Enter httpDetection
02-19 18:33:53.050  1840-1949    C01560/OHWIFI_UTILS_HTTP_REQ   wifi_manager_se                 I     GetHostAddrFromUrl urlTmp2 = [<private>].
02-19 18:33:53.050  1840-1949    C01560/OHWIFI_UTILS_HTTP_REQ   wifi_manager_se                 I     GetIPFromUrl Url maybe contain Domain.
02-19 18:33:53.050  1840-10638   C01560/OHWIFI_UTILS_HTTP_REQ   wifi_manager_se                 E     GetHostThread ipOrDomain is connectivitycheck.platform.hicloud.com.
02-19 18:33:53.052  1840-10638   C01560/OHWIFI_UTILS_HTTP_REQ   wifi_manager_se                 E     GetHostThread ipaddr is 115.231.141.85.
02-19 18:33:53.052  1840-1949    C01560/OHWIFI_UTILS_HTTP_REQ   wifi_manager_se                 I     iPort= [80],strIP= [<private>]
02-19 18:33:53.077  1840-1949    C01560/StaNetworkCheck         wifi_manager_se                 E     This network is normal!
02-19 18:33:53.227  1840-1948    C01560/OHWIFI_STATE_MACHINE    wifi_manager_se                 I     State machine: LinkedState execute Cmd:2
02-19 18:33:53.227  1840-1948    C01560/StaStateMachine         wifi_manager_se                 I     LinkedState, reveived msgCode=2 msg.
02-19 18:33:53.227  987-987      C01560/WifiHdiStaImpl          wifi_hal_service                I     GetHdiSignalInfo enter.
02-19 18:33:53.227  987-987      C01560/WifiHdiProxy            wifi_hal_service                I     GetFeatureInner get an exist feature.
02-19 18:33:53.232  1840-1948    C01560/WifiFrameWork           wifi_manager_se                 I     DealSignalPollResult, signal:-59, txLinkSpeed:4000, rxLinkSpeed:4000, freq:5300, noise:-86.
02-19 18:33:53.232  1840-1948    C01560/WifiFrameWork           wifi_manager_se                 I     DealSignalPollResult, networkId:0, ssid:<private>, rssi:-59, band:2, connState:4, detailedState:10.
02-19 18:33:53.232  1840-1948    C01560/WifiFrameWork           wifi_manager_se                 I     DealSignalPollResult currentSignalLevel:4, lastSignalLevel:4.
02-19 18:33:53.232  1840-1948    C01560/WifiFrameWork           wifi_manager_se                 I     DealSignalPollResult GetWifiStandard:5, bssid:f4:db:**:**:**:8f rxmax:400 txmax:400.
02-19 18:33:53.233  1840-1857    C01560/WifiInternalEventDispatcher wifi_manager_se                 I     WifiInternalEventDispatcher:: Deal Sta Event Callback Msg: 4100
02-19 18:33:53.234  1840-1857    C01560/WifiInternalEventDispatcher wifi_manager_se                 I     WifiInternalEventDispatcher:: Deal Sta Event Callback Msg: 4100
02-19 18:33:53.268  1059-1321    C015c0/dsoftbus                softbus_server                  E     SoftBusCondTimedWait timeout, ret[110]
02-19 18:33:53.299  704-822      C01c06/TimeService             resource_schedu                 I     [time_service_client.cpp] GetBootTimeMs# Result: 32418374
02-19 18:33:53.333  1059-1321    C015c0/dsoftbus                softbus_server                  E     SoftBusCondTimedWait timeout, ret[110]
02-19 18:33:53.647  704-822      C01c06/TimeService             resource_schedu                 I     [time_service_client.cpp] GetBootTimeMs# Result: 32418722
02-19 18:33:53.998  704-822      C01c06/TimeService             resource_schedu                 I     [time_service_client.cpp] GetBootTimeMs# Result: 32419074
02-19 18:33:54.333  1059-1321    C015c0/dsoftbus                softbus_server                  E     SoftBusCondTimedWait timeout, ret[110]
02-19 18:33:54.335  2008-2008    C01560/WifiNAPIUtils           com.ohos.sceneboard             I     Call wifi func: GetLinkedInfo (start)
02-19 18:33:54.335  2008-2008    C01560/WifiNAPIUtils           com.ohos.sceneboard             I     Call wifi func: GetLinkedInfo (end), time cost:370us, 0ms
02-19 18:33:54.335  2008-10413   C01560/WifiNAPIUtils           com.ohos.sceneboard             I     Call wifi func: wifiDevicePtr->GetLinkedInfo (start)
02-19 18:33:54.335  2008-10413   C01510/IPCObjectStub           com.ohos.sceneboard             I     63: create, desc: OHOS.ISystemAbilityLoadCallback
02-19 18:33:54.336  480-1430     C01510/IPCObjectProxy          samgr                           I     58: handle = 74 create, descriptor: IPCObjectProxy74
02-19 18:33:54.337  480-1430     C01800/SAMGR                   samgr                           I     [SA Scheduler][SA: 1120] handle load event start, callingpid: 2008
02-19 18:33:54.337  480-1430     C01800/SAMGR                   samgr                           I     NotifySystemAbilityLoaded systemAbilityId : 1120
02-19 18:33:54.337  480-1430     C01510/IPCObjectProxy          samgr                           W     63: handle = 74 destroyed, descriptor: IPCObjectProxy74
02-19 18:33:54.337  2008-2370    C01800/SA_CLIENT               com.ohos.sceneboard             I     SystemAbilityLoadCallbackStub::OnRemoteRequest, code = 1
02-19 18:33:54.337  704-822      C01c06/TimeService             resource_schedu                 I     [time_service_client.cpp] GetBootTimeMs# Result: 32419413
02-19 18:33:54.337  2008-10413   C01800/SA_CLIENT               com.ohos.sceneboard             I     LoadSystemAbility systemAbilityId : 1120, SendRequest succeed!
02-19 18:33:54.337  2008-10413   C01510/IPCObjectStub           com.ohos.sceneboard             W     68: destroy, desc: OHOS.ISystemAbilityLoadCallback
02-19 18:33:54.338  1840-1847    C01560/OHWIFI_MANAGER_PERMISSION_HELPE wifi_manager_se                 I     callerToken=0x2005c34e has permission_name=ohos.permission.GET_WIFI_INFO, pid=0x7d8, type=0
02-19 18:33:54.338  1840-1847    C01560/OHWIFI_MANAGER_PERMISSION_HELPE wifi_manager_se                 I     callerToken=0x2005c34e has no permission_name=ohos.permission.GET_WIFI_LOCAL_MAC, pid=0x7d8, type=0
02-19 18:33:54.338  1840-1847    C01560/WifiDeviceServiceImpl   wifi_manager_se                 E     GetLinkedInfo:VerifyGetWifiLocalMacPermission() PERMISSION_DENIED!
02-19 18:33:54.338  2008-10413   C01560/WifiNAPIUtils           com.ohos.sceneboard             I     Call wifi func: wifiDevicePtr->GetLinkedInfo (end), time cost:2933us, 2ms
02-19 18:33:54.338  2008-2008    C01560/WifiNAPIDevice          com.ohos.sceneboard             I     Push get linkedInfo result to client
02-19 18:33:54.338  2008-2008    C01560/WifiNAPIErrCode         com.ohos.sceneboard             I     HandleCallbackErrCode, errCode = 0
02-19 18:33:54.339  2008-2008    A0001b/SceneBoard              com.ohos.sceneboard             I     Model.NetSpeedController --> wifi getLinkedInfo
02-19 18:33:54.347  704-822      C01c06/TimeService             resource_schedu                 I     [time_service_client.cpp] GetBootTimeMs# Result: 32419423
02-19 18:33:54.442  704-824      C01713/SUSPEND_MANAGER         resource_schedu                 I     [suspend_manager_impl.cpp(DozeOneApplication):1041] Doze 20010057_com.huawei.hmsapp.totemweather, keepAlive_ 0, continuousTaskCount_ 0, statusFlags_ 0, resourceFlags_ 0, curState_ 0, uiExtensionVisible_  0, [10522_0_1_0_0_0]
02-19 18:33:54.496  1050-1186    C02500/ThermalDaemon           power_host                      I     [temperature_manager.cpp] [ir] new temp: 32 old temp: 31
02-19 18:33:54.506  704-824      C01713/SUSPEND_MANAGER         resource_schedu                 I     [suspend_manager_impl.cpp(DozeOneApplication):1041] Doze 20010034_com.huawei.hmos.photos, keepAlive_ 0, continuousTaskCount_ 0, statusFlags_ 0, resourceFlags_ 0, curState_ 0, uiExtensionVisible_  0, [10528_0_1_0_0_0]
02-19 18:33:54.637  10522-10568  C01719/ffrt                    com.huawei.hmsapp.totemweather:form  E     1:Detach:93 qos 3 thread not joinable
02-19 18:33:54.657  10522-10569  C01719/ffrt                    com.huawei.hmsapp.totemweather:form  E     2:Detach:93 qos 2 thread not joinable
02-19 18:33:54.660  10522-10565  C01719/ffrt                    com.huawei.hmsapp.totemweather:form  E     3:Detach:93 qos 2 thread not joinable
02-19 18:33:54.660  10522-10559  C01719/ffrt                    com.huawei.hmsapp.totemweather:form  E     4:Detach:93 qos 2 thread not joinable
02-19 18:33:54.667  1123-10520   C01304/AbilityManagerService   foundation                      I     [ability_manager_service.cpp(DisconnectLocalAbility:2900)]Disconnect local ability begin.
02-19 18:33:54.667  1123-10520   C01304/AbilityManagerService   foundation                      I     [ability_connect_manager.cpp(DisconnectAbilityLocked:345)]call
02-19 18:33:54.667  1123-10520   C01304/AbilityManagerService   foundation                      I     [ability_connect_manager.cpp(DisconnectAbilityLocked:363)]abilityName: FormAbility, bundleName: com.huawei.hmsapp.totemweather
02-19 18:33:54.668  1123-10520   C01304/AbilityManagerService   foundation                      W     [ability_connect_manager.cpp(DisconnectRecordNormal:410)]This record: 154 complete disconnect directly.
02-19 18:33:54.668  1123-10520   C01304/AbilityManagerService   foundation                      I     [connection_record.cpp(CompleteDisconnect:175)]result: 0. connectState:4.
02-19 18:33:54.668  1123-10520   C01304/AbilityManagerService   foundation                      I     [ability_connect_manager.cpp(RemoveConnectionRecordFromMap:1307)]connrecord(154)
02-19 18:33:54.668  1123-10520   C01304/AbilityManagerService   foundation                      I     [ability_connect_manager.cpp(RemoveConnectionRecordFromMap:1310)]connlist
02-19 18:33:54.668  1123-10518   C01301/FormManagerService      foundation                      I     [form_supply_callback.cpp(RemoveConnection:175)]RemoveConnection called.
02-19 18:33:54.668  1123-10518   C01301/FormManagerService      foundation                      I     [form_supply_callback.cpp(RemoveConnection:195)]RemoveConnection end.
02-19 18:33:54.668  1123-10518   C01510/IPCObjectStub           foundation                      W     68: destroy, desc: ohos.abilityshell.DistributedConnection
02-19 18:33:54.668  1123-10520   C01304/AbilityManagerService   foundation                      I     [ability_manager_service.cpp(DisconnectLocalAbility:2900)]Disconnect local ability begin.
02-19 18:33:54.668  1123-10520   C01304/AbilityManagerService   foundation                      I     [ability_connect_manager.cpp(DisconnectAbilityLocked:345)]call
02-19 18:33:54.668  1123-10520   C01304/AbilityManagerService   foundation                      I     [ability_connect_manager.cpp(DisconnectAbilityLocked:363)]abilityName: FormAbility, bundleName: com.huawei.hmsapp.totemweather
02-19 18:33:54.668  10522-10570  C01719/ffrt                    com.huawei.hmsapp.totemweather:form  E     5:Detach:93 qos 2 thread not joinable
02-19 18:33:54.668  476-1364     C02d10/HiView-SysEventSource   hiview                          I     Parser: parser result domain_=AAFWK eventName_=DISCONNECT_SERVICE
02-19 18:33:54.669  1123-10520   C01304/AbilityManagerService   foundation                      I     [ability_record.cpp(DisconnectAbility:1450)]ability:FormAbility.
02-19 18:33:54.669  1123-10520   C01304/AbilityManagerService   foundation                      I     [lifecycle_deal.cpp(DisconnectAbility:83)]call
02-19 18:33:54.670  1123-1703    C01304/AbilityManagerService   foundation                      I     [ability_manager_service.cpp(ScheduleDisconnectAbilityDone:4331)]Schedule disconnect ability done.
02-19 18:33:54.670  476-1364     C02d10/HiView-SysEventSource   hiview                          I     Parser: parser result domain_=AAFWK eventName_=DISCONNECT_SERVICE
02-19 18:33:54.670  1123-1703    C01304/AbilityManagerService   foundation                      I     [connection_observer_proxy.cpp(OnExtensionDisconnected:54)]ConnectionObserverProxy OnExtensionDisconnected.
02-19 18:33:54.671  1123-10518   C01301/FormManagerService      foundation                      I     [form_supply_callback.cpp(RemoveConnection:175)]RemoveConnection called.
02-19 18:33:54.671  1123-10518   C01301/FormManagerService      foundation                      I     [form_supply_callback.cpp(RemoveConnection:195)]RemoveConnection end.
02-19 18:33:54.671  678-3112     C01799/MemMgr                  memmgrservice                   I     ExtConnObs::OnExtensionDisconnected 1123(1123,5523) -/-> [com.huawei.hmsapp.totemweather|product|FormAbility](10522,20010057) with type 0
02-19 18:33:54.671  1971-3111    C01510/IPCObjectProxy          com.huawei.hmos.aidataservice   I     58: handle = 20 create, descriptor: IPCObjectProxy20
02-19 18:33:54.671  678-739      C01799/MemMgr                  memmgrservice                   I     ReclaimPriorityManager::UpdateExtensionStatusForCaller called
02-19 18:33:54.671  678-739      C01799/MemMgr                  memmgrservice                   I     ReclaimPriorityManager::UpdateExtensionStatusForTarget called
02-19 18:33:54.671  1123-1703    C01304/AbilityManagerService   foundation                      I     [connection_observer_proxy.cpp(OnExtensionDisconnected:54)]ConnectionObserverProxy OnExtensionDisconnected.
02-19 18:33:54.671  1123-1703    C01304/AbilityManagerService   foundation                      I     [connection_record.cpp(CompleteDisconnect:175)]result: 0. connectState:4.
02-19 18:33:54.671  1123-1703    C01304/AbilityManagerService   foundation                      I     [ability_connect_manager.cpp(ScheduleDisconnectAbilityDoneLocked:642)]Service ability has no any connection, and not started , need terminate.
02-19 18:33:54.671  1123-1703    C01304/AbilityManagerService   foundation                      I     [ability_record.cpp(Terminate:1410)]ability:FormAbility.
02-19 18:33:54.671  1123-1703    C01304/AbilityManagerService   foundation                      E     [ability_manager_service.cpp(CheckCollaboratorType:8141)]type is invalid
02-19 18:33:54.671  1123-1703    C01304/AbilityManagerService   foundation                      E     [ability_manager_service.cpp(GetCollaborator:8125)]collaborator: CheckCollaboratorType failed
02-19 18:33:54.671  1123-1703    C01304/AbilityManagerService   foundation                      I     [lifecycle_deal.cpp(Terminate:91)]call
02-19 18:33:54.672  1971-3111    C01304/AbilityManagerService   com.huawei.hmos.aidataservice   I     [js_app_state_observer.cpp(OnExtensionStateChanged:101)]OnExtensionStateChanged begin
02-19 18:33:54.672  1123-1703    C01304/AbilityManagerService   foundation                      I     [ability_connect_manager.cpp(RemoveConnectionRecordFromMap:1307)]connrecord(157)
02-19 18:33:54.672  1123-1703    C01304/AbilityManagerService   foundation                      I     [ability_connect_manager.cpp(RemoveConnectionRecordFromMap:1310)]connlist
02-19 18:33:54.672  1123-1703    C01510/IPCObjectStub           foundation                      W     68: destroy, desc: ohos.abilityshell.DistributedConnection
02-19 18:33:54.672  10522-10524  C01304/AbilityManagerService   com.huawei.hmsapp.totemweather:form  I     [ability_thread.cpp(ScheduleAbilityTransaction:699)]name:FormAbility,targeState:0,isNewWant:0
02-19 18:33:54.672  678-739      C01510/IPCObjectProxy          memmgrservice                   I     58: handle = 8 create, descriptor: IPCObjectProxy8
02-19 18:33:54.672  10522-10522  C01304/AbilityManagerService   com.huawei.hmsapp.totemweather:form  I     [extension_impl.cpp(HandleExtensionTransaction:67)]sourceState:2;targetState:0;isNewWant:0
02-19 18:33:54.672  10522-10522  C01304/AbilityManagerService   com.huawei.hmsapp.totemweather:form  I     [extension_impl.cpp(Stop:185)]call
02-19 18:33:54.672  10522-10522  C01304/AbilityManagerService   com.huawei.hmsapp.totemweather:form  I     [js_form_extension.cpp(OnStop:213)]call
02-19 18:33:54.672  10522-10522  C01304/AbilityManagerService   com.huawei.hmsapp.totemweather:form  I     [extension_impl.cpp(HandleExtensionTransaction:108)]call abilityms
02-19 18:33:54.673  476-1908     C01510/IPCObjectProxy          hiview                          I     58: handle = 18 create, descriptor: IPCObjectProxy18
02-19 18:33:54.673  476-1908     C01510/IPCObjectProxy          hiview                          W     63: handle = 18 destroyed, descriptor: IPCObjectProxy18
02-19 18:33:54.673  678-3112     C01510/IPCObjectProxy          memmgrservice                   I     58: handle = 9 create, descriptor: IPCObjectProxy9
02-19 18:33:54.673  704-1582     C01510/IPCObjectProxy          resource_schedu                 I     58: handle = 28 create, descriptor: IPCObjectProxy28
02-19 18:33:54.673  849-27185    C01510/IPCObjectProxy          bgtaskmgr_servi                 I     58: handle = 15 create, descriptor: IPCObjectProxy15
02-19 18:33:54.674  1971-2082    C01304/AbilityManagerService   com.huawei.hmos.aidataservice   I     [js_app_state_observer.cpp(HandleOnExtensionStateChanged:124)]HandleOnExtensionStateChanged begin
02-19 18:33:54.674  1971-2082    C01304/AbilityManagerService   com.huawei.hmos.aidataservice   I     [js_app_manager_utils.cpp(CreateJsAbilityStateData:51)]CreateJsAbilityStateData called.
02-19 18:33:54.674  1284-29649   C01510/IPCObjectStub           privacy_service                 E     109: unknown OnRemoteRequest code = 2, descriptor: ohos.appexecfwk.IApplicationStateObserver
02-19 18:33:54.674  1971-2082    C01304/AbilityManagerService   com.huawei.hmos.aidataservice   I     [js_app_manager_utils.cpp(CreateJsAbilityStateData:57)]CreateJsAbilityStateData ConvertNativeValueTo begin.
02-19 18:33:54.674  1971-2082    C01304/AbilityManagerService   com.huawei.hmos.aidataservice   I     [js_app_manager_utils.cpp(CreateJsAbilityStateData:63)]CreateJsAbilityStateData SetProperty begin.
02-19 18:33:54.674  678-3112     C01510/IPCObjectProxy          memmgrservice                   W     63: handle = 9 destroyed, descriptor: IPCObjectProxy9
02-19 18:33:54.674  1971-2082    C01304/AbilityManagerService   com.huawei.hmos.aidataservice   I     [js_app_manager_utils.cpp(CreateJsAbilityStateData:71)]CreateJsAbilityStateData end.
02-19 18:33:54.674  1971-2082    C01304/AbilityManagerService   com.huawei.hmos.aidataservice   I     [js_app_state_observer.cpp(CallJsFunction:238)]CallJsFunction begin, method:onAbilityStateChanged
02-19 18:33:54.674  1971-2082    C01304/AbilityManagerService   com.huawei.hmos.aidataservice   I     [js_app_state_observer.cpp(CallJsFunction:251)]CallJsFunction end
02-19 18:33:54.674  1971-2082    C01510/IPCObjectProxy          com.huawei.hmos.aidataservice   W     63: handle = 20 destroyed, descriptor: IPCObjectProxy20
02-19 18:33:54.674  704-1582     C01510/IPCObjectProxy          resource_schedu                 W     63: handle = 28 destroyed, descriptor: IPCObjectProxy28
02-19 18:33:54.674  704-2397     C01510/IPCObjectProxy          resource_schedu                 I     58: handle = 28 create, descriptor: IPCObjectProxy28
02-19 18:33:54.674  849-27185    C01510/IPCObjectProxy          bgtaskmgr_servi                 W     63: handle = 15 destroyed, descriptor: IPCObjectProxy15
02-19 18:33:54.675  849-2191     C01510/IPCObjectProxy          bgtaskmgr_servi                 I     58: handle = 15 create, descriptor: IPCObjectProxy15
02-19 18:33:54.675  704-838      C01702/CgroupAdjuster          resource_schedu                 I     AdjustProcessGroup for 10522, source : 2
02-19 18:33:54.675  704-2397     C01510/IPCObjectProxy          resource_schedu                 W     63: handle = 28 destroyed, descriptor: IPCObjectProxy28
02-19 18:33:54.675  1123-1703    C01304/AbilityManagerService   foundation                      I     [ability_manager_service.cpp(AbilityTransitionDone:4245)]Ability transition done come, state:0.
02-19 18:33:54.675  634-27130    C01510/IPCObjectProxy          device_usage_st                 I     58: handle = 10 create, descriptor: IPCObjectProxy10
02-19 18:33:54.675  849-2191     C01510/IPCObjectProxy          bgtaskmgr_servi                 W     63: handle = 15 destroyed, descriptor: IPCObjectProxy15
02-19 18:33:54.675  678-30318    C01510/IPCObjectProxy          memmgrservice                   I     58: handle = 9 create, descriptor: IPCObjectProxy9
02-19 18:33:54.675  1123-1703    C01304/AbilityManagerService   foundation                      I     [ability_record.cpp(RemoveAbilityDeathRecipient:2062)]RemoveDeathRecipient
02-19 18:33:54.675  759-775      C01510/IPCObjectProxy          netmanager                      I     58: handle = 34 create, descriptor: IPCObjectProxy34
02-19 18:33:54.676  10522-10572  C01719/ffrt                    com.huawei.hmsapp.totemweather:form  E     6:Detach:93 qos 2 thread not joinable
02-19 18:33:54.676  678-30318    C01510/IPCObjectProxy          memmgrservice                   W     63: handle = 9 destroyed, descriptor: IPCObjectProxy9
02-19 18:33:54.676  10522-10572  C01510/IPCThreadSkeleton       com.huawei.hmsapp.totemweather:form  W     48: thread exit, flush commands
02-19 18:33:54.676  10522-10572  C01510/IPCThreadSkeleton       com.huawei.hmsapp.totemweather:form  E     85: IPCThreadSkeleton delete
02-19 18:33:54.676  10522-10571  C01719/ffrt                    com.huawei.hmsapp.totemweather:form  E     7:Detach:93 qos 2 thread not joinable
02-19 18:33:54.676  678-739      C01510/IPCObjectProxy          memmgrservice                   W     63: handle = 8 destroyed, descriptor: IPCObjectProxy8
02-19 18:33:54.676  678-739      C01799/MemMgr                  memmgrservice                   E     ProcessPriorityInfo::ProcUnBindToMe remove process[pid=1123] from procsBindToMe_, map size = 0
02-19 18:33:54.677  678-27131    C01510/IPCObjectProxy          memmgrservice                   I     58: handle = 9 create, descriptor: IPCObjectProxy9
02-19 18:33:54.677  634-27130    C01510/IPCObjectProxy          device_usage_st                 W     63: handle = 10 destroyed, descriptor: IPCObjectProxy10
02-19 18:33:54.677  759-775      C01510/IPCObjectProxy          netmanager                      W     63: handle = 34 destroyed, descriptor: IPCObjectProxy34
02-19 18:33:54.676  1123-1703    C01510/IPCObjectProxy          foundation                      W     63: handle = 261 destroyed, descriptor: IPCObjectProxy261
02-19 18:33:54.677  678-27131    C01510/IPCObjectProxy          memmgrservice                   W     63: handle = 9 destroyed, descriptor: IPCObjectProxy9
02-19 18:33:54.677  678-739      C01799/MemMgr                  memmgrservice                   E     ReclaimPriorityManager::DeleteBundleInfoFromSet delete 1 bundles from set, uid_=20010057, totalBundlePrioSet_.size=15
02-19 18:33:54.677  678-739      C01799/MemMgr                  memmgrservice                   E     ReclaimPriorityManager::AddBundleInfoToSet success to insert bundle to set, uid_=20010057, totalBundlePrioSet_.size=16
02-19 18:33:54.677  678-739      C01799/MemMgr                  memmgrservice                   E     ReclaimPriorityManager::AddBundleInfoToSet procsNumsSum = 18
02-19 18:33:54.677  678-739      C01799/MemMgr                  memmgrservice                   E     ReclaimPriorityManager::DeleteBundleInfoFromSet delete 1 bundles from set, uid_=20010057, totalBundlePrioSet_.size=15
02-19 18:33:54.677  678-739      C01799/MemMgr                  memmgrservice                   E     ReclaimPriorityManager::AddBundleInfoToSet success to insert bundle to set, uid_=20010057, totalBundlePrioSet_.size=16
02-19 18:33:54.677  678-739      C01799/MemMgr                  memmgrservice                   E     ReclaimPriorityManager::AddBundleInfoToSet procsNumsSum = 18
02-19 18:33:54.677  1123-1703    C01510/IPCObjectProxy          foundation                      W     63: handle = 258 destroyed, descriptor: IPCObjectProxy258
02-19 18:33:54.677  678-739      C01799/MemMgr                  memmgrservice                   I     ReclaimPriorityManager::SetConnectExtensionProcPrio set extension priority: bundle[uid_=20010057,name=com.huawei.hmsapp.totemweather,priority=500], proc[pid_=10522, uid=20010057, isFreground_=0, isBackgroundRunning_=0, isSuspendDelay_=0, isEventStart_=0, isDistDeviceConnected_=0, extensionBindStatus_=3, priority=500]
02-19 18:33:54.678  1123-10516   C01304/AbilityManagerService   foundation                      I     [ability_manager_service.cpp(DisconnectLocalAbility:2900)]Disconnect local ability begin.
02-19 18:33:54.678  1123-10516   C01304/AbilityManagerService   foundation                      I     [ability_connect_manager.cpp(DisconnectAbilityLocked:345)]call
02-19 18:33:54.678  1123-10516   C01304/AbilityManagerService   foundation                      I     [ability_connect_manager.cpp(DisconnectAbilityLocked:363)]abilityName: com.huawei.hmos.photos.FormAbility, bundleName: com.huawei.hmos.photos
02-19 18:33:54.678  1123-10516   C01304/AbilityManagerService   foundation                      W     [ability_connect_manager.cpp(DisconnectRecordNormal:410)]This record: 156 complete disconnect directly.
02-19 18:33:54.678  1123-10516   C01304/AbilityManagerService   foundation                      I     [connection_record.cpp(CompleteDisconnect:175)]result: 0. connectState:4.
02-19 18:33:54.678  1123-10516   C01304/AbilityManagerService   foundation                      I     [ability_connect_manager.cpp(RemoveConnectionRecordFromMap:1307)]connrecord(156)
02-19 18:33:54.678  1123-10516   C01304/AbilityManagerService   foundation                      I     [ability_connect_manager.cpp(RemoveConnectionRecordFromMap:1310)]connlist
02-19 18:33:54.678  1123-10518   C01303/AppMgrService           foundation                      I     [app_running_record.cpp(TerminateAbility:963)]Terminate ability, isForce: 1
02-19 18:33:54.678  1123-10518   C01303/AppMgrService           foundation                      I     [app_running_record.cpp(StateChangedNotifyObserver:695)]extension type, not notify any more.
02-19 18:33:54.678  1123-10518   C01303/AppMgrService           foundation                      I     [module_running_record.cpp(TerminateAbility:218)]Terminate ability.
02-19 18:33:54.678  1123-10516   C01304/AbilityManagerService   foundation                      I     [ability_manager_service.cpp(DisconnectLocalAbility:2900)]Disconnect local ability begin.
02-19 18:33:54.678  1123-10516   C01304/AbilityManagerService   foundation                      I     [ability_connect_manager.cpp(DisconnectAbilityLocked:345)]call
02-19 18:33:54.678  1123-10516   C01304/AbilityManagerService   foundation                      I     [ability_connect_manager.cpp(DisconnectAbilityLocked:363)]abilityName: com.huawei.hmos.photos.FormAbility, bundleName: com.huawei.hmos.photos
02-19 18:33:54.678  1123-10518   C01303/AppMgrService           foundation                      I     [module_running_record.cpp(TerminateAbility:253)]ModuleRunningRecord::TerminateAbility end
02-19 18:33:54.678  1123-10516   C01304/AbilityManagerService   foundation                      I     [ability_record.cpp(DisconnectAbility:1450)]ability:com.huawei.hmos.photos.FormAbility.
02-19 18:33:54.678  1123-10516   C01304/AbilityManagerService   foundation                      I     [lifecycle_deal.cpp(DisconnectAbility:83)]call
02-19 18:33:54.679  1123-10518   C01301/FormManagerService      foundation                      I     [form_supply_callback.cpp(RemoveConnection:175)]RemoveConnection called.
02-19 18:33:54.679  1123-10518   C01301/FormManagerService      foundation                      I     [form_supply_callback.cpp(RemoveConnection:195)]RemoveConnection end.
02-19 18:33:54.679  10522-10522  C01305/Appkit                  com.huawei.hmsapp.totemweather:form  I     [ability_record_mgr.cpp(GetAbilityItem:135)]AbilityRecordMgr::GetAbilityItem : the ability found
02-19 18:33:54.679  10522-10522  C01305/Appkit                  com.huawei.hmsapp.totemweather:form  I     [ohos_application.cpp(DoCleanWorkAfterStageCleaned:662)]DoCleanWorkAfterStageCleaned language: js.
02-19 18:33:54.679  1971-3111    C01510/IPCObjectProxy          com.huawei.hmos.aidataservice   I     58: handle = 20 create, descriptor: IPCObjectProxy20
02-19 18:33:54.679  678-27131    C01510/IPCObjectProxy          memmgrservice                   I     58: handle = 8 create, descriptor: IPCObjectProxy8
02-19 18:33:54.679  1971-3111    C01304/AbilityManagerService   com.huawei.hmos.aidataservice   I     [js_app_state_observer.cpp(OnExtensionStateChanged:101)]OnExtensionStateChanged begin
02-19 18:33:54.680  1123-10518   C01510/IPCObjectStub           foundation                      W     68: destroy, desc: ohos.abilityshell.DistributedConnection
02-19 18:33:54.680  849-2191     C01510/IPCObjectProxy          bgtaskmgr_servi                 I     58: handle = 15 create, descriptor: IPCObjectProxy15
02-19 18:33:54.680  1123-1701    C01304/AbilityManagerService   foundation                      I     [ability_manager_service.cpp(ScheduleDisconnectAbilityDone:4331)]Schedule disconnect ability done.
02-19 18:33:54.680  10522-10522  C01305/Appkit                  com.huawei.hmsapp.totemweather:form  I     [main_thread.cpp(HandleCleanAbility:1843)]Handle clean ability end, app: com.huawei.hmsapp.totemweather, ability: FormAbility.
02-19 18:33:54.680  1971-2082    C01304/AbilityManagerService   com.huawei.hmos.aidataservice   I     [js_app_state_observer.cpp(HandleOnExtensionStateChanged:124)]HandleOnExtensionStateChanged begin
02-19 18:33:54.680  1971-2082    C01304/AbilityManagerService   com.huawei.hmos.aidataservice   I     [js_app_manager_utils.cpp(CreateJsAbilityStateData:51)]CreateJsAbilityStateData called.
02-19 18:33:54.680  1971-2082    C01304/AbilityManagerService   com.huawei.hmos.aidataservice   I     [js_app_manager_utils.cpp(CreateJsAbilityStateData:57)]CreateJsAbilityStateData ConvertNativeValueTo begin.
02-19 18:33:54.680  1971-2082    C01304/AbilityManagerService   com.huawei.hmos.aidataservice   I     [js_app_manager_utils.cpp(CreateJsAbilityStateData:63)]CreateJsAbilityStateData SetProperty begin.
02-19 18:33:54.680  1971-2082    C01304/AbilityManagerService   com.huawei.hmos.aidataservice   I     [js_app_manager_utils.cpp(CreateJsAbilityStateData:71)]CreateJsAbilityStateData end.
02-19 18:33:54.680  10522-10522  C01510/IPCObjectStub           com.huawei.hmsapp.totemweather:form  W     68: destroy, desc: ohos.appexecfwk.FormProvider
02-19 18:33:54.680  1971-2082    C01304/AbilityManagerService   com.huawei.hmos.aidataservice   I     [js_app_state_observer.cpp(CallJsFunction:238)]CallJsFunction begin, method:onAbilityStateChanged
02-19 18:33:54.680  1971-2082    C01304/AbilityManagerService   com.huawei.hmos.aidataservice   I     [js_app_state_observer.cpp(CallJsFunction:251)]CallJsFunction end
02-19 18:33:54.680  704-2397     C01510/IPCObjectProxy          resource_schedu                 I     58: handle = 28 create, descriptor: IPCObjectProxy28
02-19 18:33:54.680  10522-10522  C01510/IPCObjectStub           com.huawei.hmsapp.totemweather:form  W     68: destroy, desc: ohos.aafwk.AbilityScheduler
02-19 18:33:54.680  1971-2082    C01510/IPCObjectProxy          com.huawei.hmos.aidataservice   W     63: handle = 20 destroyed, descriptor: IPCObjectProxy20
02-19 18:33:54.681  1284-29649   C01510/IPCObjectStub           privacy_service                 E     109: unknown OnRemoteRequest code = 2, descriptor: ohos.appexecfwk.IApplicationStateObserver
02-19 18:33:54.681  759-775      C01510/IPCObjectProxy          netmanager                      I     58: handle = 34 create, descriptor: IPCObjectProxy34
02-19 18:33:54.681  634-27130    C01510/IPCObjectProxy          device_usage_st                 I     58: handle = 10 create, descriptor: IPCObjectProxy10
02-19 18:33:54.681  1123-10518   C01303/AppMgrService           foundation                      I     [app_running_record.cpp(AbilityTerminated:978)]AbilityTerminated come.
02-19 18:33:54.681  1123-10518   C01303/AppMgrService           foundation                      I     [module_running_record.cpp(AbilityTerminated:272)]Ability terminated.
02-19 18:33:54.681  704-2397     C01510/IPCObjectProxy          resource_schedu                 W     63: handle = 28 destroyed, descriptor: IPCObjectProxy28
02-19 18:33:54.681  759-775      C01510/IPCObjectProxy          netmanager                      W     63: handle = 34 destroyed, descriptor: IPCObjectProxy34
02-19 18:33:54.681  678-27131    C01510/IPCObjectProxy          memmgrservice                   W     63: handle = 8 destroyed, descriptor: IPCObjectProxy8
02-19 18:33:54.681  704-1582     C01510/IPCObjectProxy          resource_schedu                 I     58: handle = 28 create, descriptor: IPCObjectProxy28
02-19 18:33:54.681  678-30318    C01510/IPCObjectProxy          memmgrservice                   I     58: handle = 8 create, descriptor: IPCObjectProxy8
02-19 18:33:54.681  1123-10518   C01303/AppMgrService           foundation                      I     [app_running_record.cpp(RemoveModuleRecord:360)]Remove module record.
02-19 18:33:54.681  1123-10518   C01303/AppMgrService           foundation                      I     [app_running_record.cpp(SendEvent:1127)]eventId 214
02-19 18:33:54.682  1123-10518   C01303/AppMgrService           foundation                      I     [app_running_record.cpp(SendClearTask:1144)]Other msg: 1
02-19 18:33:54.682  678-30318    C01510/IPCObjectProxy          memmgrservice                   W     63: handle = 8 destroyed, descriptor: IPCObjectProxy8
02-19 18:33:54.682  1123-1701    C01304/AbilityManagerService   foundation                      I     [connection_observer_proxy.cpp(OnExtensionDisconnected:54)]ConnectionObserverProxy OnExtensionDisconnected.
02-19 18:33:54.682  704-838      C01702/CgroupAdjuster          resource_schedu                 I     AdjustProcessGroup for 10522, source : 2
02-19 18:33:54.682  704-1582     C01510/IPCObjectProxy          resource_schedu                 W     63: handle = 28 destroyed, descriptor: IPCObjectProxy28
02-19 18:33:54.682  1971-3111    C01510/IPCObjectProxy          com.huawei.hmos.aidataservice   I     58: handle = 20 create, descriptor: IPCObjectProxy20
02-19 18:33:54.682  10522-10522  C01305/Appkit                  com.huawei.hmsapp.totemweather:form  E     [application_impl.cpp(PerformTerminate:110)]ApplicationImpl::performTerminate error! curState is 1
02-19 18:33:54.682  1123-1701    C01304/AbilityManagerService   foundation                      I     [connection_observer_proxy.cpp(OnExtensionDisconnected:54)]ConnectionObserverProxy OnExtensionDisconnected.
02-19 18:33:54.682  10522-10522  C01305/Appkit                  com.huawei.hmsapp.totemweather:form  W     [main_thread.cpp(HandleTerminateApplication:1908)]HandleTerminateApplication: applicationImpl_->PerformTerminate() failed.
02-19 18:33:54.682  678-30318    C01510/IPCObjectProxy          memmgrservice                   I     58: handle = 9 create, descriptor: IPCObjectProxy9
02-19 18:33:54.682  10522-10522  C01200/EventRunner             com.huawei.hmsapp.totemweather:form  E     Stop: Do not call, if event runner is deposited
02-19 18:33:54.682  1971-3111    C01304/AbilityManagerService   com.huawei.hmos.aidataservice   I     [js_app_state_observer.cpp(OnExtensionStateChanged:101)]OnExtensionStateChanged begin
02-19 18:33:54.682  704-1582     C01510/IPCObjectProxy          resource_schedu                 I     58: handle = 28 create, descriptor: IPCObjectProxy28
02-19 18:33:54.682  1284-29649   C01510/IPCObjectStub           privacy_service                 E     109: unknown OnRemoteRequest code = 2, descriptor: ohos.appexecfwk.IApplicationStateObserver
02-19 18:33:54.682  678-27131    C01799/MemMgr                  memmgrservice                   I     ExtConnObs::OnExtensionDisconnected 1123(1123,5523) -/-> [com.huawei.hmos.photos|phone_photos|com.huawei.hmos.photos.FormAbility](10528,20010034) with type 0
02-19 18:33:54.683  1123-10518   C01301/FormManagerService      foundation                      I     [form_supply_callback.cpp(RemoveConnection:175)]RemoveConnection called.
02-19 18:33:54.683  1123-10518   C01301/FormManagerService      foundation                      I     [form_supply_callback.cpp(RemoveConnection:195)]RemoveConnection end.
02-19 18:33:54.683  634-27130    C01510/IPCObjectProxy          device_usage_st                 W     63: handle = 10 destroyed, descriptor: IPCObjectProxy10
02-19 18:33:54.683  1123-1701    C01304/AbilityManagerService   foundation                      I     [connection_record.cpp(CompleteDisconnect:175)]result: 0. connectState:4.
02-19 18:33:54.683  1123-1701    C01304/AbilityManagerService   foundation                      I     [ability_connect_manager.cpp(ScheduleDisconnectAbilityDoneLocked:642)]Service ability has no any connection, and not started , need terminate.
02-19 18:33:54.683  1123-1701    C01304/AbilityManagerService   foundation                      I     [ability_record.cpp(Terminate:1410)]ability:com.huawei.hmos.photos.FormAbility.
02-19 18:33:54.683  1123-1701    C01304/AbilityManagerService   foundation                      E     [ability_manager_service.cpp(CheckCollaboratorType:8141)]type is invalid
02-19 18:33:54.683  704-1582     C01510/IPCObjectProxy          resource_schedu                 W     63: handle = 28 destroyed, descriptor: IPCObjectProxy28
02-19 18:33:54.683  1123-1701    C01304/AbilityManagerService   foundation                      E     [ability_manager_service.cpp(GetCollaborator:8125)]collaborator: CheckCollaboratorType failed
02-19 18:33:54.683  634-27130    C01510/IPCObjectProxy          device_usage_st                 I     58: handle = 11 create, descriptor: IPCObjectProxy11
02-19 18:33:54.683  1123-1701    C01304/AbilityManagerService   foundation                      I     [lifecycle_deal.cpp(Terminate:91)]call
02-19 18:33:54.683  704-2397     C01510/IPCObjectProxy          resource_schedu                 I     58: handle = 28 create, descriptor: IPCObjectProxy28
02-19 18:33:54.683  1123-1701    C01304/AbilityManagerService   foundation                      I     [ability_connect_manager.cpp(RemoveConnectionRecordFromMap:1307)]connrecord(158)
02-19 18:33:54.683  1123-1701    C01304/AbilityManagerService   foundation                      I     [ability_connect_manager.cpp(RemoveConnectionRecordFromMap:1310)]connlist
02-19 18:33:54.683  634-27130    C01510/IPCObjectProxy          device_usage_st                 W     63: handle = 11 destroyed, descriptor: IPCObjectProxy11
02-19 18:33:54.683  1123-1701    C01510/IPCObjectStub           foundation                      W     68: destroy, desc: ohos.abilityshell.DistributedConnection
02-19 18:33:54.683  678-30318    C01510/IPCObjectProxy          memmgrservice                   W     63: handle = 9 destroyed, descriptor: IPCObjectProxy9
02-19 18:33:54.683  10522-10522  C02c11/APPSPAWN                com.huawei.hmsapp.totemweather:form  I     [appspawn_server.c:56]App exit code: 0
02-19 18:33:54.683  849-2191     C01510/IPCObjectProxy          bgtaskmgr_servi                 W     63: handle = 15 destroyed, descriptor: IPCObjectProxy15
