02-19 18:50:23.553  14525-14525  C02c11/APPSPAWN                pid-14525                       I     [json_utils.cpp:51]Find key[check-action-status] : false successful.
02-19 18:50:23.553  2008-2008    C03900/Ace                     com.ohos.sceneboard             I     [window_pattern.cpp(CreateStartingNode)-(0)] startup page path resource:///16777222.png, background color ffffffff
02-19 18:50:23.553  2008-2008    C03900/Ace                     com.ohos.sceneboard             I     [image_pattern.cpp(LoadImageDataIfNeed)-(0)] start loading image resource:///16777222.png
02-19 18:50:23.553  14525-14525  C02c11/APPSPAWN                pid-14525                       I     [sandbox_utils.cpp:197]errno is: 2, bind mount /vendor/asan/lib64 to /mnt/sandbox/com.netease.lava.nertc.demo/vendor/asan/lib64
02-19 18:50:23.553  14525-14525  C02c11/APPSPAWN                pid-14525                       I     [json_utils.cpp:51]Find key[check-action-status] : false successful.
02-19 18:50:23.554  2008-2008    C03900/Ace                     com.ohos.sceneboard             W     [window_scene.cpp(UpdateSession)-(0)] session_ != session is null, return on line 100
02-19 18:50:23.554  14525-14525  C02c11/APPSPAWN                pid-14525                       I     [sandbox_utils.cpp:197]errno is: 2, bind mount /system/app/ohos.global.systemres to /mnt/sandbox/com.netease.lava.nertc.demo/data/storage/el1/bundle/systemResources
02-19 18:50:23.554  14525-14525  C02c11/APPSPAWN                pid-14525                       I     [json_utils.cpp:51]Find key[check-action-status] : false successful.
02-19 18:50:23.554  14525-14525  C02c11/APPSPAWN                pid-14525                       I     [sandbox_utils.cpp:197]errno is: 2, bind mount /data/app/el1/bundle/public/ohos.global.systemres.overlay to /mnt/sandbox/com.netease.lava.nertc.demo/data/storage/el1/bundle/ohos.global.systemres.overlay
02-19 18:50:23.554  14525-14525  C02c11/APPSPAWN                pid-14525                       I     [json_utils.cpp:51]Find key[check-action-status] : false successful.
02-19 18:50:23.554  2008-2356    C04200/Session                 com.ohos.sceneboard             I     <444>IsSessionValid: session is already destroyed or not created! id: 56 state: 0
02-19 18:50:23.554  2008-2008    C03900/Ace                     com.ohos.sceneboard             E     [dimension.cpp(ConvertToVp)-(0)] fail to ConvertToVp, 0.500000, 3
02-19 18:50:23.554  2008-2008    C03900/Ace                     com.ohos.sceneboard             E     [dimension.cpp(ConvertToVp)-(0)] fail to ConvertToVp, 0.500000, 3
02-19 18:50:23.555  2008-2008    C03900/Ace                     com.ohos.sceneboard             E     [view_stack_processor.cpp(Finish)-(0)] ViewStackProcessor Finish failed, input empty render or invalid root component
02-19 18:50:23.555  2008-14526   C01510/IPCObjectProxy          com.ohos.sceneboard             I     58: handle = 118 create, descriptor: IPCObjectProxy118
02-19 18:50:23.555  2008-2008    A0001b/SceneBoard              com.ohos.sceneboard             I     SCBTransitionManager --> getInstance: [object Object]
02-19 18:50:23.555  2008-2008    A0001b/SceneBoard              com.ohos.sceneboard             I     SCBTransitionManager --> findTransitionController bundleName: com.netease.lava.nertc.demo, abilityName: EntryAbility, startType: 0, cardId: undefined
02-19 18:50:23.555  2008-2008    A0001b/SceneBoard              com.ohos.sceneboard             I     SCBTransitionManager --> Find controller success, bundleName: com.netease.lava.nertc.demo abilityName: EntryAbility
02-19 18:50:23.555  2008-14526   C01510/IPCObjectProxy          com.ohos.sceneboard             W     63: handle = 118 destroyed, descriptor: IPCObjectProxy118
02-19 18:50:23.556  2008-2008    A0001b/SceneBoard              com.ohos.sceneboard             I     SCBSceneContainerSession --> getTargetRotation: com.netease.lava.nertc.demorequestOrientation: 0
02-19 18:50:23.556  2008-2008    A0001b/SceneBoard              com.ohos.sceneboard             I     SCBSceneContainerSession --> processOrientationUnrelatedToSensor requestOrientation: 0
02-19 18:50:23.556  2008-2008    A0001b/SceneBoard              com.ohos.sceneboard             I     PageDesktopModel --> isInCurrentPage isOpenFolder: false
02-19 18:50:23.556  2008-2008    A0001b/SceneBoard              com.ohos.sceneboard             I     PageDesktopModel --> isInCurrentDeskTopPage appListInfo [object Object], length 11, page: 0
02-19 18:50:23.556  2008-2008    A0001b/SceneBoard              com.ohos.sceneboard             I     PageDesktopModel --> isInCurrentDeskTopPage undefined, [object Object]
02-19 18:50:23.556  2008-2008    A0001b/SceneBoard              com.ohos.sceneboard             I     SCBSceneContainerSession --> getCompanionIconRect iconId: undefined, isInScreen: true
02-19 18:50:23.556  2008-2008    A0001b/SceneBoard              com.ohos.sceneboard             I     SCBTransitionManager --> getInstance: [object Object]
02-19 18:50:23.556  2008-2008    A0001b/SceneBoard              com.ohos.sceneboard             I     SCBTransitionManager --> notifySceneTransitionIn isTransitionInFromOther: true
02-19 18:50:23.556  2008-2008    C03900/Ace                     com.ohos.sceneboard             E     [jsi_declarative_engine.cpp(GetStagingPage)-(-1)] jsiEngine is null
02-19 18:50:23.556  2008-2008    C03900/Ace                     com.ohos.sceneboard             W     [jsi_curves_module.cpp(ParseCurves)-(-1)] page is nullptr
02-19 18:50:23.556  2008-2008    C03900/Ace                     com.ohos.sceneboard             W     [engine_helper.cpp(GetCurrentDelegate)-(-1)] Can't find current engine, using active one
02-19 18:50:23.556  14525-14525  C02c11/APPSPAWN                pid-14525                       I     [sandbox_utils.cpp:598]GetMountPermissionNames size: 2
02-19 18:50:23.557  14525-14525  C02c11/APPSPAWN                pid-14525                       I     [sandbox_utils.cpp:598]GetMountPermissionNames size: 2
02-19 18:50:23.557  2008-2008    C03900/Ace                     com.ohos.sceneboard             E     [js_if_else.cpp(SetBranchId)-(0)] invalid JS function signature: required SetBranchId(branchId, Array<number>)
02-19 18:50:23.557  2008-2008    C03900/Ace                     com.ohos.sceneboard             E     [js_if_else.cpp(SetBranchId)-(0)] invalid JS function signature: required SetBranchId(branchId, Array<number>)
02-19 18:50:23.557  2008-2008    C03900/Ace                     com.ohos.sceneboard             E     [view_stack_processor.cpp(Finish)-(0)] ViewStackProcessor Finish failed, input empty render or invalid root component
02-19 18:50:23.557  2008-2008    C03900/Ace                     com.ohos.sceneboard             E     [js_if_else.cpp(SetBranchId)-(0)] invalid JS function signature: required SetBranchId(branchId, Array<number>)
02-19 18:50:23.557  2008-2008    C03900/Ace                     com.ohos.sceneboard             E     [js_if_else.cpp(SetBranchId)-(0)] invalid JS function signature: required SetBranchId(branchId, Array<number>)
02-19 18:50:23.557  2008-2008    C03900/Ace                     com.ohos.sceneboard             E     [js_if_else.cpp(SetBranchId)-(0)] invalid JS function signature: required SetBranchId(branchId, Array<number>)
02-19 18:50:23.558  2008-2008    C03900/Ace                     com.ohos.sceneboard             E     [jsi_declarative_engine.cpp(GetStagingPage)-(-1)] jsiEngine is null
02-19 18:50:23.558  2008-2008    C03900/Ace                     com.ohos.sceneboard             W     [jsi_curves_module.cpp(ParseCurves)-(-1)] page is nullptr
02-19 18:50:23.558  2008-2008    C03900/Ace                     com.ohos.sceneboard             W     [engine_helper.cpp(GetCurrentDelegate)-(-1)] Can't find current engine, using active one
02-19 18:50:23.558  14525-14525  C02c11/APPSPAWN                pid-14525                       I     [appspawn_adapter.cpp:133]Success to set app seccomp filter
02-19 18:50:23.559  2008-2008    C03900/Ace                     com.ohos.sceneboard             W     [engine_helper.cpp(GetCurrentDelegate)-(-1)] Can't find current engine, using active one
02-19 18:50:23.559  2008-2008    A0001b/SceneBoard              com.ohos.sceneboard             I     SCBTransitionManager --> change currentTransitionController
02-19 18:50:23.559  2008-2008    C04200/JsSceneSessionManager   com.ohos.sceneboard             I     <1099>[NAPI]OnPerfRequestEx
02-19 18:50:23.559  2008-2008    A0001b/SceneBoard              com.ohos.sceneboard             I     SCBScenePanel --> raiseSceneToTop.
02-19 18:50:23.560  2008-2008    A0001b/SceneBoard              com.ohos.sceneboard             I     SCBScenePanel --> Remove scene container session, id: 20
02-19 18:50:23.560  2008-2008    A0001b/SceneBoard              com.ohos.sceneboard             I     SCBSceneSessionManager --> refreshZOrder
02-19 18:50:23.560  2008-2008    A0001b/SceneBoard              com.ohos.sceneboard             I     SCBSceneSessionManager --> traverse from bottom to top
02-19 18:50:23.560  2008-2008    C03900/Ace                     com.ohos.sceneboard             E     [jsi_declarative_engine.cpp(GetStagingPage)-(-1)] jsiEngine is null
02-19 18:50:23.560  2008-2008    C03900/Ace                     com.ohos.sceneboard             W     [jsi_curves_module.cpp(ParseCurves)-(-1)] page is nullptr
02-19 18:50:23.560  2008-2008    C03900/Ace                     com.ohos.sceneboard             W     [engine_helper.cpp(GetCurrentDelegate)-(-1)] Can't find current engine, using active one
02-19 18:50:23.560  14525-14525  C02f07/SecCompClientEnhanceImpl pid-14525                       I     [SecCompClientEnhanceImpl]:SecCompClientEnhanceImpl()
02-19 18:50:23.560  14525-14525  C02f07/SecCompClientEnhanceImpl pid-14525                       I     [InitClientEnhace]:start init client enhance
02-19 18:50:23.560  14525-14525  C01510/IPCObjectStub           pid-14525                       I     63: create, desc: ohos.security.ISecCompCheckCallback
02-19 18:50:23.560  2008-2008    C03900/Ace                     com.ohos.sceneboard             E     [scroll_bar_proxy.cpp(RegisterScrollableNode)-(0)] scrollable node is already exist.
02-19 18:50:23.560  14525-14525  C01510/BinderConnector         pid-14525                       I     97: OpenDriver:succ to open, fd=21
02-19 18:50:23.561  2008-2008    C03900/Ace                     com.ohos.sceneboard             E     [js_if_else.cpp(SetBranchId)-(0)] invalid JS function signature: required SetBranchId(branchId, Array<number>)
02-19 18:50:23.561  14525-14525  C01510/IPCObjectProxy          pid-14525                       I     58: handle = 0 create, descriptor: IPCObjectProxy0
02-19 18:50:23.561  2008-2008    C03900/Ace                     com.ohos.sceneboard             E     [js_if_else.cpp(SetBranchId)-(0)] invalid JS function signature: required SetBranchId(branchId, Array<number>)
02-19 18:50:23.561  480-901      C01800/SAMGR                   samgr                           W     NOT found service : 3506
02-19 18:50:23.561  14525-14525  C01510/BinderInvoker           pid-14525                       E     124: SendRequest: handle=0 result = 3
02-19 18:50:23.561  14525-14525  C02f07/SecCompClient           pid-14525                       I     [TryToGetSecCompSa]:Service is not start.
02-19 18:50:23.561  14525-14525  C02f07/SecCompEnhanceClient    pid-14525                       I     [GetEnhanceProxy]:Get enhance object failed
02-19 18:50:23.561  14525-14525  C02f07/SecCompEnhanceClient    pid-14525                       I     [RegisterCheckCallback]:security component service not start, register it to privacy
02-19 18:50:23.561  14525-14525  C01510/IPCObjectProxy          pid-14525                       I     58: handle = 1 create, descriptor: IPCObjectProxy1
02-19 18:50:23.561  2008-2008    C03900/Ace                     com.ohos.sceneboard             E     [js_if_else.cpp(SetBranchId)-(0)] invalid JS function signature: required SetBranchId(branchId, Array<number>)
02-19 18:50:23.561  1284-1284    C01510/IPCObjectProxy          privacy_service                 I     58: handle = 14 create, descriptor: IPCObjectProxy14
02-19 18:50:23.561  2008-2008    C03900/Ace                     com.ohos.sceneboard             E     [view_stack_processor.cpp(Finish)-(0)] ViewStackProcessor Finish failed, input empty render or invalid root component
02-19 18:50:23.561  2008-2008    C03900/Ace                     com.ohos.sceneboard             E     [js_if_else.cpp(SetBranchId)-(0)] invalid JS function signature: required SetBranchId(branchId, Array<number>)
02-19 18:50:23.562  1284-1284    C02f03/PrivacySecCompEnhanceAgent privacy_service                 I     [RegisterSecCompEnhance]:register sec comp enhance success, pid 14525, total 17.
02-19 18:50:23.562  2008-2008    C03900/Ace                     com.ohos.sceneboard             E     [js_if_else.cpp(SetBranchId)-(0)] invalid JS function signature: required SetBranchId(branchId, Array<number>)
02-19 18:50:23.562  14525-14525  C02f07/SecCompEnhanceClient    pid-14525                       I     [RegisterCheckCallback]:security component register to privacy ret 0
02-19 18:50:23.562  14525-14525  C02f07/SecCompClientEnhanceImpl pid-14525                       I     [InitClientEnhace]:Register Challenge ok
02-19 18:50:23.562  2008-2008    C03900/Ace                     com.ohos.sceneboard             E     [js_if_else.cpp(SetBranchId)-(0)] invalid JS function signature: required SetBranchId(branchId, Array<number>)
02-19 18:50:23.562  14525-14525  C02c11/APPSPAWN                pid-14525                       I     [appspawn_service.c:531]NotifyResToParent com.netease.lava.nertc.demo fd 22 result 0
02-19 18:50:23.562  482-482      C02c11/APPSPAWN                appspawn                        I     [appspawn_service.c:436]child process com.netease.lava.nertc.demo success pid 14525
02-19 18:50:23.562  482-482      C02c11/APPSPAWN                appspawn                        I     [appspawn_service.c:94]Add com.netease.lava.nertc.demo, pid=14525 success
02-19 18:50:23.562  482-482      C02c11/APPSPAWN                appspawn                        I     [appspawn_service.c:146]SendMessageComplete client.id 145 result 0 pid 14525
02-19 18:50:23.562  1123-14445   C01303/AppMgrService           foundation                      I     [app_mgr_service_inner.cpp(StartProcess:1916)]Start process success, pid is 14525, processName is com.netease.lava.nertc.demo.
02-19 18:50:23.562  1123-14445   C01304/AbilityManagerService   foundation                      I     [ability_manager_service.cpp(OnAppStateChanged:4469)]On app state changed.
02-19 18:50:23.562  1123-14445   C01304/AbilityManagerService   foundation                      I     [ui_ability_lifecycle_manager.cpp(OnAppStateChanged:1578)]Call.
02-19 18:50:23.562  1279-1335    C02f01/ATMServ                 accesstoken_ser                 I     [GetTokenType]:tokenID: 0x280fc514
02-19 18:50:23.562  1279-1335    C02f01/ATMServ                 accesstoken_ser                 I     [GetNativeTokenInfo]:tokenID: 0x30042382
02-19 18:50:23.562  482-482      C02c11/APPSPAWN                appspawn                        I     [appspawn_service.c:132]OnClose 145 processName = com.netease.lava.nertc.demo
02-19 18:50:23.562  1284-1284    C01510/IPCObjectStub           privacy_service                 E     109: unknown OnRemoteRequest code = 6, descriptor: ohos.appexecfwk.IApplicationStateObserver
02-19 18:50:23.562  704-822      C01c06/TimeService             resource_schedu                 I     [time_service_client.cpp] GetBootTimeMs# Result: 33408638
02-19 18:50:23.562  1123-14421   C01303/AppMgrService           foundation                      I     [app_state_observer_manager.cpp(HandleOnAppProcessCreated:401)]Process Create, bundle:com.netease.lava.nertc.demo, pid:14525, uid:20010081, processType:0, extensionType:255, processName:com.netease.lava.nertc.demo, renderUid:-1
02-19 18:50:23.562  2008-2008    C03900/Ace                     com.ohos.sceneboard             E     [js_if_else.cpp(SetBranchId)-(0)] invalid JS function signature: required SetBranchId(branchId, Array<number>)
02-19 18:50:23.563  14525-14525  C02d0b/HICHECKER               pid-14525                       I     hichecker processName is com.netease.lava.nertc.demo
02-19 18:50:23.562  1971-30143   C01304/AbilityManagerService   com.huawei.hmos.aidataservice   I     [js_app_state_observer.cpp(OnProcessCreated:135)]OnProcessCreated begin
02-19 18:50:23.563  14525-14525  C02d0b/HICHECKER               pid-14525                       I     hichecker param is empty.
02-19 18:50:23.563  704-826      C01700/RSS                     resource_schedu                 I     FrameAwarePlugin:DispatchResource type:1, value:0
02-19 18:50:23.563  1284-1284    C01510/IPCObjectStub           privacy_service                 E     109: unknown OnRemoteRequest code = 3, descriptor: ohos.appexecfwk.IApplicationStateObserver
02-19 18:50:23.563  704-826      C01700/RSS                     resource_schedu                 I     FrameAwarePlugin::OnDispatchResource success.
02-19 18:50:23.563  704-2397     C01713/SUSPEND_MANAGER         resource_schedu                 I     [app_state_observer.cpp(OnProcessCreated):96] uid is 20010081, pid is 14525, bundle name is com.netease.lava.nertc.demo, extensionType is 255
02-19 18:50:23.563  704-837      C01706/ueaServer-IntelliSenseServer resource_schedu                 I     Send App start to concur_fwk
02-19 18:50:23.563  704-837      C01706/ueaServer-IntelliSenseServer resource_schedu                 I     Get app info:14525 20010081 com.netease.lava.nertc.demo 0
02-19 18:50:23.563  678-739      C01799/MemMgr                  memmgrservice                   E     ReclaimPriorityManager::AddBundleInfoToSet success to insert bundle to set, uid_=20010081, totalBundlePrioSet_.size=15
02-19 18:50:23.563  678-739      C01799/MemMgr                  memmgrservice                   E     ReclaimPriorityManager::AddBundleInfoToSet procsNumsSum = 16
02-19 18:50:23.563  704-838      C01702/CgroupAdjuster          resource_schedu                 I     AdjustProcessGroup for 14525, source : 3
02-19 18:50:23.563  2008-2008    C03900/Ace                     com.ohos.sceneboard             E     [js_if_else.cpp(SetBranchId)-(0)] invalid JS function signature: required SetBranchId(branchId, Array<number>)
02-19 18:50:23.563  704-821      C01718/StandbyService          resource_schedu                 I     [freeze_strategy.cpp(HandleEvent):47] enter FreezeStrategy HandleEvent, eventId is 9
02-19 18:50:23.563  704-821      C01718/StandbyService          resource_schedu                 I     [push_strategy.cpp(HandleEvent):34] enter FreezeStrategy HandleEvent, eventId is 9
02-19 18:50:23.563  704-821      C01718/StandbyService          resource_schedu                 I     [network_strategy.cpp(HandleEvent):61] enter NetworkStrategy HandleEvent, eventId is 9
02-19 18:50:23.563  704-821      C01718/StandbyService          resource_schedu                 I     [running_lock_strategy.cpp(HandleProcessStatusChanged):554] RunningLockStrategy is not in proxy, do not need process
02-19 18:50:23.563  476-1901     C02903/DumperService           hiview                          I     OnProcessCreated# OnProcessCreated pid=14525, bundleName=com.netease.lava.nertc.demo
02-19 18:50:23.563  14525-14525  C02c11/APPSPAWN                pid-14525                       I     [appspawn_ace.cpp:137]LoadExtendLib: RunChildProcessor
02-19 18:50:23.563  704-838      C01702/CgroupAdjuster          resource_schedu                 I     ApplyProcessGroup Set 14525's cgroup from 255 to 0.
02-19 18:50:23.563  476-1901     C02903/DumperService           hiview                          I     SendUpdateCpuInfoEvent# SendUpdateCpuInfoEvent|enter
02-19 18:50:23.563  476-1901     C02904/DumperCpuService        hiview                          I     SendImmediateEvent# send immediate event
02-19 18:50:23.563  2008-2008    C03900/Ace                     com.ohos.sceneboard             E     [view_stack_processor.cpp(Finish)-(0)] ViewStackProcessor Finish failed, input empty render or invalid root component
02-19 18:50:23.563  2008-2008    C03900/Ace                     com.ohos.sceneboard             E     [js_if_else.cpp(SetBranchId)-(0)] invalid JS function signature: required SetBranchId(branchId, Array<number>)
02-19 18:50:23.563  704-826      C01700/RSS                     resource_schedu                 I     IOSchedPlugin::OnDispatchResource success.
02-19 18:50:23.563  704-826      C01700/RSS                     resource_schedu                 I     FrameAwarePlugin:DispatchResource type:4, value:0
02-19 18:50:23.563  2008-2008    C03900/Ace                     com.ohos.sceneboard             E     [js_if_else.cpp(SetBranchId)-(0)] invalid JS function signature: required SetBranchId(branchId, Array<number>)
02-19 18:50:23.563  704-826      C01700/RSS                     resource_schedu                 I     FrameAwarePlugin::OnDispatchResource success.
02-19 18:50:23.563  2008-2008    C03900/Ace                     com.ohos.sceneboard             E     [js_if_else.cpp(SetBranchId)-(0)] invalid JS function signature: required SetBranchId(branchId, Array<number>)
02-19 18:50:23.563  704-826      C01700/RSS                     resource_schedu                 I     FrameAwarePlugin:DispatchResource type:8, value:0
02-19 18:50:23.563  704-826      C01700/RSS                     resource_schedu                 I     FrameAwarePlugin::OnDispatchResource success.
02-19 18:50:23.563  14525-14525  C02d33/HitraceMeter            pid-14525                       E     pid[14525] first get g_tagsProperty: 5456538433239384065
02-19 18:50:23.563  704-837      C01706/ueaServer-IntelliSenseServer resource_schedu                 I     Get pid info:14525 20010081 com.netease.lava.nertc.demo 0
02-19 18:50:23.563  14525-14525  C01510/IPCObjectStub           pid-14525                       I     63: create, desc: ohos.appexecfwk.AppScheduler
02-19 18:50:23.563  614-614      C01707/CONCUR                  concurrent_task                 I     uid 20010081 start.
02-19 18:50:23.563  2008-2008    C03900/Ace                     com.ohos.sceneboard             W     [engine_helper.cpp(GetCurrentDelegate)-(-1)] Can't find current engine, using active one
02-19 18:50:23.563  14525-14525  C01305/Appkit                  pid-14525                       I     [main_thread.cpp(MainThread:254)]MainThread
02-19 18:50:23.563  614-614      C01707/CONCUR                  concurrent_task                 I     auth_enable 20010081 success
02-19 18:50:23.563  14525-14525  C02d06/XCollie                 pid-14525                       I     Add periodical task AppkitWatchdog to watchdog.
02-19 18:50:23.563  14525-14525  C02d06/XCollie                 pid-14525                       I     Watchdog is running!
02-19 18:50:23.564  1971-2082    C01304/AbilityManagerService   com.huawei.hmos.aidataservice   I     [js_app_state_observer.cpp(HandleOnProcessCreated:158)]HandleOnProcessCreated begin
02-19 18:50:23.564  1971-2082    C01304/AbilityManagerService   com.huawei.hmos.aidataservice   I     [js_app_manager_utils.cpp(CreateJsProcessData:77)]CreateJsProcessData called.
02-19 18:50:23.564  1971-2082    C01304/AbilityManagerService   com.huawei.hmos.aidataservice   I     [js_app_manager_utils.cpp(CreateJsProcessData:83)]CreateJsProcessData ConvertNativeValueTo begin.
02-19 18:50:23.564  1971-2082    C01304/AbilityManagerService   com.huawei.hmos.aidataservice   I     [js_app_manager_utils.cpp(CreateJsProcessData:89)]CreateJsProcessData SetProperty begin.
02-19 18:50:23.564  1123-1411    C01303/AppMgrService           foundation                      I     [app_running_manager.cpp(GetForegroundApplications:538)]GetForegroundApplications, begin.
02-19 18:50:23.564  1971-2082    C01304/AbilityManagerService   com.huawei.hmos.aidataservice   I     [js_app_manager_utils.cpp(CreateJsProcessData:96)]CreateJsProcessData end.
02-19 18:50:23.564  1971-2082    C01304/AbilityManagerService   com.huawei.hmos.aidataservice   I     [js_app_state_observer.cpp(CallJsFunction:238)]CallJsFunction begin, method:onProcessCreated
02-19 18:50:23.564  1971-2082    C01304/AbilityManagerService   com.huawei.hmos.aidataservice   I     [js_app_state_observer.cpp(CallJsFunction:251)]CallJsFunction end
02-19 18:50:23.564  2008-2008    C01650/Rdb                     com.ohos.sceneboard             W     ::[ParseValuesBucket()-napi_rdb_store.cpp:465]: bad value type of key badge_number
02-19 18:50:23.564  1123-1718    C01304/AbilityManagerService   foundation                      I     [ability_record.cpp(GetAbilityRecordByToken:160)]null
02-19 18:50:23.564  1123-14445   C02f01/ATMProxy                foundation                      I     [GetNativeTokenInfo]:result from server data = 0
02-19 18:50:23.564  2008-2008    A0001b/SceneBoard              com.ohos.sceneboard             I     SCBSceneSession --> onSessionStateChange, id: 56, state: 0
02-19 18:50:23.564  14525-14525  C01510/IPCObjectProxy          pid-14525                       I     58: handle = 2 create, descriptor: IPCObjectProxy2
02-19 18:50:23.564  1123-1718    C01304/AbilityManagerService   foundation                      I     [ability_record.cpp(GetAbilityRecordByToken:160)]null
02-19 18:50:23.564  1123-14445   C01120/BundleMgrService        foundation                      I     [perf_profile.cpp(Dump):276] start
02-19 18:50:23.564  1123-14445   C01120/BundleMgrService        foundation                      I     [perf_profile.cpp(Dump):278] *************************
02-19 18:50:23.564  1123-14445   C01120/BundleMgrService        foundation                      I     [perf_profile.cpp(Dump):299] AbilityLoadTime: 21(ms)
02-19 18:50:23.564  1123-14445   C01120/BundleMgrService        foundation                      I     [perf_profile.cpp(Dump):300]     AppForkTime: 16(ms)
02-19 18:50:23.564  1123-14445   C01120/BundleMgrService        foundation                      I     [perf_profile.cpp(Dump):303] *************************
02-19 18:50:23.564  1123-14445   C01120/BundleMgrService        foundation                      I     [perf_profile.cpp(Dump):305] end
02-19 18:50:23.564  678-739      C01510/IPCObjectProxy          memmgrservice                   I     58: handle = 8 create, descriptor: IPCObjectProxy8
02-19 18:50:23.564  1123-1123    C01510/IPCObjectProxy          foundation                      I     58: handle = 258 create, descriptor: IPCObjectProxy258
02-19 18:50:23.564  2008-2008    C03900/Ace                     com.ohos.sceneboard             I     [js_interactable_view.cpp(operator())-(0)] About to call JsOnAppear method on js
02-19 18:50:23.564  2008-2008    A0001b/SceneBoard              com.ohos.sceneboard             I     SCBSceneContainer --> onAppear false
02-19 18:50:23.565  704-822      C01c06/TimeService             resource_schedu                 I     [time_service_client.cpp] GetBootTimeMs# Result: 33408640
02-19 18:50:23.565  1284-1284    C01510/IPCObjectStub           privacy_service                 E     109: unknown OnRemoteRequest code = 9, descriptor: ohos.appexecfwk.IApplicationStateObserver
02-19 18:50:23.565  2008-2907    C03900/Ace                     com.ohos.sceneboard             I     [js_card_parser.cpp(UpdatePageData)-(0)] update data is <private> card hap path
02-19 18:50:23.565  14525-14530  C02d06/XCollie                 pid-14525                       I     Watchdog is running in thread(14530)!
02-19 18:50:23.565  476-1364     C02d10/HiView-SysEventSource   hiview                          I     Parser: parser result domain_=AAFWK eventName_=PROCESS_START
02-19 18:50:23.565  14525-14530  C02d06/XCollie                 pid-14525                       I     Watchdog Set Thread Info Callback
02-19 18:50:23.565  1123-14424   C01303/AppMgrService           foundation                      I     [app_mgr_service_inner.cpp(AttachApplication:382)]attach, pid:14525.
02-19 18:50:23.565  1123-14424   C01303/AppMgrService           foundation                      I     [app_running_record.cpp(LaunchApplication:412)]Schedule launch application, app is com.netease.lava.nertc.demo.
02-19 18:50:23.565  2008-14526   C02b03/ExtDecoder              com.ohos.sceneboard             E     GetImageSize index:0, range:1
02-19 18:50:23.565  1123-14424   C01302/Configuration           foundation                      W     [configuration.cpp(Marshalling:268)]Marshalling
02-19 18:50:23.565  1123-14424   C01303/AppMgrService           foundation                      I     [module_running_record.cpp(LaunchPendingAbilities:208)]name is EntryAbility.
02-19 18:50:23.565  678-739      C01510/IPCObjectProxy          memmgrservice                   W     63: handle = 8 destroyed, descriptor: IPCObjectProxy8
02-19 18:50:23.565  678-739      C01799/MemMgr                  memmgrservice                   E     BundlePriorityInfo::AddProc insert process#14525 info to procs_, map size = 1
02-19 18:50:23.565  678-739      C01799/MemMgr                  memmgrservice                   E     ReclaimPriorityManager::DeleteBundleInfoFromSet delete 1 bundles from set, uid_=20010081, totalBundlePrioSet_.size=14
02-19 18:50:23.565  678-739      C01799/MemMgr                  memmgrservice                   E     ReclaimPriorityManager::AddBundleInfoToSet success to insert bundle to set, uid_=20010081, totalBundlePrioSet_.size=15
02-19 18:50:23.565  1123-14424   C01303/AppMgrService           foundation                      E     [app_mgr_service_inner.cpp(LaunchApplication:447)]callerRecord is nullptr, can not get callerBundleName.
02-19 18:50:23.565  678-739      C01799/MemMgr                  memmgrservice                   E     ReclaimPriorityManager::AddBundleInfoToSet procsNumsSum = 17
02-19 18:50:23.566  678-739      C01799/MemMgr                  memmgrservice                   E     AccountBundleInfo::AddBundleToOsAccount insert bundle#20010081 info to bundleIdInfoMapping_, map size = 10
02-19 18:50:23.566  678-1533     C01799/MemMgr                  memmgrservice                   I     Memcg::Memcg init memcg success
02-19 18:50:23.566  14525-14527  C01510/IPCObjectProxy          pid-14525                       I     58: handle = 3 create, descriptor: IPCObjectProxy3
02-19 18:50:23.566  14525-14525  C01510/IPCObjectProxy          pid-14525                       I     58: handle = 4 create, descriptor: IPCObjectProxy4
02-19 18:50:23.566  1123-1718    C01120/BundleMgrService        foundation                      W     [bundle_data_mgr.cpp(ExplicitQueryExtensionInfo):3630] extensionAbility not found or disabled
02-19 18:50:23.566  1123-1718    C01120/BundleMgrService        foundation                      E     [bundle_mgr_host_impl.cpp(QueryExtensionAbilityInfos):1821] QueryExtensionAbilityInfos is failed
02-19 18:50:23.566  1123-1718    C01304/AbilityManagerService   foundation                      I     [ability_record.cpp(GetAbilityRecordByToken:160)]null
02-19 18:50:23.566  14525-14525  C01305/Appkit                  pid-14525                       I     [main_thread.cpp(GetBundleForLaunchApplication:1129)]bundleName = com.netease.lava.nertc.demo
02-19 18:50:23.566  1123-1718    C01304/AbilityManagerService   foundation                      I     [ability_record.cpp(GetAbilityRecordByToken:160)]null
02-19 18:50:23.566  476-1364     C02d10/HiView-SysEventSource   hiview                          I     Parser: parser result domain_=AAFWK eventName_=APP_LAUNCH
02-19 18:50:23.566  2008-14526   C02b05/ImageCode               com.ohos.sceneboard             E     ImageSource destructor enter
02-19 18:50:23.566  1123-1718    C01304/AbilityManagerService   foundation                      I     [ability_record.cpp(GetAbilityRecordByToken:160)]null
02-19 18:50:23.566  678-1533     C01799/MemMgr                  memmgrservice                   I     Memcg::AddProc dir:/dev/memcg/100/com.netease.lava.nertc.demo exist=1. file:/dev/memcg/100/com.netease.lava.nertc.demo/cgroup.procs exist=1 content=*14525 * ret=1
02-19 18:50:23.566  2008-2356    C04200/Session                 com.ohos.sceneboard             I     <444>IsSessionValid: session is already destroyed or not created! id: 56 state: 0
02-19 18:50:23.567  678-739      C01510/IPCObjectProxy          memmgrservice                   I     58: handle = 8 create, descriptor: IPCObjectProxy8
02-19 18:50:23.567  2008-2008    C03900/Ace                     com.ohos.sceneboard             I     [image_pattern.cpp(operator())-(0)] Image Load Success resource:///16777222.png
02-19 18:50:23.567  678-739      C01510/IPCObjectProxy          memmgrservice                   W     63: handle = 8 destroyed, descriptor: IPCObjectProxy8
02-19 18:50:23.567  1123-1701    C01120/BundleMgrService        foundation                      E     [bundle_permission_mgr.cpp(VerifyCallingPermission):595] permission ohos.permission.GET_BUNDLE_INFO_PRIVILEGED denied
02-19 18:50:23.567  678-739      C01799/MemMgr                  memmgrservice                   E     BundlePriorityInfo::AddProc insert process#14525 info to procs_, map size = 1
02-19 18:50:23.567  678-739      C01799/MemMgr                  memmgrservice                   E     ReclaimPriorityManager::DeleteBundleInfoFromSet delete 1 bundles from set, uid_=20010081, totalBundlePrioSet_.size=14
02-19 18:50:23.567  678-739      C01799/MemMgr                  memmgrservice                   E     ReclaimPriorityManager::AddBundleInfoToSet success to insert bundle to set, uid_=20010081, totalBundlePrioSet_.size=15
02-19 18:50:23.567  678-739      C01799/MemMgr                  memmgrservice                   E     ReclaimPriorityManager::AddBundleInfoToSet procsNumsSum = 17
02-19 18:50:23.567  678-739      C01799/MemMgr                  memmgrservice                   E     AccountBundleInfo::AddBundleToOsAccount insert bundle#20010081 info to bundleIdInfoMapping_, map size = 10
02-19 18:50:23.567  1123-1701    C01120/BundleMgrService        foundation                      E     [bundle_permission_mgr.cpp(VerifyCallingPermission):595] permission ohos.permission.GET_BUNDLE_INFO denied
02-19 18:50:23.567  678-739      C01510/IPCObjectProxy          memmgrservice                   I     58: handle = 8 create, descriptor: IPCObjectProxy8
02-19 18:50:23.567  14525-14525  C01120/BundleMgrService        pid-14525                       W     [bundle_mgr_proxy.cpp(GetParcelableInfosWithErrCode):3763] GetParcelableInfosWithErrCode ErrCode : 0
02-19 18:50:23.567  14525-14525  C01305/Appkit                  pid-14525                       I     [main_thread.cpp(GetNativeLibPath:218)]napi lib path = <private>
02-19 18:50:23.567  678-1533     C01799/MemMgr                  memmgrservice                   I     Memcg::AddProc dir:/dev/memcg/100/com.netease.lava.nertc.demo exist=1. file:/dev/memcg/100/com.netease.lava.nertc.demo/cgroup.procs exist=1 content=*14525 * ret=1
02-19 18:50:23.567  14525-14525  C03900/NAPI                    pid-14525                       I     [(native_module_manager.cpp:357)(CreateLdNamespace)] CreateLdNamespace success. moduleName: default, path: /data/storage/el1/bundle/libs/arm64
02-19 18:50:23.568  14525-14525  C03900/NAPI                    pid-14525                       I     [(native_module_manager.cpp:398)(SetAppLibPath)] create ld namespace, path: /data/storage/el1/bundle/libs/arm64
02-19 18:50:23.568  14525-14525  C01304/Runtime                 pid-14525                       I     [js_runtime.cpp(Initialize:462)]Initialize: 40000010.
02-19 18:50:23.568  14525-14525  C03f00/ArkCompiler             pid-14525                       I     [ecmascript] asmint: 1, aot: 1, bundle name: com.netease.lava.nertc.demo
02-19 18:50:23.568  678-739      C01510/IPCObjectProxy          memmgrservice                   W     63: handle = 8 destroyed, descriptor: IPCObjectProxy8
02-19 18:50:23.568  678-739      C01799/MemMgr                  memmgrservice                   E     BundlePriorityInfo::AddProc insert process#14525 info to procs_, map size = 1
02-19 18:50:23.568  678-739      C01799/MemMgr                  memmgrservice                   E     ReclaimPriorityManager::DeleteBundleInfoFromSet delete 1 bundles from set, uid_=20010081, totalBundlePrioSet_.size=14
02-19 18:50:23.568  678-739      C01799/MemMgr                  memmgrservice                   E     ReclaimPriorityManager::AddBundleInfoToSet success to insert bundle to set, uid_=20010081, totalBundlePrioSet_.size=15
02-19 18:50:23.568  678-739      C01799/MemMgr                  memmgrservice                   E     ReclaimPriorityManager::AddBundleInfoToSet procsNumsSum = 17
02-19 18:50:23.568  678-739      C01799/MemMgr                  memmgrservice                   E     AccountBundleInfo::AddBundleToOsAccount insert bundle#20010081 info to bundleIdInfoMapping_, map size = 10
02-19 18:50:23.568  14525-14525  C01304/Runtime                 pid-14525                       I     [ohos_js_environment_impl.cpp(OHOSJsEnvironmentImpl:34)]called
02-19 18:50:23.568  14525-14525  C01300/JsEnv                   pid-14525                       I     [js_environment.cpp(ReInitJsEnvImpl:255)]ReInit jsenv impl.
02-19 18:50:23.568  678-1533     C01799/MemMgr                  memmgrservice                   I     Memcg::AddProc dir:/dev/memcg/100/com.netease.lava.nertc.demo exist=1. file:/dev/memcg/100/com.netease.lava.nertc.demo/cgroup.procs exist=1 content=*14525 * ret=1
02-19 18:50:23.568  14525-14525  C01302/AbilityBase             pid-14525                       I     [extractor.cpp(GetExtractor:327)]extractor cache size: 1.
02-19 18:50:23.569  14525-14525  C01400/OHOS::RS                pid-14525                       I     RSRenderServiceConnectHub::Init
02-19 18:50:23.569  14525-14525  C01400/OHOS::RS                pid-14525                       I     RSRenderServiceConnectHub: ctor
02-19 18:50:23.569  14525-14525  C01400/OHOS::RS                pid-14525                       I     RSRenderServiceConnectHub::Connect
02-19 18:50:23.569  480-1443     C01800/SAMGR                   samgr                           E     [SA Scheduler][SA: 10] not in SA profiles
02-19 18:50:23.569  14525-14525  C01510/IPCObjectProxy          pid-14525                       I     58: handle = 5 create, descriptor: IPCObjectProxy5
02-19 18:50:23.569  14525-14525  C01510/IPCObjectStub           pid-14525                       I     63: create, desc: ohos.rosen.RSConnectionToken
02-19 18:50:23.570  1278-25881   C01510/IPCObjectProxy          render_service                  I     58: handle = 41 create, descriptor: IPCObjectProxy41
02-19 18:50:23.570  1278-25881   C01510/IPCObjectStub           render_service                  I     63: create, desc: ohos.rosen.RenderServiceConnection
02-19 18:50:23.570  14525-14525  C01510/IPCObjectProxy          pid-14525                       I     58: handle = 6 create, descriptor: IPCObjectProxy6
02-19 18:50:23.570  704-822      C01c06/TimeService             resource_schedu                 I     [time_service_client.cpp] GetBootTimeMs# Result: 33408646
02-19 18:50:23.570  14525-14525  C01510/IPCObjectStub           pid-14525                       I     63: create, desc: ohos.rosen.VSyncIConnectionToken
02-19 18:50:23.570  1278-25881   C01510/IPCObjectProxy          render_service                  I     58: handle = 42 create, descriptor: IPCObjectProxy42
02-19 18:50:23.570  1278-25881   C01510/IPCObjectStub           render_service                  I     63: create, desc: IVSyncConnection
02-19 18:50:23.570  14525-14525  C01510/IPCObjectProxy          pid-14525                       I     58: handle = 7 create, descriptor: IPCObjectProxy7
02-19 18:50:23.570  704-822      C01c06/TimeService             resource_schedu                 I     [time_service_client.cpp] GetBootTimeMs# Result: 33408646
02-19 18:50:23.571  14525-14525  C01510/IPCObjectProxy          pid-14525                       I     58: handle = 8 create, descriptor: IPCObjectProxy8
02-19 18:50:23.571  14525-14525  C01510/IPCObjectProxy          pid-14525                       W     63: handle = 8 destroyed, descriptor: IPCObjectProxy8
02-19 18:50:23.572  14525-14525  C01305/Appkit                  pid-14525                       I     [main_thread.cpp(InitResourceManager:994)]Language: zh, script: Hans, region:
02-19 18:50:23.572  14525-14536  C04500/NWEB                    pid-14525                       I      PreDnsInThread<29>: PreDns start
02-19 18:50:23.572  14525-14525  C01510/IPCObjectProxy          pid-14525                       W     63: handle = 4 destroyed, descriptor: IPCObjectProxy4
02-19 18:50:23.572  14525-14536  C04500/NWEB                    pid-14525                       I      GetInstance<59>: webdatabase CreateDataBase
02-19 18:50:23.572  14525-14536  C04500/NWEB                    pid-14525                       I      CreateDataBase<69>: web dns database create rdb store
02-19 18:50:23.572  14525-14536  C04500/NWEB                    pid-14525                       I      CreateDataBase<80>: web dns database fail to access cache web dir:/data/storage/el2/base/cache/web
02-19 18:50:23.572  14525-14536  C04500/NWEB                    pid-14525                       I      PreDnsInThread<41>: PreDns no hostinfo.
02-19 18:50:23.572  14525-14525  C01304/Runtime                 pid-14525                       I     [js_runtime.cpp(StartDebugMode:182)]Ark VM is starting debug mode [normal]
02-19 18:50:23.572  14525-14537  C04500/NWEB                    pid-14525                       I      TryPreReadLib<171>: first time startup, need to wait until the nweb init stage
02-19 18:50:23.573  14525-14538  C03900/Ace                     pid-14525                       I     [<private>(<private>)] ConnectJpid send pid:14525, pkgName:com.netease.lava.nertc.demo, msglen:35
02-19 18:50:23.573  14525-14538  C03900/Ace                     pid-14525                       I     [<private>(<private>)] ConnectJpid send JS msg:#
02-19 18:50:23.573  14525-14538  C03900/Ace                     pid-14525                       I     [<private>(<private>)] SendToJpid: #, 35
02-19 18:50:23.573  1572-1572    C02d13/HDC_LOG                 hdcd                            I     [jdwp.cpp:145] JDWP accept pid:14525-pkg:com.netease.lava.nertc.demo
02-19 18:50:23.573  1572-1572    C02d13/HDC_LOG                 hdcd                            I     [jdwp.cpp:440] SendProcessList channelId:736807973 data:0022
02-19 18:50:23.573  1572-1572    C02d13/HDC_LOG                 hdcd                            I     14525 com.netease.lava.nertc.demo
02-19 18:50:23.574  14525-14540  C03f00/ArkCompiler             pid-14525                       I     HandleClient
02-19 18:50:23.574  14525-14540  C03f00/ArkCompiler             pid-14525                       I     WsServer RunServer: 14525PandaDebugger
02-19 18:50:23.574  14525-14525  C01510/IPCObjectProxy          pid-14525                       I     58: handle = 4 create, descriptor: IPCObjectProxy4
02-19 18:50:23.575  1123-1696    C01120/BundleMgrService        foundation                      E     [bundle_permission_mgr.cpp(VerifyCallingUid):774] verify calling uid failed
02-19 18:50:23.575  1123-1696    C01120/BundleMgrService        foundation                      E     [bundle_permission_mgr.cpp(IsNativeTokenType):758] caller tokenType not native, verify failed
02-19 18:50:23.575  1123-1696    C01120/BundleMgrService        foundation                      E     [bundle_permission_mgr.cpp(VerifyCallingPermission):595] permission ohos.permission.GET_BUNDLE_INFO_PRIVILEGED denied
02-19 18:50:23.575  1123-1696    C01120/BundleMgrService        foundation                      E     [bundle_permission_mgr.cpp(VerifyCallingPermission):595] permission ohos.permission.GET_BUNDLE_INFO denied
02-19 18:50:23.576  14525-14525  C01305/Appkit                  pid-14525                       E     [js_ability_stage.cpp(Init:143)]AbilityStageObj is nullptr
02-19 18:50:23.576  14525-14525  C01305/Appkit                  pid-14525                       W     [js_ability_stage.cpp(OnCreate:188)]Not found AbilityStage.js
02-19 18:50:23.576  14525-14525  C01305/Appkit                  pid-14525                       I     [main_thread.cpp(SetProcessExtensionType:2564)]SetProcessExtensionType, type = 255
02-19 18:50:23.576  14525-14525  C01304/AbilityManagerService   pid-14525                       I     [extension_config_mgr.cpp(UpdateRuntimeModuleChecker:86)]UpdateRuntimeModuleChecker extensionType_ = 255
02-19 18:50:23.576  14525-14525  C01510/IPCObjectStub           pid-14525                       I     63: create, desc: ohos.aafwk.AbilityScheduler
02-19 18:50:23.576  1279-1335    C02f01/ATMServ                 accesstoken_ser                 I     [GetTokenType]:tokenID: 0x28060930
02-19 18:50:23.576  2008-26917   C02f01/ATMProxy                com.ohos.sceneboard             I     [GetTokenType]:result from server data = 1
02-19 18:50:23.576  14525-14525  C01510/IPCObjectStub           pid-14525                       I     63: create, desc: ohos.appexecfwk.ReverseContinuationSchedulerPrimary
02-19 18:50:23.576  2008-26917   C04200/SceneSessionManager     com.ohos.sceneboard             I     <3776>WindowVisibilityChangeCallback: WindowVisibilityChangeCallback: entry
02-19 18:50:23.576  14525-14525  C01510/IPCObjectStub           pid-14525                       I     63: create, desc: OHOS.IDisplayManagerAgent
02-19 18:50:23.576  704-1582     C04200/WindowManager           resource_schedu                 I     <166>Notify WindowVisibilityInfo to caller
02-19 18:50:23.576  14525-14525  C01510/IPCObjectProxy          pid-14525                       I     58: handle = 8 create, descriptor: IPCObjectProxy8
02-19 18:50:23.576  2008-2008    C01400/OHOS::ROSEN             com.ohos.sceneboard             I     RSNode::AddChild, child already exist
02-19 18:50:23.576  704-1582     C04200/WindowManager           resource_schedu                 I     <166>Notify WindowVisibilityInfo to caller
02-19 18:50:23.576  704-838      C01702/CgroupAdjuster          resource_schedu                 I     AdjustProcessGroup for 2008, source : 10
02-19 18:50:23.576  704-1582     C01713/SUSPEND_MANAGER         resource_schedu                 I     [suspend_manager_impl.cpp(UpdateVisibleUidMap):1723] uid: 10003 visible window: 6.
02-19 18:50:23.576  14525-14525  C01510/IPCObjectProxy          pid-14525                       I     58: handle = 9 create, descriptor: IPCObjectProxy9
02-19 18:50:23.577  704-822      C01c06/TimeService             resource_schedu                 I     [time_service_client.cpp] GetBootTimeMs# Result: 33408652
02-19 18:50:23.577  14525-14525  C01510/IPCObjectProxy          pid-14525                       I     58: handle = 10 create, descriptor: IPCObjectProxy10
02-19 18:50:23.577  704-822      C01c06/TimeService             resource_schedu                 I     [time_service_client.cpp] GetBootTimeMs# Result: 33408653
02-19 18:50:23.577  704-822      C01c06/TimeService             resource_schedu                 I     [time_service_client.cpp] GetBootTimeMs# Result: 33408653
02-19 18:50:23.577  2008-2759    C01510/IPCObjectProxy          com.ohos.sceneboard             I     58: handle = 118 create, descriptor: IPCObjectProxy118
02-19 18:50:23.577  704-822      C01c06/TimeService             resource_schedu                 I     [time_service_client.cpp] GetBootTimeMs# Result: 33408653
02-19 18:50:23.577  14525-14525  C01304/AbilityManagerService   pid-14525                       I     [ability_context_impl.cpp(RegisterAbilityCallback:563)]call
02-19 18:50:23.577  704-822      C01c06/TimeService             resource_schedu                 I     [time_service_client.cpp] GetBootTimeMs# Result: 33408653
02-19 18:50:23.577  14525-14525  C01300/Ability                 pid-14525                       E     [app_recovery.cpp(AddAbility:120)]AppRecovery not enabled.
02-19 18:50:23.577  14525-14525  C01300/Ability                 pid-14525                       I     [js_ability.cpp(Init:150)]JsAbility srcPath is demo/./ets/entryability/EntryAbility.abc
02-19 18:50:23.578  2008-2356    C01799/MemMgr                  com.ohos.sceneboard             I     MemMgrClient::GetMemMgrService called
02-19 18:50:23.578  14525-14525  C03f00/ArkCompiler             pid-14525                       I     [ecmascript] start to execute module buffer with secure memory: /data/storage/el1/bundle/demo/ets/entryability/EntryAbility.abc
02-19 18:50:23.578  2008-2356    C01799/MemMgr                  com.ohos.sceneboard             I     MemMgrClient::GetMemMgrService get service succeed
02-19 18:50:23.578  678-727      C01799/MemMgr                  memmgrservice                   I     MemMgrStub::OnRemoteRequest MemMgrStub::OnReceived, code = 10, flags= 0.
02-19 18:50:23.578  678-727      C01799/MemMgr                  memmgrservice                   I     MemMgrService::OnWindowVisibilityChanged called
02-19 18:50:23.578  678-738      C01799/MemMgr                  memmgrservice                   I     WindowVisibilityObserver::UpdateWindowVisibilityPriorityInner WindowVisibilityInfo[pid=2008, uid=10003, winId=57, visible=1]
02-19 18:50:23.578  678-738      C01799/MemMgr                  memmgrservice                   I     WindowVisibilityObserver::UpdateWindowVisibilityPriorityInner windowVisibleMap_size=1
02-19 18:50:23.578  704-824      C01713/SUSPEND_MANAGER         resource_schedu                 I     [app_state_record.cpp(ProcessOperations):364] Process operaton for 26762, freeze option is 0
02-19 18:50:23.579  704-824      C01713/SUSPEND_MANAGER         resource_schedu                 I     [freezer_adapter.cpp(ThawPids):213] Thaw pid: 26762 success.
