02-19 18:50:23.601  1971-2082    A00f00/AiDataService           com.huawei.hmos.aidataservice   I     AbilityContext: key: states, ability: Cannot get source code of funtion, length: 3
02-19 18:50:23.601  476-1364     C02d10/HiView-SysEventSource   hiview                          I     Parser: parser result domain_=WINDOWMANAGER eventName_=START_WINDOW
02-19 18:50:23.602  1971-2082    A00f00/AiDataService           com.huawei.hmos.aidataservice   I     decorators: previous: undefined
02-19 18:50:23.602  1123-1123    C01510/IPCObjectProxy          foundation                      I     58: handle = 261 create, descriptor: IPCObjectProxy261
02-19 18:50:23.602  1971-2082    A00f00/AiDataService           com.huawei.hmos.aidataservice   I     default: states check isIncludes = false
02-19 18:50:23.602  1971-2082    A00f00/AiDataService           com.huawei.hmos.aidataservice   I     AbilityContext: request not fit, return
02-19 18:50:23.602  1971-2082    C01304/AbilityManagerService   com.huawei.hmos.aidataservice   I     [js_app_state_observer.cpp(CallJsFunction:251)]CallJsFunction end
02-19 18:50:23.602  1123-1123    C01200/Ces                     foundation                      I     [common_event_subscribe_info.cpp:(~CommonEventSubscribeInfo):47] ~CommonEventSubscribeInfo
02-19 18:50:23.602  1123-1123    C01200/Ces                     foundation                      I     [common_event_subscribe_info.cpp:(~CommonEventSubscribeInfo):47] ~CommonEventSubscribeInfo
02-19 18:50:23.602  1123-1123    C01200/Ces                     foundation                      I     [common_event_subscribe_info.cpp:(~CommonEventSubscribeInfo):47] ~CommonEventSubscribeInfo
02-19 18:50:23.602  14525-14525  C01200/Ces                     pid-14525                       I     [common_event_subscribe_info.cpp:(~CommonEventSubscribeInfo):47] ~CommonEventSubscribeInfo
02-19 18:50:23.602  14525-14525  C03900/Ace                     pid-14525                       I     [ui_content_impl.cpp(CommonInitialize)-(-1)] Initialize UIContentImpl start.
02-19 18:50:23.602  14525-14525  C03900/Ace                     pid-14525                       I     [ui_content_impl.cpp(operator())-(-1)] Initialize for current process.
02-19 18:50:23.602  1123-1718    C01304/AbilityManagerService   foundation                      I     [ability_manager_service.cpp(GetMissionIdByToken:3581)]request GetMissionIdByToken.
02-19 18:50:23.603  2008-2008    A0001b/SceneBoard              com.ohos.sceneboard             I     PageDesktopLayoutConfig --> updateGridLayoutInfo success.
02-19 18:50:23.603  704-822      C01c06/TimeService             resource_schedu                 I     [time_service_client.cpp] GetBootTimeMs# Result: 33408675
02-19 18:50:23.603  1123-14421   C01200/Ces                     foundation                      I     [common_event_subscribe_info.cpp:(~CommonEventSubscribeInfo):47] ~CommonEventSubscribeInfo
02-19 18:50:23.603  704-822      C01c06/TimeService             resource_schedu                 I     [time_service_client.cpp] GetBootTimeMs# Result: 33408679
02-19 18:50:23.603  1123-14421   C01200/Ces                     foundation                      I     [common_event_subscribe_info.cpp:(~CommonEventSubscribeInfo):47] ~CommonEventSubscribeInfo
02-19 18:50:23.603  704-822      C01c06/TimeService             resource_schedu                 I     [time_service_client.cpp] GetBootTimeMs# Result: 33408679
02-19 18:50:23.603  14525-14525  C03900/Ace                     pid-14525                       I     [ace_new_pipe_judgement.cpp(InitAceNewPipeConfig)-(-2)] Init RenderService UniRender Type:0
02-19 18:50:23.603  14525-14525  C03900/Ace                     pid-14525                       I     [ui_content_impl.cpp(CommonInitialize)-(-2)] UIContent: apiCompatibleVersion: 40000010, apiTargetVersion: 40000010, and apiReleaseType: Release, useNewPipe: 1, isDelayedUpdateOnInactive: 0
02-19 18:50:23.603  704-822      C01c06/TimeService             resource_schedu                 I     [time_service_client.cpp] GetBootTimeMs# Result: 33408679
02-19 18:50:23.604  704-822      C01c06/TimeService             resource_schedu                 I     [time_service_client.cpp] GetBootTimeMs# Result: 33408679
02-19 18:50:23.604  704-822      C01c06/TimeService             resource_schedu                 I     [time_service_client.cpp] GetBootTimeMs# Result: 33408679
02-19 18:50:23.604  14525-14525  C03900/Ace                     pid-14525                       I     [ui_content_impl.cpp(CommonInitialize)-(-2)] UIContent: deviceWidth: 1344, deviceHeight: 2772, default density: 3.500000
02-19 18:50:23.604  704-822      C01c06/TimeService             resource_schedu                 I     [time_service_client.cpp] GetBootTimeMs# Result: 33408680
02-19 18:50:23.604  14525-14525  C01510/IPCObjectProxy          pid-14525                       I     58: handle = 16 create, descriptor: IPCObjectProxy16
02-19 18:50:23.604  2008-2008    A0001b/SceneBoard              com.ohos.sceneboard             I     SCBSceneSession --> onSessionStateChange, id: 56, state: 2
02-19 18:50:23.604  14525-14525  C01510/IPCObjectStub           pid-14525                       I     63: create, desc: OHOS.Startup.IWatcher
02-19 18:50:23.604  2008-2008    A0001b/SceneBoard              com.ohos.sceneboard             I     SCBSceneSessionManager --> request focus! persistentId: 56
02-19 18:50:23.604  2008-2008    A0001b/SceneBoard              com.ohos.sceneboard             I     SCBSceneSessionManager --> get session by persistentId: 56
02-19 18:50:23.604  2008-2008    A0001b/SceneBoard              com.ohos.sceneboard             I     SCBSceneSessionManager --> traverse from bottom to top
02-19 18:50:23.604  478-487      C01510/IPCObjectProxy          param_watcher                   I     58: handle = 13 create, descriptor: IPCObjectProxy13
02-19 18:50:23.605  2008-2008    A0001b/SceneBoard              com.ohos.sceneboard             I     SCBSceneSessionManager --> shift focus from 5 to 56, list len: 2
02-19 18:50:23.605  478-487      C02c03/PARAM_WATCHER           param_watcher                   I     [watcher_manager.cpp:63]Add remote watcher remoteWatcherId 56 14525 success
02-19 18:50:23.605  704-822      C01c06/TimeService             resource_schedu                 I     [time_service_client.cpp] GetBootTimeMs# Result: 33408680
02-19 18:50:23.605  478-486      C02c03/PARAM_WATCHER           param_watcher                   I     [watcher_manager.cpp:104]Add watcher persist.sys.arkui.animationscale remoteWatcherId: 56 groupId 19 success
02-19 18:50:23.605  704-704      C01510/IPCObjectProxy          resource_schedu                 I     58: handle = 28 create, descriptor: IPCObjectProxy28
02-19 18:50:23.605  14525-14525  C02c03/PARAM_WATCHER           pid-14525                       I     [watcher_manager_kits.cpp:171]Add watcher keyPrefix persist.sys.arkui.animationscale remoteWatcherId 56 success
02-19 18:50:23.605  2008-2356    C04200/SceneSessionManager     com.ohos.sceneboard             I     <2009>Brightness: [-1.000000, -1.000000]
02-19 18:50:23.605  2008-2008    A0001b/SceneBoard              com.ohos.sceneboard             I     SmartDock --> registerDockVisibleCallback is false
02-19 18:50:23.605  2008-2008    A0001b/SceneBoard              com.ohos.sceneboard             I     ViewManagerPolicy --> hideView SMART_DOCK
02-19 18:50:23.605  476-1364     C02d10/HiView-SysEventSource   hiview                          I     Parser: parser result domain_=AAFWK eventName_=ABILITY_ONFOREGROUND
02-19 18:50:23.605  2008-2008    A0001b/SceneBoard              com.ohos.sceneboard             I     SCBSceneSessionManager --> reOrder showWhenLocked sessions, status: false
02-19 18:50:23.605  1057-2019    C01510/IPCObjectProxy          inputmethod_ser                 I     58: handle = 13 create, descriptor: IPCObjectProxy13
02-19 18:50:23.605  2008-2008    A0001b/SceneBoard              com.ohos.sceneboard             I     SCBSceneSessionManager --> remove special scene panel container session
02-19 18:50:23.605  2008-2360    C04200/SessionListenerController com.ohos.sceneboard             I     <220>operator(): NotifySessionFocused, persistentId:56.
02-19 18:50:23.605  14525-14525  C03900/Ace                     pid-14525                       I     [localization.cpp(SetLocaleImpl)-(-2)] SetLocale language tag: zh-Hans-, select language: zh-CN
02-19 18:50:23.605  14525-14525  C03900/Ace                     pid-14525                       I     [ui_content_impl.cpp(CommonInitialize)-(-2)] UIContent set light mode
02-19 18:50:23.605  14525-14525  C03900/Ace                     pid-14525                       I     [ui_content_impl.cpp(CommonInitialize)-(-2)] Initialize UIContent isModelJson:true
02-19 18:50:23.605  14525-14525  C03900/Ace                     pid-14525                       I     [ui_content_impl.cpp(CommonInitialize)-(-2)] hapPath:/data/app/el1/bundle/public/com.netease.lava.nertc.demo/demo.hap
02-19 18:50:23.605  2008-2008    A0001b/SceneBoard              com.ohos.sceneboard             I     SCBSceneSessionManager --> add scene panel container session
02-19 18:50:23.605  14525-14525  C03900/Ace                     pid-14525                       I     [ui_content_impl.cpp(CommonInitialize)-(-2)] In stage mode, resPath:<private>
02-19 18:50:23.605  14525-14525  C03900/Ace                     pid-14525                       I     [ui_content_impl.cpp(CommonInitialize)-(-2)] In stage mode, pageProfile:main_pages.json
02-19 18:50:23.605  14525-14525  C03900/Ace                     pid-14525                       I     [ui_content_impl.cpp(CommonInitialize)-(-2)] In Stage mode, hapPath:<private>
02-19 18:50:23.605  2008-2008    A0001b/SceneBoard              com.ohos.sceneboard             I     SCBSceneSession --> onSessionStateChange, id: 56, state: 3
02-19 18:50:23.605  2008-2008    C03900/Ace                     com.ohos.sceneboard             W     [window_scene.cpp(operator())-(0)] self->snapshotNode_ is null, return on line 240
02-19 18:50:23.605  14525-14525  C03900/Ace                     pid-14525                       I     [ace_engine.cpp(AddContainer)-(-2)] AddContainer 0
02-19 18:50:23.605  14525-14525  C03900/Ace                     pid-14525                       I     [ace_container.cpp(SetHapPath)-(0)] SetHapPath, Use hap path to load resource
02-19 18:50:23.605  704-838      C01702/CgroupAdjuster          resource_schedu                 I     AdjustProcessGroup for 2008, source : 9
02-19 18:50:23.605  704-704      C01510/IPCObjectProxy          resource_schedu                 W     63: handle = 28 destroyed, descriptor: IPCObjectProxy28
02-19 18:50:23.606  14525-14525  C01510/IPCObjectStub           pid-14525                       I     63: create, desc: ohos.rosen.RSIApplicationAgent
02-19 18:50:23.606  704-704      C01510/IPCObjectProxy          resource_schedu                 I     58: handle = 30 create, descriptor: IPCObjectProxy30
02-19 18:50:23.606  14525-14525  C01510/IPCObjectStub           pid-14525                       I     63: create, desc: ohos.rosen.HgmConfigChangeCallback
02-19 18:50:23.606  704-704      C01713/SUSPEND_MANAGER         resource_schedu                 E     [suspend_manager_service.cpp(ThawOneApplication):218] Invalid calling token!
02-19 18:50:23.606  1278-1316    C01510/IPCObjectProxy          render_service                  I     58: handle = 44 create, descriptor: IPCObjectProxy44
02-19 18:50:23.606  704-704      C01510/IPCObjectProxy          resource_schedu                 W     63: handle = 30 destroyed, descriptor: IPCObjectProxy30
02-19 18:50:23.606  1278-25881   C01510/IPCObjectProxy          render_service                  I     58: handle = 47 create, descriptor: IPCObjectProxy47
02-19 18:50:23.606  704-838      C01702/CgroupAdjuster          resource_schedu                 I     AdjustProcessGroup for 2008, source : 8
02-19 18:50:23.606  704-838      C01702/CgroupAdjuster          resource_schedu                 I     AdjustProcessGroup for 14525, source : 8
02-19 18:50:23.606  704-826      C01700/RSS                     resource_schedu                 I     FrameAwarePlugin:DispatchResource type:5, value:1
02-19 18:50:23.606  704-826      C01700/RSS                     resource_schedu                 I     FrameAwarePlugin::OnDispatchResource success.
02-19 18:50:23.606  704-837      C01706/ueaServer-IntelliSenseServer resource_schedu                 I     [ReportWindowFocus]:2008 lost focus
02-19 18:50:23.606  704-838      C01702/CgroupAdjuster          resource_schedu                 I     ApplyProcessGroup Set 14525's cgroup from 2 to 4.
02-19 18:50:23.606  704-826      C01700/RSS                     resource_schedu                 I     FrameAwarePlugin:DispatchResource type:8, value:1
02-19 18:50:23.606  704-826      C01700/RSS                     resource_schedu                 I     FrameAwarePlugin::OnDispatchResource success.
02-19 18:50:23.606  476-1364     C02d10/HiView-SysEventSource   hiview                          I     Parser: parser result domain_=COMMONEVENT eventName_=SUBSCRIBE
02-19 18:50:23.606  704-822      C01c06/TimeService             resource_schedu                 I     [time_service_client.cpp] GetBootTimeMs# Result: 33408682
02-19 18:50:23.606  704-822      C01c06/TimeService             resource_schedu                 I     [time_service_client.cpp] GetBootTimeMs# Result: 33408682
02-19 18:50:23.606  704-828      C01714/COMPONENT_SCHED         resource_schedu                 W     bundleName is invalid
02-19 18:50:23.606  704-826      C01700/RSS                     resource_schedu                 I     FrameAwarePlugin:DispatchResource type:5, value:0
02-19 18:50:23.606  14525-14525  C03900/Ace                     pid-14525                       I     [jsi_declarative_engine.cpp(Initialize)-(0)] JsiDeclarativeEngine Initialize
02-19 18:50:23.606  14525-14525  C03900/Ace                     pid-14525                       I     [jsi_declarative_engine.cpp(Initialize)-(0)] Initialize will use sharedRuntime
02-19 18:50:23.606  704-837      C01706/ueaServer-IntelliSenseServer resource_schedu                 I     [ReportWindowFocus]:14525 get focus
02-19 18:50:23.606  704-826      C01700/RSS                     resource_schedu                 I     FrameAwarePlugin::OnDispatchResource success.
02-19 18:50:23.606  704-826      C01700/RSS                     resource_schedu                 I     SocPerfPlugin: socperf->WINDOW_SWITCH
02-19 18:50:23.607  14525-14525  C03900/Ace                     pid-14525                       E     [localization.cpp(ParseLocaleTag)-(0)] This localeTag is not valid.
02-19 18:50:23.607  14525-14525  C03900/Ace                     pid-14525                       E     [utils.h(GetAssetContentImpl)-(0)] AssetManager is null
02-19 18:50:23.607  14525-14525  C03900/Ace                     pid-14525                       I     [jsi_declarative_engine.cpp(Initialize)-(0)] Using sharedRuntime, UVLoop handled by AbilityRuntime
02-19 18:50:23.607  14525-14525  C03900/Ace                     pid-14525                       I     [declarative_frontend.cpp(SetAssetManager)-(0)] DeclarativeFrontend SetAssetManager.
02-19 18:50:23.607  14525-14525  C03900/Ace                     pid-14525                       I     [ace_container.cpp(AttachView)-(0)] New pipeline version creating...
02-19 18:50:23.607  1123-14445   C01303/AppMgrService           foundation                      I     [app_running_record.cpp(UpdateAbilityFocusState:762)]focus state is :0
02-19 18:50:23.607  1057-2019    C01510/IPCObjectProxy          inputmethod_ser                 W     63: handle = 13 destroyed, descriptor: IPCObjectProxy13
02-19 18:50:23.607  14525-14525  C01510/IPCObjectProxy          pid-14525                       I     58: handle = 17 create, descriptor: IPCObjectProxy17
02-19 18:50:23.607  704-826      C01700/RSS                     resource_schedu                 I     FrameAwarePlugin:DispatchResource type:8, value:0
02-19 18:50:23.607  1057-2019    C01510/IPCObjectProxy          inputmethod_ser                 I     58: handle = 15 create, descriptor: IPCObjectProxy15
02-19 18:50:23.607  14525-14525  C01510/IPCObjectStub           pid-14525                       I     63: create, desc: ohos.accessibility.IAccessibleAbilityManagerCaptionObserver
02-19 18:50:23.607  704-826      C01700/RSS                     resource_schedu                 I     FrameAwarePlugin::OnDispatchResource success.
02-19 18:50:23.607  678-2766     C01510/IPCObjectProxy          memmgrservice                   I     58: handle = 8 create, descriptor: IPCObjectProxy8
02-19 18:50:23.607  680-680      C01510/IPCObjectProxy          accessibility                   I     58: handle = 28 create, descriptor: IPCObjectProxy28
02-19 18:50:23.608  704-822      C01c06/TimeService             resource_schedu                 I     [time_service_client.cpp] GetBootTimeMs# Result: 33408683
02-19 18:50:23.608  1123-14445   C01304/AbilityManagerService   foundation                      I     [ability_manager_service.cpp(OnAppStateChanged:4469)]On app state changed.
02-19 18:50:23.608  1123-14445   C01304/AbilityManagerService   foundation                      I     [ui_ability_lifecycle_manager.cpp(OnAppStateChanged:1578)]Call.
02-19 18:50:23.608  704-704      C01510/IPCObjectProxy          resource_schedu                 I     58: handle = 28 create, descriptor: IPCObjectProxy28
02-19 18:50:23.608  1057-2019    C01510/IPCObjectProxy          inputmethod_ser                 W     63: handle = 15 destroyed, descriptor: IPCObjectProxy15
02-19 18:50:23.608  476-11650    C01510/IPCObjectProxy          hiview                          I     58: handle = 21 create, descriptor: IPCObjectProxy21
02-19 18:50:23.608  1284-29649   C01510/IPCObjectStub           privacy_service                 E     109: unknown OnRemoteRequest code = 2, descriptor: ohos.appexecfwk.IApplicationStateObserver
02-19 18:50:23.608  634-2092     C01510/IPCObjectProxy          device_usage_st                 I     58: handle = 10 create, descriptor: IPCObjectProxy10
02-19 18:50:23.608  1123-14445   C01303/AppMgrService           foundation                      I     [app_running_record.cpp(UpdateAbilityFocusState:762)]focus state is :1
02-19 18:50:23.608  476-1364     C02d10/HiView-SysEventSource   hiview                          I     Parser: parser result domain_=WINDOWMANAGER eventName_=FOCUS_WINDOW
02-19 18:50:23.608  704-704      C01510/IPCObjectProxy          resource_schedu                 W     63: handle = 28 destroyed, descriptor: IPCObjectProxy28
02-19 18:50:23.608  704-728      C01510/IPCObjectProxy          resource_schedu                 I     58: handle = 28 create, descriptor: IPCObjectProxy28
02-19 18:50:23.608  680-764      C01d00/accessibility           accessibility                   I     [accessibility_account_data.cpp(AddCaptionPropertyCallback:122)]
02-19 18:50:23.609  759-1729     C01510/IPCObjectProxy          netmanager                      I     58: handle = 34 create, descriptor: IPCObjectProxy34
02-19 18:50:23.609  14525-14525  C01510/IPCObjectStub           pid-14525                       I     63: create, desc: ohos.accessibility.IAccessibilityEnableAbilityListsObserver
02-19 18:50:23.609  1123-14445   C01304/AbilityManagerService   foundation                      I     [ability_manager_service.cpp(OnAppStateChanged:4469)]On app state changed.
02-19 18:50:23.609  1123-14445   C01304/AbilityManagerService   foundation                      I     [ui_ability_lifecycle_manager.cpp(OnAppStateChanged:1578)]Call.
02-19 18:50:23.609  476-11650    C01510/IPCObjectProxy          hiview                          W     63: handle = 21 destroyed, descriptor: IPCObjectProxy21
02-19 18:50:23.609  14525-14525  C01510/IPCObjectStub           pid-14525                       I     63: create, desc: ohos.accessibility.IAccessibleAbilityManagerconfigObserver
02-19 18:50:23.609  680-2389     C01510/IPCObjectProxy          accessibility                   I     58: handle = 30 create, descriptor: IPCObjectProxy30
02-19 18:50:23.609  680-680      C01510/IPCObjectProxy          accessibility                   I     58: handle = 29 create, descriptor: IPCObjectProxy29
02-19 18:50:23.609  704-822      C01c06/TimeService             resource_schedu                 I     [time_service_client.cpp] GetBootTimeMs# Result: 33408685
02-19 18:50:23.609  1034-1056    C014b1/KRPRPERYIES             composer_host                   E     get property failed
02-19 18:50:23.609  2008-2008    C03900/Ace                     com.ohos.sceneboard             E     [view_stack_processor.cpp(Finish)-(0)] ViewStackProcessor Finish failed, input empty render or invalid root component
02-19 18:50:23.610  1034-1056    C014c0/GRALLOC                 composer_host                   E     This buffer is nullptr
02-19 18:50:23.610  704-822      C01c06/TimeService             resource_schedu                 I     [time_service_client.cpp] GetBootTimeMs# Result: 33408685
02-19 18:50:23.610  634-2092     C01510/IPCObjectProxy          device_usage_st                 W     63: handle = 10 destroyed, descriptor: IPCObjectProxy10
02-19 18:50:23.610  678-2766     C01510/IPCObjectProxy          memmgrservice                   W     63: handle = 8 destroyed, descriptor: IPCObjectProxy8
02-19 18:50:23.610  678-727      C01510/IPCObjectProxy          memmgrservice                   I     58: handle = 8 create, descriptor: IPCObjectProxy8
02-19 18:50:23.610  2008-2008    A0001b/SceneBoard              com.ohos.sceneboard             I     SCBScene --> SCBSceneSession bundle name: com.netease.lava.nertc.demo id: 56
02-19 18:50:23.610  2008-2008    A0001b/SceneBoard              com.ohos.sceneboard             I     SCBScene --> SCBScene build: com.netease.lava.nertc.demo id: 56
02-19 18:50:23.610  14525-14525  C01d03/accessibility_acfwk     pid-14525                       I     [accessibility_config_impl.cpp(SubscribeConfigObserver:321)]id = [0]
02-19 18:50:23.610  2008-2008    C03900/Ace                     com.ohos.sceneboard             W     [window_scene.cpp(UpdateSession)-(0)] session_ != session is null, return on line 100
02-19 18:50:23.610  849-879      C01510/IPCObjectProxy          bgtaskmgr_servi                 I     58: handle = 15 create, descriptor: IPCObjectProxy15
02-19 18:50:23.611  478-487      C02c03/PARAM_WATCHER           param_watcher                   I     [watcher_manager.cpp:104]Add watcher persist.sys.graphic.animationscale remoteWatcherId: 56 groupId 4 success
02-19 18:50:23.611  14525-14525  C02c03/PARAM_WATCHER           pid-14525                       I     [watcher_manager_kits.cpp:171]Add watcher keyPrefix persist.sys.graphic.animationscale remoteWatcherId 56 success
02-19 18:50:23.611  1279-1335    C02f01/ATMServ                 accesstoken_ser                 I     [GetTokenType]:tokenID: 0x28060930
02-19 18:50:23.610  476-1908     C01510/IPCObjectProxy          hiview                          I     58: handle = 21 create, descriptor: IPCObjectProxy21
02-19 18:50:23.611  2008-2370    C02f01/ATMProxy                com.ohos.sceneboard             I     [GetTokenType]:result from server data = 1
02-19 18:50:23.611  2008-2370    C04200/SceneSessionManager     com.ohos.sceneboard             I     <3776>WindowVisibilityChangeCallback: WindowVisibilityChangeCallback: entry
02-19 18:50:23.611  476-1908     C01510/IPCObjectProxy          hiview                          W     63: handle = 21 destroyed, descriptor: IPCObjectProxy21
02-19 18:50:23.611  1971-3111    C01510/IPCObjectProxy          com.huawei.hmos.aidataservice   I     58: handle = 20 create, descriptor: IPCObjectProxy20
02-19 18:50:23.611  759-1021     C015b0/NetMgrCommon            netmanager                      I     [NetmanagerStartSyncTrace-(netmanager_hitrace.cpp:25)]NetmanagerStartSyncTrace value:TransPolicyToRule start
02-19 18:50:23.611  14525-14525  C01706/rtg_interface           pid-14525                       I     rtg Open success
02-19 18:50:23.611  14525-14525  C01706/rtg_interface           pid-14525                       I     set rtg config enable success.
02-19 18:50:23.611  14525-14525  C01706/ueaClient-RmeCoreSched  pid-14525                       E     [Init]: rtgEnabled! scheme Open!ret: 1
02-19 18:50:23.611  14525-14525  C01706/ueaClient-FrameMsgMgr   pid-14525                       I     [Init]:inited success!
02-19 18:50:23.611  14525-14525  C01706/ueaClient-FrameUiIntf   pid-14525                       I     [Init]:ret:1, inited:1
02-19 18:50:23.611  1278-1320    C01400/Composer                render_service                  E     ReleaseFramebuffer: Current frame buffer is nullptr.
02-19 18:50:23.612  14525-14525  C03900/Ace                     pid-14525                       I     [resource_adapter_impl.cpp(Init)-(0)] AddRes result=1, UpdateResConfig result=0, ori=0, dpi=3.500000, device=0, colorMode=1, inputDevice=-1
02-19 18:50:23.612  14525-14525  C01302/AbilityBase             pid-14525                       I     [zip_file.cpp(IsDirExist:285)]target dir not found, dir : resources/styles/
02-19 18:50:23.612  14525-14525  C01302/AbilityBase             pid-14525                       I     [zip_file.cpp(IsDirExist:285)]target dir not found, dir : ets/resources/styles/
02-19 18:50:23.612  14525-14525  C01302/AbilityBase             pid-14525                       I     [zip_file.cpp(IsDirExist:285)]target dir not found, dir : resources/base/profile/resources/styles/
02-19 18:50:23.612  678-727      C01510/IPCObjectProxy          memmgrservice                   W     63: handle = 8 destroyed, descriptor: IPCObjectProxy8
02-19 18:50:23.612  14525-14525  C03900/Ace                     pid-14525                       I     [hap_asset_provider.cpp(GetAssetList)-(0)] Cannot Get File List from resources/styles/
02-19 18:50:23.612  1971-3111    C01304/AbilityManagerService   com.huawei.hmos.aidataservice   I     [js_app_state_observer.cpp(OnExtensionStateChanged:101)]OnExtensionStateChanged begin
02-19 18:50:23.612  14525-14525  C03900/Ace                     pid-14525                       I     [hap_asset_provider.cpp(GetAsMapping)-(0)] Cannot find base path of resources/styles/default.json
02-19 18:50:23.612  14525-14525  C03900/Ace                     pid-14525                       W     [flutter_asset_manager.cpp(GetAsset)-(0)] find asset failed, name = resources/styles/default.json
02-19 18:50:23.612  14525-14525  C01e00/ResourceManager         pid-14525                       E     ref <private> can't be array
02-19 18:50:23.612  14525-14525  C01e00/ResourceManager         pid-14525                       E     ResolveReference failed, value:<private>
02-19 18:50:23.612  678-682      C01510/IPCObjectProxy          memmgrservice                   I     58: handle = 8 create, descriptor: IPCObjectProxy8
02-19 18:50:23.612  1971-2082    C01304/AbilityManagerService   com.huawei.hmos.aidataservice   I     [js_app_state_observer.cpp(HandleOnExtensionStateChanged:124)]HandleOnExtensionStateChanged begin
02-19 18:50:23.612  1971-2082    C01304/AbilityManagerService   com.huawei.hmos.aidataservice   I     [js_app_manager_utils.cpp(CreateJsAbilityStateData:51)]CreateJsAbilityStateData called.
02-19 18:50:23.612  1971-2082    C01304/AbilityManagerService   com.huawei.hmos.aidataservice   I     [js_app_manager_utils.cpp(CreateJsAbilityStateData:57)]CreateJsAbilityStateData ConvertNativeValueTo begin.
02-19 18:50:23.612  1971-2082    C01304/AbilityManagerService   com.huawei.hmos.aidataservice   I     [js_app_manager_utils.cpp(CreateJsAbilityStateData:63)]CreateJsAbilityStateData SetProperty begin.
02-19 18:50:23.612  678-682      C01510/IPCObjectProxy          memmgrservice                   W     63: handle = 8 destroyed, descriptor: IPCObjectProxy8
02-19 18:50:23.612  1971-2082    C01304/AbilityManagerService   com.huawei.hmos.aidataservice   I     [js_app_manager_utils.cpp(CreateJsAbilityStateData:71)]CreateJsAbilityStateData end.
02-19 18:50:23.612  1971-2082    C01304/AbilityManagerService   com.huawei.hmos.aidataservice   I     [js_app_state_observer.cpp(CallJsFunction:238)]CallJsFunction begin, method:onAbilityStateChanged
02-19 18:50:23.612  1285-6202    C015b0/NetsysNativeService     netsysnative                    E     [RemoveDeniedList-(bandwidth_manager.cpp:489)]AllowedList uid is not exist, can not remove
02-19 18:50:23.612  1971-2082    C01304/AbilityManagerService   com.huawei.hmos.aidataservice   I     [js_app_state_observer.cpp(CallJsFunction:251)]CallJsFunction end
02-19 18:50:23.612  1971-3111    C01304/AbilityManagerService   com.huawei.hmos.aidataservice   I     [js_app_state_observer.cpp(OnProcessStateChanged:169)]OnProcessStateChanged begin
02-19 18:50:23.612  1971-2082    C01510/IPCObjectProxy          com.huawei.hmos.aidataservice   W     63: handle = 20 destroyed, descriptor: IPCObjectProxy20
02-19 18:50:23.612  1284-29649   C01510/IPCObjectStub           privacy_service                 E     109: unknown OnRemoteRequest code = 4, descriptor: ohos.appexecfwk.IApplicationStateObserver
02-19 18:50:23.613  1971-2082    C01304/AbilityManagerService   com.huawei.hmos.aidataservice   I     [js_app_state_observer.cpp(HandleOnProcessStateChanged:192)]HandleOnProcessStateChanged begin
02-19 18:50:23.613  1971-2082    C01304/AbilityManagerService   com.huawei.hmos.aidataservice   I     [js_app_manager_utils.cpp(CreateJsProcessData:77)]CreateJsProcessData called.
02-19 18:50:23.613  1971-2082    C01304/AbilityManagerService   com.huawei.hmos.aidataservice   I     [js_app_manager_utils.cpp(CreateJsProcessData:83)]CreateJsProcessData ConvertNativeValueTo begin.
02-19 18:50:23.613  1971-2082    C01304/AbilityManagerService   com.huawei.hmos.aidataservice   I     [js_app_manager_utils.cpp(CreateJsProcessData:89)]CreateJsProcessData SetProperty begin.
02-19 18:50:23.613  1971-2082    C01304/AbilityManagerService   com.huawei.hmos.aidataservice   I     [js_app_manager_utils.cpp(CreateJsProcessData:96)]CreateJsProcessData end.
02-19 18:50:23.613  1971-2082    C01304/AbilityManagerService   com.huawei.hmos.aidataservice   I     [js_app_state_observer.cpp(CallJsFunction:238)]CallJsFunction begin, method:onProcessStateChanged
02-19 18:50:23.613  1971-2082    C01304/AbilityManagerService   com.huawei.hmos.aidataservice   I     [js_app_state_observer.cpp(CallJsFunction:251)]CallJsFunction end
02-19 18:50:23.613  1284-29649   C01510/IPCObjectStub           privacy_service                 E     109: unknown OnRemoteRequest code = 1, descriptor: ohos.appexecfwk.IApplicationStateObserver
02-19 18:50:23.613  634-2092     C01510/IPCObjectProxy          device_usage_st                 I     58: handle = 10 create, descriptor: IPCObjectProxy10
02-19 18:50:23.613  1285-1463    C015b0/NetsysNativeService     netsysnative                    E     [AddAllowedList-(bandwidth_manager.cpp:509)]AllowedList uid exist, do not repeat
02-19 18:50:23.613  476-11650    C01510/IPCObjectProxy          hiview                          I     58: handle = 21 create, descriptor: IPCObjectProxy21
02-19 18:50:23.613  14525-14525  C03900/Ace                     pid-14525                       I     [resource_adapter_impl.cpp(GetTheme)-(0)] themeId=125829872, ret=0, attr size=1, pattern size=53
02-19 18:50:23.613  678-727      C01510/IPCObjectProxy          memmgrservice                   I     58: handle = 8 create, descriptor: IPCObjectProxy8
02-19 18:50:23.613  476-11650    C01510/IPCObjectProxy          hiview                          W     63: handle = 21 destroyed, descriptor: IPCObjectProxy21
02-19 18:50:23.613  759-1021     C015b0/NetPolicyService        netmanager                      I     [WritePolicyByUid-(net_policy_file.cpp:333)]Need to do nothing!
02-19 18:50:23.613  704-728      C01510/IPCObjectProxy          resource_schedu                 W     63: handle = 28 destroyed, descriptor: IPCObjectProxy28
02-19 18:50:23.613  1971-3111    C01510/IPCObjectProxy          com.huawei.hmos.aidataservice   I     58: handle = 20 create, descriptor: IPCObjectProxy20
02-19 18:50:23.613  704-728      C01510/IPCObjectProxy          resource_schedu                 I     58: handle = 30 create, descriptor: IPCObjectProxy30
02-19 18:50:23.613  704-728      C01510/IPCObjectProxy          resource_schedu                 W     63: handle = 30 destroyed, descriptor: IPCObjectProxy30
02-19 18:50:23.613  704-704      C01510/IPCObjectProxy          resource_schedu                 I     58: handle = 30 create, descriptor: IPCObjectProxy30
02-19 18:50:23.614  704-704      C01510/IPCObjectProxy          resource_schedu                 W     63: handle = 30 destroyed, descriptor: IPCObjectProxy30
02-19 18:50:23.614  1284-29649   C02f03/ApplicationStateObserverStub privacy_service                 I     [OnForegroundApplicationChanged]:OnChange(accessTokenId=537167905, state=2)
02-19 18:50:23.614  1284-29649   C02f03/PermissionRecordManager privacy_service                 I     [NotifyAppStateChange]:tokenId 537167905, status 1
02-19 18:50:23.614  1284-29649   C01510/IPCObjectStub           privacy_service                 E     109: unknown OnRemoteRequest code = 7, descriptor: ohos.appexecfwk.IApplicationStateObserver
02-19 18:50:23.614  704-1531     C01510/IPCObjectProxy          resource_schedu                 I     58: handle = 28 create, descriptor: IPCObjectProxy28
02-19 18:50:23.614  1284-29649   C01510/IPCObjectStub           privacy_service                 E     109: unknown OnRemoteRequest code = 4, descriptor: ohos.appexecfwk.IApplicationStateObserver
02-19 18:50:23.614  476-1908     C01510/IPCObjectProxy          hiview                          I     58: handle = 21 create, descriptor: IPCObjectProxy21
02-19 18:50:23.614  476-1908     C01510/IPCObjectProxy          hiview                          W     63: handle = 21 destroyed, descriptor: IPCObjectProxy21
02-19 18:50:23.614  14525-14525  C03900/Ace                     pid-14525                       W     [ui_node.cpp(UINode)-(0)] distributedUI is null, break on line 51
02-19 18:50:23.614  1278-1278    C01400/OHOS::RS                render_service                  I     RsDebug RSProcessor::Perf: do nothing
02-19 18:50:23.614  849-879      C01510/IPCObjectProxy          bgtaskmgr_servi                 W     63: handle = 15 destroyed, descriptor: IPCObjectProxy15
02-19 18:50:23.614  14525-14525  C03900/Ace                     pid-14525                       I     [rosen_window.cpp(SetRootFrameNode)-(0)] Rosenwindow set root frame node
02-19 18:50:23.614  14525-14525  C03900/Ace                     pid-14525                       W     [ui_node.cpp(UINode)-(0)] distributedUI is null, break on line 51
02-19 18:50:23.614  1034-1056    C014b1/KRPRPERYIES             composer_host                   E     get property failed
02-19 18:50:23.614  759-1729     C01510/IPCObjectProxy          netmanager                      W     63: handle = 34 destroyed, descriptor: IPCObjectProxy34
02-19 18:50:23.614  14525-14525  C03900/Ace                     pid-14525                       I     [pipeline_context.cpp(SetupRootElement)-(0)] SetupRootElement success!
02-19 18:50:23.614  1034-1056    C014c0/GRALLOC                 composer_host                   E     This buffer is nullptr
02-19 18:50:23.614  14525-14525  C01d02/accessibility_asacfwk   pid-14525                       E     [accessibility_system_ability_client_impl.cpp(AccessibilitySystemAbilityClientImpl:54)]accessibility service is ready.
02-19 18:50:23.614  678-727      C01510/IPCObjectProxy          memmgrservice                   W     63: handle = 8 destroyed, descriptor: IPCObjectProxy8
02-19 18:50:23.614  759-1729     C01510/IPCObjectProxy          netmanager                      I     58: handle = 35 create, descriptor: IPCObjectProxy35
02-19 18:50:23.614  14525-14525  C01510/IPCObjectStub           pid-14525                       I     63: create, desc: ohos.accessibility.IAccessibleAbilityManagerStateObserver
02-19 18:50:23.614  634-2092     C01c06/TimeService             device_usage_st                 I     [time_service_client.cpp] GetBootTimeMs# Result: 33408689
02-19 18:50:23.614  678-739      C01799/MemMgr                  memmgrservice                   E     ReclaimPriorityManager::DeleteBundleInfoFromSet delete 1 bundles from set, uid_=20010081, totalBundlePrioSet_.size=14
02-19 18:50:23.614  678-739      C01799/MemMgr                  memmgrservice                   E     ReclaimPriorityManager::AddBundleInfoToSet success to insert bundle to set, uid_=20010081, totalBundlePrioSet_.size=15
02-19 18:50:23.614  678-739      C01799/MemMgr                  memmgrservice                   E     ReclaimPriorityManager::AddBundleInfoToSet procsNumsSum = 17
02-19 18:50:23.614  849-2177     C01510/IPCObjectProxy          bgtaskmgr_servi                 I     58: handle = 18 create, descriptor: IPCObjectProxy18
02-19 18:50:23.614  14525-14531  C04200/WindowSessionImpl       pid-14525                       E     <480>UpdateViewportConfig: uiContent_ is null!
02-19 18:50:23.614  14525-14531  C04200/WindowSessionImpl       pid-14525                       I     <396>UpdateRect: update rect [0, 0, 1344, 2772], reason:0
02-19 18:50:23.614  680-24895    C01510/IPCObjectProxy          accessibility                   I     58: handle = 31 create, descriptor: IPCObjectProxy31
02-19 18:50:23.614  634-2092     C01710/BUNDLE_ACTIVE           device_usage_st                 I     [bundle_active_app_state_obsever.cpp(OnAbilityStateChanged):76] OnAbilityStateChangeduser id is 100, bundle name is com.netease.lava.nertc.demo, ability name is EntryAbility, ability id is 0x7fa045dee0, event id is 2
02-19 18:50:23.615  759-1021     C015b0/NetMgrCommon            netmanager                      I     [NetmanagerFinishSyncTrace-(netmanager_hitrace.cpp:31)]NetmanagerFinishSyncTrace value:TransPolicyToRule end
02-19 18:50:23.615  634-1842     C01710/BUNDLE_ACTIVE           device_usage_st                 I     [bundle_active_report_handler.cpp(ProcessEvent):39] MSG_REPORT_EVENT CALLED
02-19 18:50:23.615  678-682      C01510/IPCObjectProxy          memmgrservice                   I     58: handle = 8 create, descriptor: IPCObjectProxy8
02-19 18:50:23.615  759-1729     C01510/IPCObjectProxy          netmanager                      W     63: handle = 35 destroyed, descriptor: IPCObjectProxy35
02-19 18:50:23.615  634-2092     C01510/IPCObjectProxy          device_usage_st                 W     63: handle = 10 destroyed, descriptor: IPCObjectProxy10
02-19 18:50:23.615  634-1842     C01c06/TimeService             device_usage_st                 I     [time_service_client.cpp] GetBootTimeMs# Result: 33408691
02-19 18:50:23.615  678-682      C01510/IPCObjectProxy          memmgrservice                   W     63: handle = 8 destroyed, descriptor: IPCObjectProxy8
02-19 18:50:23.615  476-1364     C02d10/HiView-SysEventSource   hiview                          I     Parser: parser result domain_=GRAPHIC eventName_=FIRST_FRAME_DRAWN
02-19 18:50:23.615  704-838      C01702/CgroupAdjuster          resource_schedu                 I     AdjustProcessGroup for 2008, source : 2
02-19 18:50:23.615  704-1531     C01510/IPCObjectProxy          resource_schedu                 W     63: handle = 28 destroyed, descriptor: IPCObjectProxy28
02-19 18:50:23.615  476-1887     C01510/IPCObjectProxy          hiview                          I     58: handle = 20 create, descriptor: IPCObjectProxy20
02-19 18:50:23.615  704-1531     C01510/IPCObjectProxy          resource_schedu                 I     58: handle = 30 create, descriptor: IPCObjectProxy30
02-19 18:50:23.615  680-764      C01d00/accessibility           accessibility                   I     [accessible_ability_manager_service.cpp(operator():302)]RegisterStateObserver successfully
02-19 18:50:23.615  680-764      C01d00/accessibility           accessibility                   I     [accessibility_account_data.cpp(GetAccessibilityState:50)]
02-19 18:50:23.615  678-739      C01799/MemMgr                  memmgrservice                   E     ReclaimPriorityManager::DeleteBundleInfoFromSet delete 1 bundles from set, uid_=20010081, totalBundlePrioSet_.size=14
02-19 18:50:23.615  2008-2356    C01799/MemMgr                  com.ohos.sceneboard             I     MemMgrClient::GetMemMgrService called
02-19 18:50:23.615  678-739      C01799/MemMgr                  memmgrservice                   E     ReclaimPriorityManager::AddBundleInfoToSet success to insert bundle to set, uid_=20010081, totalBundlePrioSet_.size=15
02-19 18:50:23.615  678-739      C01799/MemMgr                  memmgrservice                   E     ReclaimPriorityManager::AddBundleInfoToSet procsNumsSum = 17
02-19 18:50:23.615  704-28772    C04200/WindowManager           resource_schedu                 I     <166>Notify WindowVisibilityInfo to caller
02-19 18:50:23.615  704-838      C01702/CgroupAdjuster          resource_schedu                 I     AdjustProcessGroup for 14525, source : 10
02-19 18:50:23.615  704-822      C01c06/TimeService             resource_schedu                 I     [time_service_client.cpp] GetBootTimeMs# Result: 33408691
02-19 18:50:23.615  704-28772    C04200/WindowManager           resource_schedu                 I     <166>Notify WindowVisibilityInfo to caller
02-19 18:50:23.616  704-28772    C01713/SUSPEND_MANAGER         resource_schedu                 I     [suspend_manager_impl.cpp(UpdateVisibleUidMap):1723] uid: 20010081 visible window: 1.
02-19 18:50:23.616  759-1841     C015b5/netmanager_enhanced     netmanager                      I     [app_aware]NotifyForegroundAppChanged:uid=2******1, pid=14525, state=2, bundleName=com.netease.lava.nertc.demo.
02-19 18:50:23.616  478-487      C02c03/PARAM_WATCHER           param_watcher                   I     [watcher_manager.cpp:104]Add watcher accessibility.config.ready remoteWatcherId: 56 groupId 7 success
02-19 18:50:23.616  759-1841     C015b5/netmanager_enhanced     netmanager                      I     [decision_center]com.netease.lava.nertc.demo, OnForegroundAppChanged.
02-19 18:50:23.616  759-1841     C015b5/netmanager_enhanced     netmanager                      I     [decision_center]loadState:0, isScreenOn:1, isWifiConnected:1, ForegroundAppChanged:com.netease.lava.nertc.demo
02-19 18:50:23.616  759-1841     C015b5/netmanager_enhanced     netmanager                      I     [configuration]Can't find APP com.netease.lava.nertc.demo's config.
02-19 18:50:23.615  678-2766     C01510/IPCObjectProxy          memmgrservice                   I     58: handle = 8 create, descriptor: IPCObjectProxy8
02-19 18:50:23.616  14525-14525  C02c03/PARAM_WATCHER           pid-14525                       I     [watcher_manager_kits.cpp:171]Add watcher keyPrefix accessibility.config.ready remoteWatcherId 56 success
02-19 18:50:23.616  14525-14525  C01d03/accessibility_acfwk     pid-14525                       I     [accessibility_config_impl.cpp(SubscribeConfigObserver:321)]id = [3]
02-19 18:50:23.616  704-1531     C01510/IPCObjectProxy          resource_schedu                 W     63: handle = 30 destroyed, descriptor: IPCObjectProxy30
02-19 18:50:23.616  478-486      C02c03/PARAM_WATCHER           param_watcher                   I     [watcher_manager.cpp:104]Add watcher debug.graphic.frame remoteWatcherId: 56 groupId 20 success
02-19 18:50:23.616  14525-14525  C02c03/PARAM_WATCHER           pid-14525                       I     [watcher_manager_kits.cpp:171]Add watcher keyPrefix debug.graphic.frame remoteWatcherId 56 success
02-19 18:50:23.616  704-838      C01702/CgroupAdjuster          resource_schedu                 I     AdjustProcessGroup for 14525, source : 1
02-19 18:50:23.616  14525-14525  C03900/Ace                     pid-14525                       I     [pipeline_context.cpp(SetRootRect)-(0)] SetRootRect width 0.000000, height 0.000000, 0.000000
02-19 18:50:23.616  704-838      C01702/CgroupAdjuster          resource_schedu                 I     AdjustProcessGroup for 14525, source : 0
02-19 18:50:23.616  14525-14525  C03900/Ace                     pid-14525                       I     [ui_content_impl.cpp(CommonInitialize)-(0)] SetMinPlatformVersion is 40000010
02-19 18:50:23.616  704-826      C01700/RSS                     resource_schedu                 I     FrameAwarePlugin:DispatchResource type:1, value:2
02-19 18:50:23.616  2008-2759    C04200/SceneSessionManager     com.ohos.sceneboard             I     <3924>UpdateSessionAvoidAreaListener: UpdateSessionAvoidAreaListener persistentId: 56 haveListener:1
02-19 18:50:23.616  704-826      C01700/RSS                     resource_schedu                 I     FrameAwarePlugin::OnDispatchResource success.
02-19 18:50:23.616  704-837      C01706/ueaServer-IntelliSenseServer resource_schedu                 I     unknown state : 2
02-19 18:50:23.616  704-837      C01706/ueaServer-IntelliSenseServer resource_schedu                 I     Get app info:14525 20010081 com.netease.lava.nertc.demo 2
02-19 18:50:23.616  14525-14525  C04200/WindowSceneSessionImpl  pid-14525                       I     <870>GetAvoidAreaByType: GetAvoidAreaByType windowId:56 type:0
02-19 18:50:23.617  634-1842     C01c06/TimeService             device_usage_st                 I     [time_service_client.cpp] GetBootTimeMs# Result: 33408691
02-19 18:50:23.617  634-1842     C01710/BUNDLE_ACTIVE           device_usage_st                 I     [bundle_active_user_service.cpp(ReportModuleEvent):593] ReportModuleEvent called
02-19 18:50:23.617  634-1842     C01710/BUNDLE_ACTIVE           device_usage_st                 I     [bundle_active_user_service.cpp(GetOrCreateModuleRecord):621] GetOrCreateModuleRecord called
02-19 18:50:23.617  678-2766     C01510/IPCObjectProxy          memmgrservice                   W     63: handle = 8 destroyed, descriptor: IPCObjectProxy8
02-19 18:50:23.617  634-1842     C01710/BUNDLE_ACTIVE           device_usage_st                 I     [bundle_active_user_service.cpp(NotifyStatsChanged):84] NotifyStatsChanged stat change is 1, user is 100
02-19 18:50:23.617  634-1842     C01710/BUNDLE_ACTIVE           device_usage_st                 I     [bundle_active_user_service.cpp(ReportEvent):100] ReportEvent, B time is 1708300800000, E time is 1708387200000, userId is 100,
02-19 18:50:23.617  634-1842     C01710/BUNDLE_ACTIVE           device_usage_st                 I     [bundle_active_user_service.cpp(NotifyStatsChanged):84] NotifyStatsChanged stat change is 1, user is 100
02-19 18:50:23.617  849-2177     C01510/IPCObjectProxy          bgtaskmgr_servi                 W     63: handle = 18 destroyed, descriptor: IPCObjectProxy18
02-19 18:50:23.617  849-880      C01510/IPCObjectProxy          bgtaskmgr_servi                 I     58: handle = 15 create, descriptor: IPCObjectProxy15
02-19 18:50:23.617  2008-2356    C01799/MemMgr                  com.ohos.sceneboard             I     MemMgrClient::GetMemMgrService get service succeed
02-19 18:50:23.617  14525-14531  C02c03/PARAM_WATCHER           pid-14525                       I     [watcher_manager_kits.cpp:287]OnParameterChange name accessibility.config.ready value true
02-19 18:50:23.617  678-739      C01799/MemMgr                  memmgrservice                   E     ReclaimPriorityManager::DeleteBundleInfoFromSet delete 1 bundles from set, uid_=20010081, totalBundlePrioSet_.size=14
02-19 18:50:23.617  704-822      C01c06/TimeService             resource_schedu                 I     [time_service_client.cpp] GetBootTimeMs# Result: 33408693
02-19 18:50:23.617  678-2000     C01799/MemMgr                  memmgrservice                   I     MemMgrStub::OnRemoteRequest MemMgrStub::OnReceived, code = 10, flags= 0.
02-19 18:50:23.618  678-2000     C01799/MemMgr                  memmgrservice                   I     MemMgrService::OnWindowVisibilityChanged called
02-19 18:50:23.617  678-739      C01799/MemMgr                  memmgrservice                   E     ReclaimPriorityManager::AddBundleInfoToSet success to insert bundle to set, uid_=20010081, totalBundlePrioSet_.size=15
02-19 18:50:23.618  678-739      C01799/MemMgr                  memmgrservice                   E     ReclaimPriorityManager::AddBundleInfoToSet procsNumsSum = 17
02-19 18:50:23.618  704-822      C01c06/TimeService             resource_schedu                 I     [time_service_client.cpp] GetBootTimeMs# Result: 33408693
02-19 18:50:23.618  678-738      C01799/MemMgr                  memmgrservice                   I     WindowVisibilityObserver::UpdateWindowVisibilityPriorityInner WindowVisibilityInfo[pid=14525, uid=20010081, winId=56, visible=1]
02-19 18:50:23.618  678-738      C01799/MemMgr                  memmgrservice                   I     WindowVisibilityObserver::UpdateWindowVisibilityPriorityInner windowVisibleMap_size=2
02-19 18:50:23.618  849-880      C01510/IPCObjectProxy          bgtaskmgr_servi                 W     63: handle = 15 destroyed, descriptor: IPCObjectProxy15
02-19 18:50:23.618  680-764      C01d00/accessibility           accessibility                   I     [accessibility_account_data.cpp(AddEnableAbilityListsObserver:140)]
02-19 18:50:23.618  849-880      C01510/IPCObjectProxy          bgtaskmgr_servi                 I     58: handle = 18 create, descriptor: IPCObjectProxy18
02-19 18:50:23.618  1279-1335    C02f01/ATMServ                 accesstoken_ser                 I     [GetTokenType]:tokenID: 0x28060930
02-19 18:50:23.618  849-880      C01510/IPCObjectProxy          bgtaskmgr_servi                 W     63: handle = 18 destroyed, descriptor: IPCObjectProxy18
02-19 18:50:23.617  1971-3111    C01304/AbilityManagerService   com.huawei.hmos.aidataservice   I     [js_app_state_observer.cpp(OnAbilityStateChanged:67)]OnAbilityStateChanged begin
