02-19 18:50:23.514  14502-14502  C01304/AbilityManagerService   pid-14502                       I     [ability_command.cpp(MakeWantFromCmd:1029)]option: 97, optopt: 0, optind: 3
02-19 18:50:23.514  14502-14502  C01304/AbilityManagerService   pid-14502                       I     [ability_command.cpp(MakeWantFromCmd:1029)]option: 98, optopt: 0, optind: 5
02-19 18:50:23.514  14502-14502  C01304/AbilityManagerService   pid-14502                       I     [ability_command.cpp(MakeWantFromCmd:1029)]option: -1, optopt: 0, optind: 5
02-19 18:50:23.514  14502-14502  C02d33/HitraceMeter            pid-14502                       E     pid[14502] first get g_tagsProperty: 5456538433239384065
02-19 18:50:23.514  1123-1612    C01304/AbilityManagerService   foundation                      I     [ability_manager_service.cpp(StartAbility:421)]StartAbility coldStart:0
02-19 18:50:23.515  1123-1612    C01304/AbilityManagerService   foundation                      I     [ability_manager_service.cpp(GetValidUserId:6202)]validUserId = 0, CallingUid = 0.
02-19 18:50:23.515  1123-1612    C01304/AbilityManagerService   foundation                      I     [ability_record.cpp(GetAbilityRecordByToken:160)]null
02-19 18:50:23.515  1123-1612    C01302/Want                    foundation                      I     [want.cpp(GetRemoteObject:535)]ohos.aafwk.param.abilityInfoCallback is invalid.
02-19 18:50:23.515  1123-1612    C01304/AbilityManagerService   foundation                      I     [ability_record.cpp(GetAbilityRecordByToken:160)]null
02-19 18:50:23.515  1123-1612    C01304/AbilityManagerService   foundation                      I     [ability_record.cpp(GetAbilityRecordByToken:160)]null
02-19 18:50:23.515  1123-1612    C01304/AbilityManagerService   foundation                      W     [ability_manager_service.cpp(UpdateCallerInfo:6531)]UpdateCallerInfo caller abilityRecord is null.
02-19 18:50:23.515  1123-1612    C01304/AbilityManagerService   foundation                      I     [ability_record.cpp(GetAbilityRecordByToken:160)]null
02-19 18:50:23.515  476-1364     C02d10/HiView-SysEventSource   hiview                          I     Parser: parser result domain_=AAFWK eventName_=START_ABILITY
02-19 18:50:23.515  1123-1612    C01120/BundleMgrService        foundation                      W     [bundle_data_mgr.cpp(GetInnerBundleInfoByUid):2081] the uid(0) is not an application.
02-19 18:50:23.515  1123-1612    C01304/AbilityManagerService   foundation                      E     [ability_util.h(IsStartIncludeAtomicService:284)]Get bms failed in check atomic service.
02-19 18:50:23.516  1123-1612    C01304/AbilityManagerService   foundation                      I     [ability_record.cpp(GetAbilityRecordByToken:160)]null
02-19 18:50:23.516  1123-1612    C01304/AbilityManagerService   foundation                      W     [ability_manager_service.cpp(UpdateCallerInfo:6531)]UpdateCallerInfo caller abilityRecord is null.
02-19 18:50:23.516  1123-1612    C01304/AbilityManagerService   foundation                      I     [ability_manager_service.cpp(PreLoadAppDataAbilities:5015)]App data abilities preloading done.
02-19 18:50:23.516  1123-1612    C01304/AbilityManagerService   foundation                      I     [ui_ability_lifecycle_manager.cpp(NotifySCBToStartUIAbility:217)]Reused sessionId: 0, userId: 100.
02-19 18:50:23.516  1123-1612    C01304/AbilityManagerService   foundation                      E     [ui_ability_lifecycle_manager.cpp(GetAbilityRecordByToken:392)]nullptr.
02-19 18:50:23.516  1123-1612    C01304/AbilityManagerService   foundation                      I     [app_exit_reason_data_manager.cpp(GetAbilitySessionId:421)]GetAbilityRecoverInfo bundle com.netease.lava.nertc.demo bundle demo bundle EntryAbility
02-19 18:50:23.516  1123-1612    C01630/DistributedDB           foundation                      W     [KvStoreNbDelegate] Get the data failed:-1003
02-19 18:50:23.516  1123-1612    C01610/ZDDS                    foundation                      E     SingleStoreImpl::Get: status:0x1a30007 key:rec***emo
02-19 18:50:23.516  1123-1612    C01304/AbilityManagerService   foundation                      W     [app_exit_reason_data_manager.cpp(GetAbilitySessionId:436)]GetAbilityRecoverInfo KEY_NOT_FOUND
02-19 18:50:23.516  1123-1612    C01304/AbilityManagerService   foundation                      I     [ui_ability_lifecycle_manager.cpp(NotifySCBPendingActivation:685)]session id: 0.
02-19 18:50:23.516  1123-1612    C01304/AbilityManagerService   foundation                      I     [ui_ability_lifecycle_manager.cpp(NotifySCBPendingActivation:688)]Call PendingSessionActivation by rootSceneSession.
02-19 18:50:23.516  14502-14502  C01304/AbilityManagerService   pid-14502                       I     [ability_command.cpp(RunAsStartAbility:389)]start ability successfully.
02-19 18:50:23.517  2008-2356    C04200/SceneSession            com.ohos.sceneboard             I     <1541>operator(): PendingSessionActivation:bundleName com.netease.lava.nertc.demo, moduleName:demo, abilityName:EntryAbility,             appIndex:0, affinity:
02-19 18:50:23.517  2008-2356    C04200/SceneSession            com.ohos.sceneboard             I     <1544>operator(): PendingSessionActivation callState:0, want persistentId: 0, callingTokenId:805577602, uiAbilityId: 0, windowMode: 0
02-19 18:50:23.518  2008-2356    C04200/JsRootSceneSession      com.ohos.sceneboard             I     <189>[NAPI]pending session activation: bundleName com.netease.lava.nertc.demo, moduleName demo, abilityName EntryAbility,         appIndex 0, reuse 1
02-19 18:50:23.518  2008-2356    C04200/JsRootSceneSession      com.ohos.sceneboard             I     <246>GenSceneSession: GetSceneSessionByName return nullptr, RequestSceneSession
02-19 18:50:23.518  2008-2356    C04200/SceneSessionManager     com.ohos.sceneboard             I     <832>operator(): sessionInfo: bundleName: com.netease.lava.nertc.demo, moduleName: demo, abilityName: EntryAbility,             appIndex: 0, type 1
02-19 18:50:23.518  2008-2356    C01510/IPCObjectStub           com.ohos.sceneboard             I     63: create, desc: OHOS.ISession
02-19 18:50:23.518  1572-14504   C02d13/HDC_LOG                 hdcd                            I     [file_descriptor.cpp:127] FileIOOnThread fd:35 nBytes:0
02-19 18:50:23.519  1572-14504   C02d13/HDC_LOG                 hdcd                            I     [async_cmd.cpp:80] FinishShellProc finish pipeRead fd:35 pid:14502
02-19 18:50:23.519  1572-14504   C02d13/HDC_LOG                 hdcd                            I     [task.cpp:50] HdcTaskBase::TaskFinish notify begin channelId:3409961446
02-19 18:50:23.519  1278-25881   C01401/Bufferqueue             render_service                  I     (WindowScene_demo56) BufferQueue: ctor, Queue id: 5488968204371 isShared: 0
02-19 18:50:23.519  1278-25881   C01510/IPCObjectStub           render_service                  I     63: create, desc: surf.IBufferProducer
02-19 18:50:23.519  1278-25881   C01400/OHOS::RS                render_service                  I     RsDebug RSRenderService::CreateNodeAndSurface nodeid:8624294334390 name:WindowScene_demo56 bundleName: surface id:5488968204371 name:WindowScene_demo56
02-19 18:50:23.519  1572-14504   C02d13/HDC_LOG                 hdcd                            I     [task.cpp:52] HdcTaskBase::TaskFinish notify end channelId:3409961446
02-19 18:50:23.519  1278-25881   C01401/Bufferqueue             render_service                  E     (WindowScene_demo56) ~ProducerSurface: Wrong SptrRefCount! producer_:3
02-19 18:50:23.519  1278-25881   C01401/Bufferqueue             render_service                  E     (WindowScene_demo56) ~ProducerSurface: Disconnect failed, <412 invalid operating>
02-19 18:50:23.519  14468-14468  C01305/Appkit                  com.huawei.hmos.photos:form     E     [idle_time.cpp(PostTask:146)]Only support 60HZ.
02-19 18:50:23.519  14468-14468  C01305/Appkit                  com.huawei.hmos.photos:form     E     [idle_time.cpp(EventTask:123)]no VSync occur.
02-19 18:50:23.520  1572-1588    C02d13/HDC_LOG                 hdcd                            I     [daemon.cpp:397] FetchCommand channelId:3409961446 command:2
02-19 18:50:23.520  1572-1588    C02d13/HDC_LOG                 hdcd                            I     [session.cpp:104] BeginRemoveTask taskType:0 channelId:3409961446
02-19 18:50:23.520  1572-1588    C02d13/HDC_LOG                 hdcd                            I     [async_cmd.cpp:56] AsyncCmd::DoRelease finish
02-19 18:50:23.520  1572-1588    C02d13/HDC_LOG                 hdcd                            I     [session.cpp:157] ClearOwnTasks OP_CLEAR finish, session:0x7effe84000 channelIDInput:3409961446
02-19 18:50:23.520  1572-1588    C02d13/HDC_LOG                 hdcd                            I     [session.cpp:116] TaskDelay task remove retry count 0/30, taskType:0 channelId:3409961446, sessionId:89464325
02-19 18:50:23.520  2008-2356    C01510/IPCObjectProxy          com.ohos.sceneboard             I     58: handle = 114 create, descriptor: IPCObjectProxy114
02-19 18:50:23.520  1572-1588    C02d13/HDC_LOG                 hdcd                            F     [file_descriptor.cpp:38] ~HdcFileDescriptor refIO:0
02-19 18:50:23.520  1572-1588    C02d13/HDC_LOG                 hdcd                            I     [base.cpp:1617] CloseFd fd:35
02-19 18:50:23.520  1572-1588    C02d13/HDC_LOG                 hdcd                            I     [daemon_unity.cpp:27] HdcDaemonUnity::~HdcDaemonUnity finish
02-19 18:50:23.520  1572-1588    C02d13/HDC_LOG                 hdcd                            I     [async_cmd.cpp:35] ~AsyncCmd
02-19 18:50:23.520  1572-1588    C02d13/HDC_LOG                 hdcd                            I     [task.cpp:37] ~HdcTaskBase channelId:3409961446
02-19 18:50:23.520  1572-1588    C02d13/HDC_LOG                 hdcd                            I     [session.cpp:123] TaskDelay task remove finish, channelId:3409961446
02-19 18:50:23.521  2008-2356    C04200/SceneSessionManager     com.ohos.sceneboard             I     <2145>RegisterSessionExceptionFunc: RegisterSessionExceptionFunc success, id: 56
02-19 18:50:23.523  2008-2356    C04200/SceneSessionManager     com.ohos.sceneboard             I     <1649>FillSessionInfo: FillSessionInfo end, removeMissionAfterTerminate: 0 excludeFromMissions: 0  label:$string:EntryAbility_label iconPath:$media:icon collaboratorType:/data/app/el1/bundle/public/com.netease.lava.nertc.demo
02-19 18:50:23.523  2008-2356    C04200/SceneSessionManager     com.ohos.sceneboard             W     <739>UpdateParentSession: Property is null, no need to update parent info
02-19 18:50:23.523  2008-2356    C04200/SceneSessionManager     com.ohos.sceneboard             E     <4339>CheckCollaboratorType: type is invalid
02-19 18:50:23.523  2008-2356    C04200/SceneSessionManager     com.ohos.sceneboard             I     <2177>RegisterSessionSnapshotFunc: RegisterSessionSnapshotFunc success, id: 56
02-19 18:50:23.523  2008-2356    C04200/SceneSessionManager     com.ohos.sceneboard             I     <866>operator(): create session persistentId: 56
02-19 18:50:23.523  2008-2356    C04200/JsRootSceneSession      com.ohos.sceneboard             I     <198>[NAPI]isNeedBackToOther: 0
02-19 18:50:23.524  2008-2008    A0001b/SceneBoard              com.ohos.sceneboard             I     RdbStoreManager --> insertLayoutInfo start
02-19 18:50:23.524  2008-2008    C01650/Rdb                     com.ohos.sceneboard             W     ::[ParseValuesBucket()-napi_rdb_store.cpp:465]: bad value type of key badge_number
02-19 18:50:23.524  2008-2008    A0001b/SceneBoard              com.ohos.sceneboard             I     SCBRootSceneSession --> onPendingSceneSessionActivation sceneInfo.persistentId:56 callState: 0 callerPersistentId: 0 windowMode: 0 appIndex: 0
02-19 18:50:23.524  2008-2008    A0001b/SceneBoard              com.ohos.sceneboard             I     SCBSceneSessionManager --> startSceneFromOther:{"appIndex":0,"screenId":0,"persistentId":56,"callerPersistentId":0,"toPersistentId":0,"launchType":0,"callState":0,"isNewInstance":false,"sceneMode":1,"rotationStrategy":0,"windowMode":0,"isClearSession":false,"bundleName":"com.netease.lava.nertc.demo","moduleName":"demo","abilityName":"EntryAbility"}
02-19 18:50:23.525  2008-2008    A0001b/SceneBoard              com.ohos.sceneboard             I     SCBSceneSessionManager --> Start scene on screen with screenId: 0!
02-19 18:50:23.525  2008-2008    A0001b/SceneBoard              com.ohos.sceneboard             I     SCBScenePanel --> onStartSceneFromOther with sceneInfo:{"appIndex":0,"screenId":0,"persistentId":56,"callerPersistentId":0,"toPersistentId":0,"launchType":0,"callState":0,"isNewInstance":false,"sceneMode":1,"rotationStrategy":0,"windowMode":0,"isClearSession":false,"bundleName":"com.netease.lava.nertc.demo","moduleName":"demo","abilityName":"EntryAbility"}
02-19 18:50:23.525  2008-2008    A0001b/SceneBoard              com.ohos.sceneboard             I     ViewManagerPolicy --> showView WALLPAPER
02-19 18:50:23.525  1572-1588    C02d13/HDC_LOG                 hdcd                            I     [daemon.cpp:397] FetchCommand channelId:3409961446 command:2
02-19 18:50:23.525  2008-2008    A0001b/SceneBoard              com.ohos.sceneboard             I     SCBScenePanel --> using exist persistentId: 56
02-19 18:50:23.526  2008-2008    A0001b/SceneBoard              com.ohos.sceneboard             I     SCBScenePanel --> not find , new a scene session
02-19 18:50:23.526  2008-2008    C04200/JsSceneSessionManager   com.ohos.sceneboard             I     <305>[NAPI]RequestSceneSession
02-19 18:50:23.526  2008-2008    C04200/JsSceneSessionManager   com.ohos.sceneboard             I     <717>[NAPI]OnRequestSceneSession
02-19 18:50:23.526  2008-2008    C04200/JsSceneSessionManager   com.ohos.sceneboard             I     <748>OnRequestSceneSession: [NAPI]SessionInfo [com.netease.lava.nertc.demo, demo, EntryAbility], errCode = 0
02-19 18:50:23.526  2008-2008    C04200/SceneSessionManager     com.ohos.sceneboard             I     <823>RequestSceneSession: get exist session persistentId: 56
02-19 18:50:23.526  2008-2008    C04200/JsSceneSession          com.ohos.sceneboard             I     <59>[NAPI]Create
02-19 18:50:23.527  2008-2008    A0001b/SceneBoard              com.ohos.sceneboard             I     SCBSceneSession --> requestOrientation: 0 queryKey: com.netease.lava.nertc.demodemoEntryAbility
02-19 18:50:23.527  2008-2008    C04200/JsSceneSession          com.ohos.sceneboard             I     <975>OnSessionTouchableChange: [NAPI]OnSessionTouchableChange, state: 1
02-19 18:50:23.527  2008-2008    C04200/JsSceneSession          com.ohos.sceneboard             I     <1475>OnShowWhenLocked: [NAPI]OnShowWhenLocked 0
02-19 18:50:23.528  2008-2008    A0001b/SceneBoard              com.ohos.sceneboard             I     SCBScenePanel --> update callerPersistentId1:0
02-19 18:50:23.528  2008-2008    A0001b/SceneBoard              com.ohos.sceneboard             I     SCBScenePanel --> currId = 56, oldId = 0, newId = 0, toId = 0
02-19 18:50:23.528  2008-2008    A0001b/SceneBoard              com.ohos.sceneboard             I     SCBScenePanel --> final callId = 0, toId = 0
02-19 18:50:23.528  2008-2008    A0001b/SceneBoard              com.ohos.sceneboard             I     SCBScenePanel --> onStartSceneFromOther isNewWant:false
02-19 18:50:23.529  2008-2008    A0001b/SceneBoard              com.ohos.sceneboard             W     SCBScenePanel --> Failed to get scene containerSession with session id: 56
02-19 18:50:23.529  2008-2008    A0001b/SceneBoard              com.ohos.sceneboard             I     SCBScenePanel --> Add scene container session, id: 20
02-19 18:50:23.530  2008-2008    A0001b/SceneBoard              com.ohos.sceneboard             I     SCBSceneSessionManager --> refreshZOrder
02-19 18:50:23.530  2008-2008    A0001b/SceneBoard              com.ohos.sceneboard             I     SCBSceneSessionManager --> traverse from bottom to top
02-19 18:50:23.530  1123-14421   C01301/FormManagerService      foundation                      I     [form_task_mgr.cpp(UpdateTaskToHost:565)]UpdateTaskToHost start.
02-19 18:50:23.530  1123-14421   C01301/FormManagerService      foundation                      I     [form_task_mgr.cpp(CreateFormJsInfo:769)]create formJsInfo
02-19 18:50:23.530  1123-14421   C01301/FormManagerService      foundation                      I     [form_provider_data.cpp(GetDataString:97)]get data string
02-19 18:50:23.530  1123-14421   C01301/FormManagerService      foundation                      I     [form_provider_data.cpp(Marshalling:320)]Marshalling called, jsonFormProviderData_: {"albumName":"图片","albumUri":"file://media/PhotoAlbum/7","currentIndex":0,"currentUri":"","fd":false,"formImages":{"image_-1_formId_1331420645_uri__orientation_0":-1},"image0":"memory://image_-1_formId_1331420645_uri__orientation_0","image1":"memory://image_-1_formId_1331420645_uri__orientation_0","indexValue":0,"isShow":true,"uri":"formAbilityNone"}
02-19 18:50:23.530  1123-14421   C01301/FormManagerService      foundation                      I     [form_provider_data.cpp(Marshalling:327)]Marshalling imageDateState is 0
02-19 18:50:23.530  1123-14421   C01301/FormManagerService      foundation                      I     [form_js_info.cpp(WriteImageData:149)]WriteImageData called
02-19 18:50:23.530  1123-14421   C01301/FormManagerService      foundation                      I     [form_js_info.cpp(WriteImageData:154)]WriteImageData imageDateState is 0
02-19 18:50:23.530  1123-14421   C01301/FormManagerService      foundation                      I     [form_js_info.cpp(WriteImageData:185)]WriteImageData end
02-19 18:50:23.530  14468-14468  C01305/Appkit                  com.huawei.hmos.photos:form     E     [idle_time.cpp(OnVSync:46)]Only support 60HZ.
02-19 18:50:23.530  2008-26917   C01301/FormManagerService      com.ohos.sceneboard             I     [form_host_stub.cpp(OnRemoteRequest:60)]FormHostStub::OnReceived, code = 3682, flags= 0.
02-19 18:50:23.530  2008-26917   C01301/FormManagerService      com.ohos.sceneboard             I     [form_provider_data.cpp(ReadFromParcel:282)]ReadFromParcel imageDateState is 0
02-19 18:50:23.531  2008-26917   C01301/FormManagerService      com.ohos.sceneboard             I     [form_js_info.cpp(ReadImageData:191)]ReadImageData called
02-19 18:50:23.531  2008-26917   C01301/FormManagerService      com.ohos.sceneboard             I     [form_js_info.cpp(ReadImageData:193)]ReadImageData imageDateState is 0
02-19 18:50:23.531  2008-26917   C01301/FormManagerService      com.ohos.sceneboard             I     [form_js_info.cpp(ReadImageData:223)]ReadImageData end
02-19 18:50:23.531  704-822      C01c06/TimeService             resource_schedu                 I     [time_service_client.cpp] GetBootTimeMs# Result: 33408606
02-19 18:50:23.531  1123-14421   C01301/FormManagerService      foundation                      I     [form_task_mgr.cpp(UpdateTaskToHost:576)]UpdateTaskToHost end.
02-19 18:50:23.531  2008-2356    C04200/SceneSessionManager     com.ohos.sceneboard             W     <3673>FillWindowInfo: filter gesture window.
02-19 18:50:23.531  2008-2008    A0001b/SceneBoard              com.ohos.sceneboard             I     SCBScenePanel --> start scene add new session: 20
02-19 18:50:23.531  2008-2356    C04200/SceneSessionManager     com.ohos.sceneboard             W     <3673>FillWindowInfo: filter gesture window.
02-19 18:50:23.531  2008-2008    A0001b/SceneBoard              com.ohos.sceneboard             E     SCBScenePanel --> no active session
02-19 18:50:23.531  2008-2008    A0001b/SceneBoard              com.ohos.sceneboard             I     SCBSceneContainerSession --> getTargetRotation: com.netease.lava.nertc.demorequestOrientation: 0
02-19 18:50:23.531  2008-2008    A0001b/SceneBoard              com.ohos.sceneboard             I     SCBSceneContainerSession --> processOrientationUnrelatedToSensor requestOrientation: 0
02-19 18:50:23.532  2008-2008    A0001b/SceneBoard              com.ohos.sceneboard             I     SCBSceneContainerSession --> Request scene container session activation, containerId: 20 isNewActive:false
02-19 18:50:23.532  680-764      C01d00/accessibility           accessibility                   I     [accessibility_window_manager.cpp(UpdateAccessibilityWindowInfo:205)]scene board window id 1 convert inner window id[10]
02-19 18:50:23.532  2008-2008    A0001b/SceneBoard              com.ohos.sceneboard             I     SCBScenePersistent --> save data length : 282
02-19 18:50:23.532  2008-2356    C04200/SceneSessionManager     com.ohos.sceneboard             I     <1043>operator(): active persistentId: 56
02-19 18:50:23.533  2008-2008    A0001b/SceneBoard              com.ohos.sceneboard             I     SCBScenePanel --> raiseSceneToTop.
02-19 18:50:23.533  2008-2008    A0001b/SceneBoard              com.ohos.sceneboard             I     SCBScenePanel --> Remove scene container session, id: 20
02-19 18:50:23.533  1123-1718    C02942/ThermalSvc              foundation                      I     [thermal_observer.cpp:289] OnReceivedSensorInfo# callbackinfo_ size = 6
02-19 18:50:23.533  2008-2008    A0001b/SceneBoard              com.ohos.sceneboard             I     SCBSceneSessionManager --> refreshZOrder
02-19 18:50:23.533  2008-2008    A0001b/SceneBoard              com.ohos.sceneboard             I     SCBSceneSessionManager --> traverse from bottom to top
02-19 18:50:23.534  1123-1718    C02942/ThermalSvc              foundation                      I     [thermal_observer.cpp:265] NotifySensorTempChanged# listeners.size = 0, callbackTypeMap.size = 0
02-19 18:50:23.534  1123-1718    C02942/ThermalSvc              foundation                      I     [thermal_service_subscriber.cpp:94] SetHistoryTypeTempMap# SetHistoryTypeTempMap: sec=30
02-19 18:50:23.534  2008-2356    C04200/SceneSessionManager     com.ohos.sceneboard             I     <1649>FillSessionInfo: FillSessionInfo end, removeMissionAfterTerminate: 0 excludeFromMissions: 0  label:$string:EntryAbility_label iconPath:$media:icon collaboratorType:/data/app/el1/bundle/public/com.netease.lava.nertc.demo
02-19 18:50:23.534  2008-2356    C04200/SceneSessionManager     com.ohos.sceneboard             I     <4485>PreHandleCollaborator: run PreHandleCollaborator
02-19 18:50:23.534  2008-2356    C04200/SceneSessionManager     com.ohos.sceneboard             I     <4489>PreHandleCollaborator: try to run NotifyStartAbility and NotifySessionCreate
02-19 18:50:23.534  2008-2356    C04200/SceneSessionManager     com.ohos.sceneboard             I     <4375>NotifyStartAbility: run NotifyStartAbility
02-19 18:50:23.535  2008-2356    C04200/SceneSessionManager     com.ohos.sceneboard             E     <4378>NotifyStartAbility: Fail to found collaborator with type: 0
02-19 18:50:23.535  2008-2356    C04200/SceneSessionManager     com.ohos.sceneboard             I     <4493>PreHandleCollaborator: broker persistentId: 0
02-19 18:50:23.535  2008-2356    C04200/SceneSessionManager     com.ohos.sceneboard             I     <4496>PreHandleCollaborator: affinity:
02-19 18:50:23.535  2008-2356    C04200/SceneSessionManager     com.ohos.sceneboard             I     <4397>NotifySessionCreate: run NotifySessionCreate
02-19 18:50:23.535  2008-2356    C04200/SceneSessionManager     com.ohos.sceneboard             E     <4408>NotifySessionCreate: Fail to found collaborator with type: 0
02-19 18:50:23.535  2008-2356    C04200/SceneSessionManager     com.ohos.sceneboard             E     <4339>CheckCollaboratorType: type is invalid
02-19 18:50:23.535  2008-2356    C01304/AbilityManagerService   com.ohos.sceneboard             I     [ability_manager_client.cpp(StartUIAbilityBySCB:262)]abilityName: EntryAbility.
02-19 18:50:23.536  1123-1718    C01510/IPCObjectProxy          foundation                      I     58: handle = 256 create, descriptor: IPCObjectProxy256
02-19 18:50:23.536  2008-2008    A0001b/SceneBoard              com.ohos.sceneboard             I     SCBScenePanel --> is scrolling value is  false  state is  1
02-19 18:50:23.536  704-822      C01c06/TimeService             resource_schedu                 I     [time_service_client.cpp] GetBootTimeMs# Result: 33408612
02-19 18:50:23.536  2008-2008    C03900/Ace                     com.ohos.sceneboard             E     [jsi_declarative_engine.cpp(GetStagingPage)-(-1)] jsiEngine is null
02-19 18:50:23.537  2008-2008    C03900/Ace                     com.ohos.sceneboard             W     [jsi_curves_module.cpp(ParseCurves)-(-1)] page is nullptr
02-19 18:50:23.537  2008-2008    C03900/Ace                     com.ohos.sceneboard             W     [engine_helper.cpp(GetCurrentDelegate)-(-1)] Can't find current engine, using active one
02-19 18:50:23.537  476-1364     C02d10/HiView-SysEventSource   hiview                          I     Parser: parser result domain_=AAFWK eventName_=START_ABILITY
02-19 18:50:23.537  2008-2008    C03900/Ace                     com.ohos.sceneboard             W     [jsi_base_utils.cpp(JsLogPrint)-(0)] ace Log: @Prop blurScale  Provided source object's class is not instance of SubscribableAbstract,
02-19 18:50:23.537  2008-2008    C03900/Ace                     com.ohos.sceneboard             W                 it also lacks @Observed class decorator. Object property changes will not be observed.
02-19 18:50:23.537  2008-2008    C03900/Ace                     com.ohos.sceneboard             W     [jsi_base_utils.cpp(JsLogPrint)-(0)] ace Log: @Prop blurBgColor  Provided source object's class is not instance of SubscribableAbstract,
02-19 18:50:23.537  2008-2008    C03900/Ace                     com.ohos.sceneboard             W                 it also lacks @Observed class decorator. Object property changes will not be observed.
02-19 18:50:23.538  2008-2008    C04200/JsSceneSessionManager   com.ohos.sceneboard             I     <305>[NAPI]RequestSceneSession
02-19 18:50:23.538  2008-2008    C04200/JsSceneSessionManager   com.ohos.sceneboard             I     <717>[NAPI]OnRequestSceneSession
02-19 18:50:23.538  2008-2008    C04200/JsSceneSessionManager   com.ohos.sceneboard             I     <748>OnRequestSceneSession: [NAPI]SessionInfo [BlurComponent34, BlurComponent34, BlurComponent34], errCode = 0
02-19 18:50:23.538  1123-1718    C01304/AbilityManagerService   foundation                      I     [ability_record.cpp(GetAbilityRecordByToken:160)]null
02-19 18:50:23.538  1123-1718    C01302/Want                    foundation                      I     [want.cpp(GetRemoteObject:535)]ohos.aafwk.param.abilityInfoCallback is invalid.
02-19 18:50:23.540  1123-1718    C01304/AbilityManagerService   foundation                      I     [ability_record.cpp(GetAbilityRecordByToken:160)]null
02-19 18:50:23.540  1123-1718    C01304/AbilityManagerService   foundation                      W     [ability_manager_service.cpp(UpdateCallerInfo:6531)]UpdateCallerInfo caller abilityRecord is null.
02-19 18:50:23.540  1123-1718    C01304/AbilityManagerService   foundation                      I     [ability_manager_service.cpp(PreLoadAppDataAbilities:5015)]App data abilities preloading done.
02-19 18:50:23.541  1123-1718    C01304/AbilityManagerService   foundation                      I     [ui_ability_lifecycle_manager.cpp(StartUIAbility:68)]session id: 56. bundle: com.netease.lava.nertc.demo, ability: EntryAbility
02-19 18:50:23.541  704-2397     C01700/RSS                     resource_schedu                 I     ResSchedService::ReportData from ipc receive data resType = 27, value = 1.
02-19 18:50:23.541  1123-1718    C01510/IPCObjectStub           foundation                      I     63: create, desc: ohos.aafwk.AbilityToken
02-19 18:50:23.541  704-826      C01700/RSS                     resource_schedu                 I     IOSchedPlugin::OnDispatchResource success.
02-19 18:50:23.541  704-826      C01700/RSS                     resource_schedu                 I     SocPerfPlugin: socperf->APP_COLD_START
02-19 18:50:23.542  1123-1718    C01304/AbilityManagerService   foundation                      I     [ability_record.cpp(InitPersistableUriPermissionConfig:2851)]GrantPersistableUriPermissionEnable, persist.sys.prepare_terminate value is false.
02-19 18:50:23.542  1123-1718    C01304/AbilityManagerService   foundation                      I     [app_exit_reason_data_manager.cpp(GetAbilityRecoverInfo:383)]GetAbilityRecoverInfo bundle com.netease.lava.nertc.demo module demo abillity EntryAbility
02-19 18:50:23.542  1123-1718    C01630/DistributedDB           foundation                      W     [KvStoreNbDelegate] Get the data failed:-1003
02-19 18:50:23.542  1123-1718    C01610/ZDDS                    foundation                      E     SingleStoreImpl::Get: status:0x1a30007 key:rec***emo
02-19 18:50:23.542  1123-1718    C01304/AbilityManagerService   foundation                      W     [app_exit_reason_data_manager.cpp(GetAbilityRecoverInfo:398)]GetAbilityRecoverInfo KEY_NOT_FOUND
02-19 18:50:23.542  1123-1718    C01304/AbilityManagerService   foundation                      I     [app_exit_reason_data_manager.cpp(DeleteAbilityRecoverInfo:340)]DeleteAbilityRecoverInfo bundle com.netease.lava.nertc.demo module demo ability EntryAbility
02-19 18:50:23.542  1123-1718    C01630/DistributedDB           foundation                      W     [KvStoreNbDelegate] Get the data failed:-1003
02-19 18:50:23.543  1123-1718    C01610/ZDDS                    foundation                      E     SingleStoreImpl::Get: status:0x1a30007 key:rec***emo
02-19 18:50:23.543  1123-1718    C01304/AbilityManagerService   foundation                      E     [app_exit_reason_data_manager.cpp(DeleteAbilityRecoverInfo:353)]DeleteAbilityRecoverInfo get error: 27459591
02-19 18:50:23.543  1123-1718    C01304/AbilityManagerService   foundation                      I     [ability_record.cpp(GetAbilityRecordByToken:160)]null
02-19 18:50:23.543  1123-1718    C01304/AbilityManagerService   foundation                      E     [ability_record.cpp(AddCallerRecord:1726)]pointer is nullptr.
02-19 18:50:23.543  1123-1718    C01304/AbilityManagerService   foundation                      W     [ability_record.cpp(GrantUriPermission:2585)]Do not call uriPermissionMgr.
02-19 18:50:23.543  2008-2356    C04200/SceneSessionManager     com.ohos.sceneboard             E     <4339>CheckCollaboratorType: type is invalid
02-19 18:50:23.543  2008-2356    C04200/SceneSessionManager     com.ohos.sceneboard             I     <832>operator(): sessionInfo: bundleName: BlurComponent34, moduleName: BlurComponent34, abilityName: BlurComponent34,             appIndex: 0, type 2109
02-19 18:50:23.543  2008-2356    C01510/IPCObjectStub           com.ohos.sceneboard             I     63: create, desc: OHOS.ISession
02-19 18:50:23.544  1278-25881   C01401/Bufferqueue             render_service                  I     (BlurComponent34) BufferQueue: ctor, Queue id: 5488968204372 isShared: 0
02-19 18:50:23.543  1123-14445   C01303/AppMgrService           foundation                      I     [app_mgr_service_inner.cpp(LoadAbility:181)]load,name:EntryAbility.
02-19 18:50:23.544  1278-25881   C01510/IPCObjectStub           render_service                  I     63: create, desc: surf.IBufferProducer
02-19 18:50:23.544  1123-14445   C01303/AppMgrService           foundation                      I     [app_mgr_service_inner.cpp(GetBundleAndHapInfo:328)]userId:100
02-19 18:50:23.544  1278-25881   C01400/OHOS::RS                render_service                  I     RsDebug RSRenderService::CreateNodeAndSurface nodeid:8624294334391 name:BlurComponent34 bundleName: surface id:5488968204372 name:BlurComponent34
02-19 18:50:23.544  1278-25881   C01401/Bufferqueue             render_service                  E     (BlurComponent34) ~ProducerSurface: Wrong SptrRefCount! producer_:3
02-19 18:50:23.544  1278-25881   C01401/Bufferqueue             render_service                  E     (BlurComponent34) ~ProducerSurface: Disconnect failed, <412 invalid operating>
02-19 18:50:23.544  1123-14445   C01120/BundleMgrService        foundation                      W     [bundle_data_mgr.cpp(GetInnerBundleInfoByUid):2081] the uid(5523) is not an application.
02-19 18:50:23.544  2008-2356    C01510/IPCObjectProxy          com.ohos.sceneboard             I     58: handle = 116 create, descriptor: IPCObjectProxy116
02-19 18:50:23.544  1123-14445   C01303/AppMgrService           foundation                      I     [app_running_manager.cpp(CheckAppRunningRecordIsExist:78)]appName: com.netease.lava.nertc.demo, processName: com.netease.lava.nertc.demo, uid : 20010081
02-19 18:50:23.544  1123-14445   C01303/AppMgrService           foundation                      I     [app_running_record.cpp(AddModule:615)]Add module.
02-19 18:50:23.544  1123-14445   C01303/AppMgrService           foundation                      I     [app_running_record.cpp(SetDebugApp:1452)]SetDebugApp come, value is 0
02-19 18:50:23.544  2008-2356    C04200/SceneSessionManager     com.ohos.sceneboard             I     <2145>RegisterSessionExceptionFunc: RegisterSessionExceptionFunc success, id: 57
02-19 18:50:23.544  2008-2356    C04200/SceneSessionManager     com.ohos.sceneboard             W     <739>UpdateParentSession: Property is null, no need to update parent info
02-19 18:50:23.544  2008-2356    C04200/SceneSessionManager     com.ohos.sceneboard             E     <4339>CheckCollaboratorType: type is invalid
02-19 18:50:23.544  2008-2356    C04200/SceneSessionManager     com.ohos.sceneboard             I     <2177>RegisterSessionSnapshotFunc: RegisterSessionSnapshotFunc success, id: 57
02-19 18:50:23.544  2008-2356    C04200/SceneSessionManager     com.ohos.sceneboard             I     <866>operator(): create session persistentId: 57
02-19 18:50:23.544  1123-14445   C01303/AppMgrService           foundation                      E     [app_running_record.cpp(GetModuleRunningRecordByToken:708)]token is null
02-19 18:50:23.544  1123-14445   C01303/AppMgrService           foundation                      E     [app_running_record.cpp(GetModuleRunningRecordByToken:708)]token is null
02-19 18:50:23.544  1123-14445   C01303/AppMgrService           foundation                      E     [app_running_record.cpp(GetModuleRunningRecordByToken:708)]token is null
02-19 18:50:23.544  1123-14445   C01303/AppMgrService           foundation                      E     [app_running_record.cpp(GetModuleRunningRecordByToken:708)]token is null
02-19 18:50:23.544  1123-14445   C01303/AppMgrService           foundation                      E     [app_running_record.cpp(GetModuleRunningRecordByToken:708)]token is null
02-19 18:50:23.544  1123-14445   C01303/AppMgrService           foundation                      E     [app_running_record.cpp(GetModuleRunningRecordByToken:708)]token is null
02-19 18:50:23.544  1123-14445   C01303/AppMgrService           foundation                      E     [app_running_record.cpp(GetModuleRunningRecordByToken:708)]token is null
02-19 18:50:23.544  1123-14445   C01303/AppMgrService           foundation                      E     [app_running_record.cpp(GetModuleRunningRecordByToken:708)]token is null
02-19 18:50:23.544  1123-14445   C01303/AppMgrService           foundation                      E     [app_running_record.cpp(GetModuleRunningRecordByToken:708)]token is null
02-19 18:50:23.544  1123-14445   C01303/AppMgrService           foundation                      E     [app_running_record.cpp(GetModuleRunningRecordByToken:708)]token is null
02-19 18:50:23.544  1123-14445   C01303/AppMgrService           foundation                      E     [app_running_record.cpp(GetModuleRunningRecordByToken:708)]token is null
02-19 18:50:23.544  1123-14445   C01303/AppMgrService           foundation                      E     [app_running_record.cpp(GetModuleRunningRecordByToken:708)]token is null
02-19 18:50:23.544  1123-14445   C01303/AppMgrService           foundation                      E     [app_running_record.cpp(GetModuleRunningRecordByToken:708)]token is null
02-19 18:50:23.544  1123-14445   C01303/AppMgrService           foundation                      E     [app_running_record.cpp(GetModuleRunningRecordByToken:708)]token is null
02-19 18:50:23.544  1123-14445   C01303/AppMgrService           foundation                      E     [app_running_record.cpp(GetModuleRunningRecordByToken:708)]token is null
02-19 18:50:23.544  1123-14445   C01303/AppMgrService           foundation                      E     [app_running_record.cpp(GetModuleRunningRecordByToken:708)]token is null
02-19 18:50:23.544  1123-14445   C01303/AppMgrService           foundation                      E     [app_running_record.cpp(GetModuleRunningRecordByToken:708)]token is null
02-19 18:50:23.544  2008-2008    C04200/JsSceneSession          com.ohos.sceneboard             I     <59>[NAPI]Create
02-19 18:50:23.544  2008-2008    A0001b/SceneBoard              com.ohos.sceneboard             I     SCBSystemSceneSession --> constructor, id: 57, type: 6, systemName: BlurComponent34
02-19 18:50:23.544  2008-2008    A0001b/SceneBoard              com.ohos.sceneboard             I     SCBSceneSessionManager --> requestSystemSceneSession: BlurComponent34 persistentId: 57
02-19 18:50:23.544  1279-1335    C02f01/ATMServ                 accesstoken_ser                 I     [GetReqPermissions]:tokenID: 0x20048821, isSystemGrant: 0
02-19 18:50:23.545  1279-1335    C02f01/PermissionManager       accesstoken_ser                 I     [GetReqPermissions]:GetReqPermissions called, tokenID: 537167905, isSystemGrant: 0
02-19 18:50:23.545  1123-14445   C02f01/ATMProxy                foundation                      I     [GetReqPermissions]:result from server data = 0
02-19 18:50:23.545  2008-2008    C03900/Ace                     com.ohos.sceneboard             E     [scroll_bar_proxy.cpp(RegisterScrollableNode)-(0)] scrollable node is already exist.
02-19 18:50:23.545  1279-1335    C02f01/ATMServ                 accesstoken_ser                 I     [GetReqPermissions]:tokenID: 0x20048821, isSystemGrant: 1
02-19 18:50:23.545  1279-1335    C02f01/PermissionManager       accesstoken_ser                 I     [GetReqPermissions]:GetReqPermissions called, tokenID: 537167905, isSystemGrant: 1
02-19 18:50:23.545  1123-14445   C02f01/ATMProxy                foundation                      I     [GetReqPermissions]:result from server data = 0
02-19 18:50:23.545  476-1364     C02d10/HiView-SysEventSource   hiview                          I     Parser: parser result domain_=AAFWK eventName_=APP_STARTUP_TYPE
02-19 18:50:23.546  1123-14445   C02c11/APPSPAWN                foundation                      I     [sandbox_utils.cpp:598]GetMountPermissionNames size: 2
02-19 18:50:23.546  2008-2008    C03900/Ace                     com.ohos.sceneboard             E     [js_if_else.cpp(SetBranchId)-(0)] invalid JS function signature: required SetBranchId(branchId, Array<number>)
02-19 18:50:23.546  1123-14445   C01120/BundleMgrService        foundation                      W     [bundle_data_mgr.cpp(GetInnerBundleInfoByUid):2081] the uid(5523) is not an application.
02-19 18:50:23.546  1123-14445   C01120/BundleMgrService        foundation                      W     [bundle_overlay_data_manager.cpp(GetCallingBundleName):720] calling GetBundleNameForUid failed by calling uid 5523
02-19 18:50:23.546  1123-14445   C02c11/APPSPAWN                foundation                      I     [client_socket.cpp:72]Client: Connected on socket fd 6 value 2
02-19 18:50:23.546  482-482      C02c11/APPSPAWN                appspawn                        I     [appspawn_service.c:515]OnConnection client fd 20 Id 145
02-19 18:50:23.546  2008-2008    C03900/Ace                     com.ohos.sceneboard             E     [js_if_else.cpp(SetBranchId)-(0)] invalid JS function signature: required SetBranchId(branchId, Array<number>)
02-19 18:50:23.546  482-482      C02c11/APPSPAWN                appspawn                        I     [appspawn_service.c:381]ReceiveRequestData: buffLen=2152
02-19 18:50:23.546  2008-2008    C03900/Ace                     com.ohos.sceneboard             E     [jsi_base_utils.cpp(JsLogPrint)-(0)] ace Log: SCBSceneContainer[8065]: update function of ElementId 14618 not found, internal error!
02-19 18:50:23.546  2008-2008    C03900/Ace                     com.ohos.sceneboard             E     [jsi_base_utils.cpp(JsLogPrint)-(0)] ace Log: SCBSceneContainer[8065]: update function of ElementId 14619 not found, internal error!
02-19 18:50:23.546  2008-2008    C03900/Ace                     com.ohos.sceneboard             E     [jsi_base_utils.cpp(JsLogPrint)-(0)] ace Log: SCBSceneContainer[8065]: update function of ElementId 14620 not found, internal error!
02-19 18:50:23.546  482-482      C02c11/APPSPAWN                appspawn                        I     [appspawn_service.c:428]Info Receive client message  id 145 code 0
02-19 18:50:23.546  482-482      C02c11/APPSPAWN                appspawn                        I     [appspawn_service.c:428]processname com.netease.lava.nertc.demo flags 0x8
02-19 18:50:23.546  482-482      C02c11/APPSPAWN                appspawn                        I     [appspawn_service.c:428]flags 0x0 cloneFlags 0x20000 hapFlags 0x0
02-19 18:50:23.546  482-482      C02c11/APPSPAWN                appspawn                        I     [appspawn_service.c:428]bundleName com.netease.lava.nertc.demo soPath
02-19 18:50:23.546  482-482      C02c11/APPSPAWN                appspawn                        I     [appspawn_service.c:428]Access token apl normal renderCmd invalidparam
02-19 18:50:23.546  482-482      C02c11/APPSPAWN                appspawn                        I     [appspawn_service.c:428]uid 20010081 20010081 gid count 1
02-19 18:50:23.546  2008-2008    C03900/Ace                     com.ohos.sceneboard             E     [jsi_base_utils.cpp(JsLogPrint)-(0)] ace Log: SCBSceneContainer[8065]: update function of ElementId 14621 not found, internal error!
02-19 18:50:23.546  482-482      C02c11/APPSPAWN                appspawn                        I     [appspawn_service.c:428]setAllowInternet 0 allowInternet 1
02-19 18:50:23.546  482-482      C02c11/APPSPAWN                appspawn                        I     [appspawn_server.c:217]AppSpawnProcessMsg id 145 0x0
02-19 18:50:23.546  2008-2008    C03900/Ace                     com.ohos.sceneboard             E     [jsi_base_utils.cpp(JsLogPrint)-(0)] ace Log: SCBSceneContainer[8065]: update function of ElementId 14622 not found, internal error!
02-19 18:50:23.546  2008-2008    C03900/Ace                     com.ohos.sceneboard             E     [jsi_base_utils.cpp(JsLogPrint)-(0)] ace Log: SCBSceneContainer[8065]: update function of ElementId 14623 not found, internal error!
02-19 18:50:23.546  2008-2008    C03900/Ace                     com.ohos.sceneboard             E     [jsi_base_utils.cpp(JsLogPrint)-(0)] ace Log: SCBSceneContainer[8065]: update function of ElementId 14624 not found, internal error!
02-19 18:50:23.546  2008-2008    C03900/Ace                     com.ohos.sceneboard             E     [jsi_base_utils.cpp(JsLogPrint)-(0)] ace Log: SCBSceneContainer[8065]: update function of ElementId 14627 not found, internal error!
02-19 18:50:23.546  2008-2008    C03900/Ace                     com.ohos.sceneboard             E     [jsi_base_utils.cpp(JsLogPrint)-(0)] ace Log: SCBSceneContainer[8065]: update function of ElementId 14633 not found, internal error!
02-19 18:50:23.546  2008-2008    C03900/Ace                     com.ohos.sceneboard             E     [jsi_base_utils.cpp(JsLogPrint)-(0)] ace Log: SCBSceneContainer[8065]: update function of ElementId 14634 not found, internal error!
02-19 18:50:23.546  2008-2008    C03900/Ace                     com.ohos.sceneboard             E     [jsi_base_utils.cpp(JsLogPrint)-(0)] ace Log: SCBSceneContainer[8065]: update function of ElementId 14636 not found, internal error!
02-19 18:50:23.547  2008-2008    C03900/Ace                     com.ohos.sceneboard             E     [jsi_base_utils.cpp(JsLogPrint)-(0)] ace Log: SCBSceneContainer[8065]: update function of ElementId 14637 not found, internal error!
02-19 18:50:23.547  2008-2008    C03900/Ace                     com.ohos.sceneboard             E     [jsi_base_utils.cpp(JsLogPrint)-(0)] ace Log: SCBSceneContainer[8065]: update function of ElementId 14645 not found, internal error!
02-19 18:50:23.547  2008-2008    C03900/Ace                     com.ohos.sceneboard             E     [jsi_base_utils.cpp(JsLogPrint)-(0)] ace Log: SCBSceneContainer[8065]: update function of ElementId 14723 not found, internal error!
02-19 18:50:23.547  2008-2008    C03900/Ace                     com.ohos.sceneboard             E     [jsi_base_utils.cpp(JsLogPrint)-(0)] ace Log: SCBSceneContainer[8065]: update function of ElementId 14746 not found, internal error!
02-19 18:50:23.547  2008-2008    A0001b/SceneBoard              com.ohos.sceneboard             I     BlurComponent --> BlurComponent34 aboutToAppear!
02-19 18:50:23.547  2008-2008    C03900/Ace                     com.ohos.sceneboard             W     [rosen_render_context.cpp(SetRSNode)-(0)] uiNode is null, return on line 3279
02-19 18:50:23.548  2008-2008    C03900/Ace                     com.ohos.sceneboard             E     [js_if_else.cpp(SetBranchId)-(0)] invalid JS function signature: required SetBranchId(branchId, Array<number>)
02-19 18:50:23.548  2008-2008    C03900/Ace                     com.ohos.sceneboard             E     [js_if_else.cpp(SetBranchId)-(0)] invalid JS function signature: required SetBranchId(branchId, Array<number>)
02-19 18:50:23.551  14525-14525  C02c11/APPSPAWN                pid-14525                       I     [appspawn_process.c:192]ClearEnvironment id 145
02-19 18:50:23.551  2008-2008    C03900/Ace                     com.ohos.sceneboard             E     [js_if_else.cpp(SetBranchId)-(0)] invalid JS function signature: required SetBranchId(branchId, Array<number>)
02-19 18:50:23.551  2008-2008    C03900/Ace                     com.ohos.sceneboard             E     [js_if_else.cpp(SetBranchId)-(0)] invalid JS function signature: required SetBranchId(branchId, Array<number>)
02-19 18:50:23.551  2008-2008    C03900/Ace                     com.ohos.sceneboard             E     [js_if_else.cpp(SetBranchId)-(0)] invalid JS function signature: required SetBranchId(branchId, Array<number>)
02-19 18:50:23.551  2008-2008    C03900/Ace                     com.ohos.sceneboard             E     [js_if_else.cpp(SetBranchId)-(0)] invalid JS function signature: required SetBranchId(branchId, Array<number>)
02-19 18:50:23.551  2008-2008    C03900/Ace                     com.ohos.sceneboard             E     [js_if_else.cpp(SetBranchId)-(0)] invalid JS function signature: required SetBranchId(branchId, Array<number>)
02-19 18:50:23.552  2008-2008    A0001b/SceneBoard              com.ohos.sceneboard             I     SCBSceneSession --> registerCreateSubSessionCallback
02-19 18:50:23.552  2008-2008    A0001b/SceneBoard              com.ohos.sceneboard             I     SCBSceneSession --> registerSessionTouchableChangeCallback
02-19 18:50:23.552  2008-2008    A0001b/SceneBoard              com.ohos.sceneboard             I     SCBSceneSession --> registerSessionSystemBarPropertyCallback
02-19 18:50:23.552  2008-2008    A0001b/SceneBoard              com.ohos.sceneboard             I     SCBSceneSession --> registerCreateDialogCallback
02-19 18:50:23.552  2008-2008    A0001b/SceneBoard              com.ohos.sceneboard             I     SCBScene --> SCBSceneSession bundle name: com.netease.lava.nertc.demo id: 56
02-19 18:50:23.552  2008-2008    A0001b/SceneBoard              com.ohos.sceneboard             I     SCBScene --> SCBScene build: com.netease.lava.nertc.demo id: 56
02-19 18:50:23.552  2008-2008    C03900/Ace                     com.ohos.sceneboard             W     [rosen_render_context.cpp(SetRSNode)-(0)] uiNode is null, return on line 3279
02-19 18:50:23.552  2008-2008    C03900/Ace                     com.ohos.sceneboard             I     [window_pattern.cpp(OnAttachToFrameNode)-(0)] Session state: 0, bundle name: com.netease.lava.nertc.demo
02-19 18:50:23.552  14525-14525  C02c11/APPSPAWN                pid-14525                       I     [sandbox_utils.cpp:197]errno is: 2, bind mount /system/data to /mnt/sandbox/com.netease.lava.nertc.demo/system/data
02-19 18:50:23.552  14525-14525  C02c11/APPSPAWN                pid-14525                       I     [json_utils.cpp:51]Find key[check-action-status] : false successful.
02-19 18:50:23.553  14525-14525  C02c11/APPSPAWN                pid-14525                       I     [sandbox_utils.cpp:197]errno is: 2, bind mount /vendor/lib to /mnt/sandbox/com.netease.lava.nertc.demo/vendor/lib
02-19 18:50:23.553  14525-14525  C02c11/APPSPAWN                pid-14525                       I     [json_utils.cpp:51]Find key[check-action-status] : false successful.
02-19 18:50:23.553  14525-14525  C02c11/APPSPAWN                pid-14525                       I     [sandbox_utils.cpp:197]errno is: 2, bind mount /data/local/ark-cache/com.netease.lava.nertc.demo to /mnt/sandbox/com.netease.lava.nertc.demo/data/storage/ark-cache
02-19 18:50:23.553  14525-14525  C02c11/APPSPAWN                pid-14525                       I     [json_utils.cpp:51]Find key[check-action-status] : false successful.
02-19 18:50:23.553  14525-14525  C02c11/APPSPAWN                pid-14525                       I     [sandbox_utils.cpp:197]errno is: 2, bind mount /system/asan/lib64 to /mnt/sandbox/com.netease.lava.nertc.demo/system/asan/lib64
