02-20 10:46:05.535  1050-1240    C02926/BatteryInfo             power_host                      E     [power_supply_provider.cpp:268] ReadSysfsFile# failed to open file
02-20 10:46:05.535  1050-1240    C02926/BatteryInfo             power_host                      W     [power_supply_provider.cpp:303] GetPluggedTypeName# read online path failed in loop, ret: -17
02-20 10:46:05.536  1123-1703    C02922/BatterySvc              foundation                      I     [battery_notify.cpp:58] PublishEvents# common event service ability init success
02-20 10:46:05.537  1123-1703    C01120/BundleMgrService        foundation                      W     [bundle_data_mgr.cpp(GetInnerBundleInfoByUid):2081] the uid(3025) is not an application.
02-20 10:46:05.538  1123-5130    C01200/Ces                     foundation                      I     [common_event_support.cpp:(IsSystemEvent):1706] enter
02-20 10:46:05.538  1123-1703    C01120/BundleMgrService        foundation                      W     [bundle_data_mgr.cpp(GetInnerBundleInfoByUid):2081] the uid(3025) is not an application.
02-20 10:46:05.538  1123-5130    C01200/Ces                     foundation                      I     [common_event_support.cpp:(IsSystemEvent):1706] enter
02-20 10:46:05.538  1123-5141    C01200/Ces                     foundation                      E     [access_token_helper.cpp:(RecordSensitivePermissionUsage):47] tokenType != ATokenTypeEnum::TOKEN_HAP
02-20 10:46:05.538  1123-5141    C01200/Ces                     foundation                      E     [access_token_helper.cpp:(RecordSensitivePermissionUsage):47] tokenType != ATokenTypeEnum::TOKEN_HAP
02-20 10:46:05.539  1123-1684    C02942/ThermalSvc              foundation                      I     [thermal_common_event_receiver.cpp:99] HandleEvent# Handle Event: usual.event.BATTERY_CHANGED_INNER
02-20 10:46:05.539  1123-1684    C02942/ThermalSvc              foundation                      I     [charger_state_collection.cpp:166] HandleChargeIdleState# soc=100, charging==3, current==-475, level==1
02-20 10:46:05.539  1123-1684    C02942/ThermalSvc              foundation                      I     [thermal_common_event_receiver.cpp:99] HandleEvent# Handle Event: usual.event.BATTERY_CHANGED_INNER
02-20 10:46:05.539  1123-1684    C02942/ThermalSvc              foundation                      I     [charger_state_collection.cpp:166] HandleChargeIdleState# soc=100, charging==3, current==-475, level==1
02-20 10:46:05.539  476-1364     C02d10/HiView-SysEventSource   hiview                          I     Parser: parser result domain_=BATTERY eventName_=CHANGED
02-20 10:46:05.540  1123-5132    C01200/Ces                     foundation                      E     [access_token_helper.cpp:(RecordSensitivePermissionUsage):47] tokenType != ATokenTypeEnum::TOKEN_HAP
02-20 10:46:05.540  1123-1684    C02962/StatsSvc                foundation                      I     [battery_stats_subscriber.cpp:52] OnReceiveEvent# Received COMMON_EVENT_BATTERY_CHANGED event, capacity=100, pluggedType=2
02-20 10:46:05.540  1123-5132    C01200/Ces                     foundation                      E     [access_token_helper.cpp:(RecordSensitivePermissionUsage):47] tokenType != ATokenTypeEnum::TOKEN_HAP
02-20 10:46:05.541  1123-1684    C02962/StatsSvc                foundation                      I     [battery_stats_entity.cpp:142] ResetStatsEntity# Reset total consumption power and battery stats list
02-20 10:46:05.541  1123-5132    C01200/Ces                     foundation                      E     [access_token_helper.cpp:(RecordSensitivePermissionUsage):47] tokenType != ATokenTypeEnum::TOKEN_HAP
02-20 10:46:05.541  1123-1684    C02942/ThermalSvc              foundation                      I     [thermal_common_event_receiver.cpp:99] HandleEvent# Handle Event: usual.event.BATTERY_CHANGED
02-20 10:46:05.541  1123-1684    C02942/ThermalSvc              foundation                      I     [charger_state_collection.cpp:166] HandleChargeIdleState# soc=100, charging==3, current==-475, level==1
02-20 10:46:05.541  1123-5132    C01200/Ces                     foundation                      E     [access_token_helper.cpp:(RecordSensitivePermissionUsage):47] tokenType != ATokenTypeEnum::TOKEN_HAP
02-20 10:46:05.541  1123-1684    C02942/ThermalSvc              foundation                      I     [thermal_common_event_receiver.cpp:99] HandleEvent# Handle Event: usual.event.BATTERY_CHANGED
02-20 10:46:05.541  1123-1684    C02942/ThermalSvc              foundation                      I     [charger_state_collection.cpp:166] HandleChargeIdleState# soc=100, charging==3, current==-475, level==1
02-20 10:46:05.541  1123-1684    C02942/ThermalSvc              foundation                      I     [thermal_common_event_receiver.cpp:99] HandleEvent# Handle Event: usual.event.BATTERY_CHANGED
02-20 10:46:05.541  1123-1684    C02942/ThermalSvc              foundation                      I     [charger_state_collection.cpp:166] HandleChargeIdleState# soc=100, charging==3, current==-475, level==1
02-20 10:46:05.541  1123-5132    C01200/Ces                     foundation                      E     [access_token_helper.cpp:(RecordSensitivePermissionUsage):47] tokenType != ATokenTypeEnum::TOKEN_HAP
02-20 10:46:05.541  1123-5132    C01200/Ces                     foundation                      E     [access_token_helper.cpp:(RecordSensitivePermissionUsage):47] tokenType != ATokenTypeEnum::TOKEN_HAP
02-20 10:46:05.542  1123-5132    C01200/Ces                     foundation                      E     [access_token_helper.cpp:(RecordSensitivePermissionUsage):52] permission denied
02-20 10:46:05.542  759-1738     C015b5/netmanager_enhanced     netmanager                      W     [COMM] log len error
02-20 10:46:05.543  476-1899     C02904/DumperCpuService        hiview                          I     OnReceiveEvent# dump battery stats on receive event action=usual.event.BATTERY_CHANGED
02-20 10:46:05.543  476-1899     C02904/DumperCpuService        hiview                          I     OnReceiveEvent# Received COMMON_EVENT_BATTERY_CHANGED event, capacity=100, last capacity=100
02-20 10:46:05.544  2008-2008    A0001b/SceneBoard              com.ohos.sceneboard             I     BatteryComponent-batteryModel --> setBatteryStatus
02-20 10:46:05.545  2008-2008    A0001b/SceneBoard              com.ohos.sceneboard             I     BatteryComponent-batteryModel --> batterySoc = 100
02-20 10:46:05.546  1050-1687    C02926/BatteryInfo             power_host                      E     [power_supply_provider.cpp:268] ReadSysfsFile# failed to open file
02-20 10:46:05.546  1050-1687    C02926/BatteryInfo             power_host                      W     [power_supply_provider.cpp:303] GetPluggedTypeName# read online path failed in loop, ret: -17
02-20 10:46:05.587  704-822      C01c06/TimeService             resource_schedu                 I     [time_service_client.cpp] GetBootTimeMs# Result: 90750782
02-20 10:46:05.800  1840-1949    C01560/StaNetworkCheck         wifi_manager_se                 I     Enter httpDetection
02-20 10:46:05.800  1840-1949    C01560/OHWIFI_UTILS_HTTP_REQ   wifi_manager_se                 I     GetHostAddrFromUrl urlTmp2 = [<private>].
02-20 10:46:05.800  1840-1949    C01560/OHWIFI_UTILS_HTTP_REQ   wifi_manager_se                 I     GetIPFromUrl Url maybe contain Domain.
02-20 10:46:05.801  1840-5149    C01560/OHWIFI_UTILS_HTTP_REQ   wifi_manager_se                 E     GetHostThread ipOrDomain is connectivitycheck.platform.hicloud.com.
02-20 10:46:05.802  1840-5149    C01560/OHWIFI_UTILS_HTTP_REQ   wifi_manager_se                 E     GetHostThread ipaddr is 220.185.180.74.
02-20 10:46:05.802  1840-1949    C01560/OHWIFI_UTILS_HTTP_REQ   wifi_manager_se                 I     iPort= [80],strIP= [<private>]
02-20 10:46:05.835  1840-1949    C01560/StaNetworkCheck         wifi_manager_se                 E     This network is normal!
02-20 10:46:05.938  704-822      C01c06/TimeService             resource_schedu                 I     [time_service_client.cpp] GetBootTimeMs# Result: 90751133
02-20 10:46:06.009  1059-1321    C015c0/dsoftbus                softbus_server                  E     SoftBusCondTimedWait timeout, ret[110]
02-20 10:46:06.288  704-822      C01c06/TimeService             resource_schedu                 I     [time_service_client.cpp] GetBootTimeMs# Result: 90751482
02-20 10:46:06.289  476-1364     C02d10/HiView-SysEventSource   hiview                          I     Parser: parser result domain_=DISPLAY eventName_=AMBIENT_LIGHT
02-20 10:46:06.291  1123-1703    C02965/StatsUtils              foundation                      W     [stats_utils.cpp:191] ConvertStatsType# Convert failed due to illegal type=15
02-20 10:46:06.389  2008-2008    C01560/WifiNAPIUtils           com.ohos.sceneboard             I     Call wifi func: GetLinkedInfo (start)
02-20 10:46:06.389  2008-2008    C01560/WifiNAPIUtils           com.ohos.sceneboard             I     Call wifi func: GetLinkedInfo (end), time cost:273us, 0ms
02-20 10:46:06.390  2008-5078    C01560/WifiNAPIUtils           com.ohos.sceneboard             I     Call wifi func: wifiDevicePtr->GetLinkedInfo (start)
02-20 10:46:06.390  2008-5078    C01510/IPCObjectStub           com.ohos.sceneboard             I     63: create, desc: OHOS.ISystemAbilityLoadCallback
02-20 10:46:06.391  480-901      C01510/IPCObjectProxy          samgr                           I     58: handle = 73 create, descriptor: IPCObjectProxy73
02-20 10:46:06.391  480-901      C01800/SAMGR                   samgr                           I     [SA Scheduler][SA: 1120] handle load event start, callingpid: 2008
02-20 10:46:06.391  480-901      C01800/SAMGR                   samgr                           I     NotifySystemAbilityLoaded systemAbilityId : 1120
02-20 10:46:06.392  480-901      C01510/IPCObjectProxy          samgr                           W     63: handle = 73 destroyed, descriptor: IPCObjectProxy73
02-20 10:46:06.392  2008-2362    C01800/SA_CLIENT               com.ohos.sceneboard             I     SystemAbilityLoadCallbackStub::OnRemoteRequest, code = 1
02-20 10:46:06.392  704-822      C01c06/TimeService             resource_schedu                 I     [time_service_client.cpp] GetBootTimeMs# Result: 90751586
02-20 10:46:06.392  2008-5078    C01800/SA_CLIENT               com.ohos.sceneboard             I     LoadSystemAbility systemAbilityId : 1120, SendRequest succeed!
02-20 10:46:06.392  2008-2014    C01510/IPCObjectStub           com.ohos.sceneboard             W     68: destroy, desc: OHOS.ISystemAbilityLoadCallback
02-20 10:46:06.393  1840-1846    C01560/OHWIFI_MANAGER_PERMISSION_HELPE wifi_manager_se                 I     callerToken=0x2005c34e has permission_name=ohos.permission.GET_WIFI_INFO, pid=0x7d8, type=0
02-20 10:46:06.393  1840-1846    C01560/OHWIFI_MANAGER_PERMISSION_HELPE wifi_manager_se                 I     callerToken=0x2005c34e has no permission_name=ohos.permission.GET_WIFI_LOCAL_MAC, pid=0x7d8, type=0
02-20 10:46:06.393  1840-1846    C01560/WifiDeviceServiceImpl   wifi_manager_se                 E     GetLinkedInfo:VerifyGetWifiLocalMacPermission() PERMISSION_DENIED!
02-20 10:46:06.393  2008-5078    C01560/WifiNAPIUtils           com.ohos.sceneboard             I     Call wifi func: wifiDevicePtr->GetLinkedInfo (end), time cost:3635us, 3ms
02-20 10:46:06.394  2008-2008    C01560/WifiNAPIDevice          com.ohos.sceneboard             I     Push get linkedInfo result to client
02-20 10:46:06.394  2008-2008    C01560/WifiNAPIErrCode         com.ohos.sceneboard             I     HandleCallbackErrCode, errCode = 0
02-20 10:46:06.394  2008-2008    A0001b/SceneBoard              com.ohos.sceneboard             I     Model.NetSpeedController --> wifi getLinkedInfo
02-20 10:46:06.411  1059-1321    C015c0/dsoftbus                softbus_server                  E     SoftBusCondTimedWait timeout, ret[110]
02-20 10:46:06.639  704-822      C01c06/TimeService             resource_schedu                 I     [time_service_client.cpp] GetBootTimeMs# Result: 90751833
02-20 10:46:06.640  476-1364     C02d10/HiView-SysEventSource   hiview                          I     Parser: parser result domain_=DISPLAY eventName_=AMBIENT_LIGHT
02-20 10:46:06.642  1123-1703    C02965/StatsUtils              foundation                      W     [stats_utils.cpp:191] ConvertStatsType# Convert failed due to illegal type=15
02-20 10:46:06.668  1572-22376   C02d13/HDC_LOG                 hdcd                            I     [daemon.cpp:397] FetchCommand channelId:397734116 command:1001
02-20 10:46:06.668  1572-22376   C02d13/HDC_LOG                 hdcd                            I     [session.cpp:1317] New HTaskInfo channelId:397734116 command:1001
02-20 10:46:06.668  1572-22376   C02d13/HDC_LOG                 hdcd                            W     [session.cpp:728] mapTask.size:2
02-20 10:46:06.668  1572-22376   C02d13/HDC_LOG                 hdcd                            I     [session.cpp:738] AdminTask add session 1397996714, channelId 397734116, mapTask size: 3
02-20 10:46:06.668  1572-22376   C02d13/HDC_LOG                 hdcd                            I     [task.cpp:32] HdcTaskBase channelId:397734116
02-20 10:46:06.669  1572-5150    C02d13/HDC_LOG                 hdcd                            I     [async_cmd.cpp:152] ExecuteCommand pipe fds[pipeRead]:26 fds[pipeWrite]:30
02-20 10:46:06.670  1572-5150    C02d13/HDC_LOG                 hdcd                            I     [base.cpp:1617] CloseFd fd:30
02-20 10:46:06.670  1572-22376   C02d13/HDC_LOG                 hdcd                            I     [async_cmd.cpp:200] ExecuteCommand cmd:hidumper -s 1201 -a "-p Faultlogger"  fd:26 pid:5151
02-20 10:46:06.670  5151-5151    C02d13/HDC_LOG                 pid-5151                        I     [base.cpp:1617] CloseFd fd:26
02-20 10:46:06.670  5151-5151    C02d13/HDC_LOG                 pid-5151                        I     [base.cpp:1617] CloseFd fd:30
02-20 10:46:06.715  5154-5154    C01510/BinderConnector         pid-5154                        I     97: OpenDriver:succ to open, fd=3
02-20 10:46:06.717  5154-5154    C01510/IPCObjectProxy          pid-5154                        I     58: handle = 0 create, descriptor: IPCObjectProxy0
02-20 10:46:06.718  5154-5154    C01510/IPCObjectProxy          pid-5154                        I     58: handle = 1 create, descriptor: IPCObjectProxy1
02-20 10:46:06.803  4830-4830    C01510/IPCObjectProxy          hidumper_servic                 I     58: handle = 2 create, descriptor: IPCObjectProxy2
02-20 10:46:06.804  476-27184    C02d10/Faultlogger             hiview                          I     Dump: DumpRequest: detail:<private>, list:<private>, file:<private>, name:<private>, time:<private>
02-20 10:46:06.818  4830-4830    C01510/IPCObjectProxy          hidumper_servic                 W     63: handle = 2 destroyed, descriptor: IPCObjectProxy2
02-20 10:46:06.822  1572-5153    C02d13/HDC_LOG                 hdcd                            I     [file_descriptor.cpp:127] FileIOOnThread fd:26 nBytes:0
02-20 10:46:06.822  1572-5153    C02d13/HDC_LOG                 hdcd                            I     [async_cmd.cpp:80] FinishShellProc finish pipeRead fd:26 pid:5151
02-20 10:46:06.822  1572-5153    C02d13/HDC_LOG                 hdcd                            I     [task.cpp:50] HdcTaskBase::TaskFinish notify begin channelId:397734116
02-20 10:46:06.825  1572-5153    C02d13/HDC_LOG                 hdcd                            I     [task.cpp:52] HdcTaskBase::TaskFinish notify end channelId:397734116
02-20 10:46:06.829  1572-22376   C02d13/HDC_LOG                 hdcd                            I     [daemon.cpp:397] FetchCommand channelId:397734116 command:2
02-20 10:46:06.829  1572-22376   C02d13/HDC_LOG                 hdcd                            I     [session.cpp:104] BeginRemoveTask taskType:0 channelId:397734116
02-20 10:46:06.829  1572-22376   C02d13/HDC_LOG                 hdcd                            I     [async_cmd.cpp:56] AsyncCmd::DoRelease finish
02-20 10:46:06.829  1572-22376   C02d13/HDC_LOG                 hdcd                            I     [session.cpp:157] ClearOwnTasks OP_CLEAR finish, session:0x7effe84a00 channelIDInput:397734116
02-20 10:46:06.829  1572-22376   C02d13/HDC_LOG                 hdcd                            I     [session.cpp:116] TaskDelay task remove retry count 0/30, taskType:0 channelId:397734116, sessionId:1397996714
02-20 10:46:06.830  1572-22376   C02d13/HDC_LOG                 hdcd                            F     [file_descriptor.cpp:38] ~HdcFileDescriptor refIO:0
02-20 10:46:06.830  1572-22376   C02d13/HDC_LOG                 hdcd                            I     [base.cpp:1617] CloseFd fd:26
02-20 10:46:06.830  1572-22376   C02d13/HDC_LOG                 hdcd                            I     [daemon_unity.cpp:27] HdcDaemonUnity::~HdcDaemonUnity finish
02-20 10:46:06.830  1572-22376   C02d13/HDC_LOG                 hdcd                            I     [async_cmd.cpp:35] ~AsyncCmd
02-20 10:46:06.830  1572-22376   C02d13/HDC_LOG                 hdcd                            I     [task.cpp:37] ~HdcTaskBase channelId:397734116
02-20 10:46:06.830  1572-22376   C02d13/HDC_LOG                 hdcd                            I     [session.cpp:123] TaskDelay task remove finish, channelId:397734116
02-20 10:46:06.835  1572-22376   C02d13/HDC_LOG                 hdcd                            I     [daemon.cpp:397] FetchCommand channelId:397734116 command:2
02-20 10:46:06.988  704-822      C01c06/TimeService             resource_schedu                 I     [time_service_client.cpp] GetBootTimeMs# Result: 90752182
02-20 10:46:06.989  476-1364     C02d10/HiView-SysEventSource   hiview                          I     Parser: parser result domain_=DISPLAY eventName_=AMBIENT_LIGHT
02-20 10:46:06.991  1123-1703    C02965/StatsUtils              foundation                      W     [stats_utils.cpp:191] ConvertStatsType# Convert failed due to illegal type=15
02-20 10:46:07.009  1059-1321    C015c0/dsoftbus                softbus_server                  E     SoftBusCondTimedWait timeout, ret[110]
02-20 10:46:07.339  704-822      C01c06/TimeService             resource_schedu                 I     [time_service_client.cpp] GetBootTimeMs# Result: 90752533
02-20 10:46:07.341  476-1364     C02d10/HiView-SysEventSource   hiview                          I     Parser: parser result domain_=DISPLAY eventName_=AMBIENT_LIGHT
02-20 10:46:07.343  1123-1703    C02965/StatsUtils              foundation                      W     [stats_utils.cpp:191] ConvertStatsType# Convert failed due to illegal type=15
02-20 10:46:07.404  1840-1948    C01560/OHWIFI_STATE_MACHINE    wifi_manager_se                 I     State machine: LinkedState execute Cmd:2
02-20 10:46:07.405  1840-1948    C01560/StaStateMachine         wifi_manager_se                 I     LinkedState, reveived msgCode=2 msg.
02-20 10:46:07.405  987-987      C01560/WifiHdiStaImpl          wifi_hal_service                I     GetHdiSignalInfo enter.
02-20 10:46:07.405  987-987      C01560/WifiHdiProxy            wifi_hal_service                I     GetFeatureInner get an exist feature.
02-20 10:46:07.406  1026-1287    C02500/HDF_WIFI_CORE           wifi_host                       E     <private>: BSS attr or status missing!
02-20 10:46:07.406  1026-1287    C02500/HDF_WIFI_CORE           wifi_host                       E     <private>: BSS attr or status missing!
02-20 10:46:07.406  1026-1287    C02500/HDF_WIFI_CORE           wifi_host                       E     <private>: BSS attr or status missing!
02-20 10:46:07.406  1026-1287    C02500/HDF_WIFI_CORE           wifi_host                       E     <private>: BSS attr or status missing!
02-20 10:46:07.406  1026-1287    C02500/HDF_WIFI_CORE           wifi_host                       E     <private>: BSS attr or status missing!
02-20 10:46:07.406  1026-1287    C02500/HDF_WIFI_CORE           wifi_host                       E     <private>: BSS attr or status missing!
02-20 10:46:07.406  1026-1287    C02500/HDF_WIFI_CORE           wifi_host                       E     <private>: BSS attr or status missing!
02-20 10:46:07.406  1026-1287    C02500/HDF_WIFI_CORE           wifi_host                       E     <private>: BSS attr or status missing!
02-20 10:46:07.406  1026-1287    C02500/HDF_WIFI_CORE           wifi_host                       E     <private>: BSS attr or status missing!
02-20 10:46:07.406  1026-1287    C02500/HDF_WIFI_CORE           wifi_host                       E     <private>: BSS attr or status missing!
02-20 10:46:07.406  1026-1287    C02500/HDF_WIFI_CORE           wifi_host                       E     <private>: BSS attr or status missing!
02-20 10:46:07.406  1026-1287    C02500/HDF_WIFI_CORE           wifi_host                       E     <private>: BSS attr or status missing!
02-20 10:46:07.406  1026-1287    C02500/HDF_WIFI_CORE           wifi_host                       E     <private>: BSS attr or status missing!
02-20 10:46:07.406  1026-1287    C02500/HDF_WIFI_CORE           wifi_host                       E     <private>: BSS attr or status missing!
02-20 10:46:07.406  1026-1287    C02500/HDF_WIFI_CORE           wifi_host                       E     <private>: BSS attr or status missing!
02-20 10:46:07.406  1026-1287    C02500/HDF_WIFI_CORE           wifi_host                       E     <private>: BSS attr or status missing!
02-20 10:46:07.406  1026-1287    C02500/HDF_WIFI_CORE           wifi_host                       E     <private>: BSS attr or status missing!
02-20 10:46:07.406  1026-1287    C02500/HDF_WIFI_CORE           wifi_host                       E     <private>: BSS attr or status missing!
02-20 10:46:07.406  1026-1287    C02500/HDF_WIFI_CORE           wifi_host                       E     <private>: BSS attr or status missing!
02-20 10:46:07.406  1026-1287    C02500/HDF_WIFI_CORE           wifi_host                       E     <private>: BSS attr or status missing!
02-20 10:46:07.406  1026-1287    C02500/HDF_WIFI_CORE           wifi_host                       E     <private>: BSS attr or status missing!
02-20 10:46:07.406  1026-1287    C02500/HDF_WIFI_CORE           wifi_host                       E     <private>: BSS attr or status missing!
02-20 10:46:07.406  1026-1287    C02500/HDF_WIFI_CORE           wifi_host                       E     <private>: BSS attr or status missing!
02-20 10:46:07.406  1026-1287    C02500/HDF_WIFI_CORE           wifi_host                       E     <private>: BSS attr or status missing!
02-20 10:46:07.406  1026-1287    C02500/HDF_WIFI_CORE           wifi_host                       E     <private>: BSS attr or status missing!
02-20 10:46:07.406  1026-1287    C02500/HDF_WIFI_CORE           wifi_host                       E     <private>: BSS attr or status missing!
02-20 10:46:07.406  1026-1287    C02500/HDF_WIFI_CORE           wifi_host                       E     <private>: BSS attr or status missing!
02-20 10:46:07.406  1026-1287    C02500/HDF_WIFI_CORE           wifi_host                       E     <private>: BSS attr or status missing!
02-20 10:46:07.406  1026-1287    C02500/HDF_WIFI_CORE           wifi_host                       E     <private>: BSS attr or status missing!
02-20 10:46:07.406  1026-1287    C02500/HDF_WIFI_CORE           wifi_host                       E     <private>: BSS attr or status missing!
02-20 10:46:07.406  1026-1287    C02500/HDF_WIFI_CORE           wifi_host                       E     <private>: BSS attr or status missing!
02-20 10:46:07.406  1026-1287    C02500/HDF_WIFI_CORE           wifi_host                       E     <private>: BSS attr or status missing!
02-20 10:46:07.406  1026-1287    C02500/HDF_WIFI_CORE           wifi_host                       E     <private>: BSS attr or status missing!
02-20 10:46:07.406  1026-1287    C02500/HDF_WIFI_CORE           wifi_host                       E     <private>: BSS attr or status missing!
02-20 10:46:07.406  1026-1287    C02500/HDF_WIFI_CORE           wifi_host                       E     <private>: BSS attr or status missing!
02-20 10:46:07.406  1026-1287    C02500/HDF_WIFI_CORE           wifi_host                       E     <private>: BSS attr or status missing!
02-20 10:46:07.406  1026-1287    C02500/HDF_WIFI_CORE           wifi_host                       E     <private>: BSS attr or status missing!
02-20 10:46:07.406  1026-1287    C02500/HDF_WIFI_CORE           wifi_host                       E     <private>: BSS attr or status missing!
02-20 10:46:07.406  1026-1287    C02500/HDF_WIFI_CORE           wifi_host                       E     <private>: BSS attr or status missing!
02-20 10:46:07.406  1026-1287    C02500/HDF_WIFI_CORE           wifi_host                       E     <private>: BSS attr or status missing!
02-20 10:46:07.406  1026-1287    C02500/HDF_WIFI_CORE           wifi_host                       E     <private>: BSS attr or status missing!
02-20 10:46:07.410  1840-1948    C01560/WifiFrameWork           wifi_manager_se                 I     DealSignalPollResult, signal:-60, txLinkSpeed:4000, rxLinkSpeed:4000, freq:5300, noise:-82.
02-20 10:46:07.410  1840-1948    C01560/WifiFrameWork           wifi_manager_se                 I     DealSignalPollResult, networkId:0, ssid:<private>, rssi:-60, band:2, connState:4, detailedState:10.
02-20 10:46:07.410  1840-1948    C01560/WifiFrameWork           wifi_manager_se                 I     DealSignalPollResult currentSignalLevel:4, lastSignalLevel:4.
02-20 10:46:07.410  1840-1948    C01560/WifiFrameWork           wifi_manager_se                 I     DealSignalPollResult GetWifiStandard:5, bssid:f4:db:**:**:**:8f rxmax:400 txmax:400.
02-20 10:46:07.410  1840-1857    C01560/WifiInternalEventDispatcher wifi_manager_se                 I     WifiInternalEventDispatcher:: Deal Sta Event Callback Msg: 4100
02-20 10:46:07.411  1840-1857    C01560/WifiInternalEventDispatcher wifi_manager_se                 I     WifiInternalEventDispatcher:: Deal Sta Event Callback Msg: 4100
02-20 10:46:07.689  704-822      C01c06/TimeService             resource_schedu                 I     [time_service_client.cpp] GetBootTimeMs# Result: 90752883
02-20 10:46:07.690  476-1364     C02d10/HiView-SysEventSource   hiview                          I     Parser: parser result domain_=DISPLAY eventName_=AMBIENT_LIGHT
02-20 10:46:07.692  1123-1703    C02965/StatsUtils              foundation                      W     [stats_utils.cpp:191] ConvertStatsType# Convert failed due to illegal type=15
02-20 10:46:07.900  1285-4958    C015b0/NetsysNativeService     netsysnative                    I     [Send-(fwmark_client.cpp:68)]FwmarkClient: socketFd_: 34
02-20 10:46:07.900  1285-1571    C015b0/NetsysNativeService     netsysnative                    I     [SetMark-(fwmark_network.cpp:99)]FwmarkNetwork: SetMark netId: 100, socketFd:35, cmd:0
02-20 10:46:07.901  1285-1571    C015b0/NetsysNativeService     netsysnative                    I     [CloseSocket-(fwmark_network.cpp:78)]NO_ERROR_CODE CloseSocket socket:35, ret:0
02-20 10:46:07.901  1285-4958    C015b0/NetsysNativeService     netsysnative                    I     [SearchNameServer-(dns_lookup_parse.cpp:266)]DNS send to server is 10.246.***.**
02-20 10:46:07.901  1285-1571    C015b0/NetsysNativeService     netsysnative                    I     [CloseSocket-(fwmark_network.cpp:78)]NO_ERROR_CODE CloseSocket socket:20, ret:4
02-20 10:46:07.901  1285-4958    C015b0/NetsysNativeService     netsysnative                    I     [SearchNameServer-(dns_lookup_parse.cpp:266)]DNS send to server is 10.246.***.**
02-20 10:46:08.010  1059-1321    C015c0/dsoftbus                softbus_server                  E     SoftBusCondTimedWait timeout, ret[110]
02-20 10:46:08.036  704-822      C01c06/TimeService             resource_schedu                 I     [time_service_client.cpp] GetBootTimeMs# Result: 90753231
02-20 10:46:08.037  476-1364     C02d10/HiView-SysEventSource   hiview                          I     Parser: parser result domain_=DISPLAY eventName_=AMBIENT_LIGHT
02-20 10:46:08.040  1123-1703    C02965/StatsUtils              foundation                      W     [stats_utils.cpp:191] ConvertStatsType# Convert failed due to illegal type=15
02-20 10:46:08.388  704-822      C01c06/TimeService             resource_schedu                 I     [time_service_client.cpp] GetBootTimeMs# Result: 90753583
02-20 10:46:08.389  476-1364     C02d10/HiView-SysEventSource   hiview                          I     Parser: parser result domain_=DISPLAY eventName_=AMBIENT_LIGHT
02-20 10:46:08.389  2008-2008    C01560/WifiNAPIUtils           com.ohos.sceneboard             I     Call wifi func: GetLinkedInfo (start)
02-20 10:46:08.390  2008-2008    C01560/WifiNAPIUtils           com.ohos.sceneboard             I     Call wifi func: GetLinkedInfo (end), time cost:322us, 0ms
02-20 10:46:08.390  2008-3194    C01560/WifiNAPIUtils           com.ohos.sceneboard             I     Call wifi func: wifiDevicePtr->GetLinkedInfo (start)
02-20 10:46:08.390  2008-3194    C01510/IPCObjectStub           com.ohos.sceneboard             I     63: create, desc: OHOS.ISystemAbilityLoadCallback
02-20 10:46:08.391  480-901      C01510/IPCObjectProxy          samgr                           I     58: handle = 73 create, descriptor: IPCObjectProxy73
02-20 10:46:08.391  480-901      C01800/SAMGR                   samgr                           I     [SA Scheduler][SA: 1120] handle load event start, callingpid: 2008
02-20 10:46:08.392  1123-1703    C02965/StatsUtils              foundation                      W     [stats_utils.cpp:191] ConvertStatsType# Convert failed due to illegal type=15
02-20 10:46:08.392  480-901      C01800/SAMGR                   samgr                           I     NotifySystemAbilityLoaded systemAbilityId : 1120
02-20 10:46:08.392  480-901      C01510/IPCObjectProxy          samgr                           W     63: handle = 73 destroyed, descriptor: IPCObjectProxy73
02-20 10:46:08.392  2008-2014    C01800/SA_CLIENT               com.ohos.sceneboard             I     SystemAbilityLoadCallbackStub::OnRemoteRequest, code = 1
02-20 10:46:08.392  704-822      C01c06/TimeService             resource_schedu                 I     [time_service_client.cpp] GetBootTimeMs# Result: 90753586
02-20 10:46:08.392  2008-3194    C01800/SA_CLIENT               com.ohos.sceneboard             I     LoadSystemAbility systemAbilityId : 1120, SendRequest succeed!
02-20 10:46:08.392  2008-3194    C01510/IPCObjectStub           com.ohos.sceneboard             W     68: destroy, desc: OHOS.ISystemAbilityLoadCallback
02-20 10:46:08.393  1840-1846    C01560/OHWIFI_MANAGER_PERMISSION_HELPE wifi_manager_se                 I     callerToken=0x2005c34e has permission_name=ohos.permission.GET_WIFI_INFO, pid=0x7d8, type=0
02-20 10:46:08.393  1840-1846    C01560/OHWIFI_MANAGER_PERMISSION_HELPE wifi_manager_se                 I     callerToken=0x2005c34e has no permission_name=ohos.permission.GET_WIFI_LOCAL_MAC, pid=0x7d8, type=0
02-20 10:46:08.393  1840-1846    C01560/WifiDeviceServiceImpl   wifi_manager_se                 E     GetLinkedInfo:VerifyGetWifiLocalMacPermission() PERMISSION_DENIED!
02-20 10:46:08.393  2008-3194    C01560/WifiNAPIUtils           com.ohos.sceneboard             I     Call wifi func: wifiDevicePtr->GetLinkedInfo (end), time cost:3516us, 3ms
02-20 10:46:08.394  2008-2008    C01560/WifiNAPIDevice          com.ohos.sceneboard             I     Push get linkedInfo result to client
02-20 10:46:08.394  2008-2008    C01560/WifiNAPIErrCode         com.ohos.sceneboard             I     HandleCallbackErrCode, errCode = 0
02-20 10:46:08.394  2008-2008    A0001b/SceneBoard              com.ohos.sceneboard             I     Model.NetSpeedController --> wifi getLinkedInfo
02-20 10:46:08.737  704-822      C01c06/TimeService             resource_schedu                 I     [time_service_client.cpp] GetBootTimeMs# Result: 90753932
02-20 10:46:08.738  476-1364     C02d10/HiView-SysEventSource   hiview                          I     Parser: parser result domain_=DISPLAY eventName_=AMBIENT_LIGHT
02-20 10:46:08.741  1123-1703    C02965/StatsUtils              foundation                      W     [stats_utils.cpp:191] ConvertStatsType# Convert failed due to illegal type=15
02-20 10:46:08.836  1840-1949    C01560/StaNetworkCheck         wifi_manager_se                 I     Enter httpDetection
02-20 10:46:08.836  1840-1949    C01560/OHWIFI_UTILS_HTTP_REQ   wifi_manager_se                 I     GetHostAddrFromUrl urlTmp2 = [<private>].
02-20 10:46:08.836  1840-1949    C01560/OHWIFI_UTILS_HTTP_REQ   wifi_manager_se                 I     GetIPFromUrl Url maybe contain Domain.
02-20 10:46:08.837  1840-5158    C01560/OHWIFI_UTILS_HTTP_REQ   wifi_manager_se                 E     GetHostThread ipOrDomain is connectivitycheck.platform.hicloud.com.
02-20 10:46:08.837  1840-5158    C01560/OHWIFI_UTILS_HTTP_REQ   wifi_manager_se                 E     GetHostThread ipaddr is 220.185.180.74.
02-20 10:46:08.838  1840-1949    C01560/OHWIFI_UTILS_HTTP_REQ   wifi_manager_se                 I     iPort= [80],strIP= [<private>]
02-20 10:46:08.869  1840-1949    C01560/StaNetworkCheck         wifi_manager_se                 E     This network is normal!
02-20 10:46:08.911  1059-1321    C015c0/dsoftbus                softbus_server                  E     SoftBusCondTimedWait timeout, ret[110]
02-20 10:46:09.010  1059-1321    C015c0/dsoftbus                softbus_server                  E     SoftBusCondTimedWait timeout, ret[110]
02-20 10:46:09.088  704-822      C01c06/TimeService             resource_schedu                 I     [time_service_client.cpp] GetBootTimeMs# Result: 90754282
02-20 10:46:09.089  476-1364     C02d10/HiView-SysEventSource   hiview                          I     Parser: parser result domain_=DISPLAY eventName_=AMBIENT_LIGHT
02-20 10:46:09.091  1123-1703    C02965/StatsUtils              foundation                      W     [stats_utils.cpp:191] ConvertStatsType# Convert failed due to illegal type=15
02-20 10:46:09.116  1572-22376   C02d13/HDC_LOG                 hdcd                            I     [daemon.cpp:397] FetchCommand channelId:51450808 command:1001
02-20 10:46:09.116  1572-22376   C02d13/HDC_LOG                 hdcd                            I     [session.cpp:1317] New HTaskInfo channelId:51450808 command:1001
02-20 10:46:09.116  1572-22376   C02d13/HDC_LOG                 hdcd                            W     [session.cpp:728] mapTask.size:2
02-20 10:46:09.116  1572-22376   C02d13/HDC_LOG                 hdcd                            I     [session.cpp:738] AdminTask add session 1397996714, channelId 51450808, mapTask size: 3
02-20 10:46:09.116  1572-22376   C02d13/HDC_LOG                 hdcd                            I     [task.cpp:32] HdcTaskBase channelId:51450808
02-20 10:46:09.117  1572-5159    C02d13/HDC_LOG                 hdcd                            I     [async_cmd.cpp:152] ExecuteCommand pipe fds[pipeRead]:26 fds[pipeWrite]:30
02-20 10:46:09.117  1572-5159    C02d13/HDC_LOG                 hdcd                            I     [base.cpp:1617] CloseFd fd:30
02-20 10:46:09.118  1572-22376   C02d13/HDC_LOG                 hdcd                            I     [async_cmd.cpp:200] ExecuteCommand cmd:ps -ef fd:26 pid:5160
02-20 10:46:09.118  5160-5160    C02d13/HDC_LOG                 pid-5160                        I     [base.cpp:1617] CloseFd fd:26
02-20 10:46:09.118  5160-5160    C02d13/HDC_LOG                 pid-5160                        I     [base.cpp:1617] CloseFd fd:30
02-20 10:46:09.230  1572-5162    C02d13/HDC_LOG                 hdcd                            I     [file_descriptor.cpp:127] FileIOOnThread fd:26 nBytes:0
02-20 10:46:09.230  1572-5162    C02d13/HDC_LOG                 hdcd                            I     [async_cmd.cpp:80] FinishShellProc finish pipeRead fd:26 pid:5160
02-20 10:46:09.230  1572-5162    C02d13/HDC_LOG                 hdcd                            I     [task.cpp:50] HdcTaskBase::TaskFinish notify begin channelId:51450808
02-20 10:46:09.231  1572-5162    C02d13/HDC_LOG                 hdcd                            I     [task.cpp:52] HdcTaskBase::TaskFinish notify end channelId:51450808
02-20 10:46:09.232  1572-22376   C02d13/HDC_LOG                 hdcd                            I     [daemon.cpp:397] FetchCommand channelId:51450808 command:2
02-20 10:46:09.232  1572-22376   C02d13/HDC_LOG                 hdcd                            I     [session.cpp:104] BeginRemoveTask taskType:0 channelId:51450808
02-20 10:46:09.232  1572-22376   C02d13/HDC_LOG                 hdcd                            I     [async_cmd.cpp:56] AsyncCmd::DoRelease finish
02-20 10:46:09.232  1572-22376   C02d13/HDC_LOG                 hdcd                            I     [session.cpp:157] ClearOwnTasks OP_CLEAR finish, session:0x7effe84a00 channelIDInput:51450808
02-20 10:46:09.232  1572-22376   C02d13/HDC_LOG                 hdcd                            I     [session.cpp:116] TaskDelay task remove retry count 0/30, taskType:0 channelId:51450808, sessionId:1397996714
02-20 10:46:09.233  1572-22376   C02d13/HDC_LOG                 hdcd                            F     [file_descriptor.cpp:38] ~HdcFileDescriptor refIO:0
02-20 10:46:09.233  1572-22376   C02d13/HDC_LOG                 hdcd                            I     [base.cpp:1617] CloseFd fd:26
02-20 10:46:09.233  1572-22376   C02d13/HDC_LOG                 hdcd                            I     [daemon_unity.cpp:27] HdcDaemonUnity::~HdcDaemonUnity finish
02-20 10:46:09.233  1572-22376   C02d13/HDC_LOG                 hdcd                            I     [async_cmd.cpp:35] ~AsyncCmd
02-20 10:46:09.233  1572-22376   C02d13/HDC_LOG                 hdcd                            I     [task.cpp:37] ~HdcTaskBase channelId:51450808
02-20 10:46:09.233  1572-22376   C02d13/HDC_LOG                 hdcd                            I     [session.cpp:123] TaskDelay task remove finish, channelId:51450808
02-20 10:46:09.237  1572-22376   C02d13/HDC_LOG                 hdcd                            I     [daemon.cpp:397] FetchCommand channelId:51450808 command:2
02-20 10:46:09.297  3004-5147    C01719/ffrt                    com.netease.lava.nertc.demo     E     10:Detach:93 qos 2 thread not joinable
02-20 10:46:09.437  704-822      C01c06/TimeService             resource_schedu                 I     [time_service_client.cpp] GetBootTimeMs# Result: 90754631
02-20 10:46:09.438  476-1364     C02d10/HiView-SysEventSource   hiview                          I     Parser: parser result domain_=DISPLAY eventName_=AMBIENT_LIGHT
02-20 10:46:09.440  1123-1703    C02965/StatsUtils              foundation                      W     [stats_utils.cpp:191] ConvertStatsType# Convert failed due to illegal type=15
02-20 10:46:09.678  1123-1703    C02942/ThermalSvc              foundation                      I     [thermal_observer.cpp:289] OnReceivedSensorInfo# callbackinfo_ size = 6
02-20 10:46:09.678  1123-1703    C02942/ThermalSvc              foundation                      I     [thermal_observer.cpp:265] NotifySensorTempChanged# listeners.size = 0, callbackTypeMap.size = 0
02-20 10:46:09.678  1123-1703    C02942/ThermalSvc              foundation                      I     [thermal_service_subscriber.cpp:94] SetHistoryTypeTempMap# SetHistoryTypeTempMap: sec=60
02-20 10:46:09.688  1050-1186    C02500/ThermalDaemon           power_host                      I     [temperature_manager.cpp] [shell_front] new temp: 29 old temp: 30
02-20 10:46:09.778  1265-1413    C04707/HaService               hianalytics                     W     [ha_reporter.cpp] OnRecvHttpRsp# report error(12, CURLE_OPERATION_TIMEDOUT), tag:default_instance, reqId:Y1m3x5m94DYaiR36NphiIt9zNyYDecux, type:oper, bundle:com.huawei.hmsapp.himovie, count:1
02-20 10:46:09.788  704-822      C01c06/TimeService             resource_schedu                 I     [time_service_client.cpp] GetBootTimeMs# Result: 90754982
02-20 10:46:10.011  1059-1321    C015c0/dsoftbus                softbus_server                  E     SoftBusCondTimedWait timeout, ret[110]
02-20 10:46:10.137  704-822      C01c06/TimeService             resource_schedu                 I     [time_service_client.cpp] GetBootTimeMs# Result: 90755331
02-20 10:46:10.391  2008-2008    C01560/WifiNAPIUtils           com.ohos.sceneboard             I     Call wifi func: GetLinkedInfo (start)
02-20 10:46:10.391  2008-2008    C01560/WifiNAPIUtils           com.ohos.sceneboard             I     Call wifi func: GetLinkedInfo (end), time cost:327us, 0ms
02-20 10:46:10.391  2008-5078    C01560/WifiNAPIUtils           com.ohos.sceneboard             I     Call wifi func: wifiDevicePtr->GetLinkedInfo (start)
02-20 10:46:10.391  2008-5078    C01510/IPCObjectStub           com.ohos.sceneboard             I     63: create, desc: OHOS.ISystemAbilityLoadCallback
02-20 10:46:10.393  480-901      C01510/IPCObjectProxy          samgr                           I     58: handle = 73 create, descriptor: IPCObjectProxy73
02-20 10:46:10.393  480-901      C01800/SAMGR                   samgr                           I     [SA Scheduler][SA: 1120] handle load event start, callingpid: 2008
02-20 10:46:10.393  480-901      C01800/SAMGR                   samgr                           I     NotifySystemAbilityLoaded systemAbilityId : 1120
02-20 10:46:10.393  704-822      C01c06/TimeService             resource_schedu                 I     [time_service_client.cpp] GetBootTimeMs# Result: 90755588
02-20 10:46:10.394  480-901      C01510/IPCObjectProxy          samgr                           W     63: handle = 73 destroyed, descriptor: IPCObjectProxy73
02-20 10:46:10.394  2008-2362    C01800/SA_CLIENT               com.ohos.sceneboard             I     SystemAbilityLoadCallbackStub::OnRemoteRequest, code = 1
02-20 10:46:10.394  2008-5078    C01800/SA_CLIENT               com.ohos.sceneboard             I     LoadSystemAbility systemAbilityId : 1120, SendRequest succeed!
02-20 10:46:10.394  2008-5078    C01510/IPCObjectStub           com.ohos.sceneboard             W     68: destroy, desc: OHOS.ISystemAbilityLoadCallback
02-20 10:46:10.395  1840-1846    C01560/OHWIFI_MANAGER_PERMISSION_HELPE wifi_manager_se                 I     callerToken=0x2005c34e has permission_name=ohos.permission.GET_WIFI_INFO, pid=0x7d8, type=0
02-20 10:46:10.396  1840-1846    C01560/OHWIFI_MANAGER_PERMISSION_HELPE wifi_manager_se                 I     callerToken=0x2005c34e has no permission_name=ohos.permission.GET_WIFI_LOCAL_MAC, pid=0x7d8, type=0
02-20 10:46:10.396  1840-1846    C01560/WifiDeviceServiceImpl   wifi_manager_se                 E     GetLinkedInfo:VerifyGetWifiLocalMacPermission() PERMISSION_DENIED!
02-20 10:46:10.397  2008-5078    C01560/WifiNAPIUtils           com.ohos.sceneboard             I     Call wifi func: wifiDevicePtr->GetLinkedInfo (end), time cost:5338us, 5ms
02-20 10:46:10.398  2008-2008    C01560/WifiNAPIDevice          com.ohos.sceneboard             I     Push get linkedInfo result to client
02-20 10:46:10.398  2008-2008    C01560/WifiNAPIErrCode         com.ohos.sceneboard             I     HandleCallbackErrCode, errCode = 0
02-20 10:46:10.398  2008-2008    A0001b/SceneBoard              com.ohos.sceneboard             I     Model.NetSpeedController --> wifi getLinkedInfo
02-20 10:46:10.410  1840-1948    C01560/OHWIFI_STATE_MACHINE    wifi_manager_se                 I     State machine: LinkedState execute Cmd:2
02-20 10:46:10.411  1840-1948    C01560/StaStateMachine         wifi_manager_se                 I     LinkedState, reveived msgCode=2 msg.
02-20 10:46:10.411  987-987      C01560/WifiHdiStaImpl          wifi_hal_service                I     GetHdiSignalInfo enter.
02-20 10:46:10.411  987-987      C01560/WifiHdiProxy            wifi_hal_service                I     GetFeatureInner get an exist feature.
02-20 10:46:10.415  1840-1948    C01560/WifiFrameWork           wifi_manager_se                 I     DealSignalPollResult, signal:-60, txLinkSpeed:4000, rxLinkSpeed:4000, freq:5300, noise:-87.
02-20 10:46:10.416  1840-1948    C01560/WifiFrameWork           wifi_manager_se                 I     DealSignalPollResult, networkId:0, ssid:<private>, rssi:-60, band:2, connState:4, detailedState:10.
02-20 10:46:10.416  1840-1948    C01560/WifiFrameWork           wifi_manager_se                 I     DealSignalPollResult currentSignalLevel:4, lastSignalLevel:4.
02-20 10:46:10.416  1840-1948    C01560/WifiFrameWork           wifi_manager_se                 I     DealSignalPollResult GetWifiStandard:5, bssid:f4:db:**:**:**:8f rxmax:400 txmax:400.
02-20 10:46:10.416  1840-1857    C01560/WifiInternalEventDispatcher wifi_manager_se                 I     WifiInternalEventDispatcher:: Deal Sta Event Callback Msg: 4100
02-20 10:46:10.417  1840-1857    C01560/WifiInternalEventDispatcher wifi_manager_se                 I     WifiInternalEventDispatcher:: Deal Sta Event Callback Msg: 4100
02-20 10:46:10.488  704-822      C01c06/TimeService             resource_schedu                 I     [time_service_client.cpp] GetBootTimeMs# Result: 90755682
02-20 10:46:10.540  1123-5141    C01719/ffrt                    foundation                      E     720427:Detach:93 qos 2 thread not joinable
02-20 10:46:10.544  1123-5132    C01719/ffrt                    foundation                      E     720430:Detach:93 qos 1 thread not joinable
02-20 10:46:10.544  1123-5132    C01510/IPCThreadSkeleton       foundation                      W     48: thread exit, flush commands
02-20 10:46:10.544  1123-5132    C01510/IPCThreadSkeleton       foundation                      E     85: IPCThreadSkeleton delete
02-20 10:46:10.837  704-822      C01c06/TimeService             resource_schedu                 I     [time_service_client.cpp] GetBootTimeMs# Result: 90756031
02-20 10:46:11.011  1059-1321    C015c0/dsoftbus                softbus_server                  E     SoftBusCondTimedWait timeout, ret[110]
02-20 10:46:11.188  704-822      C01c06/TimeService             resource_schedu                 I     [time_service_client.cpp] GetBootTimeMs# Result: 90756382
02-20 10:46:11.412  1059-1321    C015c0/dsoftbus                softbus_server                  E     SoftBusCondTimedWait timeout, ret[110]
02-20 10:46:11.537  704-822      C01c06/TimeService             resource_schedu                 I     [time_service_client.cpp] GetBootTimeMs# Result: 90756731
02-20 10:46:11.844  1572-22376   C02d13/HDC_LOG                 hdcd                            I     [daemon.cpp:397] FetchCommand channelId:3433972385 command:1001
02-20 10:46:11.844  1572-22376   C02d13/HDC_LOG                 hdcd                            I     [session.cpp:1317] New HTaskInfo channelId:3433972385 command:1001
02-20 10:46:11.844  1572-22376   C02d13/HDC_LOG                 hdcd                            W     [session.cpp:728] mapTask.size:2
02-20 10:46:11.844  1572-22376   C02d13/HDC_LOG                 hdcd                            I     [session.cpp:738] AdminTask add session 1397996714, channelId 3433972385, mapTask size: 3
02-20 10:46:11.844  1572-22376   C02d13/HDC_LOG                 hdcd                            I     [task.cpp:32] HdcTaskBase channelId:3433972385
02-20 10:46:11.845  1572-5163    C02d13/HDC_LOG                 hdcd                            I     [async_cmd.cpp:152] ExecuteCommand pipe fds[pipeRead]:26 fds[pipeWrite]:30
02-20 10:46:11.846  1572-5163    C02d13/HDC_LOG                 hdcd                            I     [base.cpp:1617] CloseFd fd:30
02-20 10:46:11.847  5164-5164    C02d13/HDC_LOG                 pid-5164                        I     [base.cpp:1617] CloseFd fd:26
02-20 10:46:11.847  1572-22376   C02d13/HDC_LOG                 hdcd                            I     [async_cmd.cpp:200] ExecuteCommand cmd:hidumper -s 1201 -a "-p Faultlogger"  fd:26 pid:5164
02-20 10:46:11.848  5164-5164    C02d13/HDC_LOG                 pid-5164                        I     [base.cpp:1617] CloseFd fd:30
02-20 10:46:11.870  1840-1949    C01560/StaNetworkCheck         wifi_manager_se                 I     Enter httpDetection
02-20 10:46:11.870  1840-1949    C01560/OHWIFI_UTILS_HTTP_REQ   wifi_manager_se                 I     GetHostAddrFromUrl urlTmp2 = [<private>].
02-20 10:46:11.870  1840-1949    C01560/OHWIFI_UTILS_HTTP_REQ   wifi_manager_se                 I     GetIPFromUrl Url maybe contain Domain.
02-20 10:46:11.870  1840-5168    C01560/OHWIFI_UTILS_HTTP_REQ   wifi_manager_se                 E     GetHostThread ipOrDomain is connectivitycheck.platform.hicloud.com.
02-20 10:46:11.871  1840-5168    C01560/OHWIFI_UTILS_HTTP_REQ   wifi_manager_se                 E     GetHostThread ipaddr is 220.185.180.74.
02-20 10:46:11.871  1840-1949    C01560/OHWIFI_UTILS_HTTP_REQ   wifi_manager_se                 I     iPort= [80],strIP= [<private>]
02-20 10:46:11.879  5167-5167    C01510/BinderConnector         pid-5167                        I     97: OpenDriver:succ to open, fd=3
02-20 10:46:11.880  5167-5167    C01510/IPCObjectProxy          pid-5167                        I     58: handle = 0 create, descriptor: IPCObjectProxy0
02-20 10:46:11.880  5167-5167    C01510/IPCObjectProxy          pid-5167                        I     58: handle = 1 create, descriptor: IPCObjectProxy1
02-20 10:46:11.887  704-822      C01c06/TimeService             resource_schedu                 I     [time_service_client.cpp] GetBootTimeMs# Result: 90757081
02-20 10:46:11.907  1840-1949    C01560/StaNetworkCheck         wifi_manager_se                 E     This network is normal!
