02-20 10:46:02.710  987-24363    C02500/wlan_callback_stub      wifi_hal_service                E     SerStubScanResult: invalid interface function ScanResult
02-20 10:46:02.710  1026-2549    C01510/BinderInvoker           wifi_host                       E     124: SendRequest: handle=3 result = -2
02-20 10:46:02.711  1026-2549    C02500/wlan_callback_proxy     wifi_host                       E     WlanCallbackProxyScanResult: call failed! error code is -2
02-20 10:46:02.711  1026-2549    C02500/HDF_WIFI_CORE           wifi_host                       E     HdfWLanCallbackFun: dispatch code fialed, error code: -2
02-20 10:46:02.711  1026-2549    C02500/HDF_WIFI_CORE           wifi_host                       I     <private>: send event = <private>, ifName = <private>
02-20 10:46:02.711  987-24363    C02500/wlan_callback_stub      wifi_hal_service                E     SerStubScanResult: invalid interface function ScanResult
02-20 10:46:02.711  1026-2549    C01510/BinderInvoker           wifi_host                       E     124: SendRequest: handle=3 result = -2
02-20 10:46:02.711  1026-2549    C02500/wlan_callback_proxy     wifi_host                       E     WlanCallbackProxyScanResult: call failed! error code is -2
02-20 10:46:02.711  1026-2549    C02500/HDF_WIFI_CORE           wifi_host                       E     HdfWLanCallbackFun: dispatch code fialed, error code: -2
02-20 10:46:02.711  1026-2549    C02500/HDF_WIFI_CORE           wifi_host                       I     <private>: send event = <private>, ifName = <private>
02-20 10:46:02.711  987-24363    C02500/wlan_callback_stub      wifi_hal_service                E     SerStubScanResult: invalid interface function ScanResult
02-20 10:46:02.712  1026-2549    C01510/BinderInvoker           wifi_host                       E     124: SendRequest: handle=3 result = -2
02-20 10:46:02.712  1026-2549    C02500/wlan_callback_proxy     wifi_host                       E     WlanCallbackProxyScanResult: call failed! error code is -2
02-20 10:46:02.712  1026-2549    C02500/HDF_WIFI_CORE           wifi_host                       E     HdfWLanCallbackFun: dispatch code fialed, error code: -2
02-20 10:46:02.712  1026-2549    C02500/HDF_WIFI_CORE           wifi_host                       I     <private>: send event = <private>, ifName = <private>
02-20 10:46:02.712  987-24363    C02500/wlan_callback_stub      wifi_hal_service                E     SerStubScanResult: invalid interface function ScanResult
02-20 10:46:02.713  1026-2549    C01510/BinderInvoker           wifi_host                       E     124: SendRequest: handle=3 result = -2
02-20 10:46:02.713  1026-2549    C02500/wlan_callback_proxy     wifi_host                       E     WlanCallbackProxyScanResult: call failed! error code is -2
02-20 10:46:02.713  1026-2549    C02500/HDF_WIFI_CORE           wifi_host                       E     HdfWLanCallbackFun: dispatch code fialed, error code: -2
02-20 10:46:02.713  1026-2549    C02500/HDF_WIFI_CORE           wifi_host                       I     <private>: send event = <private>, ifName = <private>
02-20 10:46:02.713  987-24363    C02500/wlan_callback_stub      wifi_hal_service                E     SerStubScanResult: invalid interface function ScanResult
02-20 10:46:02.714  1026-2549    C01510/BinderInvoker           wifi_host                       E     124: SendRequest: handle=3 result = -2
02-20 10:46:02.714  1026-2549    C02500/wlan_callback_proxy     wifi_host                       E     WlanCallbackProxyScanResult: call failed! error code is -2
02-20 10:46:02.714  1026-2549    C02500/HDF_WIFI_CORE           wifi_host                       E     HdfWLanCallbackFun: dispatch code fialed, error code: -2
02-20 10:46:02.714  1026-2549    C02500/HDF_WIFI_CORE           wifi_host                       I     <private>: send event = <private>, ifName = <private>
02-20 10:46:02.714  987-24363    C02500/wlan_callback_stub      wifi_hal_service                E     SerStubScanResult: invalid interface function ScanResult
02-20 10:46:02.714  1026-2549    C01510/BinderInvoker           wifi_host                       E     124: SendRequest: handle=3 result = -2
02-20 10:46:02.714  1026-2549    C02500/wlan_callback_proxy     wifi_host                       E     WlanCallbackProxyScanResult: call failed! error code is -2
02-20 10:46:02.714  1026-2549    C02500/HDF_WIFI_CORE           wifi_host                       E     HdfWLanCallbackFun: dispatch code fialed, error code: -2
02-20 10:46:02.714  1026-2549    C02500/HDF_WIFI_CORE           wifi_host                       I     <private>: send event = <private>, ifName = <private>
02-20 10:46:02.715  987-24363    C02500/wlan_callback_stub      wifi_hal_service                E     SerStubScanResult: invalid interface function ScanResult
02-20 10:46:02.715  1026-2549    C01510/BinderInvoker           wifi_host                       E     124: SendRequest: handle=3 result = -2
02-20 10:46:02.715  1026-2549    C02500/wlan_callback_proxy     wifi_host                       E     WlanCallbackProxyScanResult: call failed! error code is -2
02-20 10:46:02.715  1026-2549    C02500/HDF_WIFI_CORE           wifi_host                       E     HdfWLanCallbackFun: dispatch code fialed, error code: -2
02-20 10:46:02.715  1026-2549    C02500/HDF_WIFI_CORE           wifi_host                       I     <private>: send event = <private>, ifName = <private>
02-20 10:46:02.715  987-24363    C02500/wlan_callback_stub      wifi_hal_service                E     SerStubScanResult: invalid interface function ScanResult
02-20 10:46:02.716  1026-2549    C01510/BinderInvoker           wifi_host                       E     124: SendRequest: handle=3 result = -2
02-20 10:46:02.716  1026-2549    C02500/wlan_callback_proxy     wifi_host                       E     WlanCallbackProxyScanResult: call failed! error code is -2
02-20 10:46:02.716  1026-2549    C02500/HDF_WIFI_CORE           wifi_host                       E     HdfWLanCallbackFun: dispatch code fialed, error code: -2
02-20 10:46:02.716  1026-2549    C02500/HDF_WIFI_CORE           wifi_host                       I     <private>: send event = <private>, ifName = <private>
02-20 10:46:02.716  987-24363    C02500/wlan_callback_stub      wifi_hal_service                E     SerStubScanResult: invalid interface function ScanResult
02-20 10:46:02.716  1026-2549    C01510/BinderInvoker           wifi_host                       E     124: SendRequest: handle=3 result = -2
02-20 10:46:02.716  1026-2549    C02500/wlan_callback_proxy     wifi_host                       E     WlanCallbackProxyScanResult: call failed! error code is -2
02-20 10:46:02.716  1026-2549    C02500/HDF_WIFI_CORE           wifi_host                       E     HdfWLanCallbackFun: dispatch code fialed, error code: -2
02-20 10:46:02.717  1026-2549    C02500/HDF_WIFI_CORE           wifi_host                       I     <private>: send event = <private>, ifName = <private>
02-20 10:46:02.717  987-24363    C02500/wlan_callback_stub      wifi_hal_service                E     SerStubScanResult: invalid interface function ScanResult
02-20 10:46:02.717  1026-2549    C01510/BinderInvoker           wifi_host                       E     124: SendRequest: handle=3 result = -2
02-20 10:46:02.717  1026-2549    C02500/wlan_callback_proxy     wifi_host                       E     WlanCallbackProxyScanResult: call failed! error code is -2
02-20 10:46:02.718  1026-2549    C02500/HDF_WIFI_CORE           wifi_host                       E     HdfWLanCallbackFun: dispatch code fialed, error code: -2
02-20 10:46:02.718  1026-2549    C02500/HDF_WIFI_CORE           wifi_host                       I     <private>: send event = <private>, ifName = <private>
02-20 10:46:02.718  987-24363    C02500/wlan_callback_stub      wifi_hal_service                E     SerStubScanResult: invalid interface function ScanResult
02-20 10:46:02.718  1026-2549    C01510/BinderInvoker           wifi_host                       E     124: SendRequest: handle=3 result = -2
02-20 10:46:02.719  1026-2549    C02500/wlan_callback_proxy     wifi_host                       E     WlanCallbackProxyScanResult: call failed! error code is -2
02-20 10:46:02.719  1026-2549    C02500/HDF_WIFI_CORE           wifi_host                       E     HdfWLanCallbackFun: dispatch code fialed, error code: -2
02-20 10:46:02.719  1026-2549    C02500/HDF_WIFI_CORE           wifi_host                       I     <private>: send event = <private>, ifName = <private>
02-20 10:46:02.719  987-24363    C02500/wlan_callback_stub      wifi_hal_service                E     SerStubScanResult: invalid interface function ScanResult
02-20 10:46:02.720  1026-2549    C01510/BinderInvoker           wifi_host                       E     124: SendRequest: handle=3 result = -2
02-20 10:46:02.720  1026-2549    C02500/wlan_callback_proxy     wifi_host                       E     WlanCallbackProxyScanResult: call failed! error code is -2
02-20 10:46:02.720  1026-2549    C02500/HDF_WIFI_CORE           wifi_host                       E     HdfWLanCallbackFun: dispatch code fialed, error code: -2
02-20 10:46:02.720  1026-2549    C02500/HDF_WIFI_CORE           wifi_host                       I     <private>: send event = <private>, ifName = <private>
02-20 10:46:02.720  987-24363    C02500/wlan_callback_stub      wifi_hal_service                E     SerStubScanResult: invalid interface function ScanResult
02-20 10:46:02.720  1026-2549    C01510/BinderInvoker           wifi_host                       E     124: SendRequest: handle=3 result = -2
02-20 10:46:02.721  1026-2549    C02500/wlan_callback_proxy     wifi_host                       E     WlanCallbackProxyScanResult: call failed! error code is -2
02-20 10:46:02.721  1026-2549    C02500/HDF_WIFI_CORE           wifi_host                       E     HdfWLanCallbackFun: dispatch code fialed, error code: -2
02-20 10:46:02.721  1026-2549    C02500/HDF_WIFI_CORE           wifi_host                       I     <private>: send event = <private>, ifName = <private>
02-20 10:46:02.721  987-24363    C02500/wlan_callback_stub      wifi_hal_service                E     SerStubScanResult: invalid interface function ScanResult
02-20 10:46:02.722  1026-2549    C01510/BinderInvoker           wifi_host                       E     124: SendRequest: handle=3 result = -2
02-20 10:46:02.722  1026-2549    C02500/wlan_callback_proxy     wifi_host                       E     WlanCallbackProxyScanResult: call failed! error code is -2
02-20 10:46:02.722  1026-2549    C02500/HDF_WIFI_CORE           wifi_host                       E     HdfWLanCallbackFun: dispatch code fialed, error code: -2
02-20 10:46:02.722  1026-2549    C02500/HDF_WIFI_CORE           wifi_host                       I     <private>: send event = <private>, ifName = <private>
02-20 10:46:02.722  987-24363    C02500/wlan_callback_stub      wifi_hal_service                E     SerStubScanResult: invalid interface function ScanResult
02-20 10:46:02.723  1026-2549    C01510/BinderInvoker           wifi_host                       E     124: SendRequest: handle=3 result = -2
02-20 10:46:02.723  1026-2549    C02500/wlan_callback_proxy     wifi_host                       E     WlanCallbackProxyScanResult: call failed! error code is -2
02-20 10:46:02.723  1026-2549    C02500/HDF_WIFI_CORE           wifi_host                       E     HdfWLanCallbackFun: dispatch code fialed, error code: -2
02-20 10:46:02.723  1026-2549    C02500/HDF_WIFI_CORE           wifi_host                       I     <private>: send event = <private>, ifName = <private>
02-20 10:46:02.723  987-24363    C02500/wlan_callback_stub      wifi_hal_service                E     SerStubScanResult: invalid interface function ScanResult
02-20 10:46:02.723  1026-2549    C01510/BinderInvoker           wifi_host                       E     124: SendRequest: handle=3 result = -2
02-20 10:46:02.724  1026-2549    C02500/wlan_callback_proxy     wifi_host                       E     WlanCallbackProxyScanResult: call failed! error code is -2
02-20 10:46:02.724  1026-2549    C02500/HDF_WIFI_CORE           wifi_host                       E     HdfWLanCallbackFun: dispatch code fialed, error code: -2
02-20 10:46:02.724  1026-2549    C02500/HDF_WIFI_CORE           wifi_host                       I     <private>: send event = <private>, ifName = <private>
02-20 10:46:02.724  987-24363    C02500/wlan_callback_stub      wifi_hal_service                E     SerStubScanResult: invalid interface function ScanResult
02-20 10:46:02.725  1026-2549    C01510/BinderInvoker           wifi_host                       E     124: SendRequest: handle=3 result = -2
02-20 10:46:02.725  1026-2549    C02500/wlan_callback_proxy     wifi_host                       E     WlanCallbackProxyScanResult: call failed! error code is -2
02-20 10:46:02.725  1026-2549    C02500/HDF_WIFI_CORE           wifi_host                       E     HdfWLanCallbackFun: dispatch code fialed, error code: -2
02-20 10:46:02.725  1026-2549    C02500/HDF_WIFI_CORE           wifi_host                       I     <private>: send event = <private>, ifName = <private>
02-20 10:46:02.726  987-24363    C02500/wlan_callback_stub      wifi_hal_service                E     SerStubScanResult: invalid interface function ScanResult
02-20 10:46:02.726  1026-2549    C01510/BinderInvoker           wifi_host                       E     124: SendRequest: handle=3 result = -2
02-20 10:46:02.726  1026-2549    C02500/wlan_callback_proxy     wifi_host                       E     WlanCallbackProxyScanResult: call failed! error code is -2
02-20 10:46:02.726  1026-2549    C02500/HDF_WIFI_CORE           wifi_host                       E     HdfWLanCallbackFun: dispatch code fialed, error code: -2
02-20 10:46:02.726  1026-2549    C02500/HDF_WIFI_CORE           wifi_host                       I     <private>: send event = <private>, ifName = <private>
02-20 10:46:02.726  987-24363    C02500/wlan_callback_stub      wifi_hal_service                E     SerStubScanResult: invalid interface function ScanResult
02-20 10:46:02.727  1026-2549    C01510/BinderInvoker           wifi_host                       E     124: SendRequest: handle=3 result = -2
02-20 10:46:02.727  1026-2549    C02500/wlan_callback_proxy     wifi_host                       E     WlanCallbackProxyScanResult: call failed! error code is -2
02-20 10:46:02.727  1026-2549    C02500/HDF_WIFI_CORE           wifi_host                       E     HdfWLanCallbackFun: dispatch code fialed, error code: -2
02-20 10:46:02.727  1026-2549    C02500/HDF_WIFI_CORE           wifi_host                       I     <private>: send event = <private>, ifName = <private>
02-20 10:46:02.727  987-24363    C02500/wlan_callback_stub      wifi_hal_service                E     SerStubScanResult: invalid interface function ScanResult
02-20 10:46:02.727  1026-2549    C01510/BinderInvoker           wifi_host                       E     124: SendRequest: handle=3 result = -2
02-20 10:46:02.727  1026-2549    C02500/wlan_callback_proxy     wifi_host                       E     WlanCallbackProxyScanResult: call failed! error code is -2
02-20 10:46:02.727  1026-2549    C02500/HDF_WIFI_CORE           wifi_host                       E     HdfWLanCallbackFun: dispatch code fialed, error code: -2
02-20 10:46:02.728  1026-2549    C02500/HDF_WIFI_CORE           wifi_host                       I     <private>: send event = <private>, ifName = <private>
02-20 10:46:02.728  987-24363    C02500/wlan_callback_stub      wifi_hal_service                E     SerStubScanResult: invalid interface function ScanResult
02-20 10:46:02.728  1026-2549    C01510/BinderInvoker           wifi_host                       E     124: SendRequest: handle=3 result = -2
02-20 10:46:02.728  1026-2549    C02500/wlan_callback_proxy     wifi_host                       E     WlanCallbackProxyScanResult: call failed! error code is -2
02-20 10:46:02.728  1026-2549    C02500/HDF_WIFI_CORE           wifi_host                       E     HdfWLanCallbackFun: dispatch code fialed, error code: -2
02-20 10:46:02.728  1026-2549    C02500/HDF_WIFI_CORE           wifi_host                       I     <private>: send event = <private>, ifName = <private>
02-20 10:46:02.729  987-24363    C02500/wlan_callback_stub      wifi_hal_service                E     SerStubScanResult: invalid interface function ScanResult
02-20 10:46:02.729  1026-2549    C01510/BinderInvoker           wifi_host                       E     124: SendRequest: handle=3 result = -2
02-20 10:46:02.729  1026-2549    C02500/wlan_callback_proxy     wifi_host                       E     WlanCallbackProxyScanResult: call failed! error code is -2
02-20 10:46:02.729  1026-2549    C02500/HDF_WIFI_CORE           wifi_host                       E     HdfWLanCallbackFun: dispatch code fialed, error code: -2
02-20 10:46:02.730  1026-2549    C02500/HDF_WIFI_CORE           wifi_host                       I     <private>: send event = <private>, ifName = <private>
02-20 10:46:02.730  987-24363    C02500/wlan_callback_stub      wifi_hal_service                E     SerStubScanResult: invalid interface function ScanResult
02-20 10:46:02.730  1026-2549    C01510/BinderInvoker           wifi_host                       E     124: SendRequest: handle=3 result = -2
02-20 10:46:02.731  1026-2549    C02500/wlan_callback_proxy     wifi_host                       E     WlanCallbackProxyScanResult: call failed! error code is -2
02-20 10:46:02.731  1026-2549    C02500/HDF_WIFI_CORE           wifi_host                       E     HdfWLanCallbackFun: dispatch code fialed, error code: -2
02-20 10:46:02.731  1026-2549    C02500/HDF_WIFI_CORE           wifi_host                       I     <private>: send event = <private>, ifName = <private>
02-20 10:46:02.732  987-24363    C02500/wlan_callback_stub      wifi_hal_service                E     SerStubScanResult: invalid interface function ScanResult
02-20 10:46:02.733  1026-2549    C01510/BinderInvoker           wifi_host                       E     124: SendRequest: handle=3 result = -2
02-20 10:46:02.733  1026-2549    C02500/wlan_callback_proxy     wifi_host                       E     WlanCallbackProxyScanResult: call failed! error code is -2
02-20 10:46:02.733  1026-2549    C02500/HDF_WIFI_CORE           wifi_host                       E     HdfWLanCallbackFun: dispatch code fialed, error code: -2
02-20 10:46:02.733  1026-2549    C02500/HDF_WIFI_CORE           wifi_host                       I     <private>: send event = <private>, ifName = <private>
02-20 10:46:02.733  987-24363    C02500/wlan_callback_stub      wifi_hal_service                E     SerStubScanResult: invalid interface function ScanResult
02-20 10:46:02.733  1026-2549    C01510/BinderInvoker           wifi_host                       E     124: SendRequest: handle=3 result = -2
02-20 10:46:02.733  1026-2549    C02500/wlan_callback_proxy     wifi_host                       E     WlanCallbackProxyScanResult: call failed! error code is -2
02-20 10:46:02.733  1026-2549    C02500/HDF_WIFI_CORE           wifi_host                       E     HdfWLanCallbackFun: dispatch code fialed, error code: -2
02-20 10:46:02.733  1026-2549    C02500/HDF_WIFI_CORE           wifi_host                       I     <private>: send event = <private>, ifName = <private>
02-20 10:46:02.734  987-24363    C01560/WifiHalCallback         wifi_hal_service                I     Get Scan status: 2, and begin push notify message
02-20 10:46:02.734  1840-2567    C01560/WifiIdlIWifi            wifi_manager_se                 I     OnTransact deal sta/ap event: 107
02-20 10:46:02.734  1840-2567    C01562/ScanMonitor             wifi_manager_se                 I     Enter ScanMonitor::ReceiveScanEventFromIdl, result is 2.
02-20 10:46:02.734  1840-2567    C01562/ScanMonitor             wifi_manager_se                 I     Enter ScanMonitor::ProcessReceiveScanEvent, result is 2.
02-20 10:46:02.735  1840-2566    C01560/OHWIFI_STATE_MACHINE    wifi_manager_se                 I     State machine: CommonScanning execute Cmd:21
02-20 10:46:02.735  1840-2566    C01562/ScanStateMachine        wifi_manager_se                 I     Enter ScanStateMachine::CommonScanning::ExecuteStateMsg.
02-20 10:46:02.735  1840-2566    C01562/ScanStateMachine        wifi_manager_se                 I     Enter ScanStateMachine::CommonScanInfoProcess.
02-20 10:46:02.735  1840-2566    C01562/ScanStateMachine        wifi_manager_se                 I     Enter ScanStateMachine::GetScanInfos.
02-20 10:46:02.735  1840-2566    C01562/ScanStateMachine        wifi_manager_se                 I     Begin: QueryScanInfos.
02-20 10:46:02.735  987-987      C01560/WifiHdiStaImpl          wifi_hal_service                I     GetHdiScanInfos enter, saved size:38.
02-20 10:46:02.736  1840-2566    C01560/WifiIdlStaIface         wifi_manager_se                 I     GetScanInfos size: 38
02-20 10:46:02.736  1840-2566    C01562/ScanStateMachine        wifi_manager_se                 I     End: QueryScanInfos.
02-20 10:46:02.736  1840-2566    C01562/ScanStateMachine        wifi_manager_se                 I     Enter ScanStateMachine::GetSecurityTypeAndBand.
02-20 10:46:02.737  1840-2566    C01562/ScanService             wifi_manager_se                 I     Enter ScanService::HandleScanStatusReport, status:2
02-20 10:46:02.737  1840-2566    C01562/ScanService             wifi_manager_se                 I     Enter ScanService::HandleCommonScanInfo, requestIndexList size: 1.
02-20 10:46:02.737  1840-2566    C01562/ScanService             wifi_manager_se                 I     Enter ScanService::StoreFullScanInfo.
02-20 10:46:02.737  1840-2566    C01562/ScanService             wifi_manager_se                 I     scanConfig.scanTime is <private>.
02-20 10:46:02.737  1840-2566    C01562/ScanService             wifi_manager_se                 I     Receive 38 scan results.
02-20 10:46:02.737  1840-2566    C01560/WifiFrameWork           wifi_manager_se                 I     StoreWifiMacAddrPairInfo: type:0, address:<private>, randomMacAddr:<private>
02-20 10:46:02.737  1840-2566    C01562/ScanService             wifi_manager_se                 I     Save 78 scan results.
02-20 10:46:02.737  1840-2566    C01560/WifiManager             wifi_manager_se                 E     DealScanFinished, state: 1!
02-20 10:46:02.737  1840-2566    C01200/Ces                     wifi_manager_se                 W     [common_event_proxy.cpp:(PublishCommonEvent):70] invalid commonEventListener
02-20 10:46:02.737  1840-1857    C01200/Ces                     wifi_manager_se                 W     [common_event_proxy.cpp:(PublishCommonEvent):70] invalid commonEventListener
02-20 10:46:02.738  1123-1703    C01120/BundleMgrService        foundation                      W     [bundle_data_mgr.cpp(GetInnerBundleInfoByUid):2081] the uid(1010) is not an application.
02-20 10:46:02.738  1123-1612    C01120/BundleMgrService        foundation                      W     [bundle_data_mgr.cpp(GetInnerBundleInfoByUid):2081] the uid(1010) is not an application.
02-20 10:46:02.739  1840-1857    C01560/WifiInternalEventDispatcher wifi_manager_se                 I     InvokeScanCallbacks, msg.msgCode: 8193
02-20 10:46:02.739  1840-2566    C01562/EnhanceInterface        wifi_manager_se                 I     Enter EnhanceInterface::SetEnhanceParam.
02-20 10:46:02.739  1840-2566    C01562/ScanService             wifi_manager_se                 I     Enter ScanService::ReportScanInfos.
02-20 10:46:02.739  1840-2566    C01560/StaService              wifi_manager_se                 I     Enter StaService::AutoConnectService.
02-20 10:46:02.739  1123-5130    C01200/Ces                     foundation                      I     [common_event_support.cpp:(IsSystemEvent):1706] enter
02-20 10:46:02.739  1840-2566    C01560/StaAutoConnectService   wifi_manager_se                 I     Enter StaAutoConnectService::OnScanInfosReadyHandler.
02-20 10:46:02.739  1840-2566    C01560/StaAutoConnectService   wifi_manager_se                 I     Enter StaAutoConnectService::ClearOvertimeBlockedBssid.
02-20 10:46:02.739  1840-1857    C01560/WifiInternalEventDispatcher wifi_manager_se                 I     Check calling APP is hardwareProxied, uid: 10003, pid: 2008, hardwareProxied: 0
02-20 10:46:02.739  1840-2566    C01560/StaAutoConnectService   wifi_manager_se                 I     blockedBssidMap is empty !
02-20 10:46:02.739  1840-1857    C01560/WifiInternalEventDispatcher wifi_manager_se                 I     InvokeScanCallbacks, Not registered callback event! msg.msgCode:8193
02-20 10:46:02.739  1840-2566    C01560/StaAutoConnectService   wifi_manager_se                 I     Enter StaAutoConnectService::ClearAllBlockedBssids.
02-20 10:46:02.739  1840-1857    C01560/WifiInternalEventDispatcher wifi_manager_se                 I     InvokeScanCallbacks, msg.msgCode: 8193
02-20 10:46:02.739  1840-2566    C01560/StaAutoConnectService   wifi_manager_se                 I     Enter StaAutoConnectService::SelectNetwork.
02-20 10:46:02.739  1840-2566    C01560/StaAutoConnectService   wifi_manager_se                 I     Allow auto select device, connState=4, detailedState=10
02-20 10:46:02.739  1840-2566    C01560/StaAutoConnectService   wifi_manager_se                 I     Enter StaAutoConnectService::CurrentDeviceGoodEnough.
02-20 10:46:02.739  1840-2566    C01560/StaAutoConnectService   wifi_manager_se                 E     Network switching is not required.
02-20 10:46:02.739  1840-2566    C01560/StaAutoConnectService   wifi_manager_se                 I     AutoSelectDevice return fail.
02-20 10:46:02.739  1840-2566    C01560/OHWIFI_STATE_MACHINE    wifi_manager_se                 E     SwitchState, Switch to targetState: CommonScanUnworked.
02-20 10:46:02.739  1840-2566    C01562/ScanStateMachine        wifi_manager_se                 I     Enter ScanStateMachine::CommonScanning::GoOutState.
02-20 10:46:02.739  1840-2566    C01562/ScanStateMachine        wifi_manager_se                 I     Enter ScanStateMachine::ReportCommonScanFailedAndClear.
02-20 10:46:02.739  1840-2566    C01560/OHWIFI_MESSAGE_QUEUE    wifi_manager_se                 I     MessageQueue::DeleteMessageFromQueue
02-20 10:46:02.739  1840-1857    C01560/WifiInternalEventDispatcher wifi_manager_se                 I     Check calling APP is hardwareProxied, uid: 1024, pid: 0, hardwareProxied: 0
02-20 10:46:02.739  1840-2566    C01562/ScanStateMachine        wifi_manager_se                 I     Enter ScanStateMachine::CommonScanUnworked::GoInState.
02-20 10:46:02.739  1840-2566    C01562/ScanStateMachine        wifi_manager_se                 I     Enter ScanStateMachine::StartNewCommonScan.
02-20 10:46:02.739  1840-2566    C01562/ScanStateMachine        wifi_manager_se                 I     ScanStateMachine::ContinuePnoScanProcess.
02-20 10:46:02.739  1840-1857    C01560/WifiInternalEventDispatcher wifi_manager_se                 I     InvokeScanCallbacks, msg.msgCode: 8193
02-20 10:46:02.739  1059-1303    C01562/WifiScanCallbackStub    softbus_server                  I     WifiScanCallbackStub::OnWifiScanStateChanged,state:1
02-20 10:46:02.740  1840-1857    C01560/WifiInternalEventDispatcher wifi_manager_se                 I     Check calling APP is hardwareProxied, uid: 20010038, pid: 26897, hardwareProxied: 1
02-20 10:46:02.740  1059-1303    C01560/WifiCEvent              softbus_server                  I     scan received state changed event: 1
02-20 10:46:02.740  1123-5130    C01200/Ces                     foundation                      I     [common_event_support.cpp:(IsSystemEvent):1706] enter
02-20 10:46:02.741  476-1364     C02d10/HiView-SysEventSource   hiview                          I     Parser: parser result domain_=COMMONEVENT eventName_=PUBLISH
02-20 10:46:02.741  1123-5130    C01719/ffrt                    foundation                      E     720291:QosApplyForOther:242 qos apply failed for task 5141
02-20 10:46:02.741  1059-1321    C015c0/dsoftbus                softbus_server                  I     [LNN][ChannelStatusProcess:314]status process status = 3.
02-20 10:46:02.742  476-1364     C02d10/HiView-SysEventSource   hiview                          I     Parser: parser result domain_=COMMUNICATION eventName_=WIFI_EVENT_RECEIVED
02-20 10:46:02.767  1840-1949    C01560/StaNetworkCheck         wifi_manager_se                 I     Enter httpDetection
02-20 10:46:02.767  1840-1949    C01560/OHWIFI_UTILS_HTTP_REQ   wifi_manager_se                 I     GetHostAddrFromUrl urlTmp2 = [<private>].
02-20 10:46:02.767  1840-1949    C01560/OHWIFI_UTILS_HTTP_REQ   wifi_manager_se                 I     GetIPFromUrl Url maybe contain Domain.
02-20 10:46:02.768  1840-5142    C01560/OHWIFI_UTILS_HTTP_REQ   wifi_manager_se                 E     GetHostThread ipOrDomain is connectivitycheck.platform.hicloud.com.
02-20 10:46:02.769  1840-5142    C01560/OHWIFI_UTILS_HTTP_REQ   wifi_manager_se                 E     GetHostThread ipaddr is 220.185.180.74.
02-20 10:46:02.769  1840-1949    C01560/OHWIFI_UTILS_HTTP_REQ   wifi_manager_se                 I     iPort= [80],strIP= [<private>]
02-20 10:46:02.786  704-822      C01c06/TimeService             resource_schedu                 I     [time_service_client.cpp] GetBootTimeMs# Result: 90747980
02-20 10:46:02.786  476-1364     C02d10/HiView-SysEventSource   hiview                          I     Parser: parser result domain_=DISPLAY eventName_=AMBIENT_LIGHT
02-20 10:46:02.788  1123-1703    C02965/StatsUtils              foundation                      W     [stats_utils.cpp:191] ConvertStatsType# Convert failed due to illegal type=15
02-20 10:46:02.799  1840-1949    C01560/StaNetworkCheck         wifi_manager_se                 E     This network is normal!
02-20 10:46:03.007  1059-1321    C015c0/dsoftbus                softbus_server                  E     SoftBusCondTimedWait timeout, ret[110]
02-20 10:46:03.138  704-822      C01c06/TimeService             resource_schedu                 I     [time_service_client.cpp] GetBootTimeMs# Result: 90748332
02-20 10:46:03.139  476-1364     C02d10/HiView-SysEventSource   hiview                          I     Parser: parser result domain_=DISPLAY eventName_=AMBIENT_LIGHT
02-20 10:46:03.141  1123-1703    C02965/StatsUtils              foundation                      W     [stats_utils.cpp:191] ConvertStatsType# Convert failed due to illegal type=15
02-20 10:46:03.487  704-822      C01c06/TimeService             resource_schedu                 I     [time_service_client.cpp] GetBootTimeMs# Result: 90748681
02-20 10:46:03.488  476-1364     C02d10/HiView-SysEventSource   hiview                          I     Parser: parser result domain_=DISPLAY eventName_=AMBIENT_LIGHT
02-20 10:46:03.490  1123-1703    C02965/StatsUtils              foundation                      W     [stats_utils.cpp:191] ConvertStatsType# Convert failed due to illegal type=15
02-20 10:46:03.839  704-822      C01c06/TimeService             resource_schedu                 I     [time_service_client.cpp] GetBootTimeMs# Result: 90749033
02-20 10:46:03.911  1059-1321    C015c0/dsoftbus                softbus_server                  E     SoftBusCondTimedWait timeout, ret[110]
02-20 10:46:03.969  1572-22376   C02d13/HDC_LOG                 hdcd                            I     [daemon.cpp:397] FetchCommand channelId:1317943952 command:1001
02-20 10:46:03.969  1572-22376   C02d13/HDC_LOG                 hdcd                            I     [session.cpp:1317] New HTaskInfo channelId:1317943952 command:1001
02-20 10:46:03.969  1572-22376   C02d13/HDC_LOG                 hdcd                            W     [session.cpp:728] mapTask.size:2
02-20 10:46:03.969  1572-22376   C02d13/HDC_LOG                 hdcd                            I     [session.cpp:738] AdminTask add session 1397996714, channelId 1317943952, mapTask size: 3
02-20 10:46:03.969  1572-22376   C02d13/HDC_LOG                 hdcd                            I     [task.cpp:32] HdcTaskBase channelId:1317943952
02-20 10:46:03.970  1572-5143    C02d13/HDC_LOG                 hdcd                            I     [async_cmd.cpp:152] ExecuteCommand pipe fds[pipeRead]:26 fds[pipeWrite]:30
02-20 10:46:03.971  1572-5143    C02d13/HDC_LOG                 hdcd                            I     [base.cpp:1617] CloseFd fd:30
02-20 10:46:03.971  1572-22376   C02d13/HDC_LOG                 hdcd                            I     [async_cmd.cpp:200] ExecuteCommand cmd:ps -ef fd:26 pid:5144
02-20 10:46:03.971  5144-5144    C02d13/HDC_LOG                 pid-5144                        I     [base.cpp:1617] CloseFd fd:26
02-20 10:46:03.971  5144-5144    C02d13/HDC_LOG                 pid-5144                        I     [base.cpp:1617] CloseFd fd:30
02-20 10:46:04.008  1059-1321    C015c0/dsoftbus                softbus_server                  E     SoftBusCondTimedWait timeout, ret[110]
02-20 10:46:04.091  1572-5146    C02d13/HDC_LOG                 hdcd                            I     [file_descriptor.cpp:127] FileIOOnThread fd:26 nBytes:0
02-20 10:46:04.092  1572-5146    C02d13/HDC_LOG                 hdcd                            I     [async_cmd.cpp:80] FinishShellProc finish pipeRead fd:26 pid:5144
02-20 10:46:04.092  1572-5146    C02d13/HDC_LOG                 hdcd                            I     [task.cpp:50] HdcTaskBase::TaskFinish notify begin channelId:1317943952
02-20 10:46:04.092  1572-5146    C02d13/HDC_LOG                 hdcd                            I     [task.cpp:52] HdcTaskBase::TaskFinish notify end channelId:1317943952
02-20 10:46:04.093  1572-22376   C02d13/HDC_LOG                 hdcd                            I     [daemon.cpp:397] FetchCommand channelId:1317943952 command:2
02-20 10:46:04.093  1572-22376   C02d13/HDC_LOG                 hdcd                            I     [session.cpp:104] BeginRemoveTask taskType:0 channelId:1317943952
02-20 10:46:04.094  1572-22376   C02d13/HDC_LOG                 hdcd                            I     [async_cmd.cpp:56] AsyncCmd::DoRelease finish
02-20 10:46:04.094  1572-22376   C02d13/HDC_LOG                 hdcd                            I     [session.cpp:157] ClearOwnTasks OP_CLEAR finish, session:0x7effe84a00 channelIDInput:1317943952
02-20 10:46:04.094  1572-22376   C02d13/HDC_LOG                 hdcd                            I     [session.cpp:116] TaskDelay task remove retry count 0/30, taskType:0 channelId:1317943952, sessionId:1397996714
02-20 10:46:04.094  1572-22376   C02d13/HDC_LOG                 hdcd                            F     [file_descriptor.cpp:38] ~HdcFileDescriptor refIO:0
02-20 10:46:04.094  1572-22376   C02d13/HDC_LOG                 hdcd                            I     [base.cpp:1617] CloseFd fd:26
02-20 10:46:04.094  1572-22376   C02d13/HDC_LOG                 hdcd                            I     [daemon_unity.cpp:27] HdcDaemonUnity::~HdcDaemonUnity finish
02-20 10:46:04.094  1572-22376   C02d13/HDC_LOG                 hdcd                            I     [async_cmd.cpp:35] ~AsyncCmd
02-20 10:46:04.094  1572-22376   C02d13/HDC_LOG                 hdcd                            I     [task.cpp:37] ~HdcTaskBase channelId:1317943952
02-20 10:46:04.094  1572-22376   C02d13/HDC_LOG                 hdcd                            I     [session.cpp:123] TaskDelay task remove finish, channelId:1317943952
02-20 10:46:04.099  1572-22376   C02d13/HDC_LOG                 hdcd                            I     [daemon.cpp:397] FetchCommand channelId:1317943952 command:2
02-20 10:46:04.102  476-1881     C02d10/XPower                  hiview                          E     [MemoryCollector.cpp] GetMemInfo# Failed to read file /proc/4897/smaps_rollup
02-20 10:46:04.102  476-1881     C02d10/XPower                  hiview                          E     [AnomalyMemoryMgr.cpp] HandlePssCollection# Update Correction value failed, processName ueventd .
02-20 10:46:04.186  704-822      C01c06/TimeService             resource_schedu                 I     [time_service_client.cpp] GetBootTimeMs# Result: 90749381
02-20 10:46:04.296  3004-3029    C015b0/NetMgrSubsystem         com.netease.lava.nertc.demo     I     NETSTACK [socket_exec.cpp 1594] Server accept new client SUCCESS, fd = 41
02-20 10:46:04.297  3004-5148    C015b0/NetMgrSubsystem         com.netease.lava.nertc.demo     E     NETSTACK [socket_exec.cpp 1540] iter==g_clientEventManagers.end()
02-20 10:46:04.298  3004-5148    C015b0/NetMgrSubsystem         com.netease.lava.nertc.demo     E     NETSTACK [socket_exec.cpp 1537] manager!=nullptr
02-20 10:46:04.298  3004-5148    C015b0/NetMgrSubsystem         com.netease.lava.nertc.demo     I     NETSTACK [socket_exec.cpp 1555] ClientRecv: fd is 41, buf is {"type": "command", "module": "client", "method": "Release"}, size is 60 bytes
02-20 10:46:04.298  3004-3004    A03d00/JSAPP                   com.netease.lava.nertc.demo     I     [Demo][Ta] socket on connect
02-20 10:46:04.388  2008-2008    C01560/WifiNAPIUtils           com.ohos.sceneboard             I     Call wifi func: GetLinkedInfo (start)
02-20 10:46:04.389  2008-2008    C01560/WifiNAPIUtils           com.ohos.sceneboard             I     Call wifi func: GetLinkedInfo (end), time cost:311us, 0ms
02-20 10:46:04.389  2008-5078    C01560/WifiNAPIUtils           com.ohos.sceneboard             I     Call wifi func: wifiDevicePtr->GetLinkedInfo (start)
02-20 10:46:04.389  2008-5078    C01510/IPCObjectStub           com.ohos.sceneboard             I     63: create, desc: OHOS.ISystemAbilityLoadCallback
02-20 10:46:04.390  480-901      C01510/IPCObjectProxy          samgr                           I     58: handle = 73 create, descriptor: IPCObjectProxy73
02-20 10:46:04.390  704-822      C01c06/TimeService             resource_schedu                 I     [time_service_client.cpp] GetBootTimeMs# Result: 90749585
02-20 10:46:04.390  480-901      C01800/SAMGR                   samgr                           I     [SA Scheduler][SA: 1120] handle load event start, callingpid: 2008
02-20 10:46:04.391  480-901      C01800/SAMGR                   samgr                           I     NotifySystemAbilityLoaded systemAbilityId : 1120
02-20 10:46:04.391  480-901      C01510/IPCObjectProxy          samgr                           W     63: handle = 73 destroyed, descriptor: IPCObjectProxy73
02-20 10:46:04.391  2008-5078    C01800/SA_CLIENT               com.ohos.sceneboard             I     LoadSystemAbility systemAbilityId : 1120, SendRequest succeed!
02-20 10:46:04.391  2008-2362    C01800/SA_CLIENT               com.ohos.sceneboard             I     SystemAbilityLoadCallbackStub::OnRemoteRequest, code = 1
02-20 10:46:04.391  2008-2362    C01510/IPCObjectStub           com.ohos.sceneboard             W     68: destroy, desc: OHOS.ISystemAbilityLoadCallback
02-20 10:46:04.392  1840-1846    C01560/OHWIFI_MANAGER_PERMISSION_HELPE wifi_manager_se                 I     callerToken=0x2005c34e has permission_name=ohos.permission.GET_WIFI_INFO, pid=0x7d8, type=0
02-20 10:46:04.393  1840-1846    C01560/OHWIFI_MANAGER_PERMISSION_HELPE wifi_manager_se                 I     callerToken=0x2005c34e has no permission_name=ohos.permission.GET_WIFI_LOCAL_MAC, pid=0x7d8, type=0
02-20 10:46:04.393  1840-1846    C01560/WifiDeviceServiceImpl   wifi_manager_se                 E     GetLinkedInfo:VerifyGetWifiLocalMacPermission() PERMISSION_DENIED!
02-20 10:46:04.393  2008-5078    C01560/WifiNAPIUtils           com.ohos.sceneboard             I     Call wifi func: wifiDevicePtr->GetLinkedInfo (end), time cost:4241us, 4ms
02-20 10:46:04.394  2008-2008    C01560/WifiNAPIDevice          com.ohos.sceneboard             I     Push get linkedInfo result to client
02-20 10:46:04.394  2008-2008    C01560/WifiNAPIErrCode         com.ohos.sceneboard             I     HandleCallbackErrCode, errCode = 0
02-20 10:46:04.394  2008-2008    A0001b/SceneBoard              com.ohos.sceneboard             I     Model.NetSpeedController --> wifi getLinkedInfo
02-20 10:46:04.400  1840-1948    C01560/OHWIFI_STATE_MACHINE    wifi_manager_se                 I     State machine: LinkedState execute Cmd:2
02-20 10:46:04.400  1840-1948    C01560/StaStateMachine         wifi_manager_se                 I     LinkedState, reveived msgCode=2 msg.
02-20 10:46:04.400  987-987      C01560/WifiHdiStaImpl          wifi_hal_service                I     GetHdiSignalInfo enter.
02-20 10:46:04.400  987-987      C01560/WifiHdiProxy            wifi_hal_service                I     GetFeatureInner get an exist feature.
02-20 10:46:04.401  1026-1287    C02500/HDF_WIFI_CORE           wifi_host                       E     <private>: BSS attr or status missing!
02-20 10:46:04.401  1026-1287    C02500/HDF_WIFI_CORE           wifi_host                       E     <private>: BSS attr or status missing!
02-20 10:46:04.401  1026-1287    C02500/HDF_WIFI_CORE           wifi_host                       E     <private>: BSS attr or status missing!
02-20 10:46:04.401  1026-1287    C02500/HDF_WIFI_CORE           wifi_host                       E     <private>: BSS attr or status missing!
02-20 10:46:04.401  1026-1287    C02500/HDF_WIFI_CORE           wifi_host                       E     <private>: BSS attr or status missing!
02-20 10:46:04.401  1026-1287    C02500/HDF_WIFI_CORE           wifi_host                       E     <private>: BSS attr or status missing!
02-20 10:46:04.401  1026-1287    C02500/HDF_WIFI_CORE           wifi_host                       E     <private>: BSS attr or status missing!
02-20 10:46:04.401  1026-1287    C02500/HDF_WIFI_CORE           wifi_host                       E     <private>: BSS attr or status missing!
02-20 10:46:04.401  1026-1287    C02500/HDF_WIFI_CORE           wifi_host                       E     <private>: BSS attr or status missing!
02-20 10:46:04.401  1026-1287    C02500/HDF_WIFI_CORE           wifi_host                       E     <private>: BSS attr or status missing!
02-20 10:46:04.401  1026-1287    C02500/HDF_WIFI_CORE           wifi_host                       E     <private>: BSS attr or status missing!
02-20 10:46:04.401  1026-1287    C02500/HDF_WIFI_CORE           wifi_host                       E     <private>: BSS attr or status missing!
02-20 10:46:04.401  1026-1287    C02500/HDF_WIFI_CORE           wifi_host                       E     <private>: BSS attr or status missing!
02-20 10:46:04.401  1026-1287    C02500/HDF_WIFI_CORE           wifi_host                       E     <private>: BSS attr or status missing!
02-20 10:46:04.401  1026-1287    C02500/HDF_WIFI_CORE           wifi_host                       E     <private>: BSS attr or status missing!
02-20 10:46:04.401  1026-1287    C02500/HDF_WIFI_CORE           wifi_host                       E     <private>: BSS attr or status missing!
02-20 10:46:04.401  1026-1287    C02500/HDF_WIFI_CORE           wifi_host                       E     <private>: BSS attr or status missing!
02-20 10:46:04.401  1026-1287    C02500/HDF_WIFI_CORE           wifi_host                       E     <private>: BSS attr or status missing!
02-20 10:46:04.401  1026-1287    C02500/HDF_WIFI_CORE           wifi_host                       E     <private>: BSS attr or status missing!
02-20 10:46:04.401  1026-1287    C02500/HDF_WIFI_CORE           wifi_host                       E     <private>: BSS attr or status missing!
02-20 10:46:04.401  1026-1287    C02500/HDF_WIFI_CORE           wifi_host                       E     <private>: BSS attr or status missing!
02-20 10:46:04.401  1026-1287    C02500/HDF_WIFI_CORE           wifi_host                       E     <private>: BSS attr or status missing!
02-20 10:46:04.401  1026-1287    C02500/HDF_WIFI_CORE           wifi_host                       E     <private>: BSS attr or status missing!
02-20 10:46:04.401  1026-1287    C02500/HDF_WIFI_CORE           wifi_host                       E     <private>: BSS attr or status missing!
02-20 10:46:04.401  1026-1287    C02500/HDF_WIFI_CORE           wifi_host                       E     <private>: BSS attr or status missing!
02-20 10:46:04.401  1026-1287    C02500/HDF_WIFI_CORE           wifi_host                       E     <private>: BSS attr or status missing!
02-20 10:46:04.401  1026-1287    C02500/HDF_WIFI_CORE           wifi_host                       E     <private>: BSS attr or status missing!
02-20 10:46:04.401  1026-1287    C02500/HDF_WIFI_CORE           wifi_host                       E     <private>: BSS attr or status missing!
02-20 10:46:04.401  1026-1287    C02500/HDF_WIFI_CORE           wifi_host                       E     <private>: BSS attr or status missing!
02-20 10:46:04.401  1026-1287    C02500/HDF_WIFI_CORE           wifi_host                       E     <private>: BSS attr or status missing!
02-20 10:46:04.401  1026-1287    C02500/HDF_WIFI_CORE           wifi_host                       E     <private>: BSS attr or status missing!
02-20 10:46:04.401  1026-1287    C02500/HDF_WIFI_CORE           wifi_host                       E     <private>: BSS attr or status missing!
02-20 10:46:04.402  1026-1287    C02500/HDF_WIFI_CORE           wifi_host                       E     <private>: BSS attr or status missing!
02-20 10:46:04.402  1026-1287    C02500/HDF_WIFI_CORE           wifi_host                       E     <private>: BSS attr or status missing!
02-20 10:46:04.402  1026-1287    C02500/HDF_WIFI_CORE           wifi_host                       E     <private>: BSS attr or status missing!
02-20 10:46:04.402  1026-1287    C02500/HDF_WIFI_CORE           wifi_host                       E     <private>: BSS attr or status missing!
02-20 10:46:04.402  1026-1287    C02500/HDF_WIFI_CORE           wifi_host                       E     <private>: BSS attr or status missing!
02-20 10:46:04.402  1026-1287    C02500/HDF_WIFI_CORE           wifi_host                       E     <private>: BSS attr or status missing!
02-20 10:46:04.402  1026-1287    C02500/HDF_WIFI_CORE           wifi_host                       E     <private>: BSS attr or status missing!
02-20 10:46:04.402  1026-1287    C02500/HDF_WIFI_CORE           wifi_host                       E     <private>: BSS attr or status missing!
02-20 10:46:04.402  1026-1287    C02500/HDF_WIFI_CORE           wifi_host                       E     <private>: BSS attr or status missing!
02-20 10:46:04.404  1840-1948    C01560/WifiFrameWork           wifi_manager_se                 I     DealSignalPollResult, signal:-60, txLinkSpeed:4000, rxLinkSpeed:4000, freq:5300, noise:-75.
02-20 10:46:04.404  1840-1948    C01560/WifiFrameWork           wifi_manager_se                 I     DealSignalPollResult, networkId:0, ssid:<private>, rssi:-60, band:2, connState:4, detailedState:10.
02-20 10:46:04.404  1840-1948    C01560/WifiFrameWork           wifi_manager_se                 I     DealSignalPollResult currentSignalLevel:4, lastSignalLevel:4.
02-20 10:46:04.404  1840-1857    C01560/WifiInternalEventDispatcher wifi_manager_se                 I     WifiInternalEventDispatcher:: Deal Sta Event Callback Msg: 4100
02-20 10:46:04.404  1840-1948    C01560/WifiFrameWork           wifi_manager_se                 I     DealSignalPollResult GetWifiStandard:5, bssid:f4:db:**:**:**:8f rxmax:400 txmax:400.
02-20 10:46:04.405  1840-1857    C01560/WifiInternalEventDispatcher wifi_manager_se                 I     WifiInternalEventDispatcher:: Deal Sta Event Callback Msg: 4100
02-20 10:46:04.538  704-822      C01c06/TimeService             resource_schedu                 I     [time_service_client.cpp] GetBootTimeMs# Result: 90749732
02-20 10:46:04.673  1123-1703    C02942/ThermalSvc              foundation                      I     [thermal_observer.cpp:289] OnReceivedSensorInfo# callbackinfo_ size = 6
02-20 10:46:04.674  1123-1703    C02942/ThermalSvc              foundation                      I     [thermal_observer.cpp:265] NotifySensorTempChanged# listeners.size = 0, callbackTypeMap.size = 0
02-20 10:46:04.674  1123-1703    C02942/ThermalSvc              foundation                      I     [thermal_service_subscriber.cpp:94] SetHistoryTypeTempMap# SetHistoryTypeTempMap: sec=60
02-20 10:46:04.683  1050-1186    C02500/ThermalDaemon           power_host                      I     [temperature_manager.cpp] [ir] new temp: 40 old temp: 39
02-20 10:46:04.887  704-822      C01c06/TimeService             resource_schedu                 I     [time_service_client.cpp] GetBootTimeMs# Result: 90750081
02-20 10:46:05.008  1059-1321    C015c0/dsoftbus                softbus_server                  E     SoftBusCondTimedWait timeout, ret[110]
02-20 10:46:05.238  704-822      C01c06/TimeService             resource_schedu                 I     [time_service_client.cpp] GetBootTimeMs# Result: 90750432
02-20 10:46:05.534  1050-1240    C02926/BatteryInfo             power_host                      E     [power_supply_provider.cpp:268] ReadSysfsFile# failed to open file
02-20 10:46:05.534  1050-1240    C02926/BatteryInfo             power_host                      W     [power_supply_provider.cpp:284] ReadBatterySysfsToBuff# read path failed, ret: -17
02-20 10:46:05.534  1050-1240    C02926/BatteryInfo             power_host                      E     [power_supply_provider.cpp:268] ReadSysfsFile# failed to open file
02-20 10:46:05.534  1050-1240    C02926/BatteryInfo             power_host                      W     [power_supply_provider.cpp:303] GetPluggedTypeName# read online path failed in loop, ret: -17
02-20 10:46:05.535  1050-1240    C02926/BatteryInfo             power_host                      E     [power_supply_provider.cpp:268] ReadSysfsFile# failed to open file
02-20 10:46:05.535  1050-1240    C02926/BatteryInfo             power_host                      W     [power_supply_provider.cpp:303] GetPluggedTypeName# read online path failed in loop, ret: -17
