02-20 10:46:19.697  1050-1186    C02500/ThermalDaemon           power_host                      I     [temperature_manager.cpp] [shell_back] new temp: 35 old temp: 34
02-20 10:46:19.854  851-933      C02251/GeofenceService         msdp                            I     [geofence_track.cpp] SetTrack# PowerState: 0
02-20 10:46:19.854  851-933      C02251/GeofenceService         msdp                            E     [geofence_track.cpp] SetTrack# Exit, not reached the time since the last time set track
02-20 10:46:19.938  704-822      C01c06/TimeService             resource_schedu                 I     [time_service_client.cpp] GetBootTimeMs# Result: 90765132
02-20 10:46:19.939  476-1364     C02d10/HiView-SysEventSource   hiview                          I     Parser: parser result domain_=DISPLAY eventName_=AMBIENT_LIGHT
02-20 10:46:19.941  1123-1703    C02965/StatsUtils              foundation                      W     [stats_utils.cpp:191] ConvertStatsType# Convert failed due to illegal type=15
02-20 10:46:20.014  1059-1321    C015c0/dsoftbus                softbus_server                  E     SoftBusCondTimedWait timeout, ret[110]
02-20 10:46:20.286  704-822      C01c06/TimeService             resource_schedu                 I     [time_service_client.cpp] GetBootTimeMs# Result: 90765481
02-20 10:46:20.287  476-1364     C02d10/HiView-SysEventSource   hiview                          I     Parser: parser result domain_=DISPLAY eventName_=AMBIENT_LIGHT
02-20 10:46:20.289  1123-1703    C02965/StatsUtils              foundation                      W     [stats_utils.cpp:191] ConvertStatsType# Convert failed due to illegal type=15
02-20 10:46:20.394  2008-2008    C01560/WifiNAPIUtils           com.ohos.sceneboard             I     Call wifi func: GetLinkedInfo (start)
02-20 10:46:20.394  2008-2008    C01560/WifiNAPIUtils           com.ohos.sceneboard             I     Call wifi func: GetLinkedInfo (end), time cost:310us, 0ms
02-20 10:46:20.394  2008-3194    C01560/WifiNAPIUtils           com.ohos.sceneboard             I     Call wifi func: wifiDevicePtr->GetLinkedInfo (start)
02-20 10:46:20.394  2008-3194    C01510/IPCObjectStub           com.ohos.sceneboard             I     63: create, desc: OHOS.ISystemAbilityLoadCallback
02-20 10:46:20.395  480-901      C01510/IPCObjectProxy          samgr                           I     58: handle = 73 create, descriptor: IPCObjectProxy73
02-20 10:46:20.396  480-901      C01800/SAMGR                   samgr                           I     [SA Scheduler][SA: 1120] handle load event start, callingpid: 2008
02-20 10:46:20.396  480-901      C01800/SAMGR                   samgr                           I     NotifySystemAbilityLoaded systemAbilityId : 1120
02-20 10:46:20.396  704-822      C01c06/TimeService             resource_schedu                 I     [time_service_client.cpp] GetBootTimeMs# Result: 90765591
02-20 10:46:20.396  480-901      C01510/IPCObjectProxy          samgr                           W     63: handle = 73 destroyed, descriptor: IPCObjectProxy73
02-20 10:46:20.396  2008-2362    C01800/SA_CLIENT               com.ohos.sceneboard             I     SystemAbilityLoadCallbackStub::OnRemoteRequest, code = 1
02-20 10:46:20.397  2008-3194    C01800/SA_CLIENT               com.ohos.sceneboard             I     LoadSystemAbility systemAbilityId : 1120, SendRequest succeed!
02-20 10:46:20.397  2008-2759    C01510/IPCObjectStub           com.ohos.sceneboard             W     68: destroy, desc: OHOS.ISystemAbilityLoadCallback
02-20 10:46:20.397  1840-1846    C01560/OHWIFI_MANAGER_PERMISSION_HELPE wifi_manager_se                 I     callerToken=0x2005c34e has permission_name=ohos.permission.GET_WIFI_INFO, pid=0x7d8, type=0
02-20 10:46:20.398  1840-1846    C01560/OHWIFI_MANAGER_PERMISSION_HELPE wifi_manager_se                 I     callerToken=0x2005c34e has no permission_name=ohos.permission.GET_WIFI_LOCAL_MAC, pid=0x7d8, type=0
02-20 10:46:20.398  1840-1846    C01560/WifiDeviceServiceImpl   wifi_manager_se                 E     GetLinkedInfo:VerifyGetWifiLocalMacPermission() PERMISSION_DENIED!
02-20 10:46:20.398  2008-3194    C01560/WifiNAPIUtils           com.ohos.sceneboard             I     Call wifi func: wifiDevicePtr->GetLinkedInfo (end), time cost:3870us, 3ms
02-20 10:46:20.399  2008-2008    C01560/WifiNAPIDevice          com.ohos.sceneboard             I     Push get linkedInfo result to client
02-20 10:46:20.399  2008-2008    C01560/WifiNAPIErrCode         com.ohos.sceneboard             I     HandleCallbackErrCode, errCode = 0
02-20 10:46:20.399  2008-2008    A0001b/SceneBoard              com.ohos.sceneboard             I     Model.NetSpeedController --> wifi getLinkedInfo
02-20 10:46:20.638  704-822      C01c06/TimeService             resource_schedu                 I     [time_service_client.cpp] GetBootTimeMs# Result: 90765833
02-20 10:46:20.640  476-1364     C02d10/HiView-SysEventSource   hiview                          I     Parser: parser result domain_=DISPLAY eventName_=AMBIENT_LIGHT
02-20 10:46:20.643  1123-1703    C02965/StatsUtils              foundation                      W     [stats_utils.cpp:191] ConvertStatsType# Convert failed due to illegal type=15
02-20 10:46:20.986  1840-1949    C01560/StaNetworkCheck         wifi_manager_se                 I     Enter httpDetection
02-20 10:46:20.986  1840-1949    C01560/OHWIFI_UTILS_HTTP_REQ   wifi_manager_se                 I     GetHostAddrFromUrl urlTmp2 = [<private>].
02-20 10:46:20.986  1840-1949    C01560/OHWIFI_UTILS_HTTP_REQ   wifi_manager_se                 I     GetIPFromUrl Url maybe contain Domain.
02-20 10:46:20.986  704-822      C01c06/TimeService             resource_schedu                 I     [time_service_client.cpp] GetBootTimeMs# Result: 90766181
02-20 10:46:20.987  1840-5192    C01560/OHWIFI_UTILS_HTTP_REQ   wifi_manager_se                 E     GetHostThread ipOrDomain is connectivitycheck.platform.hicloud.com.
02-20 10:46:20.987  476-1364     C02d10/HiView-SysEventSource   hiview                          I     Parser: parser result domain_=DISPLAY eventName_=AMBIENT_LIGHT
02-20 10:46:20.988  1840-5192    C01560/OHWIFI_UTILS_HTTP_REQ   wifi_manager_se                 E     GetHostThread ipaddr is 220.185.180.76.
02-20 10:46:20.989  1840-1949    C01560/OHWIFI_UTILS_HTTP_REQ   wifi_manager_se                 I     iPort= [80],strIP= [<private>]
02-20 10:46:20.990  1123-1703    C02965/StatsUtils              foundation                      W     [stats_utils.cpp:191] ConvertStatsType# Convert failed due to illegal type=15
02-20 10:46:21.015  1059-1321    C015c0/dsoftbus                softbus_server                  E     SoftBusCondTimedWait timeout, ret[110]
02-20 10:46:21.024  1840-1949    C01560/StaNetworkCheck         wifi_manager_se                 E     This network is normal!
02-20 10:46:21.298  1123-1465    C01719/ffrt                    foundation                      E     720479:CheckQueuesStatus:144 SERIAL_TASK_TIMEOUT: serial queue qid=0, serial task gid=87 execution 30000000 us.
02-20 10:46:21.298  1123-1465    C01719/ffrt                    foundation                      E     720480:CheckQueuesStatus:144 SERIAL_TASK_TIMEOUT: serial queue qid=9, serial task gid=25 execution 30000000 us.
02-20 10:46:21.338  704-822      C01c06/TimeService             resource_schedu                 I     [time_service_client.cpp] GetBootTimeMs# Result: 90766532
02-20 10:46:21.338  476-1364     C02d10/HiView-SysEventSource   hiview                          I     Parser: parser result domain_=DISPLAY eventName_=AMBIENT_LIGHT
02-20 10:46:21.341  1123-1703    C02965/StatsUtils              foundation                      W     [stats_utils.cpp:191] ConvertStatsType# Convert failed due to illegal type=15
02-20 10:46:21.413  1059-1321    C015c0/dsoftbus                softbus_server                  E     SoftBusCondTimedWait timeout, ret[110]
02-20 10:46:21.687  704-822      C01c06/TimeService             resource_schedu                 I     [time_service_client.cpp] GetBootTimeMs# Result: 90766881
02-20 10:46:21.856  613-1962     C02800/TouchTransformProcessor multimodalinput                 W     in GetTouchToolType, Unknown Btn tool type, identified as finger
02-20 10:46:21.856  613-1962     C02800/HWfingersenseWrapper    multimodalinput                 E     in KnuckleClassifyTouch, libhwlibfingersense.so was not loaded
02-20 10:46:21.856  613-1962     C02800/InputWindowsManager     multimodalinput                 I     in UpdateTouchScreenTarget, pid:2008,eventId:8048,
02-20 10:46:21.856  1123-1895    C02800/StreamBuffer            foundation                      E     in Read, Memory out of bounds on read... errCode:65208328
02-20 10:46:21.856  1123-1895    C02800/StreamBuffer            foundation                      E     in Read, [READ_ERROR] size:4 count:25,errCode:65077249
02-20 10:46:21.856  1123-1895    C02800/StreamBuffer            foundation                      W     in operator>>, Read data failed
02-20 10:46:21.856  1057-2020    C02800/StreamBuffer            inputmethod_ser                 E     in Read, Memory out of bounds on read... errCode:65208328
02-20 10:46:21.857  1057-2020    C02800/StreamBuffer            inputmethod_ser                 E     in Read, [READ_ERROR] size:4 count:25,errCode:65077249
02-20 10:46:21.857  1057-2020    C02800/StreamBuffer            inputmethod_ser                 W     in operator>>, Read data failed
02-20 10:46:21.857  2008-2008    C02800/ClientMsgHandler        com.ohos.sceneboard             I     in OnPointerEvent, Pointer event dispatcher of client:
02-20 10:46:21.857  1123-1895    C02908/PowerRunningLock        foundation                      I     [power_state_machine.cpp:747] CheckRunningLock# No specific lock for state: 2
02-20 10:46:21.859  2008-2008    C03900/Ace                     com.ohos.sceneboard             I     [pan_recognizer.cpp(HandleTouchDownEvent)-(0)] pan recognizer receives 0 touch down event, begin to detect pan event
02-20 10:46:21.861  2008-2008    A0001b/SceneBoard              com.ohos.sceneboard             I     SCBSceneSessionManager --> outsideDownEvent x = 28 y = 2521systemScene size = 14
02-20 10:46:21.861  613-1962     C02800/InputWindowsManager     multimodalinput                 I     in UpdateTouchScreenTarget, pid:2008,eventId:8049,
02-20 10:46:21.861  2008-2008    A0001b/SceneBoard              com.ohos.sceneboard             I     SCBSceneSessionManager --> outsideDownEvent sceneRect left = [object Object] top = [object Object] width = [object Object] height = [object Object]
02-20 10:46:21.861  613-1962     C02800/KeyCommandHandler       multimodalinput                 W     in HandlePointerActionMoveEvent, Two finger gesture timer id is -1.
02-20 10:46:21.861  2008-2008    A0001b/SceneBoard              com.ohos.sceneboard             I     SCBSceneSessionManager --> is contains:false
02-20 10:46:21.862  1123-1895    C02800/StreamBuffer            foundation                      E     in Read, Memory out of bounds on read... errCode:65208328
02-20 10:46:21.862  1123-1895    C02800/StreamBuffer            foundation                      E     in Read, [READ_ERROR] size:4 count:25,errCode:65077249
02-20 10:46:21.862  2008-2008    A0001b/SceneBoard              com.ohos.sceneboard             I     SCBSceneSessionManager --> outsideDownEvent sceneRect left = [object Object] top = [object Object] width = [object Object] height = [object Object]
02-20 10:46:21.862  1123-1895    C02800/StreamBuffer            foundation                      W     in operator>>, Read data failed
02-20 10:46:21.862  2008-2008    A0001b/SceneBoard              com.ohos.sceneboard             I     SCBSceneSessionManager --> is contains:true
02-20 10:46:21.862  1057-2020    C02800/StreamBuffer            inputmethod_ser                 E     in Read, Memory out of bounds on read... errCode:65208328
02-20 10:46:21.862  1057-2020    C02800/StreamBuffer            inputmethod_ser                 E     in Read, [READ_ERROR] size:4 count:25,errCode:65077249
02-20 10:46:21.862  1057-2020    C02800/StreamBuffer            inputmethod_ser                 W     in operator>>, Read data failed
02-20 10:46:21.862  2008-2008    A0001b/SceneBoard              com.ohos.sceneboard             I     SCBSceneSessionManager --> outsideDownEvent sceneRect left = [object Object] top = [object Object] width = [object Object] height = [object Object]
02-20 10:46:21.863  2008-2008    A0001b/SceneBoard              com.ohos.sceneboard             I     SCBSceneSessionManager --> is contains:true
02-20 10:46:21.863  2008-2008    A0001b/SceneBoard              com.ohos.sceneboard             I     SCBSceneSessionManager --> outsideDownEvent sceneRect left = [object Object] top = [object Object] width = [object Object] height = [object Object]
02-20 10:46:21.863  2008-2008    A0001b/SceneBoard              com.ohos.sceneboard             I     SCBSceneSessionManager --> is contains:true
02-20 10:46:21.864  2008-2008    A0001b/SceneBoard              com.ohos.sceneboard             I     SCBSceneSessionManager --> outsideDownEvent sceneRect left = [object Object] top = [object Object] width = [object Object] height = [object Object]
02-20 10:46:21.864  2008-2008    A0001b/SceneBoard              com.ohos.sceneboard             I     SCBSceneSessionManager --> is contains:true
02-20 10:46:21.865  2008-2008    A0001b/SceneBoard              com.ohos.sceneboard             I     SCBSceneSessionManager --> outsideDownEvent sceneRect left = [object Object] top = [object Object] width = [object Object] height = [object Object]
02-20 10:46:21.865  2008-2008    A0001b/SceneBoard              com.ohos.sceneboard             I     SCBSceneSessionManager --> is contains:true
02-20 10:46:21.865  2008-2008    A0001b/SceneBoard              com.ohos.sceneboard             I     SCBSceneSessionManager --> outsideDownEvent sceneRect left = [object Object] top = [object Object] width = [object Object] height = [object Object]
02-20 10:46:21.865  2008-2008    A0001b/SceneBoard              com.ohos.sceneboard             I     SCBSceneSessionManager --> is contains:true
02-20 10:46:21.865  2008-2008    A0001b/SceneBoard              com.ohos.sceneboard             I     SCBSceneSessionManager --> outsideDownEvent sceneRect left = [object Object] top = [object Object] width = [object Object] height = [object Object]
02-20 10:46:21.865  2008-2008    A0001b/SceneBoard              com.ohos.sceneboard             I     SCBSceneSessionManager --> is contains:false
02-20 10:46:21.865  2008-2008    A0001b/SceneBoard              com.ohos.sceneboard             I     SCBSceneSessionManager --> outsideDownEvent sceneRect left = [object Object] top = [object Object] width = [object Object] height = [object Object]
02-20 10:46:21.865  2008-2008    A0001b/SceneBoard              com.ohos.sceneboard             I     SCBSceneSessionManager --> is contains:true
02-20 10:46:21.865  613-1962     C02800/InputWindowsManager     multimodalinput                 I     in UpdateTouchScreenTarget, pid:2008,eventId:8050,
02-20 10:46:21.865  2008-2008    A0001b/SceneBoard              com.ohos.sceneboard             I     SCBSceneSessionManager --> outsideDownEvent sceneRect left = [object Object] top = [object Object] width = [object Object] height = [object Object]
02-20 10:46:21.865  613-1962     C02800/KeyCommandHandler       multimodalinput                 W     in HandlePointerActionMoveEvent, Two finger gesture timer id is -1.
02-20 10:46:21.866  2008-2008    A0001b/SceneBoard              com.ohos.sceneboard             I     SCBSceneSessionManager --> is contains:true
02-20 10:46:21.866  1123-1895    C02800/StreamBuffer            foundation                      E     in Read, Memory out of bounds on read... errCode:65208328
02-20 10:46:21.866  1123-1895    C02800/StreamBuffer            foundation                      E     in Read, [READ_ERROR] size:4 count:25,errCode:65077249
02-20 10:46:21.866  1123-1895    C02800/StreamBuffer            foundation                      W     in operator>>, Read data failed
02-20 10:46:21.866  2008-2008    A0001b/SceneBoard              com.ohos.sceneboard             I     SCBSceneSessionManager --> outsideDownEvent sceneRect left = [object Object] top = [object Object] width = [object Object] height = [object Object]
02-20 10:46:21.866  1057-2020    C02800/StreamBuffer            inputmethod_ser                 E     in Read, Memory out of bounds on read... errCode:65208328
02-20 10:46:21.866  1057-2020    C02800/StreamBuffer            inputmethod_ser                 E     in Read, [READ_ERROR] size:4 count:25,errCode:65077249
02-20 10:46:21.866  1057-2020    C02800/StreamBuffer            inputmethod_ser                 W     in operator>>, Read data failed
02-20 10:46:21.866  2008-2008    A0001b/SceneBoard              com.ohos.sceneboard             I     SCBSceneSessionManager --> is contains:true
02-20 10:46:21.866  2008-2008    A0001b/SceneBoard              com.ohos.sceneboard             I     SCBSceneSessionManager --> outsideDownEvent sceneRect left = [object Object] top = [object Object] width = [object Object] height = [object Object]
02-20 10:46:21.866  2008-2008    A0001b/SceneBoard              com.ohos.sceneboard             I     SCBSceneSessionManager --> is contains:true
02-20 10:46:21.866  2008-2008    A0001b/SceneBoard              com.ohos.sceneboard             I     SCBSceneSessionManager --> outsideDownEvent sceneRect left = [object Object] top = [object Object] width = [object Object] height = [object Object]
02-20 10:46:21.866  2008-2008    A0001b/SceneBoard              com.ohos.sceneboard             I     SCBSceneSessionManager --> is contains:true
02-20 10:46:21.867  2008-2008    A0001b/SceneBoard              com.ohos.sceneboard             I     SCBSceneSessionManager --> outsideDownEvent sceneRect left = [object Object] top = [object Object] width = [object Object] height = [object Object]
02-20 10:46:21.867  2008-2008    A0001b/SceneBoard              com.ohos.sceneboard             I     SCBSceneSessionManager --> is contains:true
02-20 10:46:21.867  2008-2008    C02800/ClientMsgHandler        com.ohos.sceneboard             I     in OnPointerEvent, Pointer event dispatcher of client:
02-20 10:46:21.867  2008-2008    C02800/ClientMsgHandler        com.ohos.sceneboard             I     in OnPointerEvent, Pointer event dispatcher of client:
02-20 10:46:21.871  2008-2008    C03900/Ace                     com.ohos.sceneboard             E     [least_square_impl.cpp(GetLeastSquareParams)-(0)] fail to invert
02-20 10:46:21.871  2008-2008    C03900/Ace                     com.ohos.sceneboard             E     [least_square_impl.cpp(GetLeastSquareParams)-(0)] fail to invert
02-20 10:46:21.872  613-1962     C02800/InputWindowsManager     multimodalinput                 I     in UpdateTouchScreenTarget, pid:2008,eventId:8051,
02-20 10:46:21.872  613-1962     C02800/KeyCommandHandler       multimodalinput                 W     in HandlePointerActionMoveEvent, Two finger gesture timer id is -1.
02-20 10:46:21.872  1123-1895    C02800/StreamBuffer            foundation                      E     in Read, Memory out of bounds on read... errCode:65208328
02-20 10:46:21.872  1057-2020    C02800/StreamBuffer            inputmethod_ser                 E     in Read, Memory out of bounds on read... errCode:65208328
02-20 10:46:21.872  1123-1895    C02800/StreamBuffer            foundation                      E     in Read, [READ_ERROR] size:4 count:25,errCode:65077249
02-20 10:46:21.872  1057-2020    C02800/StreamBuffer            inputmethod_ser                 E     in Read, [READ_ERROR] size:4 count:25,errCode:65077249
02-20 10:46:21.872  1123-1895    C02800/StreamBuffer            foundation                      W     in operator>>, Read data failed
02-20 10:46:21.872  1057-2020    C02800/StreamBuffer            inputmethod_ser                 W     in operator>>, Read data failed
02-20 10:46:21.873  2008-2008    A0001b/SceneBoard              com.ohos.sceneboard             I     SCBGestureBack --> draw image begin, distance: 2.4
02-20 10:46:21.877  613-1962     C02800/InputWindowsManager     multimodalinput                 I     in UpdateTouchScreenTarget, pid:2008,eventId:8052,
02-20 10:46:21.877  613-1962     C02800/KeyCommandHandler       multimodalinput                 W     in HandlePointerActionMoveEvent, Two finger gesture timer id is -1.
02-20 10:46:21.877  2008-2008    C02800/ClientMsgHandler        com.ohos.sceneboard             I     in OnPointerEvent, Pointer event dispatcher of client:
02-20 10:46:21.877  1123-1895    C02800/StreamBuffer            foundation                      E     in Read, Memory out of bounds on read... errCode:65208328
02-20 10:46:21.877  1123-1895    C02800/StreamBuffer            foundation                      E     in Read, [READ_ERROR] size:4 count:25,errCode:65077249
02-20 10:46:21.877  1123-1895    C02800/StreamBuffer            foundation                      W     in operator>>, Read data failed
02-20 10:46:21.877  2008-2008    C02800/ClientMsgHandler        com.ohos.sceneboard             I     in OnPointerEvent, Pointer event dispatcher of client:
02-20 10:46:21.877  1057-2020    C02800/StreamBuffer            inputmethod_ser                 E     in Read, Memory out of bounds on read... errCode:65208328
02-20 10:46:21.878  1057-2020    C02800/StreamBuffer            inputmethod_ser                 E     in Read, [READ_ERROR] size:4 count:25,errCode:65077249
02-20 10:46:21.878  1057-2020    C02800/StreamBuffer            inputmethod_ser                 W     in operator>>, Read data failed
02-20 10:46:21.883  613-1962     C02800/InputWindowsManager     multimodalinput                 I     in UpdateTouchScreenTarget, pid:2008,eventId:8053,
02-20 10:46:21.884  613-1962     C02800/KeyCommandHandler       multimodalinput                 W     in HandlePointerActionMoveEvent, Two finger gesture timer id is -1.
02-20 10:46:21.884  2008-2008    C02800/ClientMsgHandler        com.ohos.sceneboard             I     in OnPointerEvent, Pointer event dispatcher of client:
02-20 10:46:21.884  1123-1895    C02800/StreamBuffer            foundation                      E     in Read, Memory out of bounds on read... errCode:65208328
02-20 10:46:21.884  1123-1895    C02800/StreamBuffer            foundation                      E     in Read, [READ_ERROR] size:4 count:25,errCode:65077249
02-20 10:46:21.884  1123-1895    C02800/StreamBuffer            foundation                      W     in operator>>, Read data failed
02-20 10:46:21.886  1057-2020    C02800/StreamBuffer            inputmethod_ser                 E     in Read, Memory out of bounds on read... errCode:65208328
02-20 10:46:21.888  1057-2020    C02800/StreamBuffer            inputmethod_ser                 E     in Read, [READ_ERROR] size:4 count:25,errCode:65077249
02-20 10:46:21.888  1057-2020    C02800/StreamBuffer            inputmethod_ser                 W     in operator>>, Read data failed
02-20 10:46:21.889  1278-1278    C01400/OHOS::RS                render_service                  I     RsDebug RSProcessor::Perf: do nothing
02-20 10:46:21.890  613-1962     C02800/InputWindowsManager     multimodalinput                 I     in UpdateTouchScreenTarget, pid:2008,eventId:8054,
02-20 10:46:21.890  1034-2506    C014b1/KRPRPERYIES             composer_host                   E     get property failed
02-20 10:46:21.890  613-1962     C02800/KeyCommandHandler       multimodalinput                 W     in HandlePointerActionMoveEvent, Two finger gesture timer id is -1.
02-20 10:46:21.890  1034-2506    C014c0/GRALLOC                 composer_host                   E     This buffer is nullptr
02-20 10:46:21.891  1123-1895    C02800/StreamBuffer            foundation                      E     in Read, Memory out of bounds on read... errCode:65208328
02-20 10:46:21.891  2008-2008    C02800/ClientMsgHandler        com.ohos.sceneboard             I     in OnPointerEvent, Pointer event dispatcher of client:
02-20 10:46:21.891  1123-1895    C02800/StreamBuffer            foundation                      E     in Read, [READ_ERROR] size:4 count:25,errCode:65077249
02-20 10:46:21.891  1123-1895    C02800/StreamBuffer            foundation                      W     in operator>>, Read data failed
02-20 10:46:21.891  1057-2020    C02800/StreamBuffer            inputmethod_ser                 E     in Read, Memory out of bounds on read... errCode:65208328
02-20 10:46:21.891  1057-2020    C02800/StreamBuffer            inputmethod_ser                 E     in Read, [READ_ERROR] size:4 count:25,errCode:65077249
02-20 10:46:21.891  1057-2020    C02800/StreamBuffer            inputmethod_ser                 W     in operator>>, Read data failed
02-20 10:46:21.893  1278-1320    C01400/Composer                render_service                  E     ReleaseFramebuffer: Current frame buffer is nullptr.
02-20 10:46:21.894  613-1962     C02800/InputWindowsManager     multimodalinput                 I     in UpdateTouchScreenTarget, pid:2008,eventId:8055,
02-20 10:46:21.895  613-1962     C02800/KeyCommandHandler       multimodalinput                 W     in HandlePointerActionMoveEvent, Two finger gesture timer id is -1.
02-20 10:46:21.895  1123-1895    C02800/StreamBuffer            foundation                      E     in Read, Memory out of bounds on read... errCode:65208328
02-20 10:46:21.895  1123-1895    C02800/StreamBuffer            foundation                      E     in Read, [READ_ERROR] size:4 count:25,errCode:65077249
02-20 10:46:21.895  1123-1895    C02800/StreamBuffer            foundation                      W     in operator>>, Read data failed
02-20 10:46:21.895  1057-2020    C02800/StreamBuffer            inputmethod_ser                 E     in Read, Memory out of bounds on read... errCode:65208328
02-20 10:46:21.895  1057-2020    C02800/StreamBuffer            inputmethod_ser                 E     in Read, [READ_ERROR] size:4 count:25,errCode:65077249
02-20 10:46:21.895  1057-2020    C02800/StreamBuffer            inputmethod_ser                 W     in operator>>, Read data failed
02-20 10:46:21.898  2008-2008    C02800/ClientMsgHandler        com.ohos.sceneboard             I     in OnPointerEvent, Pointer event dispatcher of client:
02-20 10:46:21.899  613-1962     C02800/InputWindowsManager     multimodalinput                 I     in UpdateTouchScreenTarget, pid:2008,eventId:8056,
02-20 10:46:21.899  613-1962     C02800/KeyCommandHandler       multimodalinput                 W     in HandlePointerActionMoveEvent, Two finger gesture timer id is -1.
02-20 10:46:21.899  1123-1895    C02800/StreamBuffer            foundation                      E     in Read, Memory out of bounds on read... errCode:65208328
02-20 10:46:21.899  1123-1895    C02800/StreamBuffer            foundation                      E     in Read, [READ_ERROR] size:4 count:25,errCode:65077249
02-20 10:46:21.899  1123-1895    C02800/StreamBuffer            foundation                      W     in operator>>, Read data failed
02-20 10:46:21.899  2008-2008    C02800/ClientMsgHandler        com.ohos.sceneboard             I     in OnPointerEvent, Pointer event dispatcher of client:
02-20 10:46:21.899  1057-2020    C02800/StreamBuffer            inputmethod_ser                 E     in Read, Memory out of bounds on read... errCode:65208328
02-20 10:46:21.899  1057-2020    C02800/StreamBuffer            inputmethod_ser                 E     in Read, [READ_ERROR] size:4 count:25,errCode:65077249
02-20 10:46:21.899  1057-2020    C02800/StreamBuffer            inputmethod_ser                 W     in operator>>, Read data failed
02-20 10:46:21.905  613-1962     C02800/InputWindowsManager     multimodalinput                 I     in UpdateTouchScreenTarget, pid:2008,eventId:8057,
02-20 10:46:21.906  613-1962     C02800/KeyCommandHandler       multimodalinput                 W     in HandlePointerActionMoveEvent, Two finger gesture timer id is -1.
02-20 10:46:21.906  1057-2020    C02800/StreamBuffer            inputmethod_ser                 E     in Read, Memory out of bounds on read... errCode:65208328
02-20 10:46:21.906  1057-2020    C02800/StreamBuffer            inputmethod_ser                 E     in Read, [READ_ERROR] size:4 count:25,errCode:65077249
02-20 10:46:21.906  1057-2020    C02800/StreamBuffer            inputmethod_ser                 W     in operator>>, Read data failed
02-20 10:46:21.906  1123-1895    C02800/StreamBuffer            foundation                      E     in Read, Memory out of bounds on read... errCode:65208328
02-20 10:46:21.906  1123-1895    C02800/StreamBuffer            foundation                      E     in Read, [READ_ERROR] size:4 count:25,errCode:65077249
02-20 10:46:21.906  1123-1895    C02800/StreamBuffer            foundation                      W     in operator>>, Read data failed
02-20 10:46:21.907  2008-2008    A0001b/SceneBoard              com.ohos.sceneboard             I     SCBGestureBack --> draw image begin, distance: 2.6
02-20 10:46:21.910  613-1962     C02800/InputWindowsManager     multimodalinput                 I     in UpdateTouchScreenTarget, pid:2008,eventId:8058,
02-20 10:46:21.910  613-1962     C02800/KeyCommandHandler       multimodalinput                 W     in HandlePointerActionMoveEvent, Two finger gesture timer id is -1.
02-20 10:46:21.910  1057-2020    C02800/StreamBuffer            inputmethod_ser                 E     in Read, Memory out of bounds on read... errCode:65208328
02-20 10:46:21.910  1057-2020    C02800/StreamBuffer            inputmethod_ser                 E     in Read, [READ_ERROR] size:4 count:25,errCode:65077249
02-20 10:46:21.910  1057-2020    C02800/StreamBuffer            inputmethod_ser                 W     in operator>>, Read data failed
02-20 10:46:21.910  1123-1895    C02800/StreamBuffer            foundation                      E     in Read, Memory out of bounds on read... errCode:65208328
02-20 10:46:21.910  1123-1895    C02800/StreamBuffer            foundation                      E     in Read, [READ_ERROR] size:4 count:25,errCode:65077249
02-20 10:46:21.910  1123-1895    C02800/StreamBuffer            foundation                      W     in operator>>, Read data failed
02-20 10:46:21.913  2008-2008    C02800/ClientMsgHandler        com.ohos.sceneboard             I     in OnPointerEvent, Pointer event dispatcher of client:
02-20 10:46:21.913  2008-2008    C02800/ClientMsgHandler        com.ohos.sceneboard             I     in OnPointerEvent, Pointer event dispatcher of client:
02-20 10:46:21.916  613-1962     C02800/InputWindowsManager     multimodalinput                 I     in UpdateTouchScreenTarget, pid:2008,eventId:8059,
02-20 10:46:21.916  613-1962     C02800/KeyCommandHandler       multimodalinput                 W     in HandlePointerActionMoveEvent, Two finger gesture timer id is -1.
02-20 10:46:21.916  1123-1895    C02800/StreamBuffer            foundation                      E     in Read, Memory out of bounds on read... errCode:65208328
02-20 10:46:21.916  1057-2020    C02800/StreamBuffer            inputmethod_ser                 E     in Read, Memory out of bounds on read... errCode:65208328
02-20 10:46:21.916  1057-2020    C02800/StreamBuffer            inputmethod_ser                 E     in Read, [READ_ERROR] size:4 count:25,errCode:65077249
02-20 10:46:21.916  1123-1895    C02800/StreamBuffer            foundation                      E     in Read, [READ_ERROR] size:4 count:25,errCode:65077249
02-20 10:46:21.916  1057-2020    C02800/StreamBuffer            inputmethod_ser                 W     in operator>>, Read data failed
02-20 10:46:21.916  1123-1895    C02800/StreamBuffer            foundation                      W     in operator>>, Read data failed
02-20 10:46:21.917  2008-2008    A0001b/SceneBoard              com.ohos.sceneboard             I     SCBGestureBack --> draw image begin, distance: 3
02-20 10:46:21.921  613-1962     C02800/InputWindowsManager     multimodalinput                 I     in UpdateTouchScreenTarget, pid:2008,eventId:8060,
02-20 10:46:21.922  613-1962     C02800/KeyCommandHandler       multimodalinput                 W     in HandlePointerActionMoveEvent, Two finger gesture timer id is -1.
02-20 10:46:21.922  2008-2008    C02800/ClientMsgHandler        com.ohos.sceneboard             I     in OnPointerEvent, Pointer event dispatcher of client:
02-20 10:46:21.922  1034-2506    C014b1/KRPRPERYIES             composer_host                   E     get property failed
02-20 10:46:21.922  1034-2506    C014c0/GRALLOC                 composer_host                   E     This buffer is nullptr
02-20 10:46:21.922  1057-2020    C02800/StreamBuffer            inputmethod_ser                 E     in Read, Memory out of bounds on read... errCode:65208328
02-20 10:46:21.922  1057-2020    C02800/StreamBuffer            inputmethod_ser                 E     in Read, [READ_ERROR] size:4 count:25,errCode:65077249
02-20 10:46:21.922  1057-2020    C02800/StreamBuffer            inputmethod_ser                 W     in operator>>, Read data failed
02-20 10:46:21.922  2008-2008    C02800/ClientMsgHandler        com.ohos.sceneboard             I     in OnPointerEvent, Pointer event dispatcher of client:
02-20 10:46:21.922  1123-1895    C02800/StreamBuffer            foundation                      E     in Read, Memory out of bounds on read... errCode:65208328
02-20 10:46:21.922  1123-1895    C02800/StreamBuffer            foundation                      E     in Read, [READ_ERROR] size:4 count:25,errCode:65077249
02-20 10:46:21.922  1123-1895    C02800/StreamBuffer            foundation                      W     in operator>>, Read data failed
02-20 10:46:21.923  1278-1320    C01400/Composer                render_service                  E     ReleaseFramebuffer: Current frame buffer is nullptr.
02-20 10:46:21.928  613-1962     C02800/InputWindowsManager     multimodalinput                 I     in UpdateTouchScreenTarget, pid:2008,eventId:8061,
02-20 10:46:21.928  613-1962     C02800/KeyCommandHandler       multimodalinput                 W     in HandlePointerActionMoveEvent, Two finger gesture timer id is -1.
02-20 10:46:21.928  1057-2020    C02800/StreamBuffer            inputmethod_ser                 E     in Read, Memory out of bounds on read... errCode:65208328
02-20 10:46:21.928  1057-2020    C02800/StreamBuffer            inputmethod_ser                 E     in Read, [READ_ERROR] size:4 count:25,errCode:65077249
02-20 10:46:21.928  1123-1895    C02800/StreamBuffer            foundation                      E     in Read, Memory out of bounds on read... errCode:65208328
02-20 10:46:21.928  1057-2020    C02800/StreamBuffer            inputmethod_ser                 W     in operator>>, Read data failed
02-20 10:46:21.928  1123-1895    C02800/StreamBuffer            foundation                      E     in Read, [READ_ERROR] size:4 count:25,errCode:65077249
02-20 10:46:21.928  1123-1895    C02800/StreamBuffer            foundation                      W     in operator>>, Read data failed
02-20 10:46:21.929  2008-2008    A0001b/SceneBoard              com.ohos.sceneboard             I     SCBGestureBack --> draw image begin, distance: 3.2
02-20 10:46:21.930  1034-2506    C014b1/KRPRPERYIES             composer_host                   E     get property failed
02-20 10:46:21.931  1034-2506    C014c0/GRALLOC                 composer_host                   E     This buffer is nullptr
02-20 10:46:21.933  1278-1320    C01400/Composer                render_service                  E     ReleaseFramebuffer: Current frame buffer is nullptr.
02-20 10:46:21.933  613-1962     C02800/InputWindowsManager     multimodalinput                 I     in UpdateTouchScreenTarget, pid:2008,eventId:8062,
02-20 10:46:21.933  613-1962     C02800/KeyCommandHandler       multimodalinput                 W     in HandlePointerActionMoveEvent, Two finger gesture timer id is -1.
02-20 10:46:21.933  1123-1895    C02800/StreamBuffer            foundation                      E     in Read, Memory out of bounds on read... errCode:65208328
02-20 10:46:21.933  1123-1895    C02800/StreamBuffer            foundation                      E     in Read, [READ_ERROR] size:4 count:25,errCode:65077249
02-20 10:46:21.933  1123-1895    C02800/StreamBuffer            foundation                      W     in operator>>, Read data failed
02-20 10:46:21.933  1057-2020    C02800/StreamBuffer            inputmethod_ser                 E     in Read, Memory out of bounds on read... errCode:65208328
02-20 10:46:21.933  1057-2020    C02800/StreamBuffer            inputmethod_ser                 E     in Read, [READ_ERROR] size:4 count:25,errCode:65077249
02-20 10:46:21.933  1057-2020    C02800/StreamBuffer            inputmethod_ser                 W     in operator>>, Read data failed
02-20 10:46:21.933  2008-2008    C02800/ClientMsgHandler        com.ohos.sceneboard             I     in OnPointerEvent, Pointer event dispatcher of client:
02-20 10:46:21.933  2008-2008    C02800/ClientMsgHandler        com.ohos.sceneboard             I     in OnPointerEvent, Pointer event dispatcher of client:
02-20 10:46:21.939  613-1962     C02800/InputWindowsManager     multimodalinput                 I     in UpdateTouchScreenTarget, pid:2008,eventId:8063,
02-20 10:46:21.939  613-1962     C02800/KeyCommandHandler       multimodalinput                 W     in HandlePointerActionMoveEvent, Two finger gesture timer id is -1.
02-20 10:46:21.939  2008-2008    A0001b/SceneBoard              com.ohos.sceneboard             I     SCBGestureBack --> draw image begin, distance: 3.6
02-20 10:46:21.939  1123-1895    C02800/StreamBuffer            foundation                      E     in Read, Memory out of bounds on read... errCode:65208328
02-20 10:46:21.939  1123-1895    C02800/StreamBuffer            foundation                      E     in Read, [READ_ERROR] size:4 count:25,errCode:65077249
02-20 10:46:21.939  1123-1895    C02800/StreamBuffer            foundation                      W     in operator>>, Read data failed
02-20 10:46:21.939  1057-2020    C02800/StreamBuffer            inputmethod_ser                 E     in Read, Memory out of bounds on read... errCode:65208328
02-20 10:46:21.939  1057-2020    C02800/StreamBuffer            inputmethod_ser                 E     in Read, [READ_ERROR] size:4 count:25,errCode:65077249
02-20 10:46:21.939  1057-2020    C02800/StreamBuffer            inputmethod_ser                 W     in operator>>, Read data failed
02-20 10:46:21.943  1034-1056    C014b1/KRPRPERYIES             composer_host                   E     get property failed
02-20 10:46:21.943  1034-1056    C014c0/GRALLOC                 composer_host                   E     This buffer is nullptr
02-20 10:46:21.944  613-1962     C02800/InputWindowsManager     multimodalinput                 I     in UpdateTouchScreenTarget, pid:2008,eventId:8064,
02-20 10:46:21.944  613-1962     C02800/KeyCommandHandler       multimodalinput                 W     in HandlePointerActionMoveEvent, Two finger gesture timer id is -1.
02-20 10:46:21.944  1278-1320    C01400/Composer                render_service                  E     ReleaseFramebuffer: Current frame buffer is nullptr.
02-20 10:46:21.944  1123-1895    C02800/StreamBuffer            foundation                      E     in Read, Memory out of bounds on read... errCode:65208328
02-20 10:46:21.944  1123-1895    C02800/StreamBuffer            foundation                      E     in Read, [READ_ERROR] size:4 count:25,errCode:65077249
02-20 10:46:21.944  1123-1895    C02800/StreamBuffer            foundation                      W     in operator>>, Read data failed
02-20 10:46:21.945  1057-2020    C02800/StreamBuffer            inputmethod_ser                 E     in Read, Memory out of bounds on read... errCode:65208328
02-20 10:46:21.945  1057-2020    C02800/StreamBuffer            inputmethod_ser                 E     in Read, [READ_ERROR] size:4 count:25,errCode:65077249
02-20 10:46:21.945  1057-2020    C02800/StreamBuffer            inputmethod_ser                 W     in operator>>, Read data failed
02-20 10:46:21.945  2008-2008    C02800/ClientMsgHandler        com.ohos.sceneboard             I     in OnPointerEvent, Pointer event dispatcher of client:
02-20 10:46:21.945  2008-2008    C02800/ClientMsgHandler        com.ohos.sceneboard             I     in OnPointerEvent, Pointer event dispatcher of client:
02-20 10:46:21.950  613-1962     C02800/InputWindowsManager     multimodalinput                 I     in UpdateTouchScreenTarget, pid:2008,eventId:8065,
02-20 10:46:21.950  613-1962     C02800/KeyCommandHandler       multimodalinput                 W     in HandlePointerActionMoveEvent, Two finger gesture timer id is -1.
02-20 10:46:21.950  2008-2008    A0001b/SceneBoard              com.ohos.sceneboard             I     SCBGestureBack --> draw image begin, distance: 3.6
02-20 10:46:21.950  1123-1895    C02800/StreamBuffer            foundation                      E     in Read, Memory out of bounds on read... errCode:65208328
02-20 10:46:21.950  1123-1895    C02800/StreamBuffer            foundation                      E     in Read, [READ_ERROR] size:4 count:25,errCode:65077249
02-20 10:46:21.950  1123-1895    C02800/StreamBuffer            foundation                      W     in operator>>, Read data failed
02-20 10:46:21.950  1057-2020    C02800/StreamBuffer            inputmethod_ser                 E     in Read, Memory out of bounds on read... errCode:65208328
02-20 10:46:21.950  1057-2020    C02800/StreamBuffer            inputmethod_ser                 E     in Read, [READ_ERROR] size:4 count:25,errCode:65077249
02-20 10:46:21.950  1057-2020    C02800/StreamBuffer            inputmethod_ser                 W     in operator>>, Read data failed
02-20 10:46:21.953  2008-2008    C02800/ClientMsgHandler        com.ohos.sceneboard             I     in OnPointerEvent, Pointer event dispatcher of client:
02-20 10:46:21.954  1034-1056    C014b1/KRPRPERYIES             composer_host                   E     get property failed
02-20 10:46:21.954  1034-1056    C014c0/GRALLOC                 composer_host                   E     This buffer is nullptr
02-20 10:46:21.956  1278-1320    C01400/Composer                render_service                  E     ReleaseFramebuffer: Current frame buffer is nullptr.
02-20 10:46:21.956  613-1962     C02800/InputWindowsManager     multimodalinput                 I     in UpdateTouchScreenTarget, pid:2008,eventId:8066,
02-20 10:46:21.956  613-1962     C02800/KeyCommandHandler       multimodalinput                 W     in HandlePointerActionMoveEvent, Two finger gesture timer id is -1.
02-20 10:46:21.956  1123-1895    C02800/StreamBuffer            foundation                      E     in Read, Memory out of bounds on read... errCode:65208328
02-20 10:46:21.956  1057-2020    C02800/StreamBuffer            inputmethod_ser                 E     in Read, Memory out of bounds on read... errCode:65208328
02-20 10:46:21.956  1123-1895    C02800/StreamBuffer            foundation                      E     in Read, [READ_ERROR] size:4 count:25,errCode:65077249
02-20 10:46:21.957  1057-2020    C02800/StreamBuffer            inputmethod_ser                 E     in Read, [READ_ERROR] size:4 count:25,errCode:65077249
02-20 10:46:21.957  1123-1895    C02800/StreamBuffer            foundation                      W     in operator>>, Read data failed
02-20 10:46:21.957  1057-2020    C02800/StreamBuffer            inputmethod_ser                 W     in operator>>, Read data failed
02-20 10:46:21.957  2008-2008    C02800/ClientMsgHandler        com.ohos.sceneboard             I     in OnPointerEvent, Pointer event dispatcher of client:
02-20 10:46:21.957  1123-1895    C02908/PowerRunningLock        foundation                      I     [power_state_machine.cpp:747] CheckRunningLock# No specific lock for state: 2
02-20 10:46:21.961  613-1962     C02800/InputWindowsManager     multimodalinput                 I     in UpdateTouchScreenTarget, pid:2008,eventId:8067,
02-20 10:46:21.961  2008-2008    A0001b/SceneBoard              com.ohos.sceneboard             I     SCBGestureBack --> draw image begin, distance: 3.8
02-20 10:46:21.961  613-1962     C02800/KeyCommandHandler       multimodalinput                 W     in HandlePointerActionMoveEvent, Two finger gesture timer id is -1.
02-20 10:46:21.962  1057-2020    C02800/StreamBuffer            inputmethod_ser                 E     in Read, Memory out of bounds on read... errCode:65208328
02-20 10:46:21.962  1057-2020    C02800/StreamBuffer            inputmethod_ser                 E     in Read, [READ_ERROR] size:4 count:25,errCode:65077249
02-20 10:46:21.962  1057-2020    C02800/StreamBuffer            inputmethod_ser                 W     in operator>>, Read data failed
02-20 10:46:21.962  1123-1895    C02800/StreamBuffer            foundation                      E     in Read, Memory out of bounds on read... errCode:65208328
02-20 10:46:21.962  1123-1895    C02800/StreamBuffer            foundation                      E     in Read, [READ_ERROR] size:4 count:25,errCode:65077249
02-20 10:46:21.962  1123-1895    C02800/StreamBuffer            foundation                      W     in operator>>, Read data failed
02-20 10:46:21.963  1034-1056    C014b1/KRPRPERYIES             composer_host                   E     get property failed
02-20 10:46:21.963  1034-1056    C014c0/GRALLOC                 composer_host                   E     This buffer is nullptr
02-20 10:46:21.966  1278-1320    C01400/Composer                render_service                  E     ReleaseFramebuffer: Current frame buffer is nullptr.
02-20 10:46:21.966  613-1962     C02800/InputWindowsManager     multimodalinput                 I     in UpdateTouchScreenTarget, pid:2008,eventId:8068,
02-20 10:46:21.966  613-1962     C02800/KeyCommandHandler       multimodalinput                 W     in HandlePointerActionMoveEvent, Two finger gesture timer id is -1.
02-20 10:46:21.967  2008-2008    C02800/ClientMsgHandler        com.ohos.sceneboard             I     in OnPointerEvent, Pointer event dispatcher of client:
02-20 10:46:21.967  1123-1895    C02800/StreamBuffer            foundation                      E     in Read, Memory out of bounds on read... errCode:65208328
02-20 10:46:21.967  1123-1895    C02800/StreamBuffer            foundation                      E     in Read, [READ_ERROR] size:4 count:25,errCode:65077249
02-20 10:46:21.967  1123-1895    C02800/StreamBuffer            foundation                      W     in operator>>, Read data failed
02-20 10:46:21.967  2008-2008    C02800/ClientMsgHandler        com.ohos.sceneboard             I     in OnPointerEvent, Pointer event dispatcher of client:
02-20 10:46:21.967  1057-2020    C02800/StreamBuffer            inputmethod_ser                 E     in Read, Memory out of bounds on read... errCode:65208328
02-20 10:46:21.967  1057-2020    C02800/StreamBuffer            inputmethod_ser                 E     in Read, [READ_ERROR] size:4 count:25,errCode:65077249
02-20 10:46:21.967  1057-2020    C02800/StreamBuffer            inputmethod_ser                 W     in operator>>, Read data failed
02-20 10:46:21.972  2008-2008    A0001b/SceneBoard              com.ohos.sceneboard             I     SCBGestureBack --> draw image begin, distance: 3.8
02-20 10:46:21.972  613-1962     C02800/InputWindowsManager     multimodalinput                 I     in UpdateTouchScreenTarget, pid:2008,eventId:8069,
02-20 10:46:21.973  613-1962     C02800/KeyCommandHandler       multimodalinput                 W     in HandlePointerActionMoveEvent, Two finger gesture timer id is -1.
02-20 10:46:21.973  1057-2020    C02800/StreamBuffer            inputmethod_ser                 E     in Read, Memory out of bounds on read... errCode:65208328
02-20 10:46:21.973  1057-2020    C02800/StreamBuffer            inputmethod_ser                 E     in Read, [READ_ERROR] size:4 count:25,errCode:65077249
02-20 10:46:21.973  1057-2020    C02800/StreamBuffer            inputmethod_ser                 W     in operator>>, Read data failed
02-20 10:46:21.973  1123-1895    C02800/StreamBuffer            foundation                      E     in Read, Memory out of bounds on read... errCode:65208328
02-20 10:46:21.973  1123-1895    C02800/StreamBuffer            foundation                      E     in Read, [READ_ERROR] size:4 count:25,errCode:65077249
02-20 10:46:21.973  1123-1895    C02800/StreamBuffer            foundation                      W     in operator>>, Read data failed
02-20 10:46:21.975  1034-1056    C014b1/KRPRPERYIES             composer_host                   E     get property failed
02-20 10:46:21.975  1034-1056    C014c0/GRALLOC                 composer_host                   E     This buffer is nullptr
02-20 10:46:21.975  2008-2008    C02800/ClientMsgHandler        com.ohos.sceneboard             I     in OnPointerEvent, Pointer event dispatcher of client:
02-20 10:46:21.977  1278-1320    C01400/Composer                render_service                  E     ReleaseFramebuffer: Current frame buffer is nullptr.
02-20 10:46:21.978  613-1962     C02800/InputWindowsManager     multimodalinput                 I     in UpdateTouchScreenTarget, pid:2008,eventId:8070,
02-20 10:46:21.978  613-1962     C02800/KeyCommandHandler       multimodalinput                 W     in HandlePointerActionMoveEvent, Two finger gesture timer id is -1.
02-20 10:46:21.978  1057-2020    C02800/StreamBuffer            inputmethod_ser                 E     in Read, Memory out of bounds on read... errCode:65208328
