02-20 10:45:58.955  1572-5129    C02d13/HDC_LOG                 hdcd                            I     [async_cmd.cpp:80] FinishShellProc finish pipeRead fd:26 pid:5127
02-20 10:45:58.955  1572-5129    C02d13/HDC_LOG                 hdcd                            I     [task.cpp:50] HdcTaskBase::TaskFinish notify begin channelId:2671106953
02-20 10:45:58.956  1572-5129    C02d13/HDC_LOG                 hdcd                            I     [task.cpp:52] HdcTaskBase::TaskFinish notify end channelId:2671106953
02-20 10:45:58.957  1572-22376   C02d13/HDC_LOG                 hdcd                            I     [daemon.cpp:397] FetchCommand channelId:2671106953 command:2
02-20 10:45:58.957  1572-22376   C02d13/HDC_LOG                 hdcd                            I     [session.cpp:104] BeginRemoveTask taskType:0 channelId:2671106953
02-20 10:45:58.957  1572-22376   C02d13/HDC_LOG                 hdcd                            I     [async_cmd.cpp:56] AsyncCmd::DoRelease finish
02-20 10:45:58.957  1572-22376   C02d13/HDC_LOG                 hdcd                            I     [session.cpp:157] ClearOwnTasks OP_CLEAR finish, session:0x7effe84a00 channelIDInput:2671106953
02-20 10:45:58.957  1572-22376   C02d13/HDC_LOG                 hdcd                            I     [session.cpp:116] TaskDelay task remove retry count 0/30, taskType:0 channelId:2671106953, sessionId:1397996714
02-20 10:45:58.958  1572-22376   C02d13/HDC_LOG                 hdcd                            F     [file_descriptor.cpp:38] ~HdcFileDescriptor refIO:0
02-20 10:45:58.958  1572-22376   C02d13/HDC_LOG                 hdcd                            I     [base.cpp:1617] CloseFd fd:26
02-20 10:45:58.958  1572-22376   C02d13/HDC_LOG                 hdcd                            I     [daemon_unity.cpp:27] HdcDaemonUnity::~HdcDaemonUnity finish
02-20 10:45:58.958  1572-22376   C02d13/HDC_LOG                 hdcd                            I     [async_cmd.cpp:35] ~AsyncCmd
02-20 10:45:58.958  1572-22376   C02d13/HDC_LOG                 hdcd                            I     [task.cpp:37] ~HdcTaskBase channelId:2671106953
02-20 10:45:58.958  1572-22376   C02d13/HDC_LOG                 hdcd                            I     [session.cpp:123] TaskDelay task remove finish, channelId:2671106953
02-20 10:45:58.963  1572-22376   C02d13/HDC_LOG                 hdcd                            I     [daemon.cpp:397] FetchCommand channelId:2671106953 command:2
02-20 10:45:59.006  1059-1321    C015c0/dsoftbus                softbus_server                  E     SoftBusCondTimedWait timeout, ret[110]
02-20 10:45:59.287  704-822      C01c06/TimeService             resource_schedu                 I     [time_service_client.cpp] GetBootTimeMs# Result: 90744481
02-20 10:45:59.638  704-822      C01c06/TimeService             resource_schedu                 I     [time_service_client.cpp] GetBootTimeMs# Result: 90744833
02-20 10:45:59.666  1123-5041    C01719/ffrt                    foundation                      E     720157:Detach:93 qos 2 thread not joinable
02-20 10:45:59.666  1123-5041    C01510/IPCThreadSkeleton       foundation                      W     48: thread exit, flush commands
02-20 10:45:59.666  1123-5041    C01510/IPCThreadSkeleton       foundation                      E     85: IPCThreadSkeleton delete
02-20 10:45:59.666  1123-5041    C01518/DBinderBaseInvoker      foundation                      I     41: Clean DBinderDatabusInvoker
02-20 10:45:59.669  1123-1703    C02942/ThermalSvc              foundation                      I     [thermal_observer.cpp:289] OnReceivedSensorInfo# callbackinfo_ size = 6
02-20 10:45:59.670  1123-1703    C01719/ffrt                    foundation                      E     720177:QosApplyForOther:242 qos apply failed for task 5130
02-20 10:45:59.670  1123-1703    C02942/ThermalSvc              foundation                      I     [thermal_observer.cpp:265] NotifySensorTempChanged# listeners.size = 0, callbackTypeMap.size = 0
02-20 10:45:59.670  1123-1703    C02942/ThermalSvc              foundation                      I     [thermal_service_subscriber.cpp:94] SetHistoryTypeTempMap# SetHistoryTypeTempMap: sec=60
02-20 10:45:59.677  1050-1186    C02500/ThermalDaemon           power_host                      I     [temperature_manager.cpp] [system_h] new temp: 39 old temp: 38
02-20 10:45:59.736  1840-1949    C01560/StaNetworkCheck         wifi_manager_se                 I     Enter httpDetection
02-20 10:45:59.736  1840-1949    C01560/OHWIFI_UTILS_HTTP_REQ   wifi_manager_se                 I     GetHostAddrFromUrl urlTmp2 = [<private>].
02-20 10:45:59.736  1840-1949    C01560/OHWIFI_UTILS_HTTP_REQ   wifi_manager_se                 I     GetIPFromUrl Url maybe contain Domain.
02-20 10:45:59.737  1840-5131    C01560/OHWIFI_UTILS_HTTP_REQ   wifi_manager_se                 E     GetHostThread ipOrDomain is connectivitycheck.platform.hicloud.com.
02-20 10:45:59.738  1840-5131    C01560/OHWIFI_UTILS_HTTP_REQ   wifi_manager_se                 E     GetHostThread ipaddr is 220.185.180.74.
02-20 10:45:59.738  1840-1949    C01560/OHWIFI_UTILS_HTTP_REQ   wifi_manager_se                 I     iPort= [80],strIP= [<private>]
02-20 10:45:59.767  1840-1949    C01560/StaNetworkCheck         wifi_manager_se                 E     This network is normal!
02-20 10:45:59.987  704-822      C01c06/TimeService             resource_schedu                 I     [time_service_client.cpp] GetBootTimeMs# Result: 90745181
02-20 10:46:00.001  890-1717     C01200/Ces                     time_service                    W     [common_event_proxy.cpp:(PublishCommonEvent):70] invalid commonEventListener
02-20 10:46:00.002  1123-1703    C01120/BundleMgrService        foundation                      W     [bundle_data_mgr.cpp(GetInnerBundleInfoByUid):2081] the uid(3819) is not an application.
02-20 10:46:00.003  1123-5130    C01200/Ces                     foundation                      I     [common_event_support.cpp:(IsSystemEvent):1706] enter
02-20 10:46:00.003  890-1717     C01c06/TimeService             time_service                    I     [time_service_notify.cpp] PublishEvents# Publish event usual.event.TIME_TICK done
02-20 10:46:00.004  1123-5130    C01719/ffrt                    foundation                      E     720210:QosApplyForOther:242 qos apply failed for task 5132
02-20 10:46:00.004  1123-5132    C01200/Ces                     foundation                      E     [access_token_helper.cpp:(RecordSensitivePermissionUsage):52] permission denied
02-20 10:46:00.005  1123-5132    C01200/Ces                     foundation                      E     [access_token_helper.cpp:(RecordSensitivePermissionUsage):52] permission denied
02-20 10:46:00.005  1123-5132    C01200/Ces                     foundation                      E     [access_token_helper.cpp:(RecordSensitivePermissionUsage):52] permission denied
02-20 10:46:00.005  1123-5132    C01200/Ces                     foundation                      E     [access_token_helper.cpp:(RecordSensitivePermissionUsage):52] permission denied
02-20 10:46:00.005  1123-5132    C01200/Ces                     foundation                      E     [access_token_helper.cpp:(RecordSensitivePermissionUsage):52] permission denied
02-20 10:46:00.006  1123-5132    C01200/Ces                     foundation                      E     [access_token_helper.cpp:(RecordSensitivePermissionUsage):52] permission denied
02-20 10:46:00.006  1123-5132    C01200/Ces                     foundation                      E     [access_token_helper.cpp:(RecordSensitivePermissionUsage):52] permission denied
02-20 10:46:00.006  1123-5132    C01200/Ces                     foundation                      E     [access_token_helper.cpp:(RecordSensitivePermissionUsage):52] permission denied
02-20 10:46:00.006  1059-1321    C015c0/dsoftbus                softbus_server                  E     SoftBusCondTimedWait timeout, ret[110]
02-20 10:46:00.006  1123-5132    C01200/Ces                     foundation                      E     [access_token_helper.cpp:(RecordSensitivePermissionUsage):52] permission denied
02-20 10:46:00.007  1123-5132    C01200/Ces                     foundation                      E     [access_token_helper.cpp:(RecordSensitivePermissionUsage):52] permission denied
02-20 10:46:00.007  1123-5132    C01200/Ces                     foundation                      E     [access_token_helper.cpp:(RecordSensitivePermissionUsage):52] permission denied
02-20 10:46:00.008  2008-2008    A0001b/SceneBoard              com.ohos.sceneboard             I     ScreenLock-DateTime --> time = 10:46
02-20 10:46:00.009  2008-2008    A0001b/SceneBoard              com.ohos.sceneboard             I     ScreenLock-DateTime --> time = 10:46
02-20 10:46:00.010  2008-2008    A0001b/SceneBoard              com.ohos.sceneboard             I     ScreenLock-DateTime --> time = 10:46
02-20 10:46:00.011  2008-2008    A0001b/SceneBoard              com.ohos.sceneboard             I     ScreenLock-DateTime --> time = 10:46
02-20 10:46:00.011  2008-2008    A0001b/SceneBoard              com.ohos.sceneboard             I     ScreenLock-DateTime --> time = 10:46
02-20 10:46:00.012  2008-2008    A0001b/SceneBoard              com.ohos.sceneboard             I     ScreenLock-DateTime --> time = 10:46
02-20 10:46:00.013  2008-2008    A0001b/SceneBoard              com.ohos.sceneboard             I     ScreenLock-DateTime --> time = 10:46
02-20 10:46:00.014  2008-2008    A0001b/SceneBoard              com.ohos.sceneboard             I     ScreenLock-DateTime --> time = 10:46
02-20 10:46:00.014  2008-2008    A0001b/SceneBoard              com.ohos.sceneboard             I     ScreenLock-DateTime --> time = 10:46
02-20 10:46:00.016  2008-2008    A0001b/SceneBoard              com.ohos.sceneboard             I     CommonEventManagerA --> handleCommonEventCallback post inner event: usual.event.TIME_TICK
02-20 10:46:00.044  1278-1278    C01400/OHOS::RS                render_service                  I     RsDebug RSProcessor::Perf: do nothing
02-20 10:46:00.045  1034-2506    C014b1/KRPRPERYIES             composer_host                   E     get property failed
02-20 10:46:00.046  1034-2506    C014c0/GRALLOC                 composer_host                   E     This buffer is nullptr
02-20 10:46:00.049  1278-1320    C01400/Composer                render_service                  E     ReleaseFramebuffer: Current frame buffer is nullptr.
02-20 10:46:00.338  704-822      C01c06/TimeService             resource_schedu                 I     [time_service_client.cpp] GetBootTimeMs# Result: 90745532
02-20 10:46:00.339  476-1364     C02d10/HiView-SysEventSource   hiview                          I     Parser: parser result domain_=DISPLAY eventName_=AMBIENT_LIGHT
02-20 10:46:00.341  1123-1703    C02965/StatsUtils              foundation                      W     [stats_utils.cpp:191] ConvertStatsType# Convert failed due to illegal type=15
02-20 10:46:00.386  2008-2008    C01560/WifiNAPIUtils           com.ohos.sceneboard             I     Call wifi func: GetLinkedInfo (start)
02-20 10:46:00.387  2008-2008    C01560/WifiNAPIUtils           com.ohos.sceneboard             I     Call wifi func: GetLinkedInfo (end), time cost:238us, 0ms
02-20 10:46:00.387  2008-5078    C01560/WifiNAPIUtils           com.ohos.sceneboard             I     Call wifi func: wifiDevicePtr->GetLinkedInfo (start)
02-20 10:46:00.387  2008-5078    C01510/IPCObjectStub           com.ohos.sceneboard             I     63: create, desc: OHOS.ISystemAbilityLoadCallback
02-20 10:46:00.388  480-901      C01510/IPCObjectProxy          samgr                           I     58: handle = 73 create, descriptor: IPCObjectProxy73
02-20 10:46:00.388  480-901      C01800/SAMGR                   samgr                           I     [SA Scheduler][SA: 1120] handle load event start, callingpid: 2008
02-20 10:46:00.388  480-901      C01800/SAMGR                   samgr                           I     NotifySystemAbilityLoaded systemAbilityId : 1120
02-20 10:46:00.388  704-822      C01c06/TimeService             resource_schedu                 I     [time_service_client.cpp] GetBootTimeMs# Result: 90745583
02-20 10:46:00.389  480-901      C01510/IPCObjectProxy          samgr                           W     63: handle = 73 destroyed, descriptor: IPCObjectProxy73
02-20 10:46:00.389  2008-2759    C01800/SA_CLIENT               com.ohos.sceneboard             I     SystemAbilityLoadCallbackStub::OnRemoteRequest, code = 1
02-20 10:46:00.389  2008-5078    C01800/SA_CLIENT               com.ohos.sceneboard             I     LoadSystemAbility systemAbilityId : 1120, SendRequest succeed!
02-20 10:46:00.390  2008-2759    C01510/IPCObjectStub           com.ohos.sceneboard             W     68: destroy, desc: OHOS.ISystemAbilityLoadCallback
02-20 10:46:00.390  1840-1846    C01560/OHWIFI_MANAGER_PERMISSION_HELPE wifi_manager_se                 I     callerToken=0x2005c34e has permission_name=ohos.permission.GET_WIFI_INFO, pid=0x7d8, type=0
02-20 10:46:00.390  1840-1846    C01560/OHWIFI_MANAGER_PERMISSION_HELPE wifi_manager_se                 I     callerToken=0x2005c34e has no permission_name=ohos.permission.GET_WIFI_LOCAL_MAC, pid=0x7d8, type=0
02-20 10:46:00.390  1840-1846    C01560/WifiDeviceServiceImpl   wifi_manager_se                 E     GetLinkedInfo:VerifyGetWifiLocalMacPermission() PERMISSION_DENIED!
02-20 10:46:00.390  2008-5078    C01560/WifiNAPIUtils           com.ohos.sceneboard             I     Call wifi func: wifiDevicePtr->GetLinkedInfo (end), time cost:3900us, 3ms
02-20 10:46:00.391  2008-2008    C01560/WifiNAPIDevice          com.ohos.sceneboard             I     Push get linkedInfo result to client
02-20 10:46:00.391  2008-2008    C01560/WifiNAPIErrCode         com.ohos.sceneboard             I     HandleCallbackErrCode, errCode = 0
02-20 10:46:00.391  2008-2008    A0001b/SceneBoard              com.ohos.sceneboard             I     Model.NetSpeedController --> wifi getLinkedInfo
02-20 10:46:00.658  3004-5107    C01719/ffrt                    com.netease.lava.nertc.demo     E     9:Detach:93 qos 2 thread not joinable
02-20 10:46:00.686  704-822      C01c06/TimeService             resource_schedu                 I     [time_service_client.cpp] GetBootTimeMs# Result: 90745881
02-20 10:46:00.687  476-1364     C02d10/HiView-SysEventSource   hiview                          I     Parser: parser result domain_=DISPLAY eventName_=AMBIENT_LIGHT
02-20 10:46:00.689  1123-1703    C02965/StatsUtils              foundation                      W     [stats_utils.cpp:191] ConvertStatsType# Convert failed due to illegal type=15
02-20 10:46:01.006  1059-1321    C015c0/dsoftbus                softbus_server                  E     SoftBusCondTimedWait timeout, ret[110]
02-20 10:46:01.038  704-822      C01c06/TimeService             resource_schedu                 I     [time_service_client.cpp] GetBootTimeMs# Result: 90746233
02-20 10:46:01.039  476-1364     C02d10/HiView-SysEventSource   hiview                          I     Parser: parser result domain_=DISPLAY eventName_=AMBIENT_LIGHT
02-20 10:46:01.042  1123-1703    C02965/StatsUtils              foundation                      W     [stats_utils.cpp:191] ConvertStatsType# Convert failed due to illegal type=15
02-20 10:46:01.387  704-822      C01c06/TimeService             resource_schedu                 I     [time_service_client.cpp] GetBootTimeMs# Result: 90746581
02-20 10:46:01.387  476-1364     C02d10/HiView-SysEventSource   hiview                          I     Parser: parser result domain_=DISPLAY eventName_=AMBIENT_LIGHT
02-20 10:46:01.389  1123-1703    C02965/StatsUtils              foundation                      W     [stats_utils.cpp:191] ConvertStatsType# Convert failed due to illegal type=15
02-20 10:46:01.394  1840-1948    C01560/OHWIFI_STATE_MACHINE    wifi_manager_se                 I     State machine: LinkedState execute Cmd:2
02-20 10:46:01.394  1840-1948    C01560/StaStateMachine         wifi_manager_se                 I     LinkedState, reveived msgCode=2 msg.
02-20 10:46:01.394  987-987      C01560/WifiHdiStaImpl          wifi_hal_service                I     GetHdiSignalInfo enter.
02-20 10:46:01.394  987-987      C01560/WifiHdiProxy            wifi_hal_service                I     GetFeatureInner get an exist feature.
02-20 10:46:01.399  1840-1948    C01560/WifiFrameWork           wifi_manager_se                 I     DealSignalPollResult, signal:-60, txLinkSpeed:4000, rxLinkSpeed:4000, freq:5300, noise:-89.
02-20 10:46:01.399  1840-1948    C01560/WifiFrameWork           wifi_manager_se                 I     DealSignalPollResult, networkId:0, ssid:<private>, rssi:-60, band:2, connState:4, detailedState:10.
02-20 10:46:01.399  1840-1948    C01560/WifiFrameWork           wifi_manager_se                 I     DealSignalPollResult currentSignalLevel:4, lastSignalLevel:4.
02-20 10:46:01.399  1840-1948    C01560/WifiFrameWork           wifi_manager_se                 I     DealSignalPollResult GetWifiStandard:5, bssid:f4:db:**:**:**:8f rxmax:400 txmax:400.
02-20 10:46:01.400  1840-1857    C01560/WifiInternalEventDispatcher wifi_manager_se                 I     WifiInternalEventDispatcher:: Deal Sta Event Callback Msg: 4100
02-20 10:46:01.401  1840-1857    C01560/WifiInternalEventDispatcher wifi_manager_se                 I     WifiInternalEventDispatcher:: Deal Sta Event Callback Msg: 4100
02-20 10:46:01.410  1059-1321    C015c0/dsoftbus                softbus_server                  E     SoftBusCondTimedWait timeout, ret[110]
02-20 10:46:01.491  1572-22376   C02d13/HDC_LOG                 hdcd                            I     [daemon.cpp:397] FetchCommand channelId:1712021794 command:1001
02-20 10:46:01.491  1572-22376   C02d13/HDC_LOG                 hdcd                            I     [session.cpp:1317] New HTaskInfo channelId:1712021794 command:1001
02-20 10:46:01.491  1572-22376   C02d13/HDC_LOG                 hdcd                            W     [session.cpp:728] mapTask.size:2
02-20 10:46:01.491  1572-22376   C02d13/HDC_LOG                 hdcd                            I     [session.cpp:738] AdminTask add session 1397996714, channelId 1712021794, mapTask size: 3
02-20 10:46:01.491  1572-22376   C02d13/HDC_LOG                 hdcd                            I     [task.cpp:32] HdcTaskBase channelId:1712021794
02-20 10:46:01.491  1572-5133    C02d13/HDC_LOG                 hdcd                            I     [async_cmd.cpp:152] ExecuteCommand pipe fds[pipeRead]:26 fds[pipeWrite]:30
02-20 10:46:01.493  1572-5133    C02d13/HDC_LOG                 hdcd                            I     [base.cpp:1617] CloseFd fd:30
02-20 10:46:01.494  5134-5134    C02d13/HDC_LOG                 pid-5134                        I     [base.cpp:1617] CloseFd fd:26
02-20 10:46:01.494  1572-22376   C02d13/HDC_LOG                 hdcd                            I     [async_cmd.cpp:200] ExecuteCommand cmd:hidumper -s 1201 -a "-p Faultlogger"  fd:26 pid:5134
02-20 10:46:01.494  5134-5134    C02d13/HDC_LOG                 pid-5134                        I     [base.cpp:1617] CloseFd fd:30
02-20 10:46:01.543  5137-5137    C01510/BinderConnector         pid-5137                        I     97: OpenDriver:succ to open, fd=3
02-20 10:46:01.544  5137-5137    C01510/IPCObjectProxy          pid-5137                        I     58: handle = 0 create, descriptor: IPCObjectProxy0
02-20 10:46:01.545  5137-5137    C01510/IPCObjectProxy          pid-5137                        I     58: handle = 1 create, descriptor: IPCObjectProxy1
02-20 10:46:01.627  4830-4830    C01510/IPCObjectProxy          hidumper_servic                 I     58: handle = 2 create, descriptor: IPCObjectProxy2
02-20 10:46:01.628  476-27184    C02d10/Faultlogger             hiview                          I     Dump: DumpRequest: detail:<private>, list:<private>, file:<private>, name:<private>, time:<private>
02-20 10:46:01.637  4830-4830    C01510/IPCObjectProxy          hidumper_servic                 W     63: handle = 2 destroyed, descriptor: IPCObjectProxy2
02-20 10:46:01.640  1572-5136    C02d13/HDC_LOG                 hdcd                            I     [file_descriptor.cpp:127] FileIOOnThread fd:26 nBytes:0
02-20 10:46:01.640  1572-5136    C02d13/HDC_LOG                 hdcd                            I     [async_cmd.cpp:80] FinishShellProc finish pipeRead fd:26 pid:5134
02-20 10:46:01.640  1572-5136    C02d13/HDC_LOG                 hdcd                            I     [task.cpp:50] HdcTaskBase::TaskFinish notify begin channelId:1712021794
02-20 10:46:01.641  1572-5136    C02d13/HDC_LOG                 hdcd                            I     [task.cpp:52] HdcTaskBase::TaskFinish notify end channelId:1712021794
02-20 10:46:01.648  1572-22376   C02d13/HDC_LOG                 hdcd                            I     [daemon.cpp:397] FetchCommand channelId:1712021794 command:2
02-20 10:46:01.648  1572-22376   C02d13/HDC_LOG                 hdcd                            I     [session.cpp:104] BeginRemoveTask taskType:0 channelId:1712021794
02-20 10:46:01.648  1572-22376   C02d13/HDC_LOG                 hdcd                            I     [async_cmd.cpp:56] AsyncCmd::DoRelease finish
02-20 10:46:01.648  1572-22376   C02d13/HDC_LOG                 hdcd                            I     [session.cpp:157] ClearOwnTasks OP_CLEAR finish, session:0x7effe84a00 channelIDInput:1712021794
02-20 10:46:01.648  1572-22376   C02d13/HDC_LOG                 hdcd                            I     [session.cpp:116] TaskDelay task remove retry count 0/30, taskType:0 channelId:1712021794, sessionId:1397996714
02-20 10:46:01.648  1572-22376   C02d13/HDC_LOG                 hdcd                            F     [file_descriptor.cpp:38] ~HdcFileDescriptor refIO:0
02-20 10:46:01.648  1572-22376   C02d13/HDC_LOG                 hdcd                            I     [base.cpp:1617] CloseFd fd:26
02-20 10:46:01.648  1572-22376   C02d13/HDC_LOG                 hdcd                            I     [daemon_unity.cpp:27] HdcDaemonUnity::~HdcDaemonUnity finish
02-20 10:46:01.648  1572-22376   C02d13/HDC_LOG                 hdcd                            I     [async_cmd.cpp:35] ~AsyncCmd
02-20 10:46:01.648  1572-22376   C02d13/HDC_LOG                 hdcd                            I     [task.cpp:37] ~HdcTaskBase channelId:1712021794
02-20 10:46:01.648  1572-22376   C02d13/HDC_LOG                 hdcd                            I     [session.cpp:123] TaskDelay task remove finish, channelId:1712021794
02-20 10:46:01.657  1572-22376   C02d13/HDC_LOG                 hdcd                            I     [daemon.cpp:397] FetchCommand channelId:1712021794 command:2
02-20 10:46:01.738  704-822      C01c06/TimeService             resource_schedu                 I     [time_service_client.cpp] GetBootTimeMs# Result: 90746932
02-20 10:46:01.739  476-1364     C02d10/HiView-SysEventSource   hiview                          I     Parser: parser result domain_=DISPLAY eventName_=AMBIENT_LIGHT
02-20 10:46:01.741  1123-1703    C02965/StatsUtils              foundation                      W     [stats_utils.cpp:191] ConvertStatsType# Convert failed due to illegal type=15
02-20 10:46:02.007  1059-1321    C015c0/dsoftbus                softbus_server                  E     SoftBusCondTimedWait timeout, ret[110]
02-20 10:46:02.087  704-822      C01c06/TimeService             resource_schedu                 I     [time_service_client.cpp] GetBootTimeMs# Result: 90747281
02-20 10:46:02.087  476-1364     C02d10/HiView-SysEventSource   hiview                          I     Parser: parser result domain_=DISPLAY eventName_=AMBIENT_LIGHT
02-20 10:46:02.089  1123-1703    C02965/StatsUtils              foundation                      W     [stats_utils.cpp:191] ConvertStatsType# Convert failed due to illegal type=15
02-20 10:46:02.102  1840-2566    C01560/OHWIFI_STATE_MACHINE    wifi_manager_se                 I     State machine: CommonScanUnworked execute Cmd:200
02-20 10:46:02.102  1840-2566    C01562/ScanStateMachine        wifi_manager_se                 I     ScanStateMachine::CommonScanUnworked::ExecuteStateMsg.
02-20 10:46:02.102  1840-2566    C01562/ScanStateMachine        wifi_manager_se                 I     ScanStateMachine::CommonScan::ExecuteStateMsg.
02-20 10:46:02.102  1840-2566    C01562/ScanStateMachine        wifi_manager_se                 I     ScanStateMachine::HardwareReady::ExecuteStateMsg.
02-20 10:46:02.102  1840-2566    C01562/ScanStateMachine        wifi_manager_se                 I     Enter ScanStateMachine::InitState::ExecuteStateMsg.
02-20 10:46:02.102  1840-2566    C01562/ScanStateMachine        wifi_manager_se                 I     Enter ScanStateMachine::ReportScanInnerEvent, event is 200.
02-20 10:46:02.102  1840-2566    C01562/ScanService             wifi_manager_se                 I     Enter ScanService::HandleScanStatusReport, status:6
02-20 10:46:02.102  1840-2566    C01562/ScanService             wifi_manager_se                 I     Enter ScanService::HandleInnerEventReport.
02-20 10:46:02.102  1840-2566    C01562/ScanService             wifi_manager_se                 I     Enter ScanService::StartSystemTimerScan, scanAtOnce: 1.
02-20 10:46:02.102  1840-2566    C01562/ScanService             wifi_manager_se                 I     Enter ScanService::AllowSystemTimerScan.
02-20 10:46:02.102  1840-2566    C01562/ScanService             wifi_manager_se                 I     Enter ScanService::GetStaScene.
02-20 10:46:02.102  1840-2566    C01562/ScanService             wifi_manager_se                 I     Enter ScanService::AllowScanDuringStaScene, staScene:4, scanMode:6
02-20 10:46:02.103  1840-2566    C01562/ScanService             wifi_manager_se                 I     Enter ScanService::AllowScanDuringCustomScene.
02-20 10:46:02.103  1840-2566    C01562/ScanService             wifi_manager_se                 I     Enter ScanService::SystemScanByInterval.
02-20 10:46:02.103  1840-2566    C01562/ScanService             wifi_manager_se                 I     allow system timer scan
02-20 10:46:02.103  1840-2566    C01562/ScanService             wifi_manager_se                 W     AllowScanByType, allScanResult:0.
02-20 10:46:02.103  1840-2566    C01562/ScanService             wifi_manager_se                 W     appPackageName empty, apply scan polices rlt: 0.
02-20 10:46:02.103  1840-2566    C01562/ScanService             wifi_manager_se                 I     Enter ScanService::Scan, externFlag:0.
02-20 10:46:02.103  1840-2566    C01562/ScanService             wifi_manager_se                 I     Enter ScanService::GetHiddenNetworkSsidList.
02-20 10:46:02.103  1840-2566    C01562/ScanService             wifi_manager_se                 I     Find 0 hidden NetworkSsid.
02-20 10:46:02.103  1840-2566    C01562/ScanService             wifi_manager_se                 I     Enter ScanService::SingleScan.
02-20 10:46:02.103  1840-2566    C01562/ScanService             wifi_manager_se                 I     Enter ScanService::GetAllowBandFreqsControlInfo.
02-20 10:46:02.103  1840-2566    C01562/ScanService             wifi_manager_se                 I     Enter ScanService::GetStaScene.
02-20 10:46:02.103  1840-2566    C01562/ScanService             wifi_manager_se                 I     Enter ScanService::AllowScanDuringStaScene, staScene:4, scanMode:8
02-20 10:46:02.103  1840-2566    C01562/ScanService             wifi_manager_se                 I     Enter ScanService::AllowScanDuringStaScene, staScene:4, scanMode:9
02-20 10:46:02.103  1840-2566    C01562/ScanService             wifi_manager_se                 I     Enter ScanService::AllowScanDuringCustomScene.
02-20 10:46:02.103  1840-2566    C01562/ScanService             wifi_manager_se                 I     Enter ScanService::AllowScanDuringCustomScene.
02-20 10:46:02.103  1840-2566    C01562/ScanService             wifi_manager_se                 I     Enter ScanService::StoreRequestScanConfig.
02-20 10:46:02.103  1840-2566    C01562/ScanService             wifi_manager_se                 I     StoreRequestScanConfig, add success, scanConfigStoreIndex: 75
02-20 10:46:02.103  1840-2566    C01562/ScanService             wifi_manager_se                 I     Enter ScanService::AddScanMessageBody.
02-20 10:46:02.103  1840-2566    C01562/ScanService             wifi_manager_se                 I     StartSystemTimerScan, scanTime: 40,  interval:40,  count:3
02-20 10:46:02.103  1840-2566    C01560/OHWIFI_STATE_MACHINE    wifi_manager_se                 I     State machine: CommonScanUnworked execute Cmd:1
02-20 10:46:02.103  1840-2566    C01562/ScanStateMachine        wifi_manager_se                 I     ScanStateMachine::CommonScanUnworked::ExecuteStateMsg.
02-20 10:46:02.103  1840-2566    C01562/ScanStateMachine        wifi_manager_se                 I     ScanStateMachine::CommonScanRequestProcess.
02-20 10:46:02.103  1840-2566    C01562/ScanStateMachine        wifi_manager_se                 I     Enter ScanStateMachine::GetRequestMsgInfo.
02-20 10:46:02.103  1840-2566    C01562/ScanStateMachine        wifi_manager_se                 I     Enter ScanStateMachine::GetCommonScanConfig.
02-20 10:46:02.103  1840-2566    C01562/ScanStateMachine        wifi_manager_se                 I     Enter ScanStateMachine::StartNewCommonScan.
02-20 10:46:02.103  1840-2566    C01562/ScanStateMachine        wifi_manager_se                 I     Enter ScanStateMachine::StartSingleCommonScan.
02-20 10:46:02.103  1840-2566    C01562/ScanStateMachine        wifi_manager_se                 I     Begin call Scan.
02-20 10:46:02.103  987-987      C01560/WifiHdiStaImpl          wifi_hal_service                I     HdiStartScan enter.
02-20 10:46:02.104  987-987      C01560/WifiHdiProxy            wifi_hal_service                I     GetFeatureInner get an exist feature.
02-20 10:46:02.105  1026-2549    C02500/HDF_WIFI_CORE           wifi_host                       I     <private>: wifi iface num <private>
02-20 10:46:02.105  1026-2549    C02500/HDF_WIFI_CORE           wifi_host                       I     <private>: receive cmd NL80211_CMD_TRIGGER_SCAN, cmd = <private>
02-20 10:46:02.106  987-987      C01560/WifiHdiStaImpl          wifi_hal_service                I     HdiStartScan end. ret: 0
02-20 10:46:02.106  1840-2566    C01562/ScanStateMachine        wifi_manager_se                 I     End call Scan.
02-20 10:46:02.106  1840-2566    C01560/OHWIFI_STATE_MACHINE    wifi_manager_se                 E     SwitchState, Switch to targetState: CommonScanning.
02-20 10:46:02.106  1840-2566    C01562/ScanStateMachine        wifi_manager_se                 I     StartNewCommonScan success.
02-20 10:46:02.106  1840-2566    C01562/ScanStateMachine        wifi_manager_se                 I     Enter ScanStateMachine::CommonScanUnworked::GoOutState.
02-20 10:46:02.106  1840-2566    C01562/ScanStateMachine        wifi_manager_se                 I     Enter ScanStateMachine::CommonScanning::GoInState.
02-20 10:46:02.388  2008-2008    C01560/WifiNAPIUtils           com.ohos.sceneboard             I     Call wifi func: GetLinkedInfo (start)
02-20 10:46:02.388  2008-2008    C01560/WifiNAPIUtils           com.ohos.sceneboard             I     Call wifi func: GetLinkedInfo (end), time cost:317us, 0ms
02-20 10:46:02.388  2008-3194    C01560/WifiNAPIUtils           com.ohos.sceneboard             I     Call wifi func: wifiDevicePtr->GetLinkedInfo (start)
02-20 10:46:02.388  2008-3194    C01510/IPCObjectStub           com.ohos.sceneboard             I     63: create, desc: OHOS.ISystemAbilityLoadCallback
02-20 10:46:02.389  480-901      C01510/IPCObjectProxy          samgr                           I     58: handle = 73 create, descriptor: IPCObjectProxy73
02-20 10:46:02.390  480-901      C01800/SAMGR                   samgr                           I     [SA Scheduler][SA: 1120] handle load event start, callingpid: 2008
02-20 10:46:02.390  704-822      C01c06/TimeService             resource_schedu                 I     [time_service_client.cpp] GetBootTimeMs# Result: 90747584
02-20 10:46:02.390  480-901      C01800/SAMGR                   samgr                           I     NotifySystemAbilityLoaded systemAbilityId : 1120
02-20 10:46:02.390  480-901      C01510/IPCObjectProxy          samgr                           W     63: handle = 73 destroyed, descriptor: IPCObjectProxy73
02-20 10:46:02.390  2008-2759    C01800/SA_CLIENT               com.ohos.sceneboard             I     SystemAbilityLoadCallbackStub::OnRemoteRequest, code = 1
02-20 10:46:02.391  2008-3194    C01800/SA_CLIENT               com.ohos.sceneboard             I     LoadSystemAbility systemAbilityId : 1120, SendRequest succeed!
02-20 10:46:02.391  2008-2362    C01510/IPCObjectStub           com.ohos.sceneboard             W     68: destroy, desc: OHOS.ISystemAbilityLoadCallback
02-20 10:46:02.391  1840-1846    C01560/OHWIFI_MANAGER_PERMISSION_HELPE wifi_manager_se                 I     callerToken=0x2005c34e has permission_name=ohos.permission.GET_WIFI_INFO, pid=0x7d8, type=0
02-20 10:46:02.392  1840-1846    C01560/OHWIFI_MANAGER_PERMISSION_HELPE wifi_manager_se                 I     callerToken=0x2005c34e has no permission_name=ohos.permission.GET_WIFI_LOCAL_MAC, pid=0x7d8, type=0
02-20 10:46:02.392  1840-1846    C01560/WifiDeviceServiceImpl   wifi_manager_se                 E     GetLinkedInfo:VerifyGetWifiLocalMacPermission() PERMISSION_DENIED!
02-20 10:46:02.392  2008-3194    C01560/WifiNAPIUtils           com.ohos.sceneboard             I     Call wifi func: wifiDevicePtr->GetLinkedInfo (end), time cost:3885us, 3ms
02-20 10:46:02.393  2008-2008    C01560/WifiNAPIDevice          com.ohos.sceneboard             I     Push get linkedInfo result to client
02-20 10:46:02.393  2008-2008    C01560/WifiNAPIErrCode         com.ohos.sceneboard             I     HandleCallbackErrCode, errCode = 0
02-20 10:46:02.393  2008-2008    A0001b/SceneBoard              com.ohos.sceneboard             I     Model.NetSpeedController --> wifi getLinkedInfo
02-20 10:46:02.438  704-822      C01c06/TimeService             resource_schedu                 I     [time_service_client.cpp] GetBootTimeMs# Result: 90747633
02-20 10:46:02.439  476-1364     C02d10/HiView-SysEventSource   hiview                          I     Parser: parser result domain_=DISPLAY eventName_=AMBIENT_LIGHT
02-20 10:46:02.441  1123-1703    C02965/StatsUtils              foundation                      W     [stats_utils.cpp:191] ConvertStatsType# Convert failed due to illegal type=15
02-20 10:46:02.696  1026-2549    C02500/HDF_WIFI_CORE           wifi_host                       I     <private>: wifi iface num <private>
02-20 10:46:02.696  1026-2549    C02500/HDF_WIFI_CORE           wifi_host                       I     <private>: receive cmd NL80211_CMD_NEW_SCAN_RESULTS, cmd = <private>
02-20 10:46:02.697  1026-2549    C02500/HDF_WIFI_CORE           wifi_host                       I     <private>: send event = <private>, ifName = <private>
02-20 10:46:02.700  1059-1835    C015c0/dsoftbus                softbus_server                  I     [LNN][NetlinkMonitorThread:176]nlmsg_type: 16
02-20 10:46:02.700  1059-1835    C015c0/dsoftbus                softbus_server                  W     [LNN][ProcessLinkEvent:140]wlan0:link status changed, type:2
02-20 10:46:02.700  1059-1835    C015c0/dsoftbus                softbus_server                  I     [LNN][LlGetWlanIp:305]get LocalIp =.150
02-20 10:46:02.700  1059-1835    C015c0/dsoftbus                softbus_server                  I     [LNN][LnnIsLinkReady:183]carrier result: 1
02-20 10:46:02.700  1059-1835    C015c0/dsoftbus                softbus_server                  I     [LNN][LlGetWlanIp:305]get LocalIp =.150
02-20 10:46:02.700  1059-1835    C015c0/dsoftbus                softbus_server                  W     [LNN][OnIpNetifStatusChanged:553]discard unexpected event 3
02-20 10:46:02.700  1285-1587    C015b0/NetsysNativeService     netsysnative                    I     [OnInterfaceLinkStateChanged-(notify_callback_proxy.cpp:210)]Proxy OnInterfaceLinkStateChanged
02-20 10:46:02.700  987-24363    C02500/wlan_callback_stub      wifi_hal_service                E     SerStubScanResult: invalid interface function ScanResult
02-20 10:46:02.701  1026-2549    C01510/BinderInvoker           wifi_host                       E     124: SendRequest: handle=3 result = -2
02-20 10:46:02.701  1026-2549    C02500/wlan_callback_proxy     wifi_host                       E     WlanCallbackProxyScanResult: call failed! error code is -2
02-20 10:46:02.701  1026-2549    C02500/HDF_WIFI_CORE           wifi_host                       E     HdfWLanCallbackFun: dispatch code fialed, error code: -2
02-20 10:46:02.701  1026-2549    C02500/HDF_WIFI_CORE           wifi_host                       I     <private>: send event = <private>, ifName = <private>
02-20 10:46:02.701  759-1726     C015b0/NetsysNativeService     netmanager                      I     [OnRemoteRequest-(notify_callback_stub.cpp:47)]Stub call start, code:[5]
02-20 10:46:02.701  987-24363    C02500/wlan_callback_stub      wifi_hal_service                E     SerStubScanResult: invalid interface function ScanResult
02-20 10:46:02.701  759-1726     C015b0/NetMgrExtPart           netmanager                      I     [OnInterfaceLinkStateChanged-(ethernet_management.cpp:84)]DevInterfaceStateCallback::OnInterfaceLinkStateChanged iface[wlan0] up[1]
02-20 10:46:02.701  1026-2549    C01510/BinderInvoker           wifi_host                       E     124: SendRequest: handle=3 result = -2
02-20 10:46:02.701  1026-2549    C02500/wlan_callback_proxy     wifi_host                       E     WlanCallbackProxyScanResult: call failed! error code is -2
02-20 10:46:02.701  1026-2549    C02500/HDF_WIFI_CORE           wifi_host                       E     HdfWLanCallbackFun: dispatch code fialed, error code: -2
02-20 10:46:02.701  1026-2549    C02500/HDF_WIFI_CORE           wifi_host                       I     <private>: send event = <private>, ifName = <private>
02-20 10:46:02.702  987-24363    C02500/wlan_callback_stub      wifi_hal_service                E     SerStubScanResult: invalid interface function ScanResult
02-20 10:46:02.702  1026-2549    C01510/BinderInvoker           wifi_host                       E     124: SendRequest: handle=3 result = -2
02-20 10:46:02.702  1026-2549    C02500/wlan_callback_proxy     wifi_host                       E     WlanCallbackProxyScanResult: call failed! error code is -2
02-20 10:46:02.702  1026-2549    C02500/HDF_WIFI_CORE           wifi_host                       E     HdfWLanCallbackFun: dispatch code fialed, error code: -2
02-20 10:46:02.702  1026-2549    C02500/HDF_WIFI_CORE           wifi_host                       I     <private>: send event = <private>, ifName = <private>
02-20 10:46:02.702  987-24363    C02500/wlan_callback_stub      wifi_hal_service                E     SerStubScanResult: invalid interface function ScanResult
02-20 10:46:02.702  1026-2549    C01510/BinderInvoker           wifi_host                       E     124: SendRequest: handle=3 result = -2
02-20 10:46:02.702  1026-2549    C02500/wlan_callback_proxy     wifi_host                       E     WlanCallbackProxyScanResult: call failed! error code is -2
02-20 10:46:02.702  1026-2549    C02500/HDF_WIFI_CORE           wifi_host                       E     HdfWLanCallbackFun: dispatch code fialed, error code: -2
02-20 10:46:02.702  1026-2549    C02500/HDF_WIFI_CORE           wifi_host                       I     <private>: send event = <private>, ifName = <private>
02-20 10:46:02.703  987-24363    C02500/wlan_callback_stub      wifi_hal_service                E     SerStubScanResult: invalid interface function ScanResult
02-20 10:46:02.703  1026-2549    C01510/BinderInvoker           wifi_host                       E     124: SendRequest: handle=3 result = -2
02-20 10:46:02.703  1026-2549    C02500/wlan_callback_proxy     wifi_host                       E     WlanCallbackProxyScanResult: call failed! error code is -2
02-20 10:46:02.703  1026-2549    C02500/HDF_WIFI_CORE           wifi_host                       E     HdfWLanCallbackFun: dispatch code fialed, error code: -2
02-20 10:46:02.703  1026-2549    C02500/HDF_WIFI_CORE           wifi_host                       I     <private>: send event = <private>, ifName = <private>
02-20 10:46:02.703  987-24363    C02500/wlan_callback_stub      wifi_hal_service                E     SerStubScanResult: invalid interface function ScanResult
02-20 10:46:02.703  1026-2549    C01510/BinderInvoker           wifi_host                       E     124: SendRequest: handle=3 result = -2
02-20 10:46:02.703  1026-2549    C02500/wlan_callback_proxy     wifi_host                       E     WlanCallbackProxyScanResult: call failed! error code is -2
02-20 10:46:02.703  1026-2549    C02500/HDF_WIFI_CORE           wifi_host                       E     HdfWLanCallbackFun: dispatch code fialed, error code: -2
02-20 10:46:02.703  1026-2549    C02500/HDF_WIFI_CORE           wifi_host                       I     <private>: send event = <private>, ifName = <private>
02-20 10:46:02.704  987-24363    C02500/wlan_callback_stub      wifi_hal_service                E     SerStubScanResult: invalid interface function ScanResult
02-20 10:46:02.704  1026-2549    C01510/BinderInvoker           wifi_host                       E     124: SendRequest: handle=3 result = -2
02-20 10:46:02.704  1026-2549    C02500/wlan_callback_proxy     wifi_host                       E     WlanCallbackProxyScanResult: call failed! error code is -2
02-20 10:46:02.704  1026-2549    C02500/HDF_WIFI_CORE           wifi_host                       E     HdfWLanCallbackFun: dispatch code fialed, error code: -2
02-20 10:46:02.704  1026-2549    C02500/HDF_WIFI_CORE           wifi_host                       I     <private>: send event = <private>, ifName = <private>
02-20 10:46:02.704  987-24363    C02500/wlan_callback_stub      wifi_hal_service                E     SerStubScanResult: invalid interface function ScanResult
02-20 10:46:02.704  1026-2549    C01510/BinderInvoker           wifi_host                       E     124: SendRequest: handle=3 result = -2
02-20 10:46:02.705  1026-2549    C02500/wlan_callback_proxy     wifi_host                       E     WlanCallbackProxyScanResult: call failed! error code is -2
02-20 10:46:02.705  1026-2549    C02500/HDF_WIFI_CORE           wifi_host                       E     HdfWLanCallbackFun: dispatch code fialed, error code: -2
02-20 10:46:02.705  1026-2549    C02500/HDF_WIFI_CORE           wifi_host                       I     <private>: send event = <private>, ifName = <private>
02-20 10:46:02.705  987-24363    C02500/wlan_callback_stub      wifi_hal_service                E     SerStubScanResult: invalid interface function ScanResult
02-20 10:46:02.705  1026-2549    C01510/BinderInvoker           wifi_host                       E     124: SendRequest: handle=3 result = -2
02-20 10:46:02.705  1026-2549    C02500/wlan_callback_proxy     wifi_host                       E     WlanCallbackProxyScanResult: call failed! error code is -2
02-20 10:46:02.705  1026-2549    C02500/HDF_WIFI_CORE           wifi_host                       E     HdfWLanCallbackFun: dispatch code fialed, error code: -2
02-20 10:46:02.705  1026-2549    C02500/HDF_WIFI_CORE           wifi_host                       I     <private>: send event = <private>, ifName = <private>
02-20 10:46:02.705  987-24363    C02500/wlan_callback_stub      wifi_hal_service                E     SerStubScanResult: invalid interface function ScanResult
02-20 10:46:02.706  1026-2549    C01510/BinderInvoker           wifi_host                       E     124: SendRequest: handle=3 result = -2
02-20 10:46:02.706  1026-2549    C02500/wlan_callback_proxy     wifi_host                       E     WlanCallbackProxyScanResult: call failed! error code is -2
02-20 10:46:02.706  1026-2549    C02500/HDF_WIFI_CORE           wifi_host                       E     HdfWLanCallbackFun: dispatch code fialed, error code: -2
02-20 10:46:02.706  1026-2549    C02500/HDF_WIFI_CORE           wifi_host                       I     <private>: send event = <private>, ifName = <private>
02-20 10:46:02.706  987-24363    C02500/wlan_callback_stub      wifi_hal_service                E     SerStubScanResult: invalid interface function ScanResult
02-20 10:46:02.706  1026-2549    C01510/BinderInvoker           wifi_host                       E     124: SendRequest: handle=3 result = -2
02-20 10:46:02.706  1026-2549    C02500/wlan_callback_proxy     wifi_host                       E     WlanCallbackProxyScanResult: call failed! error code is -2
02-20 10:46:02.706  1026-2549    C02500/HDF_WIFI_CORE           wifi_host                       E     HdfWLanCallbackFun: dispatch code fialed, error code: -2
02-20 10:46:02.706  1026-2549    C02500/HDF_WIFI_CORE           wifi_host                       I     <private>: send event = <private>, ifName = <private>
02-20 10:46:02.706  987-24363    C02500/wlan_callback_stub      wifi_hal_service                E     SerStubScanResult: invalid interface function ScanResult
02-20 10:46:02.707  1026-2549    C01510/BinderInvoker           wifi_host                       E     124: SendRequest: handle=3 result = -2
02-20 10:46:02.707  1026-2549    C02500/wlan_callback_proxy     wifi_host                       E     WlanCallbackProxyScanResult: call failed! error code is -2
02-20 10:46:02.707  1026-2549    C02500/HDF_WIFI_CORE           wifi_host                       E     HdfWLanCallbackFun: dispatch code fialed, error code: -2
02-20 10:46:02.707  1026-2549    C02500/HDF_WIFI_CORE           wifi_host                       I     <private>: send event = <private>, ifName = <private>
02-20 10:46:02.707  987-24363    C02500/wlan_callback_stub      wifi_hal_service                E     SerStubScanResult: invalid interface function ScanResult
02-20 10:46:02.707  1026-2549    C01510/BinderInvoker           wifi_host                       E     124: SendRequest: handle=3 result = -2
02-20 10:46:02.707  1026-2549    C02500/wlan_callback_proxy     wifi_host                       E     WlanCallbackProxyScanResult: call failed! error code is -2
02-20 10:46:02.707  1026-2549    C02500/HDF_WIFI_CORE           wifi_host                       E     HdfWLanCallbackFun: dispatch code fialed, error code: -2
02-20 10:46:02.707  1026-2549    C02500/HDF_WIFI_CORE           wifi_host                       I     <private>: send event = <private>, ifName = <private>
02-20 10:46:02.707  987-24363    C02500/wlan_callback_stub      wifi_hal_service                E     SerStubScanResult: invalid interface function ScanResult
02-20 10:46:02.707  1026-2549    C01510/BinderInvoker           wifi_host                       E     124: SendRequest: handle=3 result = -2
02-20 10:46:02.707  1026-2549    C02500/wlan_callback_proxy     wifi_host                       E     WlanCallbackProxyScanResult: call failed! error code is -2
02-20 10:46:02.708  1026-2549    C02500/HDF_WIFI_CORE           wifi_host                       E     HdfWLanCallbackFun: dispatch code fialed, error code: -2
02-20 10:46:02.708  1026-2549    C02500/HDF_WIFI_CORE           wifi_host                       I     <private>: send event = <private>, ifName = <private>
02-20 10:46:02.708  987-24363    C02500/wlan_callback_stub      wifi_hal_service                E     SerStubScanResult: invalid interface function ScanResult
02-20 10:46:02.708  1026-2549    C01510/BinderInvoker           wifi_host                       E     124: SendRequest: handle=3 result = -2
02-20 10:46:02.708  1026-2549    C02500/wlan_callback_proxy     wifi_host                       E     WlanCallbackProxyScanResult: call failed! error code is -2
02-20 10:46:02.708  1026-2549    C02500/HDF_WIFI_CORE           wifi_host                       E     HdfWLanCallbackFun: dispatch code fialed, error code: -2
02-20 10:46:02.708  1026-2549    C02500/HDF_WIFI_CORE           wifi_host                       I     <private>: send event = <private>, ifName = <private>
02-20 10:46:02.709  987-24363    C02500/wlan_callback_stub      wifi_hal_service                E     SerStubScanResult: invalid interface function ScanResult
02-20 10:46:02.709  1026-2549    C01510/BinderInvoker           wifi_host                       E     124: SendRequest: handle=3 result = -2
02-20 10:46:02.709  1026-2549    C02500/wlan_callback_proxy     wifi_host                       E     WlanCallbackProxyScanResult: call failed! error code is -2
02-20 10:46:02.709  1026-2549    C02500/HDF_WIFI_CORE           wifi_host                       E     HdfWLanCallbackFun: dispatch code fialed, error code: -2
02-20 10:46:02.709  1026-2549    C02500/HDF_WIFI_CORE           wifi_host                       I     <private>: send event = <private>, ifName = <private>
02-20 10:46:02.709  987-24363    C02500/wlan_callback_stub      wifi_hal_service                E     SerStubScanResult: invalid interface function ScanResult
02-20 10:46:02.710  1026-2549    C01510/BinderInvoker           wifi_host                       E     124: SendRequest: handle=3 result = -2
02-20 10:46:02.710  1026-2549    C02500/wlan_callback_proxy     wifi_host                       E     WlanCallbackProxyScanResult: call failed! error code is -2
02-20 10:46:02.710  1026-2549    C02500/HDF_WIFI_CORE           wifi_host                       E     HdfWLanCallbackFun: dispatch code fialed, error code: -2
02-20 10:46:02.710  1026-2549    C02500/HDF_WIFI_CORE           wifi_host                       I     <private>: send event = <private>, ifName = <private>
