02-20 11:06:43.223  1840-1949    C01560/OHWIFI_UTILS_HTTP_REQ   wifi_manager_se                 D     HttpRequest::HttpDataTransmit recv not finish!
02-20 11:06:43.223  1840-1949    C01560/OHWIFI_UTILS_HTTP_REQ   wifi_manager_se                 D     HttpRequest::HttpDataTransmit recv not finish!
02-20 11:06:43.223  1840-1949    C01560/OHWIFI_UTILS_HTTP_REQ   wifi_manager_se                 D     HttpRequest::HttpDataTransmit recv not finish!
02-20 11:06:43.223  1840-1949    C01560/OHWIFI_UTILS_HTTP_REQ   wifi_manager_se                 D     HttpRequest::HttpDataTransmit recv not finish!
02-20 11:06:43.223  1840-1949    C01560/OHWIFI_UTILS_HTTP_REQ   wifi_manager_se                 D     HttpRequest::HttpDataTransmit recv not finish!
02-20 11:06:43.223  1840-1949    C01560/OHWIFI_UTILS_HTTP_REQ   wifi_manager_se                 D     HttpRequest::HttpDataTransmit recv not finish!
02-20 11:06:43.223  1840-1949    C01560/OHWIFI_UTILS_HTTP_REQ   wifi_manager_se                 D     HttpRequest::HttpDataTransmit recv not finish!
02-20 11:06:43.223  1840-1949    C01560/OHWIFI_UTILS_HTTP_REQ   wifi_manager_se                 D     HttpRequest::HttpDataTransmit recv not finish!
02-20 11:06:43.223  1840-1949    C01560/OHWIFI_UTILS_HTTP_REQ   wifi_manager_se                 D     HttpRequest::HttpDataTransmit recv not finish!
02-20 11:06:43.223  1840-1949    C01560/OHWIFI_UTILS_HTTP_REQ   wifi_manager_se                 D     HttpRequest::HttpDataTransmit recv not finish!
02-20 11:06:43.223  1840-1949    C01560/OHWIFI_UTILS_HTTP_REQ   wifi_manager_se                 D     HttpRequest::HttpDataTransmit recv not finish!
02-20 11:06:43.223  1840-1949    C01560/OHWIFI_UTILS_HTTP_REQ   wifi_manager_se                 D     HttpRequest::HttpDataTransmit recv not finish!
02-20 11:06:43.223  1840-1949    C01560/OHWIFI_UTILS_HTTP_REQ   wifi_manager_se                 D     HttpRequest::HttpDataTransmit recv not finish!
02-20 11:06:43.223  1840-1949    C01560/OHWIFI_UTILS_HTTP_REQ   wifi_manager_se                 D     HttpRequest::HttpDataTransmit recv not finish!
02-20 11:06:43.223  1840-1949    C01560/OHWIFI_UTILS_HTTP_REQ   wifi_manager_se                 D     HttpRequest::HttpDataTransmit recv not finish!
02-20 11:06:43.223  1840-1949    C01560/OHWIFI_UTILS_HTTP_REQ   wifi_manager_se                 D     HttpRequest::HttpDataTransmit recv not finish!
02-20 11:06:43.223  1840-1949    C01560/OHWIFI_UTILS_HTTP_REQ   wifi_manager_se                 D     HttpRequest::HttpDataTransmit recv not finish!
02-20 11:06:43.223  1840-1949    C01560/OHWIFI_UTILS_HTTP_REQ   wifi_manager_se                 D     HttpRequest::HttpDataTransmit recv not finish!
02-20 11:06:43.223  1840-1949    C01560/OHWIFI_UTILS_HTTP_REQ   wifi_manager_se                 D     HttpRequest::HttpDataTransmit recv not finish!
02-20 11:06:43.223  1840-1949    C01560/OHWIFI_UTILS_HTTP_REQ   wifi_manager_se                 D     HttpRequest::HttpDataTransmit recv not finish!
02-20 11:06:43.223  1840-1949    C01560/OHWIFI_UTILS_HTTP_REQ   wifi_manager_se                 D     HttpRequest::HttpDataTransmit recv not finish!
02-20 11:06:43.223  1840-1949    C01560/OHWIFI_UTILS_HTTP_REQ   wifi_manager_se                 D     HttpRequest::HttpDataTransmit recv not finish!
02-20 11:06:43.223  1840-1949    C01560/OHWIFI_UTILS_HTTP_REQ   wifi_manager_se                 D     HttpRequest::HttpDataTransmit recv not finish!
02-20 11:06:43.223  1840-1949    C01560/OHWIFI_UTILS_HTTP_REQ   wifi_manager_se                 D     HttpRequest::HttpDataTransmit recv not finish!
02-20 11:06:43.223  1840-1949    C01560/OHWIFI_UTILS_HTTP_REQ   wifi_manager_se                 D     HttpRequest::HttpDataTransmit recv not finish!
02-20 11:06:43.223  1840-1949    C01560/OHWIFI_UTILS_HTTP_REQ   wifi_manager_se                 D     HttpRequest::HttpDataTransmit recv not finish!
02-20 11:06:43.223  1840-1949    C01560/OHWIFI_UTILS_HTTP_REQ   wifi_manager_se                 D     HttpRequest::HttpDataTransmit recv not finish!
02-20 11:06:43.223  1840-1949    C01560/OHWIFI_UTILS_HTTP_REQ   wifi_manager_se                 D     HttpRequest::HttpDataTransmit recv not finish!
02-20 11:06:43.223  1840-1949    C01560/OHWIFI_UTILS_HTTP_REQ   wifi_manager_se                 D     HttpRequest::HttpDataTransmit recv not finish!
02-20 11:06:43.223  1840-1949    C01560/OHWIFI_UTILS_HTTP_REQ   wifi_manager_se                 D     HttpRequest::HttpDataTransmit recv not finish!
02-20 11:06:43.223  1840-1949    C01560/OHWIFI_UTILS_HTTP_REQ   wifi_manager_se                 D     HttpRequest::HttpDataTransmit recv not finish!
02-20 11:06:43.223  1840-1949    C01560/OHWIFI_UTILS_HTTP_REQ   wifi_manager_se                 D     HttpRequest::HttpDataTransmit recv not finish!
02-20 11:06:43.275  704-822      C01713/SUSPEND_MANAGER         resource_schedu                 D     [kstate_callback.cpp(OnKstateCallback):67] 2008 is called by 1123
02-20 11:06:43.275  704-822      C01713/SUSPEND_MANAGER         resource_schedu                 D     [suspend_manager_impl.cpp(GetUidAndBundleName):1391] cannot find pid 2008 in pid map
02-20 11:06:43.275  704-822      C01713/SUSPEND_MANAGER         resource_schedu                 D     [suspend_manager_impl.cpp(GetUidAndBundleName):1391] cannot find pid 2008 in pid map
02-20 11:06:43.275  2008-2370    C04201/ScreenSessionManagerStub com.ohos.sceneboard             D     <29>OnRemoteRequest: OnRemoteRequest code is 0
02-20 11:06:43.275  890-1749     C01c06/TimeService             time_service                    D     [time_service_stub.cpp] OnRemoteRequest#  start##code = 5
02-20 11:06:43.275  1123-3430    C02982/DisplayPowerSvc         foundation                      D     [display_power_mgr_service.cpp:223] GetMainDisplayId# GetMainDisplayId 0
02-20 11:06:43.275  890-1749     C01c06/TimeService             time_service                    D     [time_service_stub.cpp] OnRemoteRequest# CallingPid = 704, CallingUid = 0, code = 5
02-20 11:06:43.275  890-1749     C01c06/TimeService             time_service                    D     [time_service_stub.cpp] OnGetBootTimeMs#  start.
02-20 11:06:43.275  1123-3430    C02986/DisplayPowerBrightness  foundation                      D     [display_power_mgr_service.cpp:598] IsChangedLux# changed: 1, 470.800018 vs 538.500000
02-20 11:06:43.275  890-1749     C01c06/TimeService             time_service                    D     [time_service_stub.cpp] OnGetBootTimeMs#  end.
02-20 11:06:43.275  1123-3430    C02986/DisplayPowerBrightness  foundation                      D     [display_power_mgr_service.cpp:634] IsChangedLux# unstable lux, wait for stable
02-20 11:06:43.275  1123-3430    C02d08/HiSysEvent-InnerWriter  foundation                      D     hisysevent inner writer result: 0.
02-20 11:06:43.275  704-822      C01c06/TimeService             resource_schedu                 I     [time_service_client.cpp] GetBootTimeMs# Result: 91989043
02-20 11:06:43.275  1123-3430    C02d08/HISYSEVENT              foundation                      D     size=97
02-20 11:06:43.276  1123-3430    C02d08/HISYSEVENT              foundation                      D     HiSysEvent send data successful
02-20 11:06:43.277  476-1364     C02d10/HiView-EventServer      hiview                          D     ReceiveMsg: length of data received from client is 97.
02-20 11:06:43.277  476-1364     C02d10/HiView-DecodedEvent     hiview                          D     paramCnt is : 1.
02-20 11:06:43.277  476-1364     C02d10/HiView-DecodedEvent     hiview                          D     Decoded event: {"domain_":"DISPLAY","name_":"AMBIENT_LIGHT","type_":2,"time_":1708398403275,"tz_":"+0800","pid_":1123,"tid_":3430,"uid_":5523,"id_":"00000000000000000000","LEVEL":117}.
02-20 11:06:43.277  476-1364     C02d10/HiView-EventServer      hiview                          D     ReceiveMsg: receive from client <private>
02-20 11:06:43.277  476-1364     C02d10/HiView-DecodedEvent     hiview                          D     paramCnt is : 1.
02-20 11:06:43.277  476-1364     C02d10/HiView-DecodedEvent     hiview                          D     Decoded event: {"domain_":"DISPLAY","name_":"AMBIENT_LIGHT","type_":2,"time_":1708398403275,"tz_":"+0800","pid_":1123,"tid_":3430,"uid_":5523,"id_":"00000000000000000000","LEVEL":117}.
02-20 11:06:43.277  476-1364     C02d10/HiView-SysEventSource   hiview                          D     Parser: parser raw message size=97, {"domain_":"DISPLAY","name_":"AMBIENT_LIGHT","type_":2,"time_":1708398403275,"tz_":"+0800","pid_":1123,"tid_":3430,"uid_":5523,"id_":"00000000000000000000","LEVEL":117}
02-20 11:06:43.277  476-1364     C02d10/HiView-DecodedEvent     hiview                          D     paramCnt is : 1.
02-20 11:06:43.277  476-1364     C02d10/HiView-RawDataEncoder   hiview                          D     Length of encoded string is 5.
02-20 11:06:43.277  476-1364     C02d10/HiView-DecodedEvent     hiview                          D     paramCnt is : 1.
02-20 11:06:43.277  476-1364     C02d10/HiView-DecodedEvent     hiview                          D     Decoded event: {"domain_":"DISPLAY","name_":"AMBIENT_LIGHT","type_":2,"time_":1708398403275,"tz_":"+0800","pid_":1123,"tid_":3430,"uid_":5523,"id_":"00000000000000000000","LEVEL":117}.
02-20 11:06:43.277  476-1364     C02d10/HiView-SysEventSource   hiview                          I     Parser: parser result domain_=DISPLAY eventName_=AMBIENT_LIGHT
02-20 11:06:43.277  476-1364     C02d10/Event-JsonParser        hiview                          D     CheckTypeValidity: base info type is 2, event type is 2
02-20 11:06:43.277  476-1364     C02d10/HiView-DecodedEvent     hiview                          D     paramCnt is : 1.
02-20 11:06:43.277  476-1364     C02d10/HiView-DecodedEvent     hiview                          D     Decoded event: {"domain_":"DISPLAY","name_":"AMBIENT_LIGHT","type_":2,"time_":1708398403275,"tz_":"+0800","pid_":1123,"tid_":3430,"uid_":5523,"id_":"00000000000000000000","LEVEL":117}.
02-20 11:06:43.278  476-1364     C02d10/HiView-RawDataEncoder   hiview                          D     Length of encoded string is 5.
02-20 11:06:43.278  476-1364     C02d10/HiView-RawDataEncoder   hiview                          D     Length of encoded string is 0.
02-20 11:06:43.278  476-1671     C02d10/HiView-DecodedEvent     hiview                          D     paramCnt is : 2.
02-20 11:06:43.278  476-1671     C02d10/HiView-DecodedEvent     hiview                          D     Decoded event: {"domain_":"DISPLAY","name_":"AMBIENT_LIGHT","type_":2,"time_":1708398403275,"tz_":"+0800","pid_":1123,"tid_":3430,"uid_":5523,"id_":"00978998497087682352","LEVEL":117,"info_":""}.
02-20 11:06:43.279  476-1671     C02d10/HiView-SysEventService  hiview                          D     pid 704 rules match fail.
02-20 11:06:43.279  476-1671     C02d10/HiView-SysEventService  hiview                          D     pid 704 rules match fail.
02-20 11:06:43.279  476-1671     C02d10/HiView-SysEventService  hiview                          D     rule type is 1, domain is empty, eventName is empty, tag is PowerStats, eventType is 2 for matched
02-20 11:06:43.279  476-1671     C02d10/HiView-SysEventService  hiview                          D     pid 1123 rules match success.
02-20 11:06:43.279  476-1671     C02d10/HiView-DecodedEvent     hiview                          D     paramCnt is : 2.
02-20 11:06:43.279  476-1671     C02d10/HiView-DecodedEvent     hiview                          D     Decoded event: {"domain_":"DISPLAY","name_":"AMBIENT_LIGHT","type_":2,"time_":1708398403275,"tz_":"+0800","pid_":1123,"tid_":3430,"uid_":5523,"id_":"00978998497087682352","LEVEL":117,"info_":""}.
02-20 11:06:43.279  476-1671     C02d10/HiView-SysEventService  hiview                          D     pid 1124 rules match fail.
02-20 11:06:43.279  476-1671     C02d10/HiView-HiviewEventReport hiview                          D     UpdatePluginStats pluginName=SysEventDispatcher, procName=AMBIENT_LIGHT, time=1184
02-20 11:06:43.279  476-1887     C02d10/XPower                  hiview                          D     [LoggerParser.cpp] ParseJson# failed to find tag: TYPE
02-20 11:06:43.279  476-1887     C02d10/XPower                  hiview                          D     [AmbientLight.cpp] OnAmbientLightMessage# Failed to parse message: <private>
02-20 11:06:43.280  1123-1695    C02962/StatsSvc                foundation                      D     [battery_stats_listener.cpp:44] OnEvent# EventDetail: {"domain_":"DISPLAY","name_":"AMBIENT_LIGHT","type_":2,"time_":1708398403275,"tz_":"+0800","pid_":1123,"tid_":3430,"uid_":5523,"id_":"00978998497087682352","LEVEL":117,"info_":"","tag_":"PowerStats","level_":"MINOR","seq_":680539}
02-20 11:06:43.280  476-1384     C02d10/HiView-SysEventDocWriter hiview                          D     WriteContent: write content size=67, file=/data/log/hiview/sys_event_db/DISPLAY/AMBIENT_LIGHT-2-MINOR-674236.db
02-20 11:06:43.280  476-1384     C02d10/HiView-SysEventDbMgr    hiview                          D     SaveToStore: save sys event 680539, AMBIENT_LIGHT
02-20 11:06:43.280  476-1384     C02d10/HiView-HiviewEventReport hiview                          D     UpdatePluginStats pluginName=SysEventStore, procName=AMBIENT_LIGHT, time=446
02-20 11:06:43.280  1123-1695    C02965/StatsUtils              foundation                      W     [stats_utils.cpp:191] ConvertStatsType# Convert failed due to illegal type=15
02-20 11:06:43.280  476-1384     C02d10/HiView-Monitor          hiview                          D     CollectCostTime: onceTotalCnt_=300, onceTotalRealTime_=601623, onceTotalProcTime_=1115321, onceTotalWaitTime_=513698, overRealTotalCount_=2, overProcessTotalCount_=11, finishedCount_=3477
02-20 11:06:43.280  1123-1695    C02962/StatsSvc                foundation                      D     [battery_stats_detector.cpp:40] HandleStatsChangedEvent# Handle type: , state: -1, level: -1, uid: -1, pid: -1, eventDataName: INVALID, eventDataType: -1, eventDataExtra: -1, time: 0, traffic: 0, deviceId: <private>
02-20 11:06:43.280  476-1384     C02d10/HiView-DecodedEvent     hiview                          D     paramCnt is : 2.
02-20 11:06:43.280  1123-1695    C02962/StatsSvc                foundation                      D     [battery_stats_detector.cpp:69] IsDurationRelated# No duration related type=15
02-20 11:06:43.280  1123-1695    C02962/StatsSvc                foundation                      D     [battery_stats_detector.cpp:100] IsStateRelated# No state related type=15
02-20 11:06:43.280  1123-1695    C02962/StatsSvc                foundation                      D     [stats_helper.cpp:40] GetBootTimeMs# Get boot time: 91989047
02-20 11:06:43.280  476-1384     C02d10/HiView-DecodedEvent     hiview                          D     Decoded event: {"domain_":"DISPLAY","name_":"AMBIENT_LIGHT","type_":2,"time_":1708398403275,"tz_":"+0800","pid_":1123,"tid_":3430,"uid_":5523,"id_":"00978998497087682352","LEVEL":117,"info_":""}.
02-20 11:06:43.364  613-1962     C02800/MMIService              multimodalinput                 D     in operator(), Set thread status flag to true
02-20 11:06:43.364  613-1962     C02800/MMIService              multimodalinput                 D     in OnThread, timeout:9993
02-20 11:06:43.588  1059-1321    C015c0/dsoftbus                softbus_server                  E     SoftBusCondTimedWait timeout, ret[110]
02-20 11:06:43.627  2008-2370    C04201/ScreenSessionManagerStub com.ohos.sceneboard             D     <29>OnRemoteRequest: OnRemoteRequest code is 0
02-20 11:06:43.627  704-822      C01713/SUSPEND_MANAGER         resource_schedu                 D     [kstate_callback.cpp(OnKstateCallback):67] 2008 is called by 1123
02-20 11:06:43.627  704-822      C01713/SUSPEND_MANAGER         resource_schedu                 D     [suspend_manager_impl.cpp(GetUidAndBundleName):1391] cannot find pid 2008 in pid map
02-20 11:06:43.627  704-822      C01713/SUSPEND_MANAGER         resource_schedu                 D     [suspend_manager_impl.cpp(GetUidAndBundleName):1391] cannot find pid 2008 in pid map
02-20 11:06:43.627  1123-3430    C02982/DisplayPowerSvc         foundation                      D     [display_power_mgr_service.cpp:223] GetMainDisplayId# GetMainDisplayId 0
02-20 11:06:43.627  1123-3430    C02986/DisplayPowerBrightness  foundation                      D     [display_power_mgr_service.cpp:598] IsChangedLux# changed: 1, 470.800018 vs 538.500000
02-20 11:06:43.627  1123-3430    C02986/DisplayPowerBrightness  foundation                      D     [display_power_mgr_service.cpp:634] IsChangedLux# unstable lux, wait for stable
02-20 11:06:43.627  890-1749     C01c06/TimeService             time_service                    D     [time_service_stub.cpp] OnRemoteRequest#  start##code = 5
02-20 11:06:43.627  1123-3430    C02d08/HiSysEvent-InnerWriter  foundation                      D     hisysevent inner writer result: 0.
02-20 11:06:43.627  890-1749     C01c06/TimeService             time_service                    D     [time_service_stub.cpp] OnRemoteRequest# CallingPid = 704, CallingUid = 0, code = 5
02-20 11:06:43.627  1123-3430    C02d08/HISYSEVENT              foundation                      D     size=97
02-20 11:06:43.627  890-1749     C01c06/TimeService             time_service                    D     [time_service_stub.cpp] OnGetBootTimeMs#  start.
02-20 11:06:43.627  890-1749     C01c06/TimeService             time_service                    D     [time_service_stub.cpp] OnGetBootTimeMs#  end.
02-20 11:06:43.627  1123-3430    C02d08/HISYSEVENT              foundation                      D     HiSysEvent send data successful
02-20 11:06:43.627  704-822      C01c06/TimeService             resource_schedu                 I     [time_service_client.cpp] GetBootTimeMs# Result: 91989395
02-20 11:06:43.628  476-1364     C02d10/HiView-EventServer      hiview                          D     ReceiveMsg: length of data received from client is 97.
02-20 11:06:43.628  476-1364     C02d10/HiView-DecodedEvent     hiview                          D     paramCnt is : 1.
02-20 11:06:43.628  476-1364     C02d10/HiView-DecodedEvent     hiview                          D     Decoded event: {"domain_":"DISPLAY","name_":"AMBIENT_LIGHT","type_":2,"time_":1708398403627,"tz_":"+0800","pid_":1123,"tid_":3430,"uid_":5523,"id_":"00000000000000000000","LEVEL":117}.
02-20 11:06:43.628  476-1364     C02d10/HiView-EventServer      hiview                          D     ReceiveMsg: receive from client <private>
02-20 11:06:43.628  476-1364     C02d10/HiView-DecodedEvent     hiview                          D     paramCnt is : 1.
02-20 11:06:43.628  476-1364     C02d10/HiView-DecodedEvent     hiview                          D     Decoded event: {"domain_":"DISPLAY","name_":"AMBIENT_LIGHT","type_":2,"time_":1708398403627,"tz_":"+0800","pid_":1123,"tid_":3430,"uid_":5523,"id_":"00000000000000000000","LEVEL":117}.
02-20 11:06:43.628  476-1364     C02d10/HiView-SysEventSource   hiview                          D     Parser: parser raw message size=97, {"domain_":"DISPLAY","name_":"AMBIENT_LIGHT","type_":2,"time_":1708398403627,"tz_":"+0800","pid_":1123,"tid_":3430,"uid_":5523,"id_":"00000000000000000000","LEVEL":117}
02-20 11:06:43.628  476-1364     C02d10/HiView-DecodedEvent     hiview                          D     paramCnt is : 1.
02-20 11:06:43.628  476-1364     C02d10/HiView-RawDataEncoder   hiview                          D     Length of encoded string is 5.
02-20 11:06:43.628  476-1364     C02d10/HiView-DecodedEvent     hiview                          D     paramCnt is : 1.
02-20 11:06:43.629  476-1364     C02d10/HiView-DecodedEvent     hiview                          D     Decoded event: {"domain_":"DISPLAY","name_":"AMBIENT_LIGHT","type_":2,"time_":1708398403627,"tz_":"+0800","pid_":1123,"tid_":3430,"uid_":5523,"id_":"00000000000000000000","LEVEL":117}.
02-20 11:06:43.629  476-1364     C02d10/HiView-SysEventSource   hiview                          I     Parser: parser result domain_=DISPLAY eventName_=AMBIENT_LIGHT
02-20 11:06:43.629  476-1364     C02d10/Event-JsonParser        hiview                          D     CheckTypeValidity: base info type is 2, event type is 2
02-20 11:06:43.629  476-1364     C02d10/HiView-DecodedEvent     hiview                          D     paramCnt is : 1.
02-20 11:06:43.629  476-1364     C02d10/HiView-DecodedEvent     hiview                          D     Decoded event: {"domain_":"DISPLAY","name_":"AMBIENT_LIGHT","type_":2,"time_":1708398403627,"tz_":"+0800","pid_":1123,"tid_":3430,"uid_":5523,"id_":"00000000000000000000","LEVEL":117}.
02-20 11:06:43.629  476-1364     C02d10/HiView-RawDataEncoder   hiview                          D     Length of encoded string is 5.
02-20 11:06:43.629  476-1364     C02d10/HiView-RawDataEncoder   hiview                          D     Length of encoded string is 0.
02-20 11:06:43.630  476-1671     C02d10/HiView-DecodedEvent     hiview                          D     paramCnt is : 2.
02-20 11:06:43.630  476-1671     C02d10/HiView-DecodedEvent     hiview                          D     Decoded event: {"domain_":"DISPLAY","name_":"AMBIENT_LIGHT","type_":2,"time_":1708398403627,"tz_":"+0800","pid_":1123,"tid_":3430,"uid_":5523,"id_":"15888609853340438005","LEVEL":117,"info_":""}.
02-20 11:06:43.630  476-1671     C02d10/HiView-SysEventService  hiview                          D     pid 704 rules match fail.
02-20 11:06:43.630  476-1671     C02d10/HiView-SysEventService  hiview                          D     pid 704 rules match fail.
02-20 11:06:43.630  476-1671     C02d10/HiView-SysEventService  hiview                          D     rule type is 1, domain is empty, eventName is empty, tag is PowerStats, eventType is 2 for matched
02-20 11:06:43.630  476-1671     C02d10/HiView-SysEventService  hiview                          D     pid 1123 rules match success.
02-20 11:06:43.630  476-1887     C02d10/XPower                  hiview                          D     [LoggerParser.cpp] ParseJson# failed to find tag: TYPE
02-20 11:06:43.631  476-1671     C02d10/HiView-DecodedEvent     hiview                          D     paramCnt is : 2.
02-20 11:06:43.631  476-1887     C02d10/XPower                  hiview                          D     [AmbientLight.cpp] OnAmbientLightMessage# Failed to parse message: <private>
02-20 11:06:43.631  476-1671     C02d10/HiView-DecodedEvent     hiview                          D     Decoded event: {"domain_":"DISPLAY","name_":"AMBIENT_LIGHT","type_":2,"time_":1708398403627,"tz_":"+0800","pid_":1123,"tid_":3430,"uid_":5523,"id_":"15888609853340438005","LEVEL":117,"info_":""}.
02-20 11:06:43.631  476-1671     C02d10/HiView-SysEventService  hiview                          D     pid 1124 rules match fail.
02-20 11:06:43.631  476-1671     C02d10/HiView-HiviewEventReport hiview                          D     UpdatePluginStats pluginName=SysEventDispatcher, procName=AMBIENT_LIGHT, time=1435
02-20 11:06:43.631  1123-1695    C02962/StatsSvc                foundation                      D     [battery_stats_listener.cpp:44] OnEvent# EventDetail: {"domain_":"DISPLAY","name_":"AMBIENT_LIGHT","type_":2,"time_":1708398403627,"tz_":"+0800","pid_":1123,"tid_":3430,"uid_":5523,"id_":"15888609853340438005","LEVEL":117,"info_":"","tag_":"PowerStats","level_":"MINOR","seq_":680540}
02-20 11:06:43.631  1123-1695    C02965/StatsUtils              foundation                      W     [stats_utils.cpp:191] ConvertStatsType# Convert failed due to illegal type=15
02-20 11:06:43.631  1123-1695    C02962/StatsSvc                foundation                      D     [battery_stats_detector.cpp:40] HandleStatsChangedEvent# Handle type: , state: -1, level: -1, uid: -1, pid: -1, eventDataName: INVALID, eventDataType: -1, eventDataExtra: -1, time: 0, traffic: 0, deviceId: <private>
02-20 11:06:43.632  1123-1695    C02962/StatsSvc                foundation                      D     [battery_stats_detector.cpp:69] IsDurationRelated# No duration related type=15
02-20 11:06:43.632  1123-1695    C02962/StatsSvc                foundation                      D     [battery_stats_detector.cpp:100] IsStateRelated# No state related type=15
02-20 11:06:43.632  1123-1695    C02962/StatsSvc                foundation                      D     [stats_helper.cpp:40] GetBootTimeMs# Get boot time: 91989399
02-20 11:06:43.632  476-1384     C02d10/HiView-SysEventDocWriter hiview                          D     WriteContent: write content size=67, file=/data/log/hiview/sys_event_db/DISPLAY/AMBIENT_LIGHT-2-MINOR-674236.db
02-20 11:06:43.632  476-1384     C02d10/HiView-SysEventDbMgr    hiview                          D     SaveToStore: save sys event 680540, AMBIENT_LIGHT
02-20 11:06:43.632  476-1384     C02d10/HiView-HiviewEventReport hiview                          D     UpdatePluginStats pluginName=SysEventStore, procName=AMBIENT_LIGHT, time=332
02-20 11:06:43.632  476-1384     C02d10/HiView-Monitor          hiview                          D     CollectCostTime: onceTotalCnt_=301, onceTotalRealTime_=603645, onceTotalProcTime_=1118730, onceTotalWaitTime_=515085, overRealTotalCount_=2, overProcessTotalCount_=11, finishedCount_=3478
02-20 11:06:43.632  476-1384     C02d10/HiView-DecodedEvent     hiview                          D     paramCnt is : 2.
02-20 11:06:43.632  476-1384     C02d10/HiView-DecodedEvent     hiview                          D     Decoded event: {"domain_":"DISPLAY","name_":"AMBIENT_LIGHT","type_":2,"time_":1708398403627,"tz_":"+0800","pid_":1123,"tid_":3430,"uid_":5523,"id_":"15888609853340438005","LEVEL":117,"info_":""}.
02-20 11:06:43.681  704-28772    C02f01/AccessTokenKit          resource_schedu                 D     [GetTokenTypeFlag]:called, tokenID=671094394
02-20 11:06:43.681  704-28772    C02f01/AccessTokenKit          resource_schedu                 D     [GetTokenTypeFlag]:called, tokenID=671094394
02-20 11:06:43.682  704-28772    C01713/SUSPEND_MANAGER         resource_schedu                 D     [suspend_manager_impl.cpp(GetUidAndBundleName):1391] cannot find pid 2008 in pid map
02-20 11:06:43.682  704-28772    C02f01/AccessTokenKit          resource_schedu                 D     [GetTokenTypeFlag]:called, tokenID=671094394
02-20 11:06:43.682  704-28772    C01713/SUSPEND_MANAGER         resource_schedu                 D     [suspend_manager_impl.cpp(GetUidAndBundleName):1391] cannot find pid 0 in pid map
02-20 11:06:43.682  704-28772    C02f01/AccessTokenKit          resource_schedu                 D     [GetTokenTypeFlag]:called, tokenID=671094394
02-20 11:06:43.683  704-28772    C02f01/AccessTokenKit          resource_schedu                 D     [GetTokenTypeFlag]:called, tokenID=671094394
02-20 11:06:43.683  704-28772    C01713/SUSPEND_MANAGER         resource_schedu                 D     [suspend_manager_impl.cpp(GetUidAndBundleName):1391] cannot find pid 2008 in pid map
02-20 11:06:43.683  704-28772    C02f01/AccessTokenKit          resource_schedu                 D     [GetTokenTypeFlag]:called, tokenID=671094394
02-20 11:06:43.683  704-28772    C01713/SUSPEND_MANAGER         resource_schedu                 D     [suspend_manager_impl.cpp(GetUidAndBundleName):1391] cannot find pid 0 in pid map
02-20 11:06:43.686  1050-1706    C02943/ThermalHdi              power_host                      D     [thermal_dfx.cpp:223] CompressFile# file is not enough for compress
02-20 11:06:43.721  1840-2825    C01565/DhcpClientServiceImpl   wifi_manager_se                 D     CheckTimeout() ifname:wlan0, notify1 second size:1.
02-20 11:06:43.721  1840-2825    C01565/DhcpClientServiceImpl   wifi_manager_se                 D     DhcpResultHandle() ifname:wlan0, dhcp result is getting...
02-20 11:06:43.721  1840-2825    C01565/DhcpClientServiceImpl   wifi_manager_se                 D     DhcpResultHandle() dhcp result notify finished.
02-20 11:06:43.955  2008-2008    C01304/Runtime                 com.ohos.sceneboard             D     [ohos_loop_handler.cpp(OnTriggered:34)]OHOSLoopHandler::OnTriggered is triggered
02-20 11:06:43.955  2008-2008    C01560/LOGLIMIT                com.ohos.sceneboard             I     254 line(s) dropped!
02-20 11:06:43.955  2008-2008    C01560/WifiNAPIUtils           com.ohos.sceneboard             I     Call wifi func: GetLinkedInfo (start)
02-20 11:06:43.955  2008-2008    C01560/WifiNAPIUtils           com.ohos.sceneboard             I     Call wifi func: GetLinkedInfo (end), time cost:255us, 0ms
02-20 11:06:43.956  2008-6775    C01560/WifiNAPIUtils           com.ohos.sceneboard             I     Call wifi func: wifiDevicePtr->GetLinkedInfo (start)
02-20 11:06:43.956  2008-6775    C01560/WifiSaLoadManager       com.ohos.sceneboard             D     LoadWifiSa enter, systemAbilityId = [1120] loading
02-20 11:06:43.956  2008-6775    C01510/IPCObjectStub           com.ohos.sceneboard             I     63: create, desc: OHOS.ISystemAbilityLoadCallback
02-20 11:06:43.956  480-1443     C01800/SAMGR                   samgr                           D     SAMStub::OnReceived, code = 7, callerPid = 2008
02-20 11:06:43.957  480-1443     C01800/SA_SELINUX              samgr                           D     [Performance] GetServiceCheck SA : 1120 spend 0 ms
02-20 11:06:43.957  480-1443     C01510/IPCObjectProxy          samgr                           I     58: handle = 73 create, descriptor: IPCObjectProxy73
02-20 11:06:43.957  704-822      C01713/SUSPEND_MANAGER         resource_schedu                 D     [kstate_callback.cpp(OnKstateCallback):67] 2008 is called by 480
02-20 11:06:43.957  704-822      C01713/SUSPEND_MANAGER         resource_schedu                 D     [suspend_manager_impl.cpp(GetUidAndBundleName):1391] cannot find pid 2008 in pid map
02-20 11:06:43.957  704-822      C01713/SUSPEND_MANAGER         resource_schedu                 D     [suspend_manager_impl.cpp(GetUidAndBundleName):1391] cannot find pid 2008 in pid map
02-20 11:06:43.957  890-1749     C01c06/TimeService             time_service                    D     [time_service_stub.cpp] OnRemoteRequest#  start##code = 5
02-20 11:06:43.957  2008-6775    C01510/IPCObjectStub           com.ohos.sceneboard             D     374: IPCObjectStub::ProcessProto called, type = 0, normal stub object
02-20 11:06:43.957  890-1749     C01c06/TimeService             time_service                    D     [time_service_stub.cpp] OnRemoteRequest# CallingPid = 704, CallingUid = 0, code = 5
02-20 11:06:43.957  890-1749     C01c06/TimeService             time_service                    D     [time_service_stub.cpp] OnGetBootTimeMs#  start.
02-20 11:06:43.957  890-1749     C01c06/TimeService             time_service                    D     [time_service_stub.cpp] OnGetBootTimeMs#  end.
02-20 11:06:43.958  480-1443     C01800/SAMGR                   samgr                           I     [SA Scheduler][SA: 1120] handle load event start, callingpid: 2008
02-20 11:06:43.958  704-822      C01c06/TimeService             resource_schedu                 I     [time_service_client.cpp] GetBootTimeMs# Result: 91989725
02-20 11:06:43.958  480-1443     C01800/SAMGR                   samgr                           D     [SA Scheduler][SA: 1120] load ability from local start
02-20 11:06:43.958  480-1443     C01800/SAMGR                   samgr                           D     CheckSystemAbility called, systemAbilityId = 1120
02-20 11:06:43.958  480-1443     C01800/SAMGR                   samgr                           D     found service : 1120.
02-20 11:06:43.958  480-1443     C01800/SAMGR                   samgr                           I     NotifySystemAbilityLoaded systemAbilityId : 1120
02-20 11:06:43.958  480-1443     C01800/SAMGR                   samgr                           D     SystemAbilityManagerStub::LoadSystemAbilityInner result is 0
02-20 11:06:43.958  480-1443     C01510/IPCObjectProxy          samgr                           W     63: handle = 73 destroyed, descriptor: IPCObjectProxy73
02-20 11:06:43.958  2008-2370    C01800/SA_CLIENT               com.ohos.sceneboard             I     SystemAbilityLoadCallbackStub::OnRemoteRequest, code = 1
02-20 11:06:43.958  2008-2370    C01560/WifiSaLoadManager       com.ohos.sceneboard             D     WifiSaLoadManager Load SA success, systemAbilityId = [1120]
02-20 11:06:43.958  2008-6775    C01800/SA_CLIENT               com.ohos.sceneboard             I     LoadSystemAbility systemAbilityId : 1120, SendRequest succeed!
02-20 11:06:43.958  2008-4890    C01510/BinderInvoker           com.ohos.sceneboard             D     426: OnReleaseObject refcount=1
02-20 11:06:43.958  2008-4890    C01510/IPCObjectStub           com.ohos.sceneboard             W     68: destroy, desc: OHOS.ISystemAbilityLoadCallback
02-20 11:06:43.958  2008-4890    C01510/BinderInvoker           com.ohos.sceneboard             D     426: OnReleaseObject refcount=0
02-20 11:06:43.958  1840-1840    C01560/WifiDeviceStub          wifi_manager_se                 D     OnRemoteRequest, code: 4119, uid: 10003, pid: 2008
02-20 11:06:43.958  1840-1840    C01560/WifiDeviceStub          wifi_manager_se                 D     run OnGetLinkedInfo code 4119, datasize 0
02-20 11:06:43.958  1840-1840    C02f01/AccessTokenKit          wifi_manager_se                 D     [GetTokenTypeFlag]:called, tokenID=537248590
02-20 11:06:43.958  1840-1840    C02f01/AccessTokenKit          wifi_manager_se                 D     [VerifyAccessToken]:called, tokenID=537248590, permissionName=ohos.permission.GET_WIFI_INFO
02-20 11:06:43.959  1279-1335    C02f01/ATMStub                 accesstoken_ser                 D     [OnRemoteRequest]:code 0 token 671094394
02-20 11:06:43.959  1279-1335    C02f01/ATMServ                 accesstoken_ser                 D     [VerifyAccessToken]:tokenID: 537248590, permission: ohos.permission.GET_WIFI_INFO, res 0
02-20 11:06:43.959  1840-1840    C02f01/ATMProxy                wifi_manager_se                 D     [VerifyAccessToken]:result from server data = 0
02-20 11:06:43.959  1840-1840    C01560/OHWIFI_MANAGER_PERMISSION_HELPE wifi_manager_se                 I     callerToken=0x2005c34e has permission_name=ohos.permission.GET_WIFI_INFO, pid=0x7d8, type=0
02-20 11:06:43.959  1840-1840    C02f01/AccessTokenKit          wifi_manager_se                 D     [GetTokenTypeFlag]:called, tokenID=537248590
02-20 11:06:43.959  1840-1840    C02f01/AccessTokenKit          wifi_manager_se                 D     [VerifyAccessToken]:called, tokenID=537248590, permissionName=ohos.permission.GET_WIFI_LOCAL_MAC
02-20 11:06:43.959  1279-1335    C02f01/ATMStub                 accesstoken_ser                 D     [OnRemoteRequest]:code 0 token 671094394
02-20 11:06:43.959  1279-1335    C02f01/ATMServ                 accesstoken_ser                 D     [VerifyAccessToken]:tokenID: 537248590, permission: ohos.permission.GET_WIFI_LOCAL_MAC, res -1
02-20 11:06:43.960  1840-1840    C02f01/ATMProxy                wifi_manager_se                 D     [VerifyAccessToken]:result from server data = -1
02-20 11:06:43.960  1840-1840    C01560/OHWIFI_MANAGER_PERMISSION_HELPE wifi_manager_se                 I     callerToken=0x2005c34e has no permission_name=ohos.permission.GET_WIFI_LOCAL_MAC, pid=0x7d8, type=0
02-20 11:06:43.960  1840-1840    C01560/WifiDeviceServiceImpl   wifi_manager_se                 E     GetLinkedInfo:VerifyGetWifiLocalMacPermission() PERMISSION_DENIED!
02-20 11:06:43.960  1840-1840    C01560/WifiDeviceServiceImpl   wifi_manager_se                 D     GetLinkedInfo, networkId=0, ssid=Net****-5G, rssi=-54, frequency=5300
02-20 11:06:43.960  1840-1840    C01560/WifiDeviceServiceImpl   wifi_manager_se                 D     GetLinkedInfo, connState=4, supplicantState=255, detailedState=10,     wifiStandard=5 RxMaxSpeed=400 TxmaxSpeed=400 rxSpeed=4000 txSpeed=4000
02-20 11:06:43.960  2008-6775    C01560/WifiNAPIUtils           com.ohos.sceneboard             I     Call wifi func: wifiDevicePtr->GetLinkedInfo (end), time cost:4135us, 4ms
02-20 11:06:43.960  2008-2008    C01304/Runtime                 com.ohos.sceneboard             D     [ohos_loop_handler.cpp(OnReadable:22)]OHOSLoopHandler::OnReadable is triggered
02-20 11:06:43.960  2008-2008    C01304/Runtime                 com.ohos.sceneboard             D     [ohos_loop_handler.cpp(OnTriggered:34)]OHOSLoopHandler::OnTriggered is triggered
02-20 11:06:43.960  2008-2008    C01560/WifiNAPIDevice          com.ohos.sceneboard             I     Push get linkedInfo result to client
02-20 11:06:43.961  2008-2008    C01560/WifiNAPIErrCode         com.ohos.sceneboard             I     HandleCallbackErrCode, errCode = 0
02-20 11:06:43.961  2008-2008    A0001b/SceneBoard              com.ohos.sceneboard             I     Model.NetSpeedController --> wifi getLinkedInfo
02-20 11:06:43.974  2008-4890    C04201/ScreenSessionManagerStub com.ohos.sceneboard             D     <29>OnRemoteRequest: OnRemoteRequest code is 0
02-20 11:06:43.974  704-822      C01713/SUSPEND_MANAGER         resource_schedu                 D     [kstate_callback.cpp(OnKstateCallback):67] 2008 is called by 1123
02-20 11:06:43.974  704-822      C01713/SUSPEND_MANAGER         resource_schedu                 D     [suspend_manager_impl.cpp(GetUidAndBundleName):1391] cannot find pid 2008 in pid map
02-20 11:06:43.975  704-822      C01713/SUSPEND_MANAGER         resource_schedu                 D     [suspend_manager_impl.cpp(GetUidAndBundleName):1391] cannot find pid 2008 in pid map
02-20 11:06:43.975  1123-3430    C02982/DisplayPowerSvc         foundation                      D     [display_power_mgr_service.cpp:223] GetMainDisplayId# GetMainDisplayId 0
02-20 11:06:43.975  890-1749     C01c06/TimeService             time_service                    D     [time_service_stub.cpp] OnRemoteRequest#  start##code = 5
02-20 11:06:43.975  1123-3430    C02986/DisplayPowerBrightness  foundation                      D     [display_power_mgr_service.cpp:598] IsChangedLux# changed: 1, 470.800018 vs 538.500000
02-20 11:06:43.975  1123-3430    C02986/DisplayPowerBrightness  foundation                      D     [display_power_mgr_service.cpp:634] IsChangedLux# unstable lux, wait for stable
02-20 11:06:43.975  890-1749     C01c06/TimeService             time_service                    D     [time_service_stub.cpp] OnRemoteRequest# CallingPid = 704, CallingUid = 0, code = 5
02-20 11:06:43.975  890-1749     C01c06/TimeService             time_service                    D     [time_service_stub.cpp] OnGetBootTimeMs#  start.
02-20 11:06:43.975  890-1749     C01c06/TimeService             time_service                    D     [time_service_stub.cpp] OnGetBootTimeMs#  end.
02-20 11:06:43.975  1123-3430    C02d08/HiSysEvent-InnerWriter  foundation                      D     hisysevent inner writer result: 0.
02-20 11:06:43.975  704-822      C01c06/TimeService             resource_schedu                 I     [time_service_client.cpp] GetBootTimeMs# Result: 91989742
02-20 11:06:43.975  1123-3430    C02d08/HISYSEVENT              foundation                      D     size=97
02-20 11:06:43.975  1123-3430    C02d08/HISYSEVENT              foundation                      D     HiSysEvent send data successful
02-20 11:06:43.976  476-1364     C02d10/HiView-EventServer      hiview                          D     ReceiveMsg: length of data received from client is 97.
02-20 11:06:43.976  476-1364     C02d10/HiView-DecodedEvent     hiview                          D     paramCnt is : 1.
02-20 11:06:43.976  476-1364     C02d10/HiView-DecodedEvent     hiview                          D     Decoded event: {"domain_":"DISPLAY","name_":"AMBIENT_LIGHT","type_":2,"time_":1708398403975,"tz_":"+0800","pid_":1123,"tid_":3430,"uid_":5523,"id_":"00000000000000000000","LEVEL":117}.
02-20 11:06:43.976  476-1364     C02d10/HiView-EventServer      hiview                          D     ReceiveMsg: receive from client <private>
02-20 11:06:43.976  476-1364     C02d10/HiView-DecodedEvent     hiview                          D     paramCnt is : 1.
02-20 11:06:43.976  476-1364     C02d10/HiView-DecodedEvent     hiview                          D     Decoded event: {"domain_":"DISPLAY","name_":"AMBIENT_LIGHT","type_":2,"time_":1708398403975,"tz_":"+0800","pid_":1123,"tid_":3430,"uid_":5523,"id_":"00000000000000000000","LEVEL":117}.
02-20 11:06:43.976  476-1364     C02d10/HiView-SysEventSource   hiview                          D     Parser: parser raw message size=97, {"domain_":"DISPLAY","name_":"AMBIENT_LIGHT","type_":2,"time_":1708398403975,"tz_":"+0800","pid_":1123,"tid_":3430,"uid_":5523,"id_":"00000000000000000000","LEVEL":117}
02-20 11:06:43.976  476-1364     C02d10/HiView-DecodedEvent     hiview                          D     paramCnt is : 1.
02-20 11:06:43.976  476-1364     C02d10/HiView-RawDataEncoder   hiview                          D     Length of encoded string is 5.
02-20 11:06:43.976  476-1364     C02d10/HiView-DecodedEvent     hiview                          D     paramCnt is : 1.
02-20 11:06:43.976  476-1364     C02d10/HiView-DecodedEvent     hiview                          D     Decoded event: {"domain_":"DISPLAY","name_":"AMBIENT_LIGHT","type_":2,"time_":1708398403975,"tz_":"+0800","pid_":1123,"tid_":3430,"uid_":5523,"id_":"00000000000000000000","LEVEL":117}.
02-20 11:06:43.976  476-1364     C02d10/HiView-SysEventSource   hiview                          I     Parser: parser result domain_=DISPLAY eventName_=AMBIENT_LIGHT
02-20 11:06:43.976  476-1364     C02d10/Event-JsonParser        hiview                          D     CheckTypeValidity: base info type is 2, event type is 2
02-20 11:06:43.976  476-1364     C02d10/HiView-DecodedEvent     hiview                          D     paramCnt is : 1.
02-20 11:06:43.976  476-1364     C02d10/HiView-DecodedEvent     hiview                          D     Decoded event: {"domain_":"DISPLAY","name_":"AMBIENT_LIGHT","type_":2,"time_":1708398403975,"tz_":"+0800","pid_":1123,"tid_":3430,"uid_":5523,"id_":"00000000000000000000","LEVEL":117}.
02-20 11:06:43.977  476-1364     C02d10/HiView-RawDataEncoder   hiview                          D     Length of encoded string is 5.
02-20 11:06:43.977  476-1364     C02d10/HiView-RawDataEncoder   hiview                          D     Length of encoded string is 0.
02-20 11:06:43.977  476-1671     C02d10/HiView-DecodedEvent     hiview                          D     paramCnt is : 2.
02-20 11:06:43.977  476-1671     C02d10/HiView-DecodedEvent     hiview                          D     Decoded event: {"domain_":"DISPLAY","name_":"AMBIENT_LIGHT","type_":2,"time_":1708398403975,"tz_":"+0800","pid_":1123,"tid_":3430,"uid_":5523,"id_":"03186455005081060795","LEVEL":117,"info_":""}.
02-20 11:06:43.978  476-1671     C02d10/HiView-SysEventService  hiview                          D     pid 704 rules match fail.
02-20 11:06:43.978  476-1671     C02d10/HiView-SysEventService  hiview                          D     pid 704 rules match fail.
02-20 11:06:43.978  476-1671     C02d10/HiView-SysEventService  hiview                          D     rule type is 1, domain is empty, eventName is empty, tag is PowerStats, eventType is 2 for matched
02-20 11:06:43.978  476-1671     C02d10/HiView-SysEventService  hiview                          D     pid 1123 rules match success.
02-20 11:06:43.978  476-1671     C02d10/HiView-DecodedEvent     hiview                          D     paramCnt is : 2.
02-20 11:06:43.978  476-1671     C02d10/HiView-DecodedEvent     hiview                          D     Decoded event: {"domain_":"DISPLAY","name_":"AMBIENT_LIGHT","type_":2,"time_":1708398403975,"tz_":"+0800","pid_":1123,"tid_":3430,"uid_":5523,"id_":"03186455005081060795","LEVEL":117,"info_":""}.
02-20 11:06:43.978  476-1671     C02d10/HiView-SysEventService  hiview                          D     pid 1124 rules match fail.
02-20 11:06:43.978  476-1671     C02d10/HiView-HiviewEventReport hiview                          D     UpdatePluginStats pluginName=SysEventDispatcher, procName=AMBIENT_LIGHT, time=1001
02-20 11:06:43.978  476-1887     C02d10/XPower                  hiview                          D     [LoggerParser.cpp] ParseJson# failed to find tag: TYPE
02-20 11:06:43.978  476-1887     C02d10/XPower                  hiview                          D     [AmbientLight.cpp] OnAmbientLightMessage# Failed to parse message: <private>
02-20 11:06:43.978  1123-1695    C02962/StatsSvc                foundation                      D     [battery_stats_listener.cpp:44] OnEvent# EventDetail: {"domain_":"DISPLAY","name_":"AMBIENT_LIGHT","type_":2,"time_":1708398403975,"tz_":"+0800","pid_":1123,"tid_":3430,"uid_":5523,"id_":"03186455005081060795","LEVEL":117,"info_":"","tag_":"PowerStats","level_":"MINOR","seq_":680541}
02-20 11:06:43.979  1123-1695    C02965/StatsUtils              foundation                      W     [stats_utils.cpp:191] ConvertStatsType# Convert failed due to illegal type=15
02-20 11:06:43.979  1123-1695    C02962/StatsSvc                foundation                      D     [battery_stats_detector.cpp:40] HandleStatsChangedEvent# Handle type: , state: -1, level: -1, uid: -1, pid: -1, eventDataName: INVALID, eventDataType: -1, eventDataExtra: -1, time: 0, traffic: 0, deviceId: <private>
02-20 11:06:43.979  1123-1695    C02962/StatsSvc                foundation                      D     [battery_stats_detector.cpp:69] IsDurationRelated# No duration related type=15
02-20 11:06:43.979  1123-1695    C02962/StatsSvc                foundation                      D     [battery_stats_detector.cpp:100] IsStateRelated# No state related type=15
02-20 11:06:43.979  1123-1695    C02962/StatsSvc                foundation                      D     [stats_helper.cpp:40] GetBootTimeMs# Get boot time: 91989746
02-20 11:06:43.979  476-1384     C02d10/HiView-SysEventDocWriter hiview                          D     WriteContent: write content size=67, file=/data/log/hiview/sys_event_db/DISPLAY/AMBIENT_LIGHT-2-MINOR-674236.db
02-20 11:06:43.979  476-1384     C02d10/HiView-SysEventDbMgr    hiview                          D     SaveToStore: save sys event 680541, AMBIENT_LIGHT
02-20 11:06:43.979  476-1384     C02d10/HiView-HiviewEventReport hiview                          D     UpdatePluginStats pluginName=SysEventStore, procName=AMBIENT_LIGHT, time=332
02-20 11:06:43.979  476-1384     C02d10/HiView-Monitor          hiview                          D     CollectCostTime: onceTotalCnt_=302, onceTotalRealTime_=605196, onceTotalProcTime_=1121514, onceTotalWaitTime_=516318, overRealTotalCount_=2, overProcessTotalCount_=11, finishedCount_=3479
02-20 11:06:43.979  476-1384     C02d10/HiView-DecodedEvent     hiview                          D     paramCnt is : 2.
02-20 11:06:43.979  476-1384     C02d10/HiView-DecodedEvent     hiview                          D     Decoded event: {"domain_":"DISPLAY","name_":"AMBIENT_LIGHT","type_":2,"time_":1708398403975,"tz_":"+0800","pid_":1123,"tid_":3430,"uid_":5523,"id_":"03186455005081060795","LEVEL":117,"info_":""}.
02-20 11:06:44.222  1840-2825    C01565/DhcpClientServiceImpl   wifi_manager_se                 D     CheckTimeout() ifname:wlan0, notify1 second size:1.
02-20 11:06:44.222  1840-2825    C01565/DhcpClientServiceImpl   wifi_manager_se                 D     DhcpResultHandle() ifname:wlan0, dhcp result is getting...
02-20 11:06:44.222  1840-2825    C01565/DhcpClientServiceImpl   wifi_manager_se                 D     DhcpResultHandle() dhcp result notify finished.
02-20 11:06:44.326  704-822      C01713/SUSPEND_MANAGER         resource_schedu                 D     [kstate_callback.cpp(OnKstateCallback):67] 2008 is called by 1123
02-20 11:06:44.326  2008-4890    C04201/ScreenSessionManagerStub com.ohos.sceneboard             D     <29>OnRemoteRequest: OnRemoteRequest code is 0
02-20 11:06:44.326  704-822      C01713/SUSPEND_MANAGER         resource_schedu                 D     [suspend_manager_impl.cpp(GetUidAndBundleName):1391] cannot find pid 2008 in pid map
02-20 11:06:44.326  704-822      C01713/SUSPEND_MANAGER         resource_schedu                 D     [suspend_manager_impl.cpp(GetUidAndBundleName):1391] cannot find pid 2008 in pid map
02-20 11:06:44.327  1123-3430    C02982/DisplayPowerSvc         foundation                      D     [display_power_mgr_service.cpp:223] GetMainDisplayId# GetMainDisplayId 0
02-20 11:06:44.327  1123-3430    C02986/DisplayPowerBrightness  foundation                      D     [display_power_mgr_service.cpp:598] IsChangedLux# changed: 1, 470.800018 vs 538.500000
02-20 11:06:44.327  1123-3430    C02986/DisplayPowerBrightness  foundation                      D     [display_power_mgr_service.cpp:634] IsChangedLux# unstable lux, wait for stable
02-20 11:06:44.327  1123-3430    C02d08/HiSysEvent-InnerWriter  foundation                      D     hisysevent inner writer result: 0.
02-20 11:06:44.327  1123-3430    C02d08/HISYSEVENT              foundation                      D     size=97
02-20 11:06:44.327  1123-3430    C02d08/HISYSEVENT              foundation                      D     HiSysEvent send data successful
02-20 11:06:44.327  890-1749     C01c06/TimeService             time_service                    D     [time_service_stub.cpp] OnRemoteRequest#  start##code = 5
02-20 11:06:44.327  890-1749     C01c06/TimeService             time_service                    D     [time_service_stub.cpp] OnRemoteRequest# CallingPid = 704, CallingUid = 0, code = 5
02-20 11:06:44.327  890-1749     C01c06/TimeService             time_service                    D     [time_service_stub.cpp] OnGetBootTimeMs#  start.
02-20 11:06:44.327  890-1749     C01c06/TimeService             time_service                    D     [time_service_stub.cpp] OnGetBootTimeMs#  end.
02-20 11:06:44.327  704-822      C01c06/TimeService             resource_schedu                 I     [time_service_client.cpp] GetBootTimeMs# Result: 91990095
