02-20 11:06:41.175  2008-2476    C04201/ScreenSessionManagerStub com.ohos.sceneboard             D     <29>OnRemoteRequest: OnRemoteRequest code is 0
02-20 11:06:41.175  704-822      C01713/SUSPEND_MANAGER         resource_schedu                 D     [kstate_callback.cpp(OnKstateCallback):67] 2008 is called by 1123
02-20 11:06:41.175  704-822      C01713/SUSPEND_MANAGER         resource_schedu                 D     [suspend_manager_impl.cpp(GetUidAndBundleName):1391] cannot find pid 2008 in pid map
02-20 11:06:41.175  704-822      C01713/SUSPEND_MANAGER         resource_schedu                 D     [suspend_manager_impl.cpp(GetUidAndBundleName):1391] cannot find pid 2008 in pid map
02-20 11:06:41.175  890-1749     C01c06/TimeService             time_service                    D     [time_service_stub.cpp] OnRemoteRequest#  start##code = 5
02-20 11:06:41.175  890-1749     C01c06/TimeService             time_service                    D     [time_service_stub.cpp] OnRemoteRequest# CallingPid = 704, CallingUid = 0, code = 5
02-20 11:06:41.175  890-1749     C01c06/TimeService             time_service                    D     [time_service_stub.cpp] OnGetBootTimeMs#  start.
02-20 11:06:41.175  890-1749     C01c06/TimeService             time_service                    D     [time_service_stub.cpp] OnGetBootTimeMs#  end.
02-20 11:06:41.175  704-822      C01c06/TimeService             resource_schedu                 I     [time_service_client.cpp] GetBootTimeMs# Result: 91986942
02-20 11:06:41.175  1123-3430    C02982/DisplayPowerSvc         foundation                      D     [display_power_mgr_service.cpp:223] GetMainDisplayId# GetMainDisplayId 0
02-20 11:06:41.175  1123-3430    C02986/DisplayPowerBrightness  foundation                      D     [display_power_mgr_service.cpp:598] IsChangedLux# changed: 1, 470.800018 vs 536.000000
02-20 11:06:41.175  1123-3430    C02986/DisplayPowerBrightness  foundation                      D     [display_power_mgr_service.cpp:634] IsChangedLux# unstable lux, wait for stable
02-20 11:06:41.175  1123-3430    C02d08/WRITE_CONTROLLER        foundation                      D     { .period = [5, .threshold = 10} [1708398397, 1708398401] discard 2 event(s) with domain DISPLAY and name AMBIENT_LIGHT which wrote in function AmbientLightCallback.
02-20 11:06:41.220  1840-2825    C01565/DhcpClientServiceImpl   wifi_manager_se                 D     CheckTimeout() ifname:wlan0, notify1 second size:1.
02-20 11:06:41.220  1840-2825    C01565/DhcpClientServiceImpl   wifi_manager_se                 D     DhcpResultHandle() ifname:wlan0, dhcp result is getting...
02-20 11:06:41.220  1840-2825    C01565/DhcpClientServiceImpl   wifi_manager_se                 D     DhcpResultHandle() dhcp result notify finished.
02-20 11:06:41.526  2008-2476    C04201/ScreenSessionManagerStub com.ohos.sceneboard             D     <29>OnRemoteRequest: OnRemoteRequest code is 0
02-20 11:06:41.527  704-822      C01713/SUSPEND_MANAGER         resource_schedu                 D     [kstate_callback.cpp(OnKstateCallback):67] 2008 is called by 1123
02-20 11:06:41.527  704-822      C01713/SUSPEND_MANAGER         resource_schedu                 D     [suspend_manager_impl.cpp(GetUidAndBundleName):1391] cannot find pid 2008 in pid map
02-20 11:06:41.527  704-822      C01713/SUSPEND_MANAGER         resource_schedu                 D     [suspend_manager_impl.cpp(GetUidAndBundleName):1391] cannot find pid 2008 in pid map
02-20 11:06:41.527  1123-3430    C02982/DisplayPowerSvc         foundation                      D     [display_power_mgr_service.cpp:223] GetMainDisplayId# GetMainDisplayId 0
02-20 11:06:41.527  890-1749     C01c06/TimeService             time_service                    D     [time_service_stub.cpp] OnRemoteRequest#  start##code = 5
02-20 11:06:41.527  890-1749     C01c06/TimeService             time_service                    D     [time_service_stub.cpp] OnRemoteRequest# CallingPid = 704, CallingUid = 0, code = 5
02-20 11:06:41.527  890-1749     C01c06/TimeService             time_service                    D     [time_service_stub.cpp] OnGetBootTimeMs#  start.
02-20 11:06:41.527  890-1749     C01c06/TimeService             time_service                    D     [time_service_stub.cpp] OnGetBootTimeMs#  end.
02-20 11:06:41.527  704-822      C01c06/TimeService             resource_schedu                 I     [time_service_client.cpp] GetBootTimeMs# Result: 91987294
02-20 11:06:41.527  1123-3430    C02986/DisplayPowerBrightness  foundation                      D     [display_power_mgr_service.cpp:598] IsChangedLux# changed: 1, 470.800018 vs 536.000000
02-20 11:06:41.527  1123-3430    C02986/DisplayPowerBrightness  foundation                      D     [display_power_mgr_service.cpp:634] IsChangedLux# unstable lux, wait for stable
02-20 11:06:41.528  1123-3430    C02d08/WRITE_CONTROLLER        foundation                      D     { .period = [5, .threshold = 10} [1708398397, 1708398401] discard 3 event(s) with domain DISPLAY and name AMBIENT_LIGHT which wrote in function AmbientLightCallback.
02-20 11:06:41.581  1123-6790    C01719/ffrt                    foundation                      D     763274:WorkerIdleAction:134 worker exit
02-20 11:06:41.581  1123-6790    C01719/ffrt                    foundation                      D     763275:Dispatch:121 ExecutionThread exited
02-20 11:06:41.581  1123-6790    C01719/ffrt                    foundation                      E     763276:Detach:93 qos 2 thread not joinable
02-20 11:06:41.581  1123-6790    C01510/IPCThreadSkeleton       foundation                      W     48: thread exit, flush commands
02-20 11:06:41.581  1123-6790    C01510/IPCThreadSkeleton       foundation                      E     85: IPCThreadSkeleton delete
02-20 11:06:41.581  1123-6790    C01518/DBinderBaseInvoker      foundation                      I     41: Clean DBinderDatabusInvoker
02-20 11:06:41.582  1050-1707    C02943/ThermalHdi              power_host                      D     [thermal_zone_manager.cpp:279] CollectCallbackInfo# type: system_h temp: 29761
02-20 11:06:41.582  1050-1707    C02943/ThermalHdi              power_host                      D     [thermal_zone_manager.cpp:279] CollectCallbackInfo# type: charger temp: 28000
02-20 11:06:41.583  1050-1707    C02943/ThermalHdi              power_host                      D     [thermal_zone_manager.cpp:279] CollectCallbackInfo# type: Battery temp: 25000
02-20 11:06:41.583  1050-1707    C02943/ThermalHdi              power_host                      D     [thermal_zone_manager.cpp:279] CollectCallbackInfo# type: shell_frame temp: 27456
02-20 11:06:41.583  1050-1707    C02943/ThermalHdi              power_host                      D     [thermal_zone_manager.cpp:279] CollectCallbackInfo# type: shell_front temp: 25451
02-20 11:06:41.583  1050-1707    C02943/ThermalHdi              power_host                      D     [thermal_zone_manager.cpp:279] CollectCallbackInfo# type: shell_back temp: 27456
02-20 11:06:41.584  1123-1695    C02942/ThermalSvc              foundation                      I     [thermal_observer.cpp:289] OnReceivedSensorInfo# callbackinfo_ size = 6
02-20 11:06:41.584  1123-1695    C02942/ThermalSvc              foundation                      D     [thermal_policy.cpp:89] LevelDecision# update [base_lev] level
02-20 11:06:41.584  1123-1695    C02942/ThermalSvc              foundation                      D     [thermal_config_sensor_cluster.cpp:73] UpdateThermalLevel# final latestLevel = 0
02-20 11:06:41.584  1123-1695    C02942/ThermalSvc              foundation                      D     [thermal_policy.cpp:89] LevelDecision# update [emerg_lev] level
02-20 11:06:41.584  1123-1695    C02942/ThermalSvc              foundation                      D     [thermal_config_sensor_cluster.cpp:73] UpdateThermalLevel# final latestLevel = 0
02-20 11:06:41.584  1123-1695    C02942/ThermalSvc              foundation                      D     [thermal_policy.cpp:89] LevelDecision# update [safe_lev] level
02-20 11:06:41.584  1123-1695    C02942/ThermalSvc              foundation                      D     [thermal_config_sensor_cluster.cpp:73] UpdateThermalLevel# final latestLevel = 0
02-20 11:06:41.584  1123-1695    C02942/ThermalSvc              foundation                      D     [thermal_policy.cpp:89] LevelDecision# update [shut_lev] level
02-20 11:06:41.584  1123-1695    C02942/ThermalSvc              foundation                      D     [thermal_config_sensor_cluster.cpp:73] UpdateThermalLevel# final latestLevel = 0
02-20 11:06:41.584  1123-1695    C02942/ThermalSvc              foundation                      D     [thermal_policy.cpp:89] LevelDecision# update [soc_lev] level
02-20 11:06:41.584  1123-1695    C02942/ThermalSvc              foundation                      D     [thermal_config_sensor_cluster.cpp:73] UpdateThermalLevel# final latestLevel = 0
02-20 11:06:41.584  1123-1695    C02942/ThermalSvc              foundation                      D     [thermal_policy.cpp:230] PrintPolicyState# current level: base_lev-0 emerg_lev-0 safe_lev-0 shut_lev-0 soc_lev-0
02-20 11:06:41.584  1123-1695    C01719/ffrt                    foundation                      D     763277:TaskCtx:57 create task name:t208 gid=36175
02-20 11:06:41.584  1123-1695    C01719/ffrt                    foundation                      D     763278:onSubmit:139 submit task[36175], name[t208]
02-20 11:06:41.584  1123-1695    C01719/ffrt                    foundation                      D     763279:onSubmit:189 Submit completed, enter ready queue, task[36175], name[t208]
02-20 11:06:41.584  1123-1695    C01719/ffrt                    foundation                      D     763280:OnTransition:45 task(t208) status: PENDING -=> READY
02-20 11:06:41.584  1123-1695    C01719/ffrt                    foundation                      D     763281:WakeupTask:133 qos[2] task[36175] entered q
02-20 11:06:41.584  1123-1695    C01719/ffrt                    foundation                      D     763282:Notify:187 qos[2] task notify op[1] cnt[1]
02-20 11:06:41.584  1123-1695    C01719/ffrt                    foundation                      D     763283:Poke:266 qos[2] exe num[0] slp num[0]
02-20 11:06:41.585  1123-6853    C01719/ffrt                    foundation                      D     763284:Dispatch:69 qos[2] thread start succ
02-20 11:06:41.585  1123-6853    C01719/ffrt                    foundation                      D     763285:Dispatch:71 task picking
02-20 11:06:41.585  1123-6853    C01719/ffrt                    foundation                      D     763286:Notify:187 qos[2] task notify op[0] cnt[0]
02-20 11:06:41.585  1123-6853    C01719/ffrt                    foundation                      D     763287:Dispatch:106 EU pick task[36175]
02-20 11:06:41.585  1123-6853    C01719/ffrt                    foundation                      D     763288:OnTransition:45 task(t208) status: READY -=> RUNNING
02-20 11:06:41.585  1123-6853    C01719/ffrt                    foundation                      D     763289:CoStart:231 Costart task[36175], name[t208]
02-20 11:06:41.585  1123-1695    C01719/ffrt                    foundation                      E     763290:QosApplyForOther:242 qos apply failed for task 6853
02-20 11:06:41.585  1123-6853    C01719/ffrt                    foundation                      D     763291:CoStartEntry:49 Execute func() task[36175], name[t208]
02-20 11:06:41.585  1123-6853    C02942/ThermalSvc              foundation                      D     [thermal_policy.cpp:175] FindSubscribeActionValue# Enter
02-20 11:06:41.585  1123-1695    C01719/ffrt                    foundation                      D     763292:SetThreadAttr:44 qos apply tid[6853] level[2]
02-20 11:06:41.585  1123-6853    C02942/ThermalSvc              foundation                      D     [thermal_observer.cpp:169] FindSubscribeActionValue# Enter
02-20 11:06:41.585  1123-6853    C02942/ThermalSvc              foundation                      D     [thermal_observer.cpp:173] FindSubscribeActionValue# no subscribe.
02-20 11:06:41.585  1123-1695    C02942/ThermalSvc              foundation                      D     [thermal_observer.cpp:259] NotifySensorTempChanged# Enter
02-20 11:06:41.585  1123-6853    C01719/ffrt                    foundation                      D     763293:OnTransition:45 task(t208) status: RUNNING -=> EXITED
02-20 11:06:41.585  1123-1695    C02942/ThermalSvc              foundation                      I     [thermal_observer.cpp:265] NotifySensorTempChanged# listeners.size = 0, callbackTypeMap.size = 0
02-20 11:06:41.585  1123-6853    C01719/ffrt                    foundation                      D     763294:onTaskDone:315 Task completed, task[36175], name[t208]
02-20 11:06:41.585  1123-1695    C02942/ThermalSvc              foundation                      D     [thermal_service_subscriber.cpp:76] SetHistoryTypeTempMap# SetHistoryTypeTempMap: historyCount_=10
02-20 11:06:41.585  1123-6853    C01719/ffrt                    foundation                      D     763295:DecChildRef:103 DecChildRef parent task:root, childWaitRefCnt=1
02-20 11:06:41.585  1123-6853    C01719/ffrt                    foundation                      D     763296:RecycleTask:188 free TaskCtx:t208 gid=36175
02-20 11:06:41.585  1123-1695    C02942/ThermalSvc              foundation                      I     [thermal_service_subscriber.cpp:94] SetHistoryTypeTempMap# SetHistoryTypeTempMap: sec=60
02-20 11:06:41.585  1123-6853    C01719/ffrt                    foundation                      D     763297:Dispatch:71 task picking
02-20 11:06:41.585  1050-1707    C02943/ThermalHdi              power_host                      D     [thermal_hdf_timer.cpp:124] ResetCount# reportTime:1
02-20 11:06:41.588  1059-1321    C015c0/dsoftbus                softbus_server                  E     SoftBusCondTimedWait timeout, ret[110]
02-20 11:06:41.720  1840-2825    C01565/DhcpClientServiceImpl   wifi_manager_se                 D     CheckTimeout() ifname:wlan0, notify1 second size:1.
02-20 11:06:41.720  1840-2825    C01565/DhcpClientServiceImpl   wifi_manager_se                 D     DhcpResultHandle() ifname:wlan0, dhcp result is getting...
02-20 11:06:41.720  1840-2825    C01565/DhcpClientServiceImpl   wifi_manager_se                 D     DhcpResultHandle() dhcp result notify finished.
02-20 11:06:41.875  2008-2476    C04201/ScreenSessionManagerStub com.ohos.sceneboard             D     <29>OnRemoteRequest: OnRemoteRequest code is 0
02-20 11:06:41.875  704-822      C01713/SUSPEND_MANAGER         resource_schedu                 D     [kstate_callback.cpp(OnKstateCallback):67] 2008 is called by 1123
02-20 11:06:41.876  704-822      C01713/SUSPEND_MANAGER         resource_schedu                 D     [suspend_manager_impl.cpp(GetUidAndBundleName):1391] cannot find pid 2008 in pid map
02-20 11:06:41.876  704-822      C01713/SUSPEND_MANAGER         resource_schedu                 D     [suspend_manager_impl.cpp(GetUidAndBundleName):1391] cannot find pid 2008 in pid map
02-20 11:06:41.876  1123-3430    C02982/DisplayPowerSvc         foundation                      D     [display_power_mgr_service.cpp:223] GetMainDisplayId# GetMainDisplayId 0
02-20 11:06:41.876  1123-3430    C02986/DisplayPowerBrightness  foundation                      D     [display_power_mgr_service.cpp:598] IsChangedLux# changed: 1, 470.800018 vs 536.000000
02-20 11:06:41.876  1123-3430    C02986/DisplayPowerBrightness  foundation                      D     [display_power_mgr_service.cpp:634] IsChangedLux# unstable lux, wait for stable
02-20 11:06:41.876  1123-3430    C02d08/WRITE_CONTROLLER        foundation                      D     { .period = [5, .threshold = 10} [1708398397, 1708398401] discard 4 event(s) with domain DISPLAY and name AMBIENT_LIGHT which wrote in function AmbientLightCallback.
02-20 11:06:41.876  890-1749     C01c06/TimeService             time_service                    D     [time_service_stub.cpp] OnRemoteRequest#  start##code = 5
02-20 11:06:41.876  890-1749     C01c06/TimeService             time_service                    D     [time_service_stub.cpp] OnRemoteRequest# CallingPid = 704, CallingUid = 0, code = 5
02-20 11:06:41.876  890-1749     C01c06/TimeService             time_service                    D     [time_service_stub.cpp] OnGetBootTimeMs#  start.
02-20 11:06:41.876  890-1749     C01c06/TimeService             time_service                    D     [time_service_stub.cpp] OnGetBootTimeMs#  end.
02-20 11:06:41.876  704-822      C01c06/TimeService             resource_schedu                 I     [time_service_client.cpp] GetBootTimeMs# Result: 91987643
02-20 11:06:41.947  1572-31322   C02d13/HDC_LOG                 hdcd                            I     [daemon.cpp:397] FetchCommand channelId:4067754637 command:1001
02-20 11:06:41.947  1572-31322   C02d13/HDC_LOG                 hdcd                            I     [session.cpp:1317] New HTaskInfo channelId:4067754637 command:1001
02-20 11:06:41.947  1572-31322   C02d13/HDC_LOG                 hdcd                            W     [session.cpp:728] mapTask.size:3
02-20 11:06:41.947  1572-31322   C02d13/HDC_LOG                 hdcd                            I     [session.cpp:738] AdminTask add session 3044399923, channelId 4067754637, mapTask size: 4
02-20 11:06:41.947  1572-31322   C02d13/HDC_LOG                 hdcd                            I     [task.cpp:32] HdcTaskBase channelId:4067754637
02-20 11:06:41.948  1572-6854    C02d13/HDC_LOG                 hdcd                            I     [async_cmd.cpp:152] ExecuteCommand pipe fds[pipeRead]:47 fds[pipeWrite]:48
02-20 11:06:41.949  1572-6854    C02d13/HDC_LOG                 hdcd                            I     [base.cpp:1617] CloseFd fd:48
02-20 11:06:41.949  6855-6855    C02d13/HDC_LOG                 pid-6855                        I     [base.cpp:1617] CloseFd fd:47
02-20 11:06:41.950  6855-6855    C02d13/HDC_LOG                 pid-6855                        I     [base.cpp:1617] CloseFd fd:48
02-20 11:06:41.950  1572-31322   C02d13/HDC_LOG                 hdcd                            I     [async_cmd.cpp:200] ExecuteCommand cmd:ps -ef fd:47 pid:6855
02-20 11:06:41.954  2008-2008    C01304/Runtime                 com.ohos.sceneboard             D     [ohos_loop_handler.cpp(OnTriggered:34)]OHOSLoopHandler::OnTriggered is triggered
02-20 11:06:41.954  2008-2008    C01560/LOGLIMIT                com.ohos.sceneboard             I     57 line(s) dropped!
02-20 11:06:41.954  2008-2008    C01560/WifiNAPIUtils           com.ohos.sceneboard             I     Call wifi func: GetLinkedInfo (start)
02-20 11:06:41.954  2008-2008    C01560/WifiNAPIUtils           com.ohos.sceneboard             I     Call wifi func: GetLinkedInfo (end), time cost:184us, 0ms
02-20 11:06:41.954  2008-5736    C01560/WifiNAPIUtils           com.ohos.sceneboard             I     Call wifi func: wifiDevicePtr->GetLinkedInfo (start)
02-20 11:06:41.954  2008-5736    C01560/WifiSaLoadManager       com.ohos.sceneboard             D     LoadWifiSa enter, systemAbilityId = [1120] loading
02-20 11:06:41.954  2008-5736    C01510/IPCObjectStub           com.ohos.sceneboard             I     63: create, desc: OHOS.ISystemAbilityLoadCallback
02-20 11:06:41.955  480-1443     C01800/SAMGR                   samgr                           D     SAMStub::OnReceived, code = 7, callerPid = 2008
02-20 11:06:41.955  480-1443     C01800/SA_SELINUX              samgr                           D     [Performance] GetServiceCheck SA : 1120 spend 0 ms
02-20 11:06:41.956  480-1443     C01510/IPCObjectProxy          samgr                           I     58: handle = 73 create, descriptor: IPCObjectProxy73
02-20 11:06:41.956  704-822      C01713/SUSPEND_MANAGER         resource_schedu                 D     [kstate_callback.cpp(OnKstateCallback):67] 2008 is called by 480
02-20 11:06:41.956  704-822      C01713/SUSPEND_MANAGER         resource_schedu                 D     [suspend_manager_impl.cpp(GetUidAndBundleName):1391] cannot find pid 2008 in pid map
02-20 11:06:41.956  2008-5736    C01510/IPCObjectStub           com.ohos.sceneboard             D     374: IPCObjectStub::ProcessProto called, type = 0, normal stub object
02-20 11:06:41.956  704-822      C01713/SUSPEND_MANAGER         resource_schedu                 D     [suspend_manager_impl.cpp(GetUidAndBundleName):1391] cannot find pid 2008 in pid map
02-20 11:06:41.956  480-1443     C01800/SAMGR                   samgr                           I     [SA Scheduler][SA: 1120] handle load event start, callingpid: 2008
02-20 11:06:41.956  480-1443     C01800/SAMGR                   samgr                           D     [SA Scheduler][SA: 1120] load ability from local start
02-20 11:06:41.956  480-1443     C01800/SAMGR                   samgr                           D     CheckSystemAbility called, systemAbilityId = 1120
02-20 11:06:41.956  480-1443     C01800/SAMGR                   samgr                           D     found service : 1120.
02-20 11:06:41.956  480-1443     C01800/SAMGR                   samgr                           I     NotifySystemAbilityLoaded systemAbilityId : 1120
02-20 11:06:41.956  890-1749     C01c06/TimeService             time_service                    D     [time_service_stub.cpp] OnRemoteRequest#  start##code = 5
02-20 11:06:41.956  890-1749     C01c06/TimeService             time_service                    D     [time_service_stub.cpp] OnRemoteRequest# CallingPid = 704, CallingUid = 0, code = 5
02-20 11:06:41.956  890-1749     C01c06/TimeService             time_service                    D     [time_service_stub.cpp] OnGetBootTimeMs#  start.
02-20 11:06:41.956  890-1749     C01c06/TimeService             time_service                    D     [time_service_stub.cpp] OnGetBootTimeMs#  end.
02-20 11:06:41.957  480-1443     C01800/SAMGR                   samgr                           D     SystemAbilityManagerStub::LoadSystemAbilityInner result is 0
02-20 11:06:41.957  480-1443     C01510/IPCObjectProxy          samgr                           W     63: handle = 73 destroyed, descriptor: IPCObjectProxy73
02-20 11:06:41.957  704-822      C01c06/TimeService             resource_schedu                 I     [time_service_client.cpp] GetBootTimeMs# Result: 91987724
02-20 11:06:41.957  2008-2476    C01800/SA_CLIENT               com.ohos.sceneboard             I     SystemAbilityLoadCallbackStub::OnRemoteRequest, code = 1
02-20 11:06:41.957  2008-5736    C01800/SA_CLIENT               com.ohos.sceneboard             I     LoadSystemAbility systemAbilityId : 1120, SendRequest succeed!
02-20 11:06:41.957  2008-2476    C01560/WifiSaLoadManager       com.ohos.sceneboard             D     WifiSaLoadManager Load SA success, systemAbilityId = [1120]
02-20 11:06:41.957  2008-2759    C01510/BinderInvoker           com.ohos.sceneboard             D     426: OnReleaseObject refcount=1
02-20 11:06:41.957  2008-2759    C01510/IPCObjectStub           com.ohos.sceneboard             W     68: destroy, desc: OHOS.ISystemAbilityLoadCallback
02-20 11:06:41.957  2008-2759    C01510/BinderInvoker           com.ohos.sceneboard             D     426: OnReleaseObject refcount=0
02-20 11:06:41.957  1840-1840    C01560/WifiDeviceStub          wifi_manager_se                 D     OnRemoteRequest, code: 4119, uid: 10003, pid: 2008
02-20 11:06:41.957  1840-1840    C01560/WifiDeviceStub          wifi_manager_se                 D     run OnGetLinkedInfo code 4119, datasize 0
02-20 11:06:41.957  1840-1840    C02f01/AccessTokenKit          wifi_manager_se                 D     [GetTokenTypeFlag]:called, tokenID=537248590
02-20 11:06:41.957  1840-1840    C02f01/AccessTokenKit          wifi_manager_se                 D     [VerifyAccessToken]:called, tokenID=537248590, permissionName=ohos.permission.GET_WIFI_INFO
02-20 11:06:41.958  1279-1335    C02f01/ATMStub                 accesstoken_ser                 D     [OnRemoteRequest]:code 0 token 671094394
02-20 11:06:41.958  1279-1335    C02f01/ATMServ                 accesstoken_ser                 D     [VerifyAccessToken]:tokenID: 537248590, permission: ohos.permission.GET_WIFI_INFO, res 0
02-20 11:06:41.958  1840-1840    C02f01/ATMProxy                wifi_manager_se                 D     [VerifyAccessToken]:result from server data = 0
02-20 11:06:41.958  1840-1840    C01560/OHWIFI_MANAGER_PERMISSION_HELPE wifi_manager_se                 I     callerToken=0x2005c34e has permission_name=ohos.permission.GET_WIFI_INFO, pid=0x7d8, type=0
02-20 11:06:41.958  1840-1840    C02f01/AccessTokenKit          wifi_manager_se                 D     [GetTokenTypeFlag]:called, tokenID=537248590
02-20 11:06:41.958  1840-1840    C02f01/AccessTokenKit          wifi_manager_se                 D     [VerifyAccessToken]:called, tokenID=537248590, permissionName=ohos.permission.GET_WIFI_LOCAL_MAC
02-20 11:06:41.959  1279-1335    C02f01/ATMStub                 accesstoken_ser                 D     [OnRemoteRequest]:code 0 token 671094394
02-20 11:06:41.959  1279-1335    C02f01/ATMServ                 accesstoken_ser                 D     [VerifyAccessToken]:tokenID: 537248590, permission: ohos.permission.GET_WIFI_LOCAL_MAC, res -1
02-20 11:06:41.959  1840-1840    C02f01/ATMProxy                wifi_manager_se                 D     [VerifyAccessToken]:result from server data = -1
02-20 11:06:41.959  1840-1840    C01560/OHWIFI_MANAGER_PERMISSION_HELPE wifi_manager_se                 I     callerToken=0x2005c34e has no permission_name=ohos.permission.GET_WIFI_LOCAL_MAC, pid=0x7d8, type=0
02-20 11:06:41.959  1840-1840    C01560/WifiDeviceServiceImpl   wifi_manager_se                 E     GetLinkedInfo:VerifyGetWifiLocalMacPermission() PERMISSION_DENIED!
02-20 11:06:41.959  1840-1840    C01560/WifiDeviceServiceImpl   wifi_manager_se                 D     GetLinkedInfo, networkId=0, ssid=Net****-5G, rssi=-54, frequency=5300
02-20 11:06:41.959  1840-1840    C01560/WifiDeviceServiceImpl   wifi_manager_se                 D     GetLinkedInfo, connState=4, supplicantState=255, detailedState=10,     wifiStandard=5 RxMaxSpeed=400 TxmaxSpeed=400 rxSpeed=4000 txSpeed=4000
02-20 11:06:41.959  2008-5736    C01560/WifiNAPIUtils           com.ohos.sceneboard             I     Call wifi func: wifiDevicePtr->GetLinkedInfo (end), time cost:5110us, 5ms
02-20 11:06:41.960  2008-2008    C01304/Runtime                 com.ohos.sceneboard             D     [ohos_loop_handler.cpp(OnReadable:22)]OHOSLoopHandler::OnReadable is triggered
02-20 11:06:41.960  2008-2008    C01304/Runtime                 com.ohos.sceneboard             D     [ohos_loop_handler.cpp(OnTriggered:34)]OHOSLoopHandler::OnTriggered is triggered
02-20 11:06:41.960  2008-2008    C01560/WifiNAPIDevice          com.ohos.sceneboard             I     Push get linkedInfo result to client
02-20 11:06:41.960  2008-2008    C01560/WifiNAPIErrCode         com.ohos.sceneboard             I     HandleCallbackErrCode, errCode = 0
02-20 11:06:41.961  2008-2008    A0001b/SceneBoard              com.ohos.sceneboard             I     Model.NetSpeedController --> wifi getLinkedInfo
02-20 11:06:42.084  1572-6857    C02d13/HDC_LOG                 hdcd                            I     [file_descriptor.cpp:127] FileIOOnThread fd:47 nBytes:0
02-20 11:06:42.084  1572-6857    C02d13/HDC_LOG                 hdcd                            I     [async_cmd.cpp:80] FinishShellProc finish pipeRead fd:47 pid:6855
02-20 11:06:42.084  1572-6857    C02d13/HDC_LOG                 hdcd                            I     [task.cpp:50] HdcTaskBase::TaskFinish notify begin channelId:4067754637
02-20 11:06:42.085  1572-6857    C02d13/HDC_LOG                 hdcd                            I     [task.cpp:52] HdcTaskBase::TaskFinish notify end channelId:4067754637
02-20 11:06:42.086  1572-31322   C02d13/HDC_LOG                 hdcd                            I     [daemon.cpp:397] FetchCommand channelId:4067754637 command:2
02-20 11:06:42.086  1572-31322   C02d13/HDC_LOG                 hdcd                            I     [session.cpp:104] BeginRemoveTask taskType:0 channelId:4067754637
02-20 11:06:42.086  1572-31322   C02d13/HDC_LOG                 hdcd                            I     [async_cmd.cpp:56] AsyncCmd::DoRelease finish
02-20 11:06:42.086  1572-31322   C02d13/HDC_LOG                 hdcd                            I     [session.cpp:157] ClearOwnTasks OP_CLEAR finish, session:0x7effe84000 channelIDInput:4067754637
02-20 11:06:42.086  1572-31322   C02d13/HDC_LOG                 hdcd                            I     [session.cpp:116] TaskDelay task remove retry count 0/30, taskType:0 channelId:4067754637, sessionId:3044399923
02-20 11:06:42.087  1572-31322   C02d13/HDC_LOG                 hdcd                            F     [file_descriptor.cpp:38] ~HdcFileDescriptor refIO:0
02-20 11:06:42.087  1572-31322   C02d13/HDC_LOG                 hdcd                            I     [base.cpp:1617] CloseFd fd:47
02-20 11:06:42.087  1572-31322   C02d13/HDC_LOG                 hdcd                            I     [daemon_unity.cpp:27] HdcDaemonUnity::~HdcDaemonUnity finish
02-20 11:06:42.087  1572-31322   C02d13/HDC_LOG                 hdcd                            I     [async_cmd.cpp:35] ~AsyncCmd
02-20 11:06:42.087  1572-31322   C02d13/HDC_LOG                 hdcd                            I     [task.cpp:37] ~HdcTaskBase channelId:4067754637
02-20 11:06:42.087  1572-31322   C02d13/HDC_LOG                 hdcd                            I     [session.cpp:123] TaskDelay task remove finish, channelId:4067754637
02-20 11:06:42.091  1572-31322   C02d13/HDC_LOG                 hdcd                            I     [daemon.cpp:397] FetchCommand channelId:4067754637 command:2
02-20 11:06:42.162  1050-1186    C02500/ThermalDaemon           power_host                      D     [shell_temp_manager.cpp] calculate shell temp, type: shell_frame
02-20 11:06:42.162  1050-1186    C02500/ThermalDaemon           power_host                      D     [shell_temp_calculator.cpp] original calc temp: 27608
02-20 11:06:42.162  1050-1186    C02500/ThermalDaemon           power_host                      D     [shell_temp_manager.cpp] calculate shell temp, type: shell_front
02-20 11:06:42.162  1050-1186    C02500/ThermalDaemon           power_host                      D     [shell_temp_calculator.cpp] original calc temp: 25512
02-20 11:06:42.162  1050-1186    C02500/ThermalDaemon           power_host                      D     [shell_temp_manager.cpp] calculate shell temp, type: shell_back
02-20 11:06:42.162  1050-1186    C02500/ThermalDaemon           power_host                      D     [shell_temp_calculator.cpp] original calc temp: 25955
02-20 11:06:42.162  1050-1186    C02500/ThermalDaemon           power_host                      D     [shell_temp_calculator.cpp] original calc temp: 27608
02-20 11:06:42.163  1050-1186    C02500/ThermalDaemon           power_host                      I     [temperature_manager.cpp] [Battery] new temp: 25 old temp: 26
02-20 11:06:42.163  1050-1186    C02500/ThermalDaemon           power_host                      I     [temperature_manager.cpp] [charger] new temp: 28 old temp: 27
02-20 11:06:42.163  1050-1186    C02500/ThermalDaemon           power_host                      I     [temperature_manager.cpp] [ir] new temp: 30 old temp: 29
02-20 11:06:42.220  1840-2825    C01565/DhcpClientServiceImpl   wifi_manager_se                 D     CheckTimeout() ifname:wlan0, notify1 second size:1.
02-20 11:06:42.220  1840-2825    C01565/DhcpClientServiceImpl   wifi_manager_se                 D     DhcpResultHandle() ifname:wlan0, dhcp result is getting...
02-20 11:06:42.220  1840-2825    C01565/DhcpClientServiceImpl   wifi_manager_se                 D     DhcpResultHandle() dhcp result notify finished.
02-20 11:06:42.226  704-822      C01713/SUSPEND_MANAGER         resource_schedu                 D     [kstate_callback.cpp(OnKstateCallback):67] 2008 is called by 1123
02-20 11:06:42.226  704-822      C01713/SUSPEND_MANAGER         resource_schedu                 D     [suspend_manager_impl.cpp(GetUidAndBundleName):1391] cannot find pid 2008 in pid map
02-20 11:06:42.226  704-822      C01713/SUSPEND_MANAGER         resource_schedu                 D     [suspend_manager_impl.cpp(GetUidAndBundleName):1391] cannot find pid 2008 in pid map
02-20 11:06:42.226  890-1749     C01c06/TimeService             time_service                    D     [time_service_stub.cpp] OnRemoteRequest#  start##code = 5
02-20 11:06:42.226  890-1749     C01c06/TimeService             time_service                    D     [time_service_stub.cpp] OnRemoteRequest# CallingPid = 704, CallingUid = 0, code = 5
02-20 11:06:42.226  890-1749     C01c06/TimeService             time_service                    D     [time_service_stub.cpp] OnGetBootTimeMs#  start.
02-20 11:06:42.226  890-1749     C01c06/TimeService             time_service                    D     [time_service_stub.cpp] OnGetBootTimeMs#  end.
02-20 11:06:42.226  2008-2370    C04201/ScreenSessionManagerStub com.ohos.sceneboard             D     <29>OnRemoteRequest: OnRemoteRequest code is 0
02-20 11:06:42.226  704-822      C01c06/TimeService             resource_schedu                 I     [time_service_client.cpp] GetBootTimeMs# Result: 91987993
02-20 11:06:42.226  1123-3430    C02982/DisplayPowerSvc         foundation                      D     [display_power_mgr_service.cpp:223] GetMainDisplayId# GetMainDisplayId 0
02-20 11:06:42.226  1123-3430    C02986/DisplayPowerBrightness  foundation                      D     [display_power_mgr_service.cpp:598] IsChangedLux# changed: 1, 470.800018 vs 536.000000
02-20 11:06:42.226  1123-3430    C02986/DisplayPowerBrightness  foundation                      D     [display_power_mgr_service.cpp:634] IsChangedLux# unstable lux, wait for stable
02-20 11:06:42.226  1123-3430    C02d08/WRITE_CONTROLLER        foundation                      D     { .period = [5, .threshold = 10} [1708398397, 1708398402] discard 5 event(s) with domain DISPLAY and name AMBIENT_LIGHT which wrote in function AmbientLightCallback.
02-20 11:06:42.458  851-932      C02260/TimeLineRdbManager      msdp                            D     in PositionTimerCallback, enter
02-20 11:06:42.458  851-932      C02260/TimeLineDataParse       msdp                            D     in ParseTimelineStats, enter
02-20 11:06:42.458  851-932      C02260/TimeLineDataParse       msdp                            D     in ParseTimelineStats, leave
02-20 11:06:42.458  851-932      C02260/TimeLineManager         msdp                            D     in UserLocation, enter
02-20 11:06:42.458  851-932      C02260/TimeLineManager         msdp                            D     in GetPositionData, enter
02-20 11:06:42.458  851-932      C02260/TimeLineManager         msdp                            D     in GetPositionData, leave
02-20 11:06:42.458  851-932      C02260/TimeLineManager         msdp                            D     in SetValue, enter
02-20 11:06:42.459  851-932      C02260/TimeLineManager         msdp                            D     in SetValue, leave
02-20 11:06:42.459  851-932      C02260/TimeLineManager         msdp                            D     in UserLocation, centerMean_[companyvalue_].x: -1000.000000, enterMean_[companyvalue_].y:0.000000
02-20 11:06:42.459  851-932      C02260/TimeLineManager         msdp                            D     in UserLocation, centerMean_[homevalue_].x: -1000.000000, enterMean_[homevalue_].y:0.000000
02-20 11:06:42.459  851-932      C02260/TimeLineManager         msdp                            D     in UserLocation, pos.x: 0.000000, pos:0.000000
02-20 11:06:42.459  851-932      C02260/TimeLineManager         msdp                            D     in UserLocation, companyDis: 8905559.300000, homeDis:8905559.300000
02-20 11:06:42.459  851-932      C02260/TimeLineManager         msdp                            D     in GetPosition, enter
02-20 11:06:42.459  851-932      C02260/TimeLineManager         msdp                            D     in GetPosition, homevalue_ : 0, companyvalue_ : 1
02-20 11:06:42.459  851-932      C02260/TimeLineManager         msdp                            D     in GetPosition, GetPosition 3
02-20 11:06:42.459  851-932      C02260/TimeLineManager         msdp                            D     in PositionUnknown, enter
02-20 11:06:42.459  851-932      C02260/TimeLineManager         msdp                            D     in PositionUnknown, neither at home nor at company
02-20 11:06:42.459  851-932      C02260/TimeLineManager         msdp                            D     in NotifyTimelineChange, area is : 9
02-20 11:06:42.459  851-932      C02260/TimeLineManager         msdp                            D     in NotifyTimelineChange, area is not found
02-20 11:06:42.459  851-932      C02260/TimeLineManager         msdp                            D     in PositionUnknown, leave
02-20 11:06:42.459  851-932      C02260/TimeLineManager         msdp                            D     in GetPosition, leave
02-20 11:06:42.459  851-932      C02260/TimeLineManager         msdp                            D     in UserLocation, leave
02-20 11:06:42.459  851-932      C02260/TimeLineRdbManager      msdp                            D     in PositionTimerCallback, leave
02-20 11:06:42.524  1059-1321    C015c0/dsoftbus                softbus_server                  E     SoftBusCondTimedWait timeout, ret[110]
02-20 11:06:42.575  704-822      C01713/SUSPEND_MANAGER         resource_schedu                 D     [kstate_callback.cpp(OnKstateCallback):67] 2008 is called by 1123
02-20 11:06:42.575  704-822      C01713/SUSPEND_MANAGER         resource_schedu                 D     [suspend_manager_impl.cpp(GetUidAndBundleName):1391] cannot find pid 2008 in pid map
02-20 11:06:42.575  704-822      C01713/SUSPEND_MANAGER         resource_schedu                 D     [suspend_manager_impl.cpp(GetUidAndBundleName):1391] cannot find pid 2008 in pid map
02-20 11:06:42.575  890-1749     C01c06/TimeService             time_service                    D     [time_service_stub.cpp] OnRemoteRequest#  start##code = 5
02-20 11:06:42.575  890-1749     C01c06/TimeService             time_service                    D     [time_service_stub.cpp] OnRemoteRequest# CallingPid = 704, CallingUid = 0, code = 5
02-20 11:06:42.575  890-1749     C01c06/TimeService             time_service                    D     [time_service_stub.cpp] OnGetBootTimeMs#  start.
02-20 11:06:42.575  890-1749     C01c06/TimeService             time_service                    D     [time_service_stub.cpp] OnGetBootTimeMs#  end.
02-20 11:06:42.575  2008-2370    C04201/ScreenSessionManagerStub com.ohos.sceneboard             D     <29>OnRemoteRequest: OnRemoteRequest code is 0
02-20 11:06:42.575  704-822      C01c06/TimeService             resource_schedu                 I     [time_service_client.cpp] GetBootTimeMs# Result: 91988343
02-20 11:06:42.576  1123-3430    C02982/DisplayPowerSvc         foundation                      D     [display_power_mgr_service.cpp:223] GetMainDisplayId# GetMainDisplayId 0
02-20 11:06:42.576  1123-3430    C02986/DisplayPowerBrightness  foundation                      D     [display_power_mgr_service.cpp:598] IsChangedLux# changed: 1, 470.800018 vs 536.000000
02-20 11:06:42.576  1123-3430    C02986/DisplayPowerBrightness  foundation                      D     [display_power_mgr_service.cpp:634] IsChangedLux# unstable lux, wait for stable
02-20 11:06:42.576  1123-3430    C02d08/WRITE_CONTROLLER        foundation                      D     { .period = [5, .threshold = 10} [1708398397, 1708398402] discard 6 event(s) with domain DISPLAY and name AMBIENT_LIGHT which wrote in function AmbientLightCallback.
02-20 11:06:42.588  1059-1321    C015c0/dsoftbus                softbus_server                  E     SoftBusCondTimedWait timeout, ret[110]
02-20 11:06:42.721  1840-2825    C01565/DhcpClientServiceImpl   wifi_manager_se                 D     CheckTimeout() ifname:wlan0, notify1 second size:1.
02-20 11:06:42.721  1840-2825    C01565/DhcpClientServiceImpl   wifi_manager_se                 D     DhcpResultHandle() ifname:wlan0, dhcp result is getting...
02-20 11:06:42.721  1840-2825    C01565/DhcpClientServiceImpl   wifi_manager_se                 D     DhcpResultHandle() dhcp result notify finished.
02-20 11:06:42.762  759-21965    C015b0/NetConnManager          netmanager                      D     [GetDefaultNetDetectionUrlFromCfg-(net_monitor.cpp:517)]GetDefaultNetDetectionUrl is : http://connectivitycheck.platform.hicloud.com/generate_204
02-20 11:06:42.763  1285-6201    C015b0/NetsysNativeService     netsysnative                    D     [OnRemoteRequest-(netsys_native_service_stub.cpp:192)]Begin to call procedure with code 6
02-20 11:06:42.763  1285-6201    C015b0/NetsysNativeService     netsysnative                    I     [Send-(fwmark_client.cpp:68)]FwmarkClient: socketFd_: 34
02-20 11:06:42.763  1285-1571    C015b0/NetsysNativeService     netsysnative                    I     [SetMark-(fwmark_network.cpp:99)]FwmarkNetwork: SetMark netId: 100, socketFd:35, cmd:0
02-20 11:06:42.763  1285-1571    C015b0/NetsysNativeService     netsysnative                    I     [CloseSocket-(fwmark_network.cpp:78)]NO_ERROR_CODE CloseSocket socket:35, ret:0
02-20 11:06:42.763  1285-6201    C015b0/NetsysNativeService     netsysnative                    I     [SearchNameServer-(dns_lookup_parse.cpp:266)]DNS send to server is 10.246.***.**
02-20 11:06:42.764  1285-6201    C015b0/NetsysNativeService     netsysnative                    I     [SearchNameServer-(dns_lookup_parse.cpp:266)]DNS send to server is 10.246.***.**
02-20 11:06:42.764  1285-1571    C015b0/NetsysNativeService     netsysnative                    I     [CloseSocket-(fwmark_network.cpp:78)]NO_ERROR_CODE CloseSocket socket:20, ret:4
02-20 11:06:42.926  704-822      C01713/SUSPEND_MANAGER         resource_schedu                 D     [kstate_callback.cpp(OnKstateCallback):67] 2008 is called by 1123
02-20 11:06:42.926  704-822      C01713/SUSPEND_MANAGER         resource_schedu                 D     [suspend_manager_impl.cpp(GetUidAndBundleName):1391] cannot find pid 2008 in pid map
02-20 11:06:42.926  704-822      C01713/SUSPEND_MANAGER         resource_schedu                 D     [suspend_manager_impl.cpp(GetUidAndBundleName):1391] cannot find pid 2008 in pid map
02-20 11:06:42.927  890-1749     C01c06/TimeService             time_service                    D     [time_service_stub.cpp] OnRemoteRequest#  start##code = 5
02-20 11:06:42.927  890-1749     C01c06/TimeService             time_service                    D     [time_service_stub.cpp] OnRemoteRequest# CallingPid = 704, CallingUid = 0, code = 5
02-20 11:06:42.927  890-1749     C01c06/TimeService             time_service                    D     [time_service_stub.cpp] OnGetBootTimeMs#  start.
02-20 11:06:42.927  890-1749     C01c06/TimeService             time_service                    D     [time_service_stub.cpp] OnGetBootTimeMs#  end.
02-20 11:06:42.927  704-822      C01c06/TimeService             resource_schedu                 I     [time_service_client.cpp] GetBootTimeMs# Result: 91988694
02-20 11:06:42.928  2008-2370    C04201/ScreenSessionManagerStub com.ohos.sceneboard             D     <29>OnRemoteRequest: OnRemoteRequest code is 0
02-20 11:06:42.928  1123-3430    C02982/DisplayPowerSvc         foundation                      D     [display_power_mgr_service.cpp:223] GetMainDisplayId# GetMainDisplayId 0
02-20 11:06:42.928  1123-3430    C02986/DisplayPowerBrightness  foundation                      D     [display_power_mgr_service.cpp:598] IsChangedLux# changed: 1, 470.800018 vs 538.500000
02-20 11:06:42.928  1123-3430    C02986/DisplayPowerBrightness  foundation                      D     [display_power_mgr_service.cpp:634] IsChangedLux# unstable lux, wait for stable
02-20 11:06:42.928  1123-3430    C02d08/WRITE_CONTROLLER        foundation                      D     { .period = [5, .threshold = 10} [1708398397, 1708398402] discard 7 event(s) with domain DISPLAY and name AMBIENT_LIGHT which wrote in function AmbientLightCallback.
02-20 11:06:43.188  1840-1949    C01560/WifiFrameWork           wifi_manager_se                 D     mCondition_timeout timeout.
02-20 11:06:43.188  1840-1949    C01560/StaNetworkCheck         wifi_manager_se                 I     Enter httpDetection
02-20 11:06:43.188  1840-1949    C01560/OHWIFI_UTILS_HTTP_REQ   wifi_manager_se                 I     GetHostAddrFromUrl urlTmp2 = [<private>].
02-20 11:06:43.188  1840-1949    C01560/OHWIFI_UTILS_HTTP_REQ   wifi_manager_se                 I     GetIPFromUrl Url maybe contain Domain.
02-20 11:06:43.189  1840-6858    C01560/OHWIFI_UTILS_HTTP_REQ   wifi_manager_se                 E     GetHostThread ipOrDomain is connectivitycheck.platform.hicloud.com.
02-20 11:06:43.190  1840-6858    C01560/OHWIFI_UTILS_HTTP_REQ   wifi_manager_se                 E     GetHostThread ipaddr is 220.185.180.76.
02-20 11:06:43.190  1840-1949    C01560/OHWIFI_UTILS_HTTP_REQ   wifi_manager_se                 D     Get ip ok.
02-20 11:06:43.190  1840-1949    C01560/OHWIFI_UTILS_HTTP_REQ   wifi_manager_se                 I     iPort= [80],strIP= [<private>]
02-20 11:06:43.209  1840-1949    C01560/OHWIFI_UTILS_HTTP_REQ   wifi_manager_se                 D     HttpRequest::HttpDataTransmit recv not finish!
02-20 11:06:43.209  1840-1949    C01560/OHWIFI_UTILS_HTTP_REQ   wifi_manager_se                 D     HttpRequest::HttpDataTransmit recv not finish!
02-20 11:06:43.209  1840-1949    C01560/OHWIFI_UTILS_HTTP_REQ   wifi_manager_se                 D     HttpRequest::HttpDataTransmit recv not finish!
02-20 11:06:43.209  1840-1949    C01560/OHWIFI_UTILS_HTTP_REQ   wifi_manager_se                 D     HttpRequest::HttpDataTransmit recv not finish!
02-20 11:06:43.209  1840-1949    C01560/OHWIFI_UTILS_HTTP_REQ   wifi_manager_se                 D     HttpRequest::HttpDataTransmit recv not finish!
02-20 11:06:43.209  1840-1949    C01560/OHWIFI_UTILS_HTTP_REQ   wifi_manager_se                 D     HttpRequest::HttpDataTransmit recv not finish!
02-20 11:06:43.209  1840-1949    C01560/OHWIFI_UTILS_HTTP_REQ   wifi_manager_se                 D     HttpRequest::HttpDataTransmit recv not finish!
02-20 11:06:43.209  1840-1949    C01560/OHWIFI_UTILS_HTTP_REQ   wifi_manager_se                 D     HttpRequest::HttpDataTransmit recv not finish!
02-20 11:06:43.209  1840-1949    C01560/OHWIFI_UTILS_HTTP_REQ   wifi_manager_se                 D     HttpRequest::HttpDataTransmit recv not finish!
02-20 11:06:43.209  1840-1949    C01560/OHWIFI_UTILS_HTTP_REQ   wifi_manager_se                 D     HttpRequest::HttpDataTransmit recv not finish!
02-20 11:06:43.209  1840-1949    C01560/OHWIFI_UTILS_HTTP_REQ   wifi_manager_se                 D     HttpRequest::HttpDataTransmit recv not finish!
02-20 11:06:43.209  1840-1949    C01560/OHWIFI_UTILS_HTTP_REQ   wifi_manager_se                 D     HttpRequest::HttpDataTransmit recv not finish!
02-20 11:06:43.209  1840-1949    C01560/OHWIFI_UTILS_HTTP_REQ   wifi_manager_se                 D     HttpRequest::HttpDataTransmit recv not finish!
02-20 11:06:43.209  1840-1949    C01560/OHWIFI_UTILS_HTTP_REQ   wifi_manager_se                 D     HttpRequest::HttpDataTransmit recv not finish!
02-20 11:06:43.209  1840-1949    C01560/OHWIFI_UTILS_HTTP_REQ   wifi_manager_se                 D     HttpRequest::HttpDataTransmit recv not finish!
02-20 11:06:43.209  1840-1949    C01560/OHWIFI_UTILS_HTTP_REQ   wifi_manager_se                 D     HttpRequest::HttpDataTransmit recv not finish!
02-20 11:06:43.209  1840-1949    C01560/OHWIFI_UTILS_HTTP_REQ   wifi_manager_se                 D     HttpRequest::HttpDataTransmit recv not finish!
02-20 11:06:43.209  1840-1949    C01560/OHWIFI_UTILS_HTTP_REQ   wifi_manager_se                 D     HttpRequest::HttpDataTransmit recv not finish!
02-20 11:06:43.209  1840-1949    C01560/OHWIFI_UTILS_HTTP_REQ   wifi_manager_se                 D     HttpRequest::HttpDataTransmit recv not finish!
02-20 11:06:43.209  1840-1949    C01560/OHWIFI_UTILS_HTTP_REQ   wifi_manager_se                 D     HttpRequest::HttpDataTransmit recv not finish!
02-20 11:06:43.209  1840-1949    C01560/OHWIFI_UTILS_HTTP_REQ   wifi_manager_se                 D     HttpRequest::HttpDataTransmit recv not finish!
02-20 11:06:43.209  1840-1949    C01560/OHWIFI_UTILS_HTTP_REQ   wifi_manager_se                 D     HttpRequest::HttpDataTransmit recv not finish!
02-20 11:06:43.209  1840-1949    C01560/OHWIFI_UTILS_HTTP_REQ   wifi_manager_se                 D     HttpRequest::HttpDataTransmit recv not finish!
02-20 11:06:43.209  1840-1949    C01560/OHWIFI_UTILS_HTTP_REQ   wifi_manager_se                 D     HttpRequest::HttpDataTransmit recv not finish!
02-20 11:06:43.209  1840-1949    C01560/OHWIFI_UTILS_HTTP_REQ   wifi_manager_se                 D     HttpRequest::HttpDataTransmit recv not finish!
02-20 11:06:43.209  1840-1949    C01560/OHWIFI_UTILS_HTTP_REQ   wifi_manager_se                 D     HttpRequest::HttpDataTransmit recv not finish!
02-20 11:06:43.209  1840-1949    C01560/OHWIFI_UTILS_HTTP_REQ   wifi_manager_se                 D     HttpRequest::HttpDataTransmit recv not finish!
02-20 11:06:43.209  1840-1949    C01560/OHWIFI_UTILS_HTTP_REQ   wifi_manager_se                 D     HttpRequest::HttpDataTransmit recv not finish!
02-20 11:06:43.209  1840-1949    C01560/OHWIFI_UTILS_HTTP_REQ   wifi_manager_se                 D     HttpRequest::HttpDataTransmit recv not finish!
02-20 11:06:43.209  1840-1949    C01560/OHWIFI_UTILS_HTTP_REQ   wifi_manager_se                 D     HttpRequest::HttpDataTransmit recv not finish!
