02-20 11:06:45.029  476-1671     C02d10/HiView-DecodedEvent     hiview                          D     paramCnt is : 2.
02-20 11:06:45.029  476-1671     C02d10/HiView-DecodedEvent     hiview                          D     Decoded event: {"domain_":"DISPLAY","name_":"AMBIENT_LIGHT","type_":2,"time_":1708398405026,"tz_":"+0800","pid_":1123,"tid_":3430,"uid_":5523,"id_":"13730228513257208240","LEVEL":117,"info_":""}.
02-20 11:06:45.029  476-1671     C02d10/HiView-SysEventService  hiview                          D     pid 704 rules match fail.
02-20 11:06:45.030  476-1671     C02d10/HiView-SysEventService  hiview                          D     pid 704 rules match fail.
02-20 11:06:45.030  476-1671     C02d10/HiView-SysEventService  hiview                          D     rule type is 1, domain is empty, eventName is empty, tag is PowerStats, eventType is 2 for matched
02-20 11:06:45.030  476-1671     C02d10/HiView-SysEventService  hiview                          D     pid 1123 rules match success.
02-20 11:06:45.030  476-1671     C02d10/HiView-DecodedEvent     hiview                          D     paramCnt is : 2.
02-20 11:06:45.030  476-1671     C02d10/HiView-DecodedEvent     hiview                          D     Decoded event: {"domain_":"DISPLAY","name_":"AMBIENT_LIGHT","type_":2,"time_":1708398405026,"tz_":"+0800","pid_":1123,"tid_":3430,"uid_":5523,"id_":"13730228513257208240","LEVEL":117,"info_":""}.
02-20 11:06:45.030  476-1671     C02d10/HiView-SysEventService  hiview                          D     pid 1124 rules match fail.
02-20 11:06:45.030  476-1671     C02d10/HiView-HiviewEventReport hiview                          D     UpdatePluginStats pluginName=SysEventDispatcher, procName=AMBIENT_LIGHT, time=1024
02-20 11:06:45.030  476-1887     C02d10/XPower                  hiview                          D     [LoggerParser.cpp] ParseJson# failed to find tag: TYPE
02-20 11:06:45.030  1123-1695    C02962/StatsSvc                foundation                      D     [battery_stats_listener.cpp:44] OnEvent# EventDetail: {"domain_":"DISPLAY","name_":"AMBIENT_LIGHT","type_":2,"time_":1708398405026,"tz_":"+0800","pid_":1123,"tid_":3430,"uid_":5523,"id_":"13730228513257208240","LEVEL":117,"info_":"","tag_":"PowerStats","level_":"MINOR","seq_":680544}
02-20 11:06:45.030  476-1887     C02d10/XPower                  hiview                          D     [AmbientLight.cpp] OnAmbientLightMessage# Failed to parse message: <private>
02-20 11:06:45.030  476-1384     C02d10/HiView-SysEventDocWriter hiview                          D     WriteContent: write content size=67, file=/data/log/hiview/sys_event_db/DISPLAY/AMBIENT_LIGHT-2-MINOR-674236.db
02-20 11:06:45.030  476-1384     C02d10/HiView-SysEventDbMgr    hiview                          D     SaveToStore: save sys event 680544, AMBIENT_LIGHT
02-20 11:06:45.030  476-1384     C02d10/HiView-HiviewEventReport hiview                          D     UpdatePluginStats pluginName=SysEventStore, procName=AMBIENT_LIGHT, time=326
02-20 11:06:45.030  1123-1695    C02965/StatsUtils              foundation                      W     [stats_utils.cpp:191] ConvertStatsType# Convert failed due to illegal type=15
02-20 11:06:45.030  1123-1695    C02962/StatsSvc                foundation                      D     [battery_stats_detector.cpp:40] HandleStatsChangedEvent# Handle type: , state: -1, level: -1, uid: -1, pid: -1, eventDataName: INVALID, eventDataType: -1, eventDataExtra: -1, time: 0, traffic: 0, deviceId: <private>
02-20 11:06:45.031  1123-1695    C02962/StatsSvc                foundation                      D     [battery_stats_detector.cpp:69] IsDurationRelated# No duration related type=15
02-20 11:06:45.031  476-1384     C02d10/HiView-Monitor          hiview                          D     CollectCostTime: onceTotalCnt_=305, onceTotalRealTime_=609699, onceTotalProcTime_=1129100, onceTotalWaitTime_=519401, overRealTotalCount_=2, overProcessTotalCount_=11, finishedCount_=3482
02-20 11:06:45.031  1123-1695    C02962/StatsSvc                foundation                      D     [battery_stats_detector.cpp:100] IsStateRelated# No state related type=15
02-20 11:06:45.031  1123-1695    C02962/StatsSvc                foundation                      D     [stats_helper.cpp:40] GetBootTimeMs# Get boot time: 91990798
02-20 11:06:45.031  476-1384     C02d10/HiView-DecodedEvent     hiview                          D     paramCnt is : 2.
02-20 11:06:45.031  476-1384     C02d10/HiView-DecodedEvent     hiview                          D     Decoded event: {"domain_":"DISPLAY","name_":"AMBIENT_LIGHT","type_":2,"time_":1708398405026,"tz_":"+0800","pid_":1123,"tid_":3430,"uid_":5523,"id_":"13730228513257208240","LEVEL":117,"info_":""}.
02-20 11:06:45.223  1840-2825    C01565/DhcpClientServiceImpl   wifi_manager_se                 D     CheckTimeout() ifname:wlan0, notify1 second size:1.
02-20 11:06:45.223  1840-2825    C01565/DhcpClientServiceImpl   wifi_manager_se                 D     DhcpResultHandle() ifname:wlan0, dhcp result is getting...
02-20 11:06:45.223  1840-2825    C01565/DhcpClientServiceImpl   wifi_manager_se                 D     DhcpResultHandle() dhcp result notify finished.
02-20 11:06:45.338  6791-6821    C015b0/NetMgrSubsystem         com.netease.lava.nertc.demo     I     NETSTACK [socket_exec.cpp 1594] Server accept new client SUCCESS, fd = 41
02-20 11:06:45.338  6791-6872    C015b0/NetMgrSubsystem         com.netease.lava.nertc.demo     E     NETSTACK [socket_exec.cpp 1540] iter==g_clientEventManagers.end()
02-20 11:06:45.339  6791-6791    C01304/Runtime                 com.netease.lava.nertc.demo     D     [ohos_loop_handler.cpp(OnReadable:22)]OHOSLoopHandler::OnReadable is triggered
02-20 11:06:45.339  6791-6791    C01304/Runtime                 com.netease.lava.nertc.demo     D     [ohos_loop_handler.cpp(OnTriggered:34)]OHOSLoopHandler::OnTriggered is triggered
02-20 11:06:45.340  6791-6872    C015b0/NetMgrSubsystem         com.netease.lava.nertc.demo     E     NETSTACK [socket_exec.cpp 1537] manager!=nullptr
02-20 11:06:45.340  6791-6872    C015b0/NetMgrSubsystem         com.netease.lava.nertc.demo     I     NETSTACK [socket_exec.cpp 1555] ClientRecv: fd is 41, buf is {"type": "command", "module": "client", "method": "Release"}, size is 60 bytes
02-20 11:06:45.340  6791-6791    A03d00/JSAPP                   com.netease.lava.nertc.demo     I     [Demo][Ta] socket on connect
02-20 11:06:45.346  6362-6373    C02903/DumperService           hidumper_servic                 I     operator()# do unload task
02-20 11:06:45.346  480-1443     C01800/SAMGR                   samgr                           D     SAMStub::OnReceived, code = 21, callerPid = 6362
02-20 11:06:45.347  480-1443     C02f01/AccessTokenKit          samgr                           D     [GetNativeTokenInfo]:called, tokenID=671165670
02-20 11:06:45.347  1279-1335    C02f01/ATMStub                 accesstoken_ser                 D     [OnRemoteRequest]:code 20 token 671761422
02-20 11:06:45.347  1279-1335    C02f03/MemoryGuard             accesstoken_ser                 D     [MemoryGuard]:disable tcache and delay free, result[0, 0]
02-20 11:06:45.347  1279-1335    C02f01/ATMServ                 accesstoken_ser                 I     [GetTokenType]:tokenID: 0x280a440e
02-20 11:06:45.347  1279-1335    C02f01/ATMServ                 accesstoken_ser                 I     [GetNativeTokenInfo]:tokenID: 0x28012ce6
02-20 11:06:45.347  1279-1335    C02f03/MemoryGuard             accesstoken_ser                 D     [~MemoryGuard]:flush cache, result: 0
02-20 11:06:45.347  480-1443     C02f01/ATMProxy                samgr                           I     [GetNativeTokenInfo]:result from server data = 0
02-20 11:06:45.347  480-1443     C01800/SAMGR                   samgr                           I     [SA Scheduler][SA: 1212] handle unload event start
02-20 11:06:45.348  480-1443     C01800/SAMGR                   samgr                           I     [SA Scheduler][SA: 1212] process delay unload event
02-20 11:06:45.348  480-1443     C01800/SAMGR                   samgr                           D     CheckSystemAbility called, systemAbilityId = 1212
02-20 11:06:45.348  480-1443     C01800/SAMGR                   samgr                           D     found service : 1212.
02-20 11:06:45.348  480-1443     C01800/SAMGR                   samgr                           D     process:hidumper_service found
02-20 11:06:45.348  6362-6373    C01800/SAFWK                   hidumper_servic                 I     LocalAbilityManagerStub::OnRemoteRequest code:4, flags:0
02-20 11:06:45.348  6362-6373    C01800/SAFWK                   hidumper_servic                 D     LocalAbilityManager::IdleAbility idle SA:1212
02-20 11:06:45.348  6362-6373    C01800/SAFWK                   hidumper_servic                 D     SystemAbility::Idle [PerformanceTest] SAFWK Idle systemAbilityId:1212
02-20 11:06:45.348  6362-6373    C02903/DumperService           hidumper_servic                 I     OnIdle# on idle enter, idle reason 0, unload, request sum=0
02-20 11:06:45.348  6362-6373    C01800/SAFWK                   hidumper_servic                 I     SystemAbility::Idle [PerformanceTest] SAFWK Idle systemAbilityId:1212 finished, spend:0 ms
02-20 11:06:45.348  480-1443     C01800/SAMGR                   samgr                           I     [SA Scheduler][SA: 1212] agree unload
02-20 11:06:45.349  480-1443     C01800/SAMGR                   samgr                           D     [SA Scheduler][SA: 1212] transiton from state 2 to state 3
02-20 11:06:45.349  480-1443     C01800/SAMGR                   samgr                           I     [SA Scheduler][SA: 1212] unloadable
02-20 11:06:45.349  480-1443     C01800/SAMGR                   samgr                           D     SystemAbilityManagerStub::UnloadSystemAbilityInner result is 0
02-20 11:06:45.349  480-520      C01800/SAMGR                   samgr                           I     [SA Scheduler][process: hidumper_service] SA num: 1, notloaded: 0, unloadable: 1
02-20 11:06:45.349  480-520      C01800/SAMGR                   samgr                           I     [SA Scheduler][process: hidumper_service] unload all SA
02-20 11:06:45.349  480-520      C01800/SAMGR                   samgr                           I     [SA Scheduler][SA: 1212] unload ability start
02-20 11:06:45.349  480-520      C01800/SAMGR                   samgr                           D     CheckSystemAbility called, systemAbilityId = 1212
02-20 11:06:45.349  480-520      C01800/SAMGR                   samgr                           D     found service : 1212.
02-20 11:06:45.349  480-520      C01800/SAMGR                   samgr                           D     process:hidumper_service found
02-20 11:06:45.349  6362-6373    C01800/SA_CLIENT               hidumper_servic                 I     UnloadSystemAbility systemAbilityId : 1212, SendRequest succeed!
02-20 11:06:45.349  480-520      C01800/SAMGR                   samgr                           D     [SA Scheduler][SA: 1212] transiton from state 3 to state 4
02-20 11:06:45.349  480-520      C01800/SAMGR                   samgr                           I     [SA Scheduler][SA: 1212] unloading
02-20 11:06:45.349  480-520      C01800/SAMGR                   samgr                           I     [SA Scheduler][process: hidumper_service] transiton from state 1 to state 2
02-20 11:06:45.349  6362-6362    C01800/SAFWK                   hidumper_servic                 I     LocalAbilityManagerStub::OnRemoteRequest code:2, flags:1
02-20 11:06:45.349  480-520      C01800/SAMGR                   samgr                           I     [SA Scheduler][process: hidumper_service] stopping
02-20 11:06:45.349  6362-6362    C01800/SAFWK                   hidumper_servic                 I     LocalAbilityManager::StopAbility [PerformanceTest] SAFWK received stop systemAbilityId:1212 request
02-20 11:06:45.349  6362-6362    C01800/SAFWK                   hidumper_servic                 I     LocalAbilityManagerStub::StopAbilityInner success to stop ability
02-20 11:06:45.350  6362-6873    C01800/SAFWK                   hidumper_servic                 D     LocalAbilityManager::OnStopAbility try to stop SA:1212
02-20 11:06:45.350  6362-6873    C01800/SAFWK                   hidumper_servic                 D     SystemAbility::Stop stopping system ability...
02-20 11:06:45.350  6362-6873    C01800/SAFWK                   hidumper_servic                 D     SystemAbility::Stop [PerformanceTest] SAFWK OnStop systemAbilityId:1212
02-20 11:06:45.350  6362-6873    C02903/DumperService           hidumper_servic                 D     OnStop# enter|
02-20 11:06:45.350  6362-6873    C02903/DumperService           hidumper_servic                 D     CancelAllRequest# enter|
02-20 11:06:45.350  6362-6873    C02903/DumperService           hidumper_servic                 D     CancelAllRequest# leave|
02-20 11:06:45.350  6362-6873    C02903/DumperService           hidumper_servic                 D     OnStop# leave|
02-20 11:06:45.350  6362-6873    C01800/SAFWK                   hidumper_servic                 I     SystemAbility::Stop [PerformanceTest] SAFWK OnStop systemAbilityId:1212 finished, spend:0 ms
02-20 11:06:45.350  6362-6873    C01800/SA_CLIENT               hidumper_servic                 D     RemoveSystemAbility called, systemabilityId : 1212
02-20 11:06:45.350  480-1443     C01800/SAMGR                   samgr                           D     SAMStub::OnReceived, code = 4, callerPid = 6362
02-20 11:06:45.350  480-1443     C02f01/AccessTokenKit          samgr                           D     [GetTokenTypeFlag]:called, tokenID=671165670
02-20 11:06:45.350  480-1443     C01800/SAMGR                   samgr                           D     SystemAbilityManagerStub::CanRequest tokenId:<private>, tokenType:1
02-20 11:06:45.350  480-1443     C01800/SA_SELINUX              samgr                           D     [Performance] AddServiceCheck SA : 1212 spend 0 ms
02-20 11:06:45.351  480-1443     C01510/IPCObjectProxy          samgr                           D     379: handle: 82 remove deathrecipient, res: 1
02-20 11:06:45.351  480-1443     C01800/SAMGR                   samgr                           I     <private> called, systemAbilityId : 1212, size : 125
02-20 11:06:45.351  480-1443     C01800/SAMGR                   samgr                           D     [SA Scheduler][SA: 1212] receive state event
02-20 11:06:45.351  480-1443     C01800/SAMGR                   samgr                           D     [SA Scheduler][SA: 1212] handle ability event 2 start
02-20 11:06:45.351  480-1443     C01800/SAMGR                   samgr                           I     [SA Scheduler][SA: 1212] handle unload success event
02-20 11:06:45.351  480-1443     C01800/SAMGR                   samgr                           D     [SA Scheduler][SA: 1212] transiton from state 4 to state 0
02-20 11:06:45.351  480-1443     C01800/SAMGR                   samgr                           I     [SA Scheduler][SA: 1212] not loaded
02-20 11:06:45.351  480-520      C01800/SAMGR                   samgr                           I     [SA Scheduler][process: hidumper_service] SA num: 1, not loaded num: 1
02-20 11:06:45.351  480-1443     C01510/IPCObjectProxy          samgr                           W     63: handle = 82 destroyed, descriptor: IPCObjectProxy82
02-20 11:06:45.351  480-509      C01800/SAMGR                   samgr                           I     FindSystemAbilityNotify called:systemAbilityId = 1212, code = 4
02-20 11:06:45.351  6362-6873    C01800/SA                      hidumper_servic                 D     RemoveAbility from cache 1212
02-20 11:06:45.351  6362-6873    C01800/SAFWK                   hidumper_servic                 I     SystemAbility::Stop success to remove ability
02-20 11:06:45.351  6362-6873    C01510/IPCThreadSkeleton       hidumper_servic                 W     48: thread exit, flush commands
02-20 11:06:45.351  704-28772    C02f01/AccessTokenKit          resource_schedu                 D     [GetNativeTokenInfo]:called, tokenID=671761422
02-20 11:06:45.351  6362-6873    C01510/IPCThreadSkeleton       hidumper_servic                 E     85: IPCThreadSkeleton delete
02-20 11:06:45.352  1279-1335    C02f01/ATMStub                 accesstoken_ser                 D     [OnRemoteRequest]:code 20 token 671259919
02-20 11:06:45.352  1279-1335    C02f03/MemoryGuard             accesstoken_ser                 D     [MemoryGuard]:disable tcache and delay free, result[0, 0]
02-20 11:06:45.352  1279-1335    C02f01/ATMServ                 accesstoken_ser                 I     [GetTokenType]:tokenID: 0x28029d0f
02-20 11:06:45.352  1279-1335    C02f01/ATMServ                 accesstoken_ser                 I     [GetNativeTokenInfo]:tokenID: 0x280a440e
02-20 11:06:45.352  1279-1335    C02f03/MemoryGuard             accesstoken_ser                 D     [~MemoryGuard]:flush cache, result: 0
02-20 11:06:45.352  704-28772    C02f01/ATMProxy                resource_schedu                 I     [GetNativeTokenInfo]:result from server data = 0
02-20 11:06:45.352  704-28772    C01700/RSS                     resource_schedu                 I     kill pid 6362.
02-20 11:06:45.352  704-822      C01713/SUSPEND_MANAGER         resource_schedu                 D     [kstate_callback.cpp(OnKstateCallback):54] 6362 is killed
02-20 11:06:45.352  704-28772    C01700/RSS                     resource_schedu                 I     kill process, killer is samgr, hidumper_service to be killed, pid is 6362.
02-20 11:06:45.352  704-822      C01713/SUSPEND_MANAGER         resource_schedu                 D     [suspend_manager_impl.cpp(GetUidAndBundleName):1391] cannot find pid 6362 in pid map
02-20 11:06:45.352  704-822      C01713/SUSPEND_MANAGER         resource_schedu                 D     [native_process_manager.cpp(RemoveOneNativeProcess):41] Cannot find pid to be removed!
02-20 11:06:45.353  480-520      C01800/SAMGR                   samgr                           I     [SA Scheduler][process: hidumper_service] kill process, pid: 6362, uid: 1212, result: 0
02-20 11:06:45.359  480-1443     C01510/BinderInvoker           samgr                           D     364: <private>, enter
02-20 11:06:45.359  476-1908     C01510/BinderInvoker           hiview                          D     364: <private>, enter
02-20 11:06:45.359  476-1908     C01510/IPCObjectProxy          hiview                          W     387: SendObituary: enter, handle: 19
02-20 11:06:45.359  480-1443     C01510/IPCObjectProxy          samgr                           W     387: SendObituary: enter, handle: 81
02-20 11:06:45.359  480-1443     C01510/IPCObjectProxy          samgr                           W     414: SendObituary: handle = 81 call OnRemoteDied
02-20 11:06:45.359  476-1908     C01510/IPCObjectProxy          hiview                          W     414: SendObituary: handle = 19 call OnRemoteDied
02-20 11:06:45.359  480-1443     C01800/SAMGR                   samgr                           I     SystemProcessDeathRecipient called!
02-20 11:06:45.359  476-1908     C01510/IPCObjectProxy          hiview                          W     350: RemoveDeathRecipient: proxy is already dead
02-20 11:06:45.359  480-1443     C01510/IPCObjectProxy          samgr                           W     350: RemoveDeathRecipient: proxy is already dead
02-20 11:06:45.359  476-1908     C02d10/FdLeakDumpClient        hiview                          I     ResetProxy: ResetProxy: sucess disconnected remote service
02-20 11:06:45.359  480-1443     C01800/SAMGR                   samgr                           I     RemoveSystemProcess process:hidumper_service dead, size : 50
02-20 11:06:45.359  476-1908     C01510/IPCObjectProxy          hiview                          W     63: handle = 19 destroyed, descriptor: IPCObjectProxy19
02-20 11:06:45.361  476-1908     C02c03/PARAM_WATCHER           hiview                          I     [watcher_manager_kits.cpp:287]OnParameterChange name startup.service.ctl.hidumper_service value 5
02-20 11:06:45.362  476-1908     C02c03/PARAM_WATCHER           hiview                          I     [watcher_manager_kits.cpp:287]OnParameterChange name startup.service.ctl.hidumper_service.pid value 0
02-20 11:06:45.362  480-1443     C02c02/PARAM                   samgr                           I     [param_request.c:259]SystemWaitParameter startup.service.ctl.hidumper_service value 5 result 0
02-20 11:06:45.362  480-1443     C01800/SAMGR                   samgr                           D     [SA Scheduler][process: hidumper_service] receive state event
02-20 11:06:45.362  476-1908     C02d10/XPower                  hiview                          D     [process_manager.cpp] HandleProcessDied# Process Died: hidumper_service process 6362 died.
02-20 11:06:45.362  480-1443     C01800/SAMGR                   samgr                           D     [SA Scheduler][process: hidumper_service] handle process event 1 start
02-20 11:06:45.362  480-1443     C01800/SAMGR                   samgr                           I     [SA Scheduler][process: hidumper_service] handle stopped event
02-20 11:06:45.362  480-1443     C01800/SAMGR                   samgr                           I     [SA Scheduler][process: hidumper_service] transiton from state 2 to state 0
02-20 11:06:45.362  480-1443     C01800/SAMGR                   samgr                           I     [SA Scheduler][process: hidumper_service] stopped
02-20 11:06:45.362  480-1443     C01800/SAMGR                   samgr                           I     [SA Scheduler][SA: 1212] current state 0 is same as next state 0
02-20 11:06:45.362  480-1443     C01800/SAMGR                   samgr                           D     [SA Scheduler][SA: 1212] no pending load event
02-20 11:06:45.362  480-1443     C01800/SAMGR                   samgr                           D     SystemProcessDeathRecipient death notice success
02-20 11:06:45.362  480-1443     C01510/IPCObjectProxy          samgr                           W     63: handle = 81 destroyed, descriptor: IPCObjectProxy81
02-20 11:06:45.374  704-822      C01713/SUSPEND_MANAGER         resource_schedu                 D     [kstate_callback.cpp(OnKstateCallback):67] 2008 is called by 1123
02-20 11:06:45.374  2008-4890    C04201/ScreenSessionManagerStub com.ohos.sceneboard             D     <29>OnRemoteRequest: OnRemoteRequest code is 0
02-20 11:06:45.374  704-822      C01713/SUSPEND_MANAGER         resource_schedu                 D     [suspend_manager_impl.cpp(GetUidAndBundleName):1391] cannot find pid 2008 in pid map
02-20 11:06:45.374  704-822      C01713/SUSPEND_MANAGER         resource_schedu                 D     [suspend_manager_impl.cpp(GetUidAndBundleName):1391] cannot find pid 2008 in pid map
02-20 11:06:45.375  1123-3430    C02982/DisplayPowerSvc         foundation                      D     [display_power_mgr_service.cpp:223] GetMainDisplayId# GetMainDisplayId 0
02-20 11:06:45.375  890-1749     C01c06/TimeService             time_service                    D     [time_service_stub.cpp] OnRemoteRequest#  start##code = 5
02-20 11:06:45.375  1123-3430    C02986/DisplayPowerBrightness  foundation                      D     [display_power_mgr_service.cpp:598] IsChangedLux# changed: 1, 470.800018 vs 538.500000
02-20 11:06:45.375  1123-3430    C02986/DisplayPowerBrightness  foundation                      D     [display_power_mgr_service.cpp:634] IsChangedLux# unstable lux, wait for stable
02-20 11:06:45.375  890-1749     C01c06/TimeService             time_service                    D     [time_service_stub.cpp] OnRemoteRequest# CallingPid = 704, CallingUid = 0, code = 5
02-20 11:06:45.375  890-1749     C01c06/TimeService             time_service                    D     [time_service_stub.cpp] OnGetBootTimeMs#  start.
02-20 11:06:45.375  890-1749     C01c06/TimeService             time_service                    D     [time_service_stub.cpp] OnGetBootTimeMs#  end.
02-20 11:06:45.375  1123-3430    C02d08/HiSysEvent-InnerWriter  foundation                      D     hisysevent inner writer result: 0.
02-20 11:06:45.375  1123-3430    C02d08/HISYSEVENT              foundation                      D     size=97
02-20 11:06:45.375  1123-3430    C02d08/HISYSEVENT              foundation                      D     HiSysEvent send data successful
02-20 11:06:45.375  704-822      C01c06/TimeService             resource_schedu                 I     [time_service_client.cpp] GetBootTimeMs# Result: 91991142
02-20 11:06:45.376  476-1364     C02d10/HiView-EventServer      hiview                          D     ReceiveMsg: length of data received from client is 97.
02-20 11:06:45.376  476-1364     C02d10/HiView-DecodedEvent     hiview                          D     paramCnt is : 1.
02-20 11:06:45.376  476-1364     C02d10/HiView-DecodedEvent     hiview                          D     Decoded event: {"domain_":"DISPLAY","name_":"AMBIENT_LIGHT","type_":2,"time_":1708398405375,"tz_":"+0800","pid_":1123,"tid_":3430,"uid_":5523,"id_":"00000000000000000000","LEVEL":117}.
02-20 11:06:45.376  476-1364     C02d10/HiView-EventServer      hiview                          D     ReceiveMsg: receive from client <private>
02-20 11:06:45.376  476-1364     C02d10/HiView-DecodedEvent     hiview                          D     paramCnt is : 1.
02-20 11:06:45.376  476-1364     C02d10/HiView-DecodedEvent     hiview                          D     Decoded event: {"domain_":"DISPLAY","name_":"AMBIENT_LIGHT","type_":2,"time_":1708398405375,"tz_":"+0800","pid_":1123,"tid_":3430,"uid_":5523,"id_":"00000000000000000000","LEVEL":117}.
02-20 11:06:45.376  476-1364     C02d10/HiView-SysEventSource   hiview                          D     Parser: parser raw message size=97, {"domain_":"DISPLAY","name_":"AMBIENT_LIGHT","type_":2,"time_":1708398405375,"tz_":"+0800","pid_":1123,"tid_":3430,"uid_":5523,"id_":"00000000000000000000","LEVEL":117}
02-20 11:06:45.377  476-1364     C02d10/HiView-DecodedEvent     hiview                          D     paramCnt is : 1.
02-20 11:06:45.377  476-1364     C02d10/HiView-RawDataEncoder   hiview                          D     Length of encoded string is 5.
02-20 11:06:45.377  476-1364     C02d10/HiView-DecodedEvent     hiview                          D     paramCnt is : 1.
02-20 11:06:45.377  476-1364     C02d10/HiView-DecodedEvent     hiview                          D     Decoded event: {"domain_":"DISPLAY","name_":"AMBIENT_LIGHT","type_":2,"time_":1708398405375,"tz_":"+0800","pid_":1123,"tid_":3430,"uid_":5523,"id_":"00000000000000000000","LEVEL":117}.
02-20 11:06:45.377  476-1364     C02d10/HiView-SysEventSource   hiview                          I     Parser: parser result domain_=DISPLAY eventName_=AMBIENT_LIGHT
02-20 11:06:45.377  476-1364     C02d10/Event-JsonParser        hiview                          D     CheckTypeValidity: base info type is 2, event type is 2
02-20 11:06:45.377  476-1364     C02d10/HiView-DecodedEvent     hiview                          D     paramCnt is : 1.
02-20 11:06:45.377  476-1364     C02d10/HiView-DecodedEvent     hiview                          D     Decoded event: {"domain_":"DISPLAY","name_":"AMBIENT_LIGHT","type_":2,"time_":1708398405375,"tz_":"+0800","pid_":1123,"tid_":3430,"uid_":5523,"id_":"00000000000000000000","LEVEL":117}.
02-20 11:06:45.377  476-1364     C02d10/HiView-RawDataEncoder   hiview                          D     Length of encoded string is 5.
02-20 11:06:45.377  476-1364     C02d10/HiView-RawDataEncoder   hiview                          D     Length of encoded string is 0.
02-20 11:06:45.377  476-1671     C02d10/HiView-DecodedEvent     hiview                          D     paramCnt is : 2.
02-20 11:06:45.378  476-1671     C02d10/HiView-DecodedEvent     hiview                          D     Decoded event: {"domain_":"DISPLAY","name_":"AMBIENT_LIGHT","type_":2,"time_":1708398405375,"tz_":"+0800","pid_":1123,"tid_":3430,"uid_":5523,"id_":"09758430910157805403","LEVEL":117,"info_":""}.
02-20 11:06:45.378  476-1671     C02d10/HiView-SysEventService  hiview                          D     pid 704 rules match fail.
02-20 11:06:45.378  476-1671     C02d10/HiView-SysEventService  hiview                          D     pid 704 rules match fail.
02-20 11:06:45.378  476-1671     C02d10/HiView-SysEventService  hiview                          D     rule type is 1, domain is empty, eventName is empty, tag is PowerStats, eventType is 2 for matched
02-20 11:06:45.378  476-1671     C02d10/HiView-SysEventService  hiview                          D     pid 1123 rules match success.
02-20 11:06:45.378  476-1671     C02d10/HiView-DecodedEvent     hiview                          D     paramCnt is : 2.
02-20 11:06:45.378  476-1887     C02d10/XPower                  hiview                          D     [LoggerParser.cpp] ParseJson# failed to find tag: TYPE
02-20 11:06:45.378  476-1671     C02d10/HiView-DecodedEvent     hiview                          D     Decoded event: {"domain_":"DISPLAY","name_":"AMBIENT_LIGHT","type_":2,"time_":1708398405375,"tz_":"+0800","pid_":1123,"tid_":3430,"uid_":5523,"id_":"09758430910157805403","LEVEL":117,"info_":""}.
02-20 11:06:45.378  476-1887     C02d10/XPower                  hiview                          D     [AmbientLight.cpp] OnAmbientLightMessage# Failed to parse message: <private>
02-20 11:06:45.378  476-1671     C02d10/HiView-SysEventService  hiview                          D     pid 1124 rules match fail.
02-20 11:06:45.378  476-1671     C02d10/HiView-HiviewEventReport hiview                          D     UpdatePluginStats pluginName=SysEventDispatcher, procName=AMBIENT_LIGHT, time=823
02-20 11:06:45.378  1123-1695    C02962/StatsSvc                foundation                      D     [battery_stats_listener.cpp:44] OnEvent# EventDetail: {"domain_":"DISPLAY","name_":"AMBIENT_LIGHT","type_":2,"time_":1708398405375,"tz_":"+0800","pid_":1123,"tid_":3430,"uid_":5523,"id_":"09758430910157805403","LEVEL":117,"info_":"","tag_":"PowerStats","level_":"MINOR","seq_":680545}
02-20 11:06:45.379  476-1384     C02d10/HiView-SysEventDocWriter hiview                          D     WriteContent: write content size=67, file=/data/log/hiview/sys_event_db/DISPLAY/AMBIENT_LIGHT-2-MINOR-674236.db
02-20 11:06:45.379  1123-1695    C02965/StatsUtils              foundation                      W     [stats_utils.cpp:191] ConvertStatsType# Convert failed due to illegal type=15
02-20 11:06:45.379  1123-1695    C02962/StatsSvc                foundation                      D     [battery_stats_detector.cpp:40] HandleStatsChangedEvent# Handle type: , state: -1, level: -1, uid: -1, pid: -1, eventDataName: INVALID, eventDataType: -1, eventDataExtra: -1, time: 0, traffic: 0, deviceId: <private>
02-20 11:06:45.379  1123-1695    C02962/StatsSvc                foundation                      D     [battery_stats_detector.cpp:69] IsDurationRelated# No duration related type=15
02-20 11:06:45.379  476-1384     C02d10/HiView-SysEventDbMgr    hiview                          D     SaveToStore: save sys event 680545, AMBIENT_LIGHT
02-20 11:06:45.379  1123-1695    C02962/StatsSvc                foundation                      D     [battery_stats_detector.cpp:100] IsStateRelated# No state related type=15
02-20 11:06:45.379  476-1384     C02d10/HiView-HiviewEventReport hiview                          D     UpdatePluginStats pluginName=SysEventStore, procName=AMBIENT_LIGHT, time=305
02-20 11:06:45.379  1123-1695    C02962/StatsSvc                foundation                      D     [stats_helper.cpp:40] GetBootTimeMs# Get boot time: 91991146
02-20 11:06:45.379  476-1384     C02d10/HiView-Monitor          hiview                          D     CollectCostTime: onceTotalCnt_=306, onceTotalRealTime_=611219, onceTotalProcTime_=1131280, onceTotalWaitTime_=520061, overRealTotalCount_=2, overProcessTotalCount_=11, finishedCount_=3483
02-20 11:06:45.379  476-1384     C02d10/HiView-DecodedEvent     hiview                          D     paramCnt is : 2.
02-20 11:06:45.379  476-1384     C02d10/HiView-DecodedEvent     hiview                          D     Decoded event: {"domain_":"DISPLAY","name_":"AMBIENT_LIGHT","type_":2,"time_":1708398405375,"tz_":"+0800","pid_":1123,"tid_":3430,"uid_":5523,"id_":"09758430910157805403","LEVEL":117,"info_":""}.
02-20 11:06:45.589  1059-1321    C015c0/dsoftbus                softbus_server                  E     SoftBusCondTimedWait timeout, ret[110]
02-20 11:06:45.724  1840-2825    C01565/DhcpClientServiceImpl   wifi_manager_se                 D     CheckTimeout() ifname:wlan0, notify1 second size:1.
02-20 11:06:45.724  1840-2825    C01565/DhcpClientServiceImpl   wifi_manager_se                 D     DhcpResultHandle() ifname:wlan0, dhcp result is getting...
02-20 11:06:45.724  1840-2825    C01565/DhcpClientServiceImpl   wifi_manager_se                 D     DhcpResultHandle() dhcp result notify finished.
02-20 11:06:45.726  704-822      C01713/SUSPEND_MANAGER         resource_schedu                 D     [kstate_callback.cpp(OnKstateCallback):67] 2008 is called by 1123
02-20 11:06:45.726  704-822      C01713/SUSPEND_MANAGER         resource_schedu                 D     [suspend_manager_impl.cpp(GetUidAndBundleName):1391] cannot find pid 2008 in pid map
02-20 11:06:45.726  704-822      C01713/SUSPEND_MANAGER         resource_schedu                 D     [suspend_manager_impl.cpp(GetUidAndBundleName):1391] cannot find pid 2008 in pid map
02-20 11:06:45.726  890-1749     C01c06/TimeService             time_service                    D     [time_service_stub.cpp] OnRemoteRequest#  start##code = 5
02-20 11:06:45.726  890-1749     C01c06/TimeService             time_service                    D     [time_service_stub.cpp] OnRemoteRequest# CallingPid = 704, CallingUid = 0, code = 5
02-20 11:06:45.726  890-1749     C01c06/TimeService             time_service                    D     [time_service_stub.cpp] OnGetBootTimeMs#  start.
02-20 11:06:45.726  890-1749     C01c06/TimeService             time_service                    D     [time_service_stub.cpp] OnGetBootTimeMs#  end.
02-20 11:06:45.726  704-822      C01c06/TimeService             resource_schedu                 I     [time_service_client.cpp] GetBootTimeMs# Result: 91991494
02-20 11:06:45.727  2008-4890    C04201/ScreenSessionManagerStub com.ohos.sceneboard             D     <29>OnRemoteRequest: OnRemoteRequest code is 0
02-20 11:06:45.727  1123-3430    C02982/DisplayPowerSvc         foundation                      D     [display_power_mgr_service.cpp:223] GetMainDisplayId# GetMainDisplayId 0
02-20 11:06:45.727  1123-3430    C02986/DisplayPowerBrightness  foundation                      D     [display_power_mgr_service.cpp:598] IsChangedLux# changed: 1, 470.800018 vs 538.500000
02-20 11:06:45.727  1123-3430    C02986/DisplayPowerBrightness  foundation                      D     [display_power_mgr_service.cpp:634] IsChangedLux# unstable lux, wait for stable
02-20 11:06:45.727  1123-3430    C02d08/HiSysEvent-InnerWriter  foundation                      D     hisysevent inner writer result: 0.
02-20 11:06:45.727  1123-3430    C02d08/HISYSEVENT              foundation                      D     size=97
02-20 11:06:45.727  1123-3430    C02d08/HISYSEVENT              foundation                      D     HiSysEvent send data successful
02-20 11:06:45.728  476-1364     C02d10/HiView-EventServer      hiview                          D     ReceiveMsg: length of data received from client is 97.
02-20 11:06:45.728  476-1364     C02d10/HiView-DecodedEvent     hiview                          D     paramCnt is : 1.
02-20 11:06:45.728  476-1364     C02d10/HiView-DecodedEvent     hiview                          D     Decoded event: {"domain_":"DISPLAY","name_":"AMBIENT_LIGHT","type_":2,"time_":1708398405727,"tz_":"+0800","pid_":1123,"tid_":3430,"uid_":5523,"id_":"00000000000000000000","LEVEL":117}.
02-20 11:06:45.728  476-1364     C02d10/HiView-EventServer      hiview                          D     ReceiveMsg: receive from client <private>
02-20 11:06:45.728  476-1364     C02d10/HiView-DecodedEvent     hiview                          D     paramCnt is : 1.
02-20 11:06:45.728  476-1364     C02d10/HiView-DecodedEvent     hiview                          D     Decoded event: {"domain_":"DISPLAY","name_":"AMBIENT_LIGHT","type_":2,"time_":1708398405727,"tz_":"+0800","pid_":1123,"tid_":3430,"uid_":5523,"id_":"00000000000000000000","LEVEL":117}.
02-20 11:06:45.728  476-1364     C02d10/HiView-SysEventSource   hiview                          D     Parser: parser raw message size=97, {"domain_":"DISPLAY","name_":"AMBIENT_LIGHT","type_":2,"time_":1708398405727,"tz_":"+0800","pid_":1123,"tid_":3430,"uid_":5523,"id_":"00000000000000000000","LEVEL":117}
02-20 11:06:45.728  476-1364     C02d10/HiView-DecodedEvent     hiview                          D     paramCnt is : 1.
02-20 11:06:45.729  476-1364     C02d10/HiView-RawDataEncoder   hiview                          D     Length of encoded string is 5.
02-20 11:06:45.729  476-1364     C02d10/HiView-DecodedEvent     hiview                          D     paramCnt is : 1.
02-20 11:06:45.729  476-1364     C02d10/HiView-DecodedEvent     hiview                          D     Decoded event: {"domain_":"DISPLAY","name_":"AMBIENT_LIGHT","type_":2,"time_":1708398405727,"tz_":"+0800","pid_":1123,"tid_":3430,"uid_":5523,"id_":"00000000000000000000","LEVEL":117}.
02-20 11:06:45.729  476-1364     C02d10/HiView-SysEventSource   hiview                          I     Parser: parser result domain_=DISPLAY eventName_=AMBIENT_LIGHT
02-20 11:06:45.729  476-1364     C02d10/Event-JsonParser        hiview                          D     CheckTypeValidity: base info type is 2, event type is 2
02-20 11:06:45.729  476-1364     C02d10/HiView-DecodedEvent     hiview                          D     paramCnt is : 1.
02-20 11:06:45.729  476-1364     C02d10/HiView-DecodedEvent     hiview                          D     Decoded event: {"domain_":"DISPLAY","name_":"AMBIENT_LIGHT","type_":2,"time_":1708398405727,"tz_":"+0800","pid_":1123,"tid_":3430,"uid_":5523,"id_":"00000000000000000000","LEVEL":117}.
02-20 11:06:45.729  476-1364     C02d10/HiView-RawDataEncoder   hiview                          D     Length of encoded string is 5.
02-20 11:06:45.729  476-1364     C02d10/HiView-RawDataEncoder   hiview                          D     Length of encoded string is 0.
02-20 11:06:45.730  476-1671     C02d10/HiView-DecodedEvent     hiview                          D     paramCnt is : 2.
02-20 11:06:45.730  476-1671     C02d10/HiView-DecodedEvent     hiview                          D     Decoded event: {"domain_":"DISPLAY","name_":"AMBIENT_LIGHT","type_":2,"time_":1708398405727,"tz_":"+0800","pid_":1123,"tid_":3430,"uid_":5523,"id_":"10337372380230450534","LEVEL":117,"info_":""}.
02-20 11:06:45.730  476-1671     C02d10/HiView-SysEventService  hiview                          D     pid 704 rules match fail.
02-20 11:06:45.730  476-1671     C02d10/HiView-SysEventService  hiview                          D     pid 704 rules match fail.
02-20 11:06:45.731  476-1671     C02d10/HiView-SysEventService  hiview                          D     rule type is 1, domain is empty, eventName is empty, tag is PowerStats, eventType is 2 for matched
02-20 11:06:45.731  476-1671     C02d10/HiView-SysEventService  hiview                          D     pid 1123 rules match success.
02-20 11:06:45.731  476-1671     C02d10/HiView-DecodedEvent     hiview                          D     paramCnt is : 2.
02-20 11:06:45.731  476-1671     C02d10/HiView-DecodedEvent     hiview                          D     Decoded event: {"domain_":"DISPLAY","name_":"AMBIENT_LIGHT","type_":2,"time_":1708398405727,"tz_":"+0800","pid_":1123,"tid_":3430,"uid_":5523,"id_":"10337372380230450534","LEVEL":117,"info_":""}.
02-20 11:06:45.731  476-1671     C02d10/HiView-SysEventService  hiview                          D     pid 1124 rules match fail.
02-20 11:06:45.731  476-1887     C02d10/XPower                  hiview                          D     [LoggerParser.cpp] ParseJson# failed to find tag: TYPE
02-20 11:06:45.731  476-1671     C02d10/HiView-HiviewEventReport hiview                          D     UpdatePluginStats pluginName=SysEventDispatcher, procName=AMBIENT_LIGHT, time=1134
02-20 11:06:45.731  476-1887     C02d10/XPower                  hiview                          D     [AmbientLight.cpp] OnAmbientLightMessage# Failed to parse message: <private>
02-20 11:06:45.731  1123-1695    C02962/StatsSvc                foundation                      D     [battery_stats_listener.cpp:44] OnEvent# EventDetail: {"domain_":"DISPLAY","name_":"AMBIENT_LIGHT","type_":2,"time_":1708398405727,"tz_":"+0800","pid_":1123,"tid_":3430,"uid_":5523,"id_":"10337372380230450534","LEVEL":117,"info_":"","tag_":"PowerStats","level_":"MINOR","seq_":680546}
02-20 11:06:45.731  1123-1695    C02965/StatsUtils              foundation                      W     [stats_utils.cpp:191] ConvertStatsType# Convert failed due to illegal type=15
02-20 11:06:45.732  1123-1695    C02962/StatsSvc                foundation                      D     [battery_stats_detector.cpp:40] HandleStatsChangedEvent# Handle type: , state: -1, level: -1, uid: -1, pid: -1, eventDataName: INVALID, eventDataType: -1, eventDataExtra: -1, time: 0, traffic: 0, deviceId: <private>
02-20 11:06:45.732  1123-1695    C02962/StatsSvc                foundation                      D     [battery_stats_detector.cpp:69] IsDurationRelated# No duration related type=15
02-20 11:06:45.732  1123-1695    C02962/StatsSvc                foundation                      D     [battery_stats_detector.cpp:100] IsStateRelated# No state related type=15
02-20 11:06:45.732  1123-1695    C02962/StatsSvc                foundation                      D     [stats_helper.cpp:40] GetBootTimeMs# Get boot time: 91991499
02-20 11:06:45.732  476-1384     C02d10/HiView-SysEventDocWriter hiview                          D     WriteContent: write content size=67, file=/data/log/hiview/sys_event_db/DISPLAY/AMBIENT_LIGHT-2-MINOR-674236.db
02-20 11:06:45.732  476-1384     C02d10/HiView-SysEventDbMgr    hiview                          D     SaveToStore: save sys event 680546, AMBIENT_LIGHT
02-20 11:06:45.732  476-1384     C02d10/HiView-HiviewEventReport hiview                          D     UpdatePluginStats pluginName=SysEventStore, procName=AMBIENT_LIGHT, time=328
02-20 11:06:45.732  476-1384     C02d10/HiView-Monitor          hiview                          D     CollectCostTime: onceTotalCnt_=307, onceTotalRealTime_=613136, onceTotalProcTime_=1135031, onceTotalWaitTime_=521895, overRealTotalCount_=2, overProcessTotalCount_=11, finishedCount_=3484
02-20 11:06:45.732  476-1384     C02d10/HiView-DecodedEvent     hiview                          D     paramCnt is : 2.
02-20 11:06:45.732  476-1384     C02d10/HiView-DecodedEvent     hiview                          D     Decoded event: {"domain_":"DISPLAY","name_":"AMBIENT_LIGHT","type_":2,"time_":1708398405727,"tz_":"+0800","pid_":1123,"tid_":3430,"uid_":5523,"id_":"10337372380230450534","LEVEL":117,"info_":""}.
02-20 11:06:45.956  2008-2008    C01304/Runtime                 com.ohos.sceneboard             D     [ohos_loop_handler.cpp(OnTriggered:34)]OHOSLoopHandler::OnTriggered is triggered
02-20 11:06:45.956  2008-2008    C01560/WifiNAPIUtils           com.ohos.sceneboard             I     Call wifi func: GetLinkedInfo (start)
02-20 11:06:45.957  2008-2008    C01560/WifiNAPIUtils           com.ohos.sceneboard             I     Call wifi func: GetLinkedInfo (end), time cost:198us, 0ms
02-20 11:06:45.957  2008-5736    C01560/WifiNAPIUtils           com.ohos.sceneboard             I     Call wifi func: wifiDevicePtr->GetLinkedInfo (start)
02-20 11:06:45.957  2008-5736    C01560/WifiSaLoadManager       com.ohos.sceneboard             D     LoadWifiSa enter, systemAbilityId = [1120] loading
02-20 11:06:45.957  2008-5736    C01510/IPCObjectStub           com.ohos.sceneboard             I     63: create, desc: OHOS.ISystemAbilityLoadCallback
02-20 11:06:45.957  480-1443     C01800/SAMGR                   samgr                           D     SAMStub::OnReceived, code = 7, callerPid = 2008
02-20 11:06:45.958  480-1443     C01800/SA_SELINUX              samgr                           D     [Performance] GetServiceCheck SA : 1120 spend 1 ms
02-20 11:06:45.958  480-1443     C01510/IPCObjectProxy          samgr                           I     58: handle = 73 create, descriptor: IPCObjectProxy73
02-20 11:06:45.958  2008-5736    C01510/IPCObjectStub           com.ohos.sceneboard             D     374: IPCObjectStub::ProcessProto called, type = 0, normal stub object
02-20 11:06:45.958  704-822      C01713/SUSPEND_MANAGER         resource_schedu                 D     [kstate_callback.cpp(OnKstateCallback):67] 2008 is called by 480
02-20 11:06:45.959  704-822      C01713/SUSPEND_MANAGER         resource_schedu                 D     [suspend_manager_impl.cpp(GetUidAndBundleName):1391] cannot find pid 2008 in pid map
02-20 11:06:45.959  704-822      C01713/SUSPEND_MANAGER         resource_schedu                 D     [suspend_manager_impl.cpp(GetUidAndBundleName):1391] cannot find pid 2008 in pid map
02-20 11:06:45.959  480-1443     C01800/SAMGR                   samgr                           I     [SA Scheduler][SA: 1120] handle load event start, callingpid: 2008
02-20 11:06:45.959  480-1443     C01800/SAMGR                   samgr                           D     [SA Scheduler][SA: 1120] load ability from local start
02-20 11:06:45.959  480-1443     C01800/SAMGR                   samgr                           D     CheckSystemAbility called, systemAbilityId = 1120
02-20 11:06:45.959  480-1443     C01800/SAMGR                   samgr                           D     found service : 1120.
02-20 11:06:45.959  480-1443     C01800/SAMGR                   samgr                           I     NotifySystemAbilityLoaded systemAbilityId : 1120
02-20 11:06:45.959  890-1749     C01c06/TimeService             time_service                    D     [time_service_stub.cpp] OnRemoteRequest#  start##code = 5
02-20 11:06:45.959  480-1443     C01800/SAMGR                   samgr                           D     SystemAbilityManagerStub::LoadSystemAbilityInner result is 0
02-20 11:06:45.959  890-1749     C01c06/TimeService             time_service                    D     [time_service_stub.cpp] OnRemoteRequest# CallingPid = 704, CallingUid = 0, code = 5
02-20 11:06:45.959  890-1749     C01c06/TimeService             time_service                    D     [time_service_stub.cpp] OnGetBootTimeMs#  start.
02-20 11:06:45.959  480-1443     C01510/IPCObjectProxy          samgr                           W     63: handle = 73 destroyed, descriptor: IPCObjectProxy73
02-20 11:06:45.959  890-1749     C01c06/TimeService             time_service                    D     [time_service_stub.cpp] OnGetBootTimeMs#  end.
02-20 11:06:45.959  2008-4890    C01800/SA_CLIENT               com.ohos.sceneboard             I     SystemAbilityLoadCallbackStub::OnRemoteRequest, code = 1
02-20 11:06:45.959  704-822      C01c06/TimeService             resource_schedu                 I     [time_service_client.cpp] GetBootTimeMs# Result: 91991726
02-20 11:06:45.959  2008-4890    C01560/WifiSaLoadManager       com.ohos.sceneboard             D     WifiSaLoadManager Load SA success, systemAbilityId = [1120]
02-20 11:06:45.959  2008-5736    C01800/SA_CLIENT               com.ohos.sceneboard             I     LoadSystemAbility systemAbilityId : 1120, SendRequest succeed!
02-20 11:06:45.959  2008-4890    C01510/BinderInvoker           com.ohos.sceneboard             D     426: OnReleaseObject refcount=1
02-20 11:06:45.959  2008-4890    C01510/IPCObjectStub           com.ohos.sceneboard             W     68: destroy, desc: OHOS.ISystemAbilityLoadCallback
02-20 11:06:45.959  2008-4890    C01510/BinderInvoker           com.ohos.sceneboard             D     426: OnReleaseObject refcount=0
02-20 11:06:45.959  1840-1840    C01560/WifiDeviceStub          wifi_manager_se                 D     OnRemoteRequest, code: 4119, uid: 10003, pid: 2008
02-20 11:06:45.960  1840-1840    C01560/WifiDeviceStub          wifi_manager_se                 D     run OnGetLinkedInfo code 4119, datasize 0
02-20 11:06:45.960  1840-1840    C02f01/AccessTokenKit          wifi_manager_se                 D     [GetTokenTypeFlag]:called, tokenID=537248590
02-20 11:06:45.960  1840-1840    C02f01/AccessTokenKit          wifi_manager_se                 D     [VerifyAccessToken]:called, tokenID=537248590, permissionName=ohos.permission.GET_WIFI_INFO
02-20 11:06:45.960  1279-1335    C02f01/ATMStub                 accesstoken_ser                 D     [OnRemoteRequest]:code 0 token 671094394
02-20 11:06:45.960  1279-1335    C02f01/ATMServ                 accesstoken_ser                 D     [VerifyAccessToken]:tokenID: 537248590, permission: ohos.permission.GET_WIFI_INFO, res 0
02-20 11:06:45.960  1840-1840    C02f01/ATMProxy                wifi_manager_se                 D     [VerifyAccessToken]:result from server data = 0
02-20 11:06:45.960  1840-1840    C01560/OHWIFI_MANAGER_PERMISSION_HELPE wifi_manager_se                 I     callerToken=0x2005c34e has permission_name=ohos.permission.GET_WIFI_INFO, pid=0x7d8, type=0
02-20 11:06:45.960  1840-1840    C02f01/AccessTokenKit          wifi_manager_se                 D     [GetTokenTypeFlag]:called, tokenID=537248590
02-20 11:06:45.960  1840-1840    C02f01/AccessTokenKit          wifi_manager_se                 D     [VerifyAccessToken]:called, tokenID=537248590, permissionName=ohos.permission.GET_WIFI_LOCAL_MAC
02-20 11:06:45.960  1279-1335    C02f01/ATMStub                 accesstoken_ser                 D     [OnRemoteRequest]:code 0 token 671094394
