02-20 11:06:47.101  1572-6876    C02d13/HDC_LOG                 hdcd                            I     [async_cmd.cpp:152] ExecuteCommand pipe fds[pipeRead]:47 fds[pipeWrite]:48
02-20 11:06:47.103  1572-6876    C02d13/HDC_LOG                 hdcd                            I     [base.cpp:1617] CloseFd fd:48
02-20 11:06:47.103  6877-6877    C02d13/HDC_LOG                 pid-6877                        I     [base.cpp:1617] CloseFd fd:47
02-20 11:06:47.104  6877-6877    C02d13/HDC_LOG                 pid-6877                        I     [base.cpp:1617] CloseFd fd:48
02-20 11:06:47.104  1572-31322   C02d13/HDC_LOG                 hdcd                            I     [async_cmd.cpp:200] ExecuteCommand cmd:ps -ef fd:47 pid:6877
02-20 11:06:47.127  2008-4890    C04201/ScreenSessionManagerStub com.ohos.sceneboard             D     <29>OnRemoteRequest: OnRemoteRequest code is 0
02-20 11:06:47.127  704-822      C01713/SUSPEND_MANAGER         resource_schedu                 D     [kstate_callback.cpp(OnKstateCallback):67] 2008 is called by 1123
02-20 11:06:47.127  704-822      C01713/SUSPEND_MANAGER         resource_schedu                 D     [suspend_manager_impl.cpp(GetUidAndBundleName):1391] cannot find pid 2008 in pid map
02-20 11:06:47.127  704-822      C01713/SUSPEND_MANAGER         resource_schedu                 D     [suspend_manager_impl.cpp(GetUidAndBundleName):1391] cannot find pid 2008 in pid map
02-20 11:06:47.127  1123-3430    C02982/DisplayPowerSvc         foundation                      D     [display_power_mgr_service.cpp:223] GetMainDisplayId# GetMainDisplayId 0
02-20 11:06:47.128  1123-3430    C02986/DisplayPowerBrightness  foundation                      D     [display_power_mgr_service.cpp:598] IsChangedLux# changed: 1, 470.800018 vs 538.500000
02-20 11:06:47.128  1123-3430    C02986/DisplayPowerBrightness  foundation                      D     [display_power_mgr_service.cpp:634] IsChangedLux# unstable lux, wait for stable
02-20 11:06:47.128  1123-3430    C02d08/WRITE_CONTROLLER        foundation                      D     { .period = [5, .threshold = 10} [1708398403, 1708398407] discard 2 event(s) with domain DISPLAY and name AMBIENT_LIGHT which wrote in function AmbientLightCallback.
02-20 11:06:47.128  890-1749     C01c06/TimeService             time_service                    D     [time_service_stub.cpp] OnRemoteRequest#  start##code = 5
02-20 11:06:47.128  890-1749     C01c06/TimeService             time_service                    D     [time_service_stub.cpp] OnRemoteRequest# CallingPid = 704, CallingUid = 0, code = 5
02-20 11:06:47.128  890-1749     C01c06/TimeService             time_service                    D     [time_service_stub.cpp] OnGetBootTimeMs#  start.
02-20 11:06:47.128  890-1749     C01c06/TimeService             time_service                    D     [time_service_stub.cpp] OnGetBootTimeMs#  end.
02-20 11:06:47.128  704-822      C01c06/TimeService             resource_schedu                 I     [time_service_client.cpp] GetBootTimeMs# Result: 91992895
02-20 11:06:47.166  1050-1186    C02500/ThermalDaemon           power_host                      D     [shell_temp_manager.cpp] calculate shell temp, type: shell_frame
02-20 11:06:47.166  1050-1186    C02500/ThermalDaemon           power_host                      D     [shell_temp_calculator.cpp] original calc temp: 27834
02-20 11:06:47.166  1050-1186    C02500/ThermalDaemon           power_host                      D     [shell_temp_manager.cpp] calculate shell temp, type: shell_front
02-20 11:06:47.166  1050-1186    C02500/ThermalDaemon           power_host                      D     [shell_temp_calculator.cpp] original calc temp: 25573
02-20 11:06:47.166  1050-1186    C02500/ThermalDaemon           power_host                      D     [shell_temp_manager.cpp] calculate shell temp, type: shell_back
02-20 11:06:47.166  1050-1186    C02500/ThermalDaemon           power_host                      D     [shell_temp_calculator.cpp] original calc temp: 25880
02-20 11:06:47.166  1050-1186    C02500/ThermalDaemon           power_host                      D     [shell_temp_calculator.cpp] original calc temp: 27834
02-20 11:06:47.166  1050-1186    C02500/ThermalDaemon           power_host                      I     [temperature_manager.cpp] [system_h] new temp: 30 old temp: 29
02-20 11:06:47.166  1050-1186    C02500/ThermalDaemon           power_host                      I     [temperature_manager.cpp] [ir] new temp: 31 old temp: 30
02-20 11:06:47.166  1050-1186    C02500/ThermalDaemon           power_host                      I     [temperature_manager.cpp] [pa_0] new temp: 28 old temp: 27
02-20 11:06:47.225  1840-2825    C01565/DhcpClientServiceImpl   wifi_manager_se                 D     CheckTimeout() ifname:wlan0, notify1 second size:1.
02-20 11:06:47.225  1840-2825    C01565/DhcpClientServiceImpl   wifi_manager_se                 D     DhcpResultHandle() ifname:wlan0, dhcp result is getting...
02-20 11:06:47.225  1840-2825    C01565/DhcpClientServiceImpl   wifi_manager_se                 D     DhcpResultHandle() dhcp result notify finished.
02-20 11:06:47.252  1572-6879    C02d13/HDC_LOG                 hdcd                            I     [file_descriptor.cpp:127] FileIOOnThread fd:47 nBytes:0
02-20 11:06:47.253  1572-6879    C02d13/HDC_LOG                 hdcd                            I     [async_cmd.cpp:80] FinishShellProc finish pipeRead fd:47 pid:6877
02-20 11:06:47.253  1572-6879    C02d13/HDC_LOG                 hdcd                            I     [task.cpp:50] HdcTaskBase::TaskFinish notify begin channelId:1107856263
02-20 11:06:47.253  1572-6879    C02d13/HDC_LOG                 hdcd                            I     [task.cpp:52] HdcTaskBase::TaskFinish notify end channelId:1107856263
02-20 11:06:47.254  1572-31322   C02d13/HDC_LOG                 hdcd                            I     [daemon.cpp:397] FetchCommand channelId:1107856263 command:2
02-20 11:06:47.254  1572-31322   C02d13/HDC_LOG                 hdcd                            I     [session.cpp:104] BeginRemoveTask taskType:0 channelId:1107856263
02-20 11:06:47.254  1572-31322   C02d13/HDC_LOG                 hdcd                            I     [async_cmd.cpp:56] AsyncCmd::DoRelease finish
02-20 11:06:47.254  1572-31322   C02d13/HDC_LOG                 hdcd                            I     [session.cpp:157] ClearOwnTasks OP_CLEAR finish, session:0x7effe84000 channelIDInput:1107856263
02-20 11:06:47.254  1572-31322   C02d13/HDC_LOG                 hdcd                            I     [session.cpp:116] TaskDelay task remove retry count 0/30, taskType:0 channelId:1107856263, sessionId:3044399923
02-20 11:06:47.254  1572-31322   C02d13/HDC_LOG                 hdcd                            F     [file_descriptor.cpp:38] ~HdcFileDescriptor refIO:0
02-20 11:06:47.254  1572-31322   C02d13/HDC_LOG                 hdcd                            I     [base.cpp:1617] CloseFd fd:47
02-20 11:06:47.254  1572-31322   C02d13/HDC_LOG                 hdcd                            I     [daemon_unity.cpp:27] HdcDaemonUnity::~HdcDaemonUnity finish
02-20 11:06:47.254  1572-31322   C02d13/HDC_LOG                 hdcd                            I     [async_cmd.cpp:35] ~AsyncCmd
02-20 11:06:47.254  1572-31322   C02d13/HDC_LOG                 hdcd                            I     [task.cpp:37] ~HdcTaskBase channelId:1107856263
02-20 11:06:47.254  1572-31322   C02d13/HDC_LOG                 hdcd                            I     [session.cpp:123] TaskDelay task remove finish, channelId:1107856263
02-20 11:06:47.259  1572-31322   C02d13/HDC_LOG                 hdcd                            I     [daemon.cpp:397] FetchCommand channelId:1107856263 command:2
02-20 11:06:47.474  2008-4890    C04201/ScreenSessionManagerStub com.ohos.sceneboard             D     <29>OnRemoteRequest: OnRemoteRequest code is 0
02-20 11:06:47.474  704-822      C01713/SUSPEND_MANAGER         resource_schedu                 D     [kstate_callback.cpp(OnKstateCallback):67] 2008 is called by 1123
02-20 11:06:47.474  704-822      C01713/SUSPEND_MANAGER         resource_schedu                 D     [suspend_manager_impl.cpp(GetUidAndBundleName):1391] cannot find pid 2008 in pid map
02-20 11:06:47.475  704-822      C01713/SUSPEND_MANAGER         resource_schedu                 D     [suspend_manager_impl.cpp(GetUidAndBundleName):1391] cannot find pid 2008 in pid map
02-20 11:06:47.475  1123-3430    C02982/DisplayPowerSvc         foundation                      D     [display_power_mgr_service.cpp:223] GetMainDisplayId# GetMainDisplayId 0
02-20 11:06:47.475  1123-3430    C02986/DisplayPowerBrightness  foundation                      D     [display_power_mgr_service.cpp:598] IsChangedLux# changed: 1, 470.800018 vs 538.500000
02-20 11:06:47.475  1123-3430    C02986/DisplayPowerBrightness  foundation                      D     [display_power_mgr_service.cpp:634] IsChangedLux# unstable lux, wait for stable
02-20 11:06:47.475  1123-3430    C02d08/WRITE_CONTROLLER        foundation                      D     { .period = [5, .threshold = 10} [1708398403, 1708398407] discard 3 event(s) with domain DISPLAY and name AMBIENT_LIGHT which wrote in function AmbientLightCallback.
02-20 11:06:47.475  890-1749     C01c06/TimeService             time_service                    D     [time_service_stub.cpp] OnRemoteRequest#  start##code = 5
02-20 11:06:47.475  890-1749     C01c06/TimeService             time_service                    D     [time_service_stub.cpp] OnRemoteRequest# CallingPid = 704, CallingUid = 0, code = 5
02-20 11:06:47.475  890-1749     C01c06/TimeService             time_service                    D     [time_service_stub.cpp] OnGetBootTimeMs#  start.
02-20 11:06:47.475  890-1749     C01c06/TimeService             time_service                    D     [time_service_stub.cpp] OnGetBootTimeMs#  end.
02-20 11:06:47.475  704-822      C01c06/TimeService             resource_schedu                 I     [time_service_client.cpp] GetBootTimeMs# Result: 91993242
02-20 11:06:47.524  1059-1321    C015c0/dsoftbus                softbus_server                  E     SoftBusCondTimedWait timeout, ret[110]
02-20 11:06:47.589  1059-1321    C015c0/dsoftbus                softbus_server                  E     SoftBusCondTimedWait timeout, ret[110]
02-20 11:06:47.725  1840-2825    C01565/DhcpClientServiceImpl   wifi_manager_se                 D     CheckTimeout() ifname:wlan0, notify1 second size:1.
02-20 11:06:47.725  1840-2825    C01565/DhcpClientServiceImpl   wifi_manager_se                 D     DhcpResultHandle() ifname:wlan0, dhcp result is getting...
02-20 11:06:47.725  1840-2825    C01565/DhcpClientServiceImpl   wifi_manager_se                 D     DhcpResultHandle() dhcp result notify finished.
02-20 11:06:47.767  1285-6201    C015b0/NetsysNativeService     netsysnative                    D     [FindName-(dns_lookup_name.cpp:389)]FindName cnt : 4
02-20 11:06:47.768  1285-6201    C015b0/NetsysNativeService     netsysnative                    E     [UpdateBuf-(dns_lookup_name.cpp:339)]cnt is less two or there are only IPv4 results, cnt : 4
02-20 11:06:47.768  1285-6201    C01510/BinderInvoker           netsysnative                    W     505: stub: OHOS.NetsysNative.INetsysService deal request code: 6 cost time: 5005ms
02-20 11:06:47.768  759-21965    C015b0/NetConnManager          netmanager                      D     [GetIpAddr-(net_monitor.cpp:485)]Get net[100] monitor ip:220.185.***.**
02-20 11:06:47.768  759-21965    C015b0/NetsysNativeService     netmanager                      I     [Send-(fwmark_client.cpp:68)]FwmarkClient: socketFd_: 9
02-20 11:06:47.769  1285-1571    C015b0/NetsysNativeService     netsysnative                    I     [SetMark-(fwmark_network.cpp:99)]FwmarkNetwork: SetMark netId: 100, socketFd:33, cmd:0
02-20 11:06:47.769  1285-1571    C015b0/NetsysNativeService     netsysnative                    I     [CloseSocket-(fwmark_network.cpp:78)]NO_ERROR_CODE CloseSocket socket:33, ret:0
02-20 11:06:47.769  759-21965    C015b0/NetConnManager          netmanager                      D     [ConnectIpv4-(net_monitor.cpp:232)]Net[100] connect ipv4 ip:[220.185.***.**] socket:8 in
02-20 11:06:47.769  1285-1571    C015b0/NetsysNativeService     netsysnative                    I     [CloseSocket-(fwmark_network.cpp:78)]NO_ERROR_CODE CloseSocket socket:20, ret:4
02-20 11:06:47.799  759-21965    C015b0/NetConnManager          netmanager                      D     [dealRecvResult-(net_monitor.cpp:382)]statusCode[204], retCode[-1]
02-20 11:06:47.800  759-21965    C02d08/HiSysEvent-InnerWriter  netmanager                      D     hisysevent inner writer result: 0.
02-20 11:06:47.800  759-21965    C02d08/HISYSEVENT              netmanager                      D     size=97
02-20 11:06:47.800  759-21965    C02d08/HISYSEVENT              netmanager                      D     HiSysEvent send data successful
02-20 11:06:47.800  759-21965    C015b0/NetConnManager          netmanager                      I     [Detection-(net_monitor.cpp:121)]currentNetMonitor[100] evaluation success
02-20 11:06:47.800  759-1167     C015b0/NetConnManager          netmanager                      D     [HandleNetMonitorResult-(network.cpp:424)]HandleNetMonitorResult, netDetectionState[2]
02-20 11:06:47.800  476-1364     C02d10/HiView-EventServer      hiview                          D     ReceiveMsg: length of data received from client is 97.
02-20 11:06:47.800  476-1364     C02d10/HiView-DecodedEvent     hiview                          D     paramCnt is : 1.
02-20 11:06:47.801  476-1364     C02d10/HiView-DecodedEvent     hiview                          D     Decoded event: {"domain_":"NETMANAGER","name_":"NET_CONN_MONITOR_STAT","type_":4,"time_":1708398407799,"tz_":"+0800","pid_":759,"tid_":21965,"uid_":1099,"id_":"00000000000000000000","STATUS":2}.
02-20 11:06:47.801  476-1364     C02d10/HiView-EventServer      hiview                          D     ReceiveMsg: receive from client <private>
02-20 11:06:47.801  476-1364     C02d10/HiView-DecodedEvent     hiview                          D     paramCnt is : 1.
02-20 11:06:47.801  476-1364     C02d10/HiView-DecodedEvent     hiview                          D     Decoded event: {"domain_":"NETMANAGER","name_":"NET_CONN_MONITOR_STAT","type_":4,"time_":1708398407799,"tz_":"+0800","pid_":759,"tid_":21965,"uid_":1099,"id_":"00000000000000000000","STATUS":2}.
02-20 11:06:47.801  476-1364     C02d10/HiView-SysEventSource   hiview                          D     Parser: parser raw message size=97, {"domain_":"NETMANAGER","name_":"NET_CONN_MONITOR_STAT","type_":4,"time_":1708398407799,"tz_":"+0800","pid_":759,"tid_":21965,"uid_":1099,"id_":"00000000000000000000","STATUS":2}
02-20 11:06:47.801  476-1364     C02d10/HiView-DecodedEvent     hiview                          D     paramCnt is : 1.
02-20 11:06:47.801  476-1364     C02d10/HiView-RawDataEncoder   hiview                          D     Length of encoded string is 6.
02-20 11:06:47.801  476-1364     C02d10/HiView-DecodedEvent     hiview                          D     paramCnt is : 1.
02-20 11:06:47.801  476-1364     C02d10/HiView-DecodedEvent     hiview                          D     Decoded event: {"domain_":"NETMANAGER","name_":"NET_CONN_MONITOR_STAT","type_":4,"time_":1708398407799,"tz_":"+0800","pid_":759,"tid_":21965,"uid_":1099,"id_":"00000000000000000000","STATUS":2}.
02-20 11:06:47.801  476-1364     C02d10/HiView-SysEventSource   hiview                          I     Parser: parser result domain_=NETMANAGER eventName_=NET_CONN_MONITOR_STAT
02-20 11:06:47.801  476-1364     C02d10/Event-JsonParser        hiview                          D     CheckTypeValidity: base info type is 4, event type is 4
02-20 11:06:47.801  476-1364     C02d10/HiView-DecodedEvent     hiview                          D     paramCnt is : 1.
02-20 11:06:47.801  476-1364     C02d10/HiView-DecodedEvent     hiview                          D     Decoded event: {"domain_":"NETMANAGER","name_":"NET_CONN_MONITOR_STAT","type_":4,"time_":1708398407799,"tz_":"+0800","pid_":759,"tid_":21965,"uid_":1099,"id_":"00000000000000000000","STATUS":2}.
02-20 11:06:47.801  476-1364     C02d10/HiView-RawDataEncoder   hiview                          D     Length of encoded string is 5.
02-20 11:06:47.801  476-1364     C02d10/HiView-RawDataEncoder   hiview                          D     Length of encoded string is 0.
02-20 11:06:47.802  476-1671     C02d10/HiView-SysEventService  hiview                          D     pid 704 rules match fail.
02-20 11:06:47.802  476-1671     C02d10/HiView-SysEventService  hiview                          D     pid 704 rules match fail.
02-20 11:06:47.802  476-1671     C02d10/HiView-SysEventService  hiview                          D     pid 1123 rules match fail.
02-20 11:06:47.802  476-1671     C02d10/HiView-SysEventService  hiview                          D     pid 1124 rules match fail.
02-20 11:06:47.802  476-1671     C02d10/HiView-HiviewEventReport hiview                          D     UpdatePluginStats pluginName=SysEventDispatcher, procName=NET_CONN_MONITOR_STAT, time=228
02-20 11:06:47.802  476-1384     C02d10/HiView-SysEventDocWriter hiview                          D     WriteContent: write content size=67, file=/data/log/hiview/sys_event_db/NETMANAGER/NET_CONN_MONITOR_STAT-4-MINOR-579721.db
02-20 11:06:47.803  476-1384     C02d10/HiView-SysEventDbMgr    hiview                          D     SaveToStore: save sys event 680549, NET_CONN_MONITOR_STAT
02-20 11:06:47.803  476-1384     C02d10/HiView-HiviewEventReport hiview                          D     UpdatePluginStats pluginName=SysEventStore, procName=NET_CONN_MONITOR_STAT, time=414
02-20 11:06:47.803  476-1384     C02d10/HiView-Monitor          hiview                          D     CollectCostTime: onceTotalCnt_=310, onceTotalRealTime_=617415, onceTotalProcTime_=1143001, onceTotalWaitTime_=525586, overRealTotalCount_=2, overProcessTotalCount_=11, finishedCount_=3487
02-20 11:06:47.803  476-1384     C02d10/HiView-DecodedEvent     hiview                          D     paramCnt is : 2.
02-20 11:06:47.803  476-1384     C02d10/HiView-DecodedEvent     hiview                          D     Decoded event: {"domain_":"NETMANAGER","name_":"NET_CONN_MONITOR_STAT","type_":4,"time_":1708398407799,"tz_":"+0800","pid_":759,"tid_":21965,"uid_":1099,"id_":"05787183997794451429","STATUS":2,"info_":""}.
02-20 11:06:47.826  2008-4890    C04201/ScreenSessionManagerStub com.ohos.sceneboard             D     <29>OnRemoteRequest: OnRemoteRequest code is 0
02-20 11:06:47.826  704-822      C01713/SUSPEND_MANAGER         resource_schedu                 D     [kstate_callback.cpp(OnKstateCallback):67] 2008 is called by 1123
02-20 11:06:47.826  704-822      C01713/SUSPEND_MANAGER         resource_schedu                 D     [suspend_manager_impl.cpp(GetUidAndBundleName):1391] cannot find pid 2008 in pid map
02-20 11:06:47.826  704-822      C01713/SUSPEND_MANAGER         resource_schedu                 D     [suspend_manager_impl.cpp(GetUidAndBundleName):1391] cannot find pid 2008 in pid map
02-20 11:06:47.826  1123-3430    C02982/DisplayPowerSvc         foundation                      D     [display_power_mgr_service.cpp:223] GetMainDisplayId# GetMainDisplayId 0
02-20 11:06:47.826  1123-3430    C02986/DisplayPowerBrightness  foundation                      D     [display_power_mgr_service.cpp:598] IsChangedLux# changed: 1, 470.800018 vs 538.500000
02-20 11:06:47.826  890-1749     C01c06/TimeService             time_service                    D     [time_service_stub.cpp] OnRemoteRequest#  start##code = 5
02-20 11:06:47.826  1123-3430    C02986/DisplayPowerBrightness  foundation                      D     [display_power_mgr_service.cpp:634] IsChangedLux# unstable lux, wait for stable
02-20 11:06:47.826  890-1749     C01c06/TimeService             time_service                    D     [time_service_stub.cpp] OnRemoteRequest# CallingPid = 704, CallingUid = 0, code = 5
02-20 11:06:47.826  890-1749     C01c06/TimeService             time_service                    D     [time_service_stub.cpp] OnGetBootTimeMs#  start.
02-20 11:06:47.826  890-1749     C01c06/TimeService             time_service                    D     [time_service_stub.cpp] OnGetBootTimeMs#  end.
02-20 11:06:47.826  1123-3430    C02d08/WRITE_CONTROLLER        foundation                      D     { .period = [5, .threshold = 10} [1708398403, 1708398407] discard 4 event(s) with domain DISPLAY and name AMBIENT_LIGHT which wrote in function AmbientLightCallback.
02-20 11:06:47.826  704-822      C01c06/TimeService             resource_schedu                 I     [time_service_client.cpp] GetBootTimeMs# Result: 91993593
02-20 11:06:47.957  2008-2008    C01304/Runtime                 com.ohos.sceneboard             D     [ohos_loop_handler.cpp(OnTriggered:34)]OHOSLoopHandler::OnTriggered is triggered
02-20 11:06:47.957  2008-2008    C01560/WifiNAPIUtils           com.ohos.sceneboard             I     Call wifi func: GetLinkedInfo (start)
02-20 11:06:47.958  2008-2008    C01560/WifiNAPIUtils           com.ohos.sceneboard             I     Call wifi func: GetLinkedInfo (end), time cost:199us, 0ms
02-20 11:06:47.958  2008-6775    C01560/WifiNAPIUtils           com.ohos.sceneboard             I     Call wifi func: wifiDevicePtr->GetLinkedInfo (start)
02-20 11:06:47.958  2008-6775    C01560/WifiSaLoadManager       com.ohos.sceneboard             D     LoadWifiSa enter, systemAbilityId = [1120] loading
02-20 11:06:47.958  2008-6775    C01510/IPCObjectStub           com.ohos.sceneboard             I     63: create, desc: OHOS.ISystemAbilityLoadCallback
02-20 11:06:47.958  480-1443     C01800/SAMGR                   samgr                           D     SAMStub::OnReceived, code = 7, callerPid = 2008
02-20 11:06:47.959  480-1443     C01800/SA_SELINUX              samgr                           D     [Performance] GetServiceCheck SA : 1120 spend 0 ms
02-20 11:06:47.959  480-1443     C01510/IPCObjectProxy          samgr                           I     58: handle = 73 create, descriptor: IPCObjectProxy73
02-20 11:06:47.959  704-822      C01713/SUSPEND_MANAGER         resource_schedu                 D     [kstate_callback.cpp(OnKstateCallback):67] 2008 is called by 480
02-20 11:06:47.959  2008-6775    C01510/IPCObjectStub           com.ohos.sceneboard             D     374: IPCObjectStub::ProcessProto called, type = 0, normal stub object
02-20 11:06:47.959  704-822      C01713/SUSPEND_MANAGER         resource_schedu                 D     [suspend_manager_impl.cpp(GetUidAndBundleName):1391] cannot find pid 2008 in pid map
02-20 11:06:47.959  704-822      C01713/SUSPEND_MANAGER         resource_schedu                 D     [suspend_manager_impl.cpp(GetUidAndBundleName):1391] cannot find pid 2008 in pid map
02-20 11:06:47.959  480-1443     C01800/SAMGR                   samgr                           I     [SA Scheduler][SA: 1120] handle load event start, callingpid: 2008
02-20 11:06:47.959  480-1443     C01800/SAMGR                   samgr                           D     [SA Scheduler][SA: 1120] load ability from local start
02-20 11:06:47.959  480-1443     C01800/SAMGR                   samgr                           D     CheckSystemAbility called, systemAbilityId = 1120
02-20 11:06:47.959  480-1443     C01800/SAMGR                   samgr                           D     found service : 1120.
02-20 11:06:47.959  890-1749     C01c06/TimeService             time_service                    D     [time_service_stub.cpp] OnRemoteRequest#  start##code = 5
02-20 11:06:47.959  480-1443     C01800/SAMGR                   samgr                           I     NotifySystemAbilityLoaded systemAbilityId : 1120
02-20 11:06:47.960  890-1749     C01c06/TimeService             time_service                    D     [time_service_stub.cpp] OnRemoteRequest# CallingPid = 704, CallingUid = 0, code = 5
02-20 11:06:47.960  890-1749     C01c06/TimeService             time_service                    D     [time_service_stub.cpp] OnGetBootTimeMs#  start.
02-20 11:06:47.960  890-1749     C01c06/TimeService             time_service                    D     [time_service_stub.cpp] OnGetBootTimeMs#  end.
02-20 11:06:47.960  480-1443     C01800/SAMGR                   samgr                           D     SystemAbilityManagerStub::LoadSystemAbilityInner result is 0
02-20 11:06:47.960  704-822      C01c06/TimeService             resource_schedu                 I     [time_service_client.cpp] GetBootTimeMs# Result: 91993727
02-20 11:06:47.960  480-1443     C01510/IPCObjectProxy          samgr                           W     63: handle = 73 destroyed, descriptor: IPCObjectProxy73
02-20 11:06:47.960  2008-4890    C01800/SA_CLIENT               com.ohos.sceneboard             I     SystemAbilityLoadCallbackStub::OnRemoteRequest, code = 1
02-20 11:06:47.960  2008-4890    C01560/WifiSaLoadManager       com.ohos.sceneboard             D     WifiSaLoadManager Load SA success, systemAbilityId = [1120]
02-20 11:06:47.960  2008-6775    C01800/SA_CLIENT               com.ohos.sceneboard             I     LoadSystemAbility systemAbilityId : 1120, SendRequest succeed!
02-20 11:06:47.960  2008-4890    C01510/BinderInvoker           com.ohos.sceneboard             D     426: OnReleaseObject refcount=1
02-20 11:06:47.960  2008-4890    C01510/IPCObjectStub           com.ohos.sceneboard             W     68: destroy, desc: OHOS.ISystemAbilityLoadCallback
02-20 11:06:47.960  2008-4890    C01510/BinderInvoker           com.ohos.sceneboard             D     426: OnReleaseObject refcount=0
02-20 11:06:47.960  1840-1840    C01560/WifiDeviceStub          wifi_manager_se                 D     OnRemoteRequest, code: 4119, uid: 10003, pid: 2008
02-20 11:06:47.960  1840-1840    C01560/WifiDeviceStub          wifi_manager_se                 D     run OnGetLinkedInfo code 4119, datasize 0
02-20 11:06:47.960  1840-1840    C02f01/AccessTokenKit          wifi_manager_se                 D     [GetTokenTypeFlag]:called, tokenID=537248590
02-20 11:06:47.960  1840-1840    C02f01/AccessTokenKit          wifi_manager_se                 D     [VerifyAccessToken]:called, tokenID=537248590, permissionName=ohos.permission.GET_WIFI_INFO
02-20 11:06:47.961  1279-1335    C02f01/ATMStub                 accesstoken_ser                 D     [OnRemoteRequest]:code 0 token 671094394
02-20 11:06:47.961  1279-1335    C02f01/ATMServ                 accesstoken_ser                 D     [VerifyAccessToken]:tokenID: 537248590, permission: ohos.permission.GET_WIFI_INFO, res 0
02-20 11:06:47.961  1840-1840    C02f01/ATMProxy                wifi_manager_se                 D     [VerifyAccessToken]:result from server data = 0
02-20 11:06:47.961  1840-1840    C01560/OHWIFI_MANAGER_PERMISSION_HELPE wifi_manager_se                 I     callerToken=0x2005c34e has permission_name=ohos.permission.GET_WIFI_INFO, pid=0x7d8, type=0
02-20 11:06:47.961  1840-1840    C02f01/AccessTokenKit          wifi_manager_se                 D     [GetTokenTypeFlag]:called, tokenID=537248590
02-20 11:06:47.961  1840-1840    C02f01/AccessTokenKit          wifi_manager_se                 D     [VerifyAccessToken]:called, tokenID=537248590, permissionName=ohos.permission.GET_WIFI_LOCAL_MAC
02-20 11:06:47.961  1279-1335    C02f01/ATMStub                 accesstoken_ser                 D     [OnRemoteRequest]:code 0 token 671094394
02-20 11:06:47.961  1279-1335    C02f01/ATMServ                 accesstoken_ser                 D     [VerifyAccessToken]:tokenID: 537248590, permission: ohos.permission.GET_WIFI_LOCAL_MAC, res -1
02-20 11:06:47.962  1840-1840    C02f01/ATMProxy                wifi_manager_se                 D     [VerifyAccessToken]:result from server data = -1
02-20 11:06:47.962  1840-1840    C01560/OHWIFI_MANAGER_PERMISSION_HELPE wifi_manager_se                 I     callerToken=0x2005c34e has no permission_name=ohos.permission.GET_WIFI_LOCAL_MAC, pid=0x7d8, type=0
02-20 11:06:47.962  1840-1840    C01560/WifiDeviceServiceImpl   wifi_manager_se                 E     GetLinkedInfo:VerifyGetWifiLocalMacPermission() PERMISSION_DENIED!
02-20 11:06:47.962  1840-1840    C01560/WifiDeviceServiceImpl   wifi_manager_se                 D     GetLinkedInfo, networkId=0, ssid=Net****-5G, rssi=-53, frequency=5300
02-20 11:06:47.962  1840-1840    C01560/WifiDeviceServiceImpl   wifi_manager_se                 D     GetLinkedInfo, connState=4, supplicantState=255, detailedState=10,     wifiStandard=5 RxMaxSpeed=400 TxmaxSpeed=400 rxSpeed=4000 txSpeed=4000
02-20 11:06:47.962  2008-6775    C01560/WifiNAPIUtils           com.ohos.sceneboard             I     Call wifi func: wifiDevicePtr->GetLinkedInfo (end), time cost:3982us, 3ms
02-20 11:06:47.962  2008-2008    C01304/Runtime                 com.ohos.sceneboard             D     [ohos_loop_handler.cpp(OnReadable:22)]OHOSLoopHandler::OnReadable is triggered
02-20 11:06:47.962  2008-2008    C01304/Runtime                 com.ohos.sceneboard             D     [ohos_loop_handler.cpp(OnTriggered:34)]OHOSLoopHandler::OnTriggered is triggered
02-20 11:06:47.962  2008-2008    C01560/WifiNAPIDevice          com.ohos.sceneboard             I     Push get linkedInfo result to client
02-20 11:06:47.962  2008-2008    C01560/WifiNAPIErrCode         com.ohos.sceneboard             I     HandleCallbackErrCode, errCode = 0
02-20 11:06:47.963  2008-2008    A0001b/SceneBoard              com.ohos.sceneboard             I     Model.NetSpeedController --> wifi getLinkedInfo
02-20 11:06:48.175  704-822      C01713/SUSPEND_MANAGER         resource_schedu                 D     [kstate_callback.cpp(OnKstateCallback):67] 2008 is called by 1123
02-20 11:06:48.175  2008-4890    C04201/ScreenSessionManagerStub com.ohos.sceneboard             D     <29>OnRemoteRequest: OnRemoteRequest code is 0
02-20 11:06:48.175  704-822      C01713/SUSPEND_MANAGER         resource_schedu                 D     [suspend_manager_impl.cpp(GetUidAndBundleName):1391] cannot find pid 2008 in pid map
02-20 11:06:48.175  704-822      C01713/SUSPEND_MANAGER         resource_schedu                 D     [suspend_manager_impl.cpp(GetUidAndBundleName):1391] cannot find pid 2008 in pid map
02-20 11:06:48.175  890-1749     C01c06/TimeService             time_service                    D     [time_service_stub.cpp] OnRemoteRequest#  start##code = 5
02-20 11:06:48.175  1123-3430    C02982/DisplayPowerSvc         foundation                      D     [display_power_mgr_service.cpp:223] GetMainDisplayId# GetMainDisplayId 0
02-20 11:06:48.175  890-1749     C01c06/TimeService             time_service                    D     [time_service_stub.cpp] OnRemoteRequest# CallingPid = 704, CallingUid = 0, code = 5
02-20 11:06:48.175  890-1749     C01c06/TimeService             time_service                    D     [time_service_stub.cpp] OnGetBootTimeMs#  start.
02-20 11:06:48.175  890-1749     C01c06/TimeService             time_service                    D     [time_service_stub.cpp] OnGetBootTimeMs#  end.
02-20 11:06:48.175  1123-3430    C02986/DisplayPowerBrightness  foundation                      D     [display_power_mgr_service.cpp:598] IsChangedLux# changed: 1, 470.800018 vs 543.700012
02-20 11:06:48.175  1123-3430    C02986/DisplayPowerBrightness  foundation                      D     [display_power_mgr_service.cpp:634] IsChangedLux# unstable lux, wait for stable
02-20 11:06:48.175  1123-3430    C02d08/WRITE_CONTROLLER        foundation                      D     { .period = [5, .threshold = 10} [1708398403, 1708398408] discard 5 event(s) with domain DISPLAY and name AMBIENT_LIGHT which wrote in function AmbientLightCallback.
02-20 11:06:48.175  704-822      C01c06/TimeService             resource_schedu                 I     [time_service_client.cpp] GetBootTimeMs# Result: 91993942
02-20 11:06:48.226  1840-2825    C01565/DhcpClientServiceImpl   wifi_manager_se                 D     CheckTimeout() ifname:wlan0, notify1 second size:1.
02-20 11:06:48.226  1840-2825    C01565/DhcpClientServiceImpl   wifi_manager_se                 D     DhcpResultHandle() ifname:wlan0, dhcp result is getting...
02-20 11:06:48.226  1840-2825    C01565/DhcpClientServiceImpl   wifi_manager_se                 D     DhcpResultHandle() dhcp result notify finished.
02-20 11:06:48.357  613-1965     C02800/MMIService              multimodalinput                 D     in operator(), Set thread status flag to false
02-20 11:06:48.458  851-932      C02260/TimeLineRdbManager      msdp                            D     in PositionTimerCallback, enter
02-20 11:06:48.459  851-932      C02260/TimeLineDataParse       msdp                            D     in ParseTimelineStats, enter
02-20 11:06:48.459  851-932      C02260/TimeLineDataParse       msdp                            D     in ParseTimelineStats, leave
02-20 11:06:48.459  851-932      C02260/TimeLineManager         msdp                            D     in UserLocation, enter
02-20 11:06:48.459  851-932      C02260/TimeLineManager         msdp                            D     in GetPositionData, enter
02-20 11:06:48.459  851-932      C02260/TimeLineManager         msdp                            D     in GetPositionData, leave
02-20 11:06:48.459  851-932      C02260/TimeLineManager         msdp                            D     in SetValue, enter
02-20 11:06:48.459  851-932      C02260/TimeLineManager         msdp                            D     in SetValue, leave
02-20 11:06:48.459  851-932      C02260/TimeLineManager         msdp                            D     in UserLocation, centerMean_[companyvalue_].x: -1000.000000, enterMean_[companyvalue_].y:0.000000
02-20 11:06:48.459  851-932      C02260/TimeLineManager         msdp                            D     in UserLocation, centerMean_[homevalue_].x: -1000.000000, enterMean_[homevalue_].y:0.000000
02-20 11:06:48.459  851-932      C02260/TimeLineManager         msdp                            D     in UserLocation, pos.x: 0.000000, pos:0.000000
02-20 11:06:48.459  851-932      C02260/TimeLineManager         msdp                            D     in UserLocation, companyDis: 8905559.300000, homeDis:8905559.300000
02-20 11:06:48.459  851-932      C02260/TimeLineManager         msdp                            D     in GetPosition, enter
02-20 11:06:48.459  851-932      C02260/TimeLineManager         msdp                            D     in GetPosition, homevalue_ : 0, companyvalue_ : 1
02-20 11:06:48.459  851-932      C02260/TimeLineManager         msdp                            D     in GetPosition, GetPosition 3
02-20 11:06:48.459  851-932      C02260/TimeLineManager         msdp                            D     in PositionUnknown, enter
02-20 11:06:48.459  851-932      C02260/TimeLineManager         msdp                            D     in PositionUnknown, neither at home nor at company
02-20 11:06:48.459  851-932      C02260/TimeLineManager         msdp                            D     in NotifyTimelineChange, area is : 9
02-20 11:06:48.459  851-932      C02260/TimeLineManager         msdp                            D     in NotifyTimelineChange, area is not found
02-20 11:06:48.459  851-932      C02260/TimeLineManager         msdp                            D     in PositionUnknown, leave
02-20 11:06:48.459  851-932      C02260/TimeLineManager         msdp                            D     in GetPosition, leave
02-20 11:06:48.459  851-932      C02260/TimeLineManager         msdp                            D     in UserLocation, leave
02-20 11:06:48.459  851-932      C02260/TimeLineRdbManager      msdp                            D     in PositionTimerCallback, leave
02-20 11:06:48.526  2008-4890    C04201/ScreenSessionManagerStub com.ohos.sceneboard             D     <29>OnRemoteRequest: OnRemoteRequest code is 0
02-20 11:06:48.526  704-822      C01713/SUSPEND_MANAGER         resource_schedu                 D     [kstate_callback.cpp(OnKstateCallback):67] 2008 is called by 1123
02-20 11:06:48.526  704-822      C01713/SUSPEND_MANAGER         resource_schedu                 D     [suspend_manager_impl.cpp(GetUidAndBundleName):1391] cannot find pid 2008 in pid map
02-20 11:06:48.526  704-822      C01713/SUSPEND_MANAGER         resource_schedu                 D     [suspend_manager_impl.cpp(GetUidAndBundleName):1391] cannot find pid 2008 in pid map
02-20 11:06:48.526  1123-3430    C02982/DisplayPowerSvc         foundation                      D     [display_power_mgr_service.cpp:223] GetMainDisplayId# GetMainDisplayId 0
02-20 11:06:48.526  1123-3430    C02986/DisplayPowerBrightness  foundation                      D     [display_power_mgr_service.cpp:598] IsChangedLux# changed: 1, 470.800018 vs 543.700012
02-20 11:06:48.526  1123-3430    C02986/DisplayPowerBrightness  foundation                      D     [display_power_mgr_service.cpp:634] IsChangedLux# unstable lux, wait for stable
02-20 11:06:48.527  1123-3430    C02d08/WRITE_CONTROLLER        foundation                      D     { .period = [5, .threshold = 10} [1708398403, 1708398408] discard 6 event(s) with domain DISPLAY and name AMBIENT_LIGHT which wrote in function AmbientLightCallback.
02-20 11:06:48.527  890-1749     C01c06/TimeService             time_service                    D     [time_service_stub.cpp] OnRemoteRequest#  start##code = 5
02-20 11:06:48.527  890-1749     C01c06/TimeService             time_service                    D     [time_service_stub.cpp] OnRemoteRequest# CallingPid = 704, CallingUid = 0, code = 5
02-20 11:06:48.527  890-1749     C01c06/TimeService             time_service                    D     [time_service_stub.cpp] OnGetBootTimeMs#  start.
02-20 11:06:48.527  890-1749     C01c06/TimeService             time_service                    D     [time_service_stub.cpp] OnGetBootTimeMs#  end.
02-20 11:06:48.527  704-822      C01c06/TimeService             resource_schedu                 I     [time_service_client.cpp] GetBootTimeMs# Result: 91994294
02-20 11:06:48.590  1059-1321    C015c0/dsoftbus                softbus_server                  E     SoftBusCondTimedWait timeout, ret[110]
02-20 11:06:48.698  1050-1706    C02943/ThermalHdi              power_host                      D     [thermal_dfx.cpp:223] CompressFile# file is not enough for compress
02-20 11:06:48.726  1840-2825    C01565/DhcpClientServiceImpl   wifi_manager_se                 D     CheckTimeout() ifname:wlan0, notify1 second size:1.
02-20 11:06:48.727  1840-2825    C01565/DhcpClientServiceImpl   wifi_manager_se                 D     DhcpResultHandle() ifname:wlan0, dhcp result is getting...
02-20 11:06:48.727  1840-2825    C01565/DhcpClientServiceImpl   wifi_manager_se                 D     DhcpResultHandle() dhcp result notify finished.
02-20 11:06:48.876  2008-4890    C04201/ScreenSessionManagerStub com.ohos.sceneboard             D     <29>OnRemoteRequest: OnRemoteRequest code is 0
02-20 11:06:48.876  704-822      C01713/SUSPEND_MANAGER         resource_schedu                 D     [kstate_callback.cpp(OnKstateCallback):67] 2008 is called by 1123
02-20 11:06:48.876  704-822      C01713/SUSPEND_MANAGER         resource_schedu                 D     [suspend_manager_impl.cpp(GetUidAndBundleName):1391] cannot find pid 2008 in pid map
02-20 11:06:48.876  704-822      C01713/SUSPEND_MANAGER         resource_schedu                 D     [suspend_manager_impl.cpp(GetUidAndBundleName):1391] cannot find pid 2008 in pid map
02-20 11:06:48.876  1123-3430    C02982/DisplayPowerSvc         foundation                      D     [display_power_mgr_service.cpp:223] GetMainDisplayId# GetMainDisplayId 0
02-20 11:06:48.876  1123-3430    C02986/DisplayPowerBrightness  foundation                      D     [display_power_mgr_service.cpp:598] IsChangedLux# changed: 1, 470.800018 vs 543.700012
02-20 11:06:48.876  1123-3430    C02986/DisplayPowerBrightness  foundation                      D     [display_power_mgr_service.cpp:634] IsChangedLux# unstable lux, wait for stable
02-20 11:06:48.876  1123-3430    C02d08/WRITE_CONTROLLER        foundation                      D     { .period = [5, .threshold = 10} [1708398403, 1708398408] discard 7 event(s) with domain DISPLAY and name AMBIENT_LIGHT which wrote in function AmbientLightCallback.
02-20 11:06:48.876  890-1749     C01c06/TimeService             time_service                    D     [time_service_stub.cpp] OnRemoteRequest#  start##code = 5
02-20 11:06:48.876  890-1749     C01c06/TimeService             time_service                    D     [time_service_stub.cpp] OnRemoteRequest# CallingPid = 704, CallingUid = 0, code = 5
02-20 11:06:48.876  890-1749     C01c06/TimeService             time_service                    D     [time_service_stub.cpp] OnGetBootTimeMs#  start.
02-20 11:06:48.876  890-1749     C01c06/TimeService             time_service                    D     [time_service_stub.cpp] OnGetBootTimeMs#  end.
02-20 11:06:48.876  704-822      C01c06/TimeService             resource_schedu                 I     [time_service_client.cpp] GetBootTimeMs# Result: 91994643
02-20 11:06:48.895  476-1881     C02d10/XPower                  hiview                          E     [MemoryCollector.cpp] GetMemInfo# Failed to read file /proc/6624/smaps_rollup
02-20 11:06:48.895  476-1881     C02d10/XPower                  hiview                          D     [ProcessMemMgr.cpp] ReceiveAndUpdateProcMem# meminfo: procName ueventd pss: -1 rss: -1
02-20 11:06:48.895  476-1881     C02d10/XPower                  hiview                          E     [AnomalyMemoryMgr.cpp] HandlePssCollection# Update Correction value failed, processName ueventd .
02-20 11:06:48.924  1029-1297    C02500/"uhdf_motion_service"   sensor_host                     I     readEvents motionType is MOTIONHUB_TYPE_HW_STEP_COUNTER
02-20 11:06:48.924  1029-1297    C02500/"uhdf_motion_service"   sensor_host                     D     Motion-hal Motion::ReadHwStepCounter motionType is MOTIONHUB_TYPE_HW_STEP_COUNTER
02-20 11:06:48.924  1029-1297    C02500/"uhdf_motion_service"   sensor_host                     D     PollData: motion data: <private>
02-20 11:06:48.924  1029-1297    C02500/"uhdf_motion_service"   sensor_host                     D     PollData: motion data: <private>
02-20 11:06:48.924  1029-1297    C02500/"uhdf_motion_service"   sensor_host                     D     PollData: motion data: <private>
02-20 11:06:48.924  1029-1297    C02500/"uhdf_motion_service"   sensor_host                     D     PollData: motion data: <private>
02-20 11:06:48.924  1029-1297    C02500/"uhdf_motion_service"   sensor_host                     D     PollData: motion data: <private>
02-20 11:06:48.924  1029-1297    C02500/"uhdf_motion_service"   sensor_host                     D     PollData: motion data: <private>
02-20 11:06:48.924  1029-1297    C02500/"uhdf_motion_service"   sensor_host                     D     PollData: motion data: <private>
02-20 11:06:48.924  1029-1297    C02500/"uhdf_motion_service"   sensor_host                     D     PollData: motion data: <private>
02-20 11:06:48.924  1029-1297    C02500/"uhdf_motion_service"   sensor_host                     D     PollData: motion data: <private>
02-20 11:06:48.924  1029-1297    C02500/"uhdf_motion_service"   sensor_host                     D     PollData: motion data: <private>
02-20 11:06:48.924  1029-1297    C02500/"uhdf_motion_service"   sensor_host                     D     PollData: motion data: <private>
02-20 11:06:48.924  1029-1297    C02500/"uhdf_motion_service"   sensor_host                     D     PollData: motion data: <private>
02-20 11:06:48.924  1029-1297    C02500/"uhdf_motion_service"   sensor_host                     D     PollData: motion data: <private>
02-20 11:06:48.924  1029-1297    C02500/"uhdf_motion_service"   sensor_host                     D     PollData: motion data: <private>
02-20 11:06:48.924  1029-1297    C02500/"uhdf_motion_service"   sensor_host                     D     PollData: motion data: <private>
02-20 11:06:48.924  1029-1297    C02500/"uhdf_motion_service"   sensor_host                     D     PollData: motion data: <private>
02-20 11:06:48.924  1029-1297    C02500/"uhdf_motion_service"   sensor_host                     D     PollData: motion data: <private>
02-20 11:06:48.924  1029-1297    C02500/"uhdf_motion_service"   sensor_host                     D     PollData: motion data: <private>
02-20 11:06:48.924  1029-1297    C02500/"uhdf_motion_service"   sensor_host                     D     PollData: motion data: <private>
02-20 11:06:48.924  1118-3431    C02700/ClientInfo              sensors                         D     in GetSensorChannel, There is no channel belong to sensorId:266
02-20 11:06:48.924  851-851      C02210/MotionDevice            msdp                            D     in SaveObserverData, Enter
02-20 11:06:48.924  851-851      C02210/MotionDevice            msdp                            D     in SaveObserverData, Exit
02-20 11:06:48.924  851-851      C02210/MotionManager           msdp                            D     in MsdpDataCallback, Enter
02-20 11:06:48.925  679-716      C02210/MotionCallbackStub      healthsport_ser                 D     in OnRemoteRequest, Cmd:0,flags:0
02-20 11:06:48.925  679-716      C02210/MotionCallbackStub      healthsport_ser                 D     in OnMotionChangedStub, Enter
02-20 11:06:48.925  679-716      C04901/HealthSportRxx          healthsport_ser                 E     [sensor_adapter.cpp(OnMotionChanged:47)]OnMotionChanged type: 1100
02-20 11:06:48.925  679-716      C04901/HealthSportRxx          healthsport_ser                 E     [sensor_adapter.cpp(OnMotionChanged:50)]OnMotionChanged MOTION_TYPE_STEP_COUNTER: 1100
02-20 11:06:48.925  679-716      C04901/HealthSportRxx          healthsport_ser                 I     [step_data_manager.cpp(OnStepChanged:45)]Receive DataReport
02-20 11:06:48.925  679-716      C04901/HealthSportRxx          healthsport_ser                 I     [step_data_manager.cpp(HandleReportStepData:82)]Stepdata: 0, 0, 0, 0, 1708398408000
02-20 11:06:48.925  679-716      C04901/HealthSportRxx          healthsport_ser                 I     [step_data_manager.cpp(SendDataToCenter:92)]Handle data: totalsteps=0, data size=1
02-20 11:06:48.925  679-716      C02210/MotionCallbackStub      healthsport_ser                 D     in OnMotionChangedStub, Exit
02-20 11:06:48.925  851-851      C02210/MotionManager           msdp                            D     in NotifyMotionChange, Exit
02-20 11:06:48.925  851-851      C02210/MotionManager           msdp                            D     in MsdpDataCallback, Exit
02-20 11:06:49.226  2008-4890    C04201/ScreenSessionManagerStub com.ohos.sceneboard             D     <29>OnRemoteRequest: OnRemoteRequest code is 0
02-20 11:06:49.226  704-822      C01713/SUSPEND_MANAGER         resource_schedu                 D     [kstate_callback.cpp(OnKstateCallback):67] 2008 is called by 1123
02-20 11:06:49.226  704-822      C01713/SUSPEND_MANAGER         resource_schedu                 D     [suspend_manager_impl.cpp(GetUidAndBundleName):1391] cannot find pid 2008 in pid map
02-20 11:06:49.226  704-822      C01713/SUSPEND_MANAGER         resource_schedu                 D     [suspend_manager_impl.cpp(GetUidAndBundleName):1391] cannot find pid 2008 in pid map
02-20 11:06:49.226  1123-3430    C02982/DisplayPowerSvc         foundation                      D     [display_power_mgr_service.cpp:223] GetMainDisplayId# GetMainDisplayId 0
02-20 11:06:49.226  1123-3430    C02986/DisplayPowerBrightness  foundation                      D     [display_power_mgr_service.cpp:598] IsChangedLux# changed: 1, 470.800018 vs 543.700012
02-20 11:06:49.226  1123-3430    C02986/DisplayPowerBrightness  foundation                      D     [display_power_mgr_service.cpp:634] IsChangedLux# unstable lux, wait for stable
02-20 11:06:49.227  890-1749     C01c06/TimeService             time_service                    D     [time_service_stub.cpp] OnRemoteRequest#  start##code = 5
02-20 11:06:49.227  890-1749     C01c06/TimeService             time_service                    D     [time_service_stub.cpp] OnRemoteRequest# CallingPid = 704, CallingUid = 0, code = 5
02-20 11:06:49.227  890-1749     C01c06/TimeService             time_service                    D     [time_service_stub.cpp] OnGetBootTimeMs#  start.
02-20 11:06:49.227  1123-3430    C02d08/HiSysEvent-InnerWriter  foundation                      D     hisysevent inner writer result: 0.
02-20 11:06:49.227  890-1749     C01c06/TimeService             time_service                    D     [time_service_stub.cpp] OnGetBootTimeMs#  end.
02-20 11:06:49.227  1123-3430    C02d08/HISYSEVENT              foundation                      D     size=97
02-20 11:06:49.227  704-822      C01c06/TimeService             resource_schedu                 I     [time_service_client.cpp] GetBootTimeMs# Result: 91994994
02-20 11:06:49.227  1123-3430    C02d08/HISYSEVENT              foundation                      D     HiSysEvent send data successful
02-20 11:06:49.227  1840-2825    C01565/DhcpClientServiceImpl   wifi_manager_se                 D     CheckTimeout() ifname:wlan0, notify1 second size:1.
02-20 11:06:49.227  1840-2825    C01565/DhcpClientServiceImpl   wifi_manager_se                 D     DhcpResultHandle() ifname:wlan0, dhcp result is getting...
02-20 11:06:49.227  1840-2825    C01565/DhcpClientServiceImpl   wifi_manager_se                 D     DhcpResultHandle() dhcp result notify finished.
02-20 11:06:49.228  476-1364     C02d10/HiView-EventServer      hiview                          D     ReceiveMsg: length of data received from client is 97.
02-20 11:06:49.228  476-1364     C02d10/HiView-DecodedEvent     hiview                          D     paramCnt is : 1.
