02-19 18:43:25.193  704-14897    C04200/WindowManager           resource_schedu                 I     <166>Notify WindowVisibilityInfo to caller
02-19 18:43:25.193  704-838      C01702/CgroupAdjuster          resource_schedu                 I     AdjustProcessGroup for 2008, source : 10
02-19 18:43:25.193  704-14897    C04200/WindowManager           resource_schedu                 I     <166>Notify WindowVisibilityInfo to caller
02-19 18:43:25.193  704-14897    C01713/SUSPEND_MANAGER         resource_schedu                 I     [suspend_manager_impl.cpp(UpdateVisibleUidMap):1727] uid: 10003 visible window: 5.
02-19 18:43:25.193  704-14897    C01713/SUSPEND_MANAGER         resource_schedu                 I     [suspend_manager_impl.cpp(UpdateVisibleUidMap):1727] uid: 10003 visible window: 4.
02-19 18:43:25.193  704-838      C01702/CgroupAdjuster          resource_schedu                 I     AdjustProcessGroup for 2008, source : 10
02-19 18:43:25.194  2008-2356    C01799/MemMgr                  com.ohos.sceneboard             I     MemMgrClient::GetMemMgrService get service succeed
02-19 18:43:25.194  678-727      C01799/MemMgr                  memmgrservice                   I     MemMgrStub::OnRemoteRequest MemMgrStub::OnReceived, code = 10, flags= 0.
02-19 18:43:25.194  678-727      C01799/MemMgr                  memmgrservice                   I     MemMgrService::OnWindowVisibilityChanged called
02-19 18:43:25.194  678-738      C01799/MemMgr                  memmgrservice                   I     WindowVisibilityObserver::UpdateWindowVisibilityPriorityInner WindowVisibilityInfo[pid=2008, uid=10003, winId=4, visible=0]
02-19 18:43:25.194  678-738      C01799/MemMgr                  memmgrservice                   I     WindowVisibilityObserver::UpdateWindowVisibilityPriorityInner WindowVisibilityInfo[pid=2008, uid=10003, winId=5, visible=0]
02-19 18:43:25.194  678-738      C01799/MemMgr                  memmgrservice                   I     WindowVisibilityObserver::UpdateWindowVisibilityPriorityInner windowVisibleMap_size=2
02-19 18:43:25.194  1278-1278    C01400/OHOS::RS                render_service                  I     RsDebug RSProcessor::Perf: do nothing
02-19 18:43:25.195  1034-2506    C014b1/KRPRPERYIES             composer_host                   E     get property failed
02-19 18:43:25.195  1034-2506    C014c0/GRALLOC                 composer_host                   E     This buffer is nullptr
02-19 18:43:25.196  704-822      C01c06/TimeService             resource_schedu                 I     [time_service_client.cpp] GetBootTimeMs# Result: 32990272
02-19 18:43:25.197  476-1364     C02d10/HiView-SysEventSource   hiview                          I     Parser: parser result domain_=DISPLAY eventName_=AMBIENT_LIGHT
02-19 18:43:25.198  1278-1320    C01400/Composer                render_service                  E     ReleaseFramebuffer: Current frame buffer is nullptr.
02-19 18:43:25.198  1123-1411    C02965/StatsUtils              foundation                      W     [stats_utils.cpp:191] ConvertStatsType# Convert failed due to illegal type=15
02-19 18:43:25.204  1279-1467    C02f01/ATMServ                 accesstoken_ser                 I     [GetTokenType]:tokenID: 0x28060930
02-19 18:43:25.204  2008-2362    C02f01/ATMProxy                com.ohos.sceneboard             I     [GetTokenType]:result from server data = 1
02-19 18:43:25.204  2008-2362    C04200/SceneSessionManager     com.ohos.sceneboard             I     <3776>WindowVisibilityChangeCallback: WindowVisibilityChangeCallback: entry
02-19 18:43:25.205  2008-2356    C01799/MemMgr                  com.ohos.sceneboard             I     MemMgrClient::GetMemMgrService called
02-19 18:43:25.205  704-28772    C04200/WindowManager           resource_schedu                 I     <166>Notify WindowVisibilityInfo to caller
02-19 18:43:25.205  704-838      C01702/CgroupAdjuster          resource_schedu                 I     AdjustProcessGroup for 2008, source : 10
02-19 18:43:25.205  704-28772    C04200/WindowManager           resource_schedu                 I     <166>Notify WindowVisibilityInfo to caller
02-19 18:43:25.205  704-28772    C01713/SUSPEND_MANAGER         resource_schedu                 I     [suspend_manager_impl.cpp(UpdateVisibleUidMap):1723] uid: 10003 visible window: 5.
02-19 18:43:25.205  704-28772    C01713/SUSPEND_MANAGER         resource_schedu                 I     [suspend_manager_impl.cpp(UpdateVisibleUidMap):1723] uid: 10003 visible window: 6.
02-19 18:43:25.205  704-838      C01702/CgroupAdjuster          resource_schedu                 I     AdjustProcessGroup for 2008, source : 10
02-19 18:43:25.206  2008-2356    C01799/MemMgr                  com.ohos.sceneboard             I     MemMgrClient::GetMemMgrService get service succeed
02-19 18:43:25.206  678-727      C01799/MemMgr                  memmgrservice                   I     MemMgrStub::OnRemoteRequest MemMgrStub::OnReceived, code = 10, flags= 0.
02-19 18:43:25.206  678-727      C01799/MemMgr                  memmgrservice                   I     MemMgrService::OnWindowVisibilityChanged called
02-19 18:43:25.206  678-738      C01799/MemMgr                  memmgrservice                   I     WindowVisibilityObserver::UpdateWindowVisibilityPriorityInner WindowVisibilityInfo[pid=2008, uid=10003, winId=4, visible=1]
02-19 18:43:25.206  678-738      C01799/MemMgr                  memmgrservice                   I     WindowVisibilityObserver::UpdateWindowVisibilityPriorityInner WindowVisibilityInfo[pid=2008, uid=10003, winId=5, visible=1]
02-19 18:43:25.206  678-738      C01799/MemMgr                  memmgrservice                   I     WindowVisibilityObserver::UpdateWindowVisibilityPriorityInner windowVisibleMap_size=2
02-19 18:43:25.208  1278-1278    C01400/OHOS::RS                render_service                  I     RsDebug RSProcessor::Perf: do nothing
02-19 18:43:25.208  1034-1056    C014b1/KRPRPERYIES             composer_host                   E     get property failed
02-19 18:43:25.208  1034-1056    C014c0/GRALLOC                 composer_host                   E     This buffer is nullptr
02-19 18:43:25.211  1278-1320    C01400/Composer                render_service                  E     ReleaseFramebuffer: Current frame buffer is nullptr.
02-19 18:43:25.215  1279-1467    C02f01/ATMServ                 accesstoken_ser                 I     [GetTokenType]:tokenID: 0x28060930
02-19 18:43:25.215  2008-2362    C02f01/ATMProxy                com.ohos.sceneboard             I     [GetTokenType]:result from server data = 1
02-19 18:43:25.215  2008-2362    C04200/SceneSessionManager     com.ohos.sceneboard             I     <3776>WindowVisibilityChangeCallback: WindowVisibilityChangeCallback: entry
02-19 18:43:25.215  2008-2356    C01799/MemMgr                  com.ohos.sceneboard             I     MemMgrClient::GetMemMgrService called
02-19 18:43:25.215  704-28772    C04200/WindowManager           resource_schedu                 I     <166>Notify WindowVisibilityInfo to caller
02-19 18:43:25.215  704-838      C01702/CgroupAdjuster          resource_schedu                 I     AdjustProcessGroup for 2008, source : 10
02-19 18:43:25.215  704-28772    C04200/WindowManager           resource_schedu                 I     <166>Notify WindowVisibilityInfo to caller
02-19 18:43:25.215  704-28772    C01713/SUSPEND_MANAGER         resource_schedu                 I     [suspend_manager_impl.cpp(UpdateVisibleUidMap):1727] uid: 10003 visible window: 5.
02-19 18:43:25.215  704-28772    C01713/SUSPEND_MANAGER         resource_schedu                 I     [suspend_manager_impl.cpp(UpdateVisibleUidMap):1727] uid: 10003 visible window: 4.
02-19 18:43:25.216  704-838      C01702/CgroupAdjuster          resource_schedu                 I     AdjustProcessGroup for 2008, source : 10
02-19 18:43:25.216  2008-2356    C01799/MemMgr                  com.ohos.sceneboard             I     MemMgrClient::GetMemMgrService get service succeed
02-19 18:43:25.216  678-727      C01799/MemMgr                  memmgrservice                   I     MemMgrStub::OnRemoteRequest MemMgrStub::OnReceived, code = 10, flags= 0.
02-19 18:43:25.216  678-727      C01799/MemMgr                  memmgrservice                   I     MemMgrService::OnWindowVisibilityChanged called
02-19 18:43:25.216  678-738      C01799/MemMgr                  memmgrservice                   I     WindowVisibilityObserver::UpdateWindowVisibilityPriorityInner WindowVisibilityInfo[pid=2008, uid=10003, winId=4, visible=0]
02-19 18:43:25.216  678-738      C01799/MemMgr                  memmgrservice                   I     WindowVisibilityObserver::UpdateWindowVisibilityPriorityInner WindowVisibilityInfo[pid=2008, uid=10003, winId=5, visible=0]
02-19 18:43:25.216  678-738      C01799/MemMgr                  memmgrservice                   I     WindowVisibilityObserver::UpdateWindowVisibilityPriorityInner windowVisibleMap_size=2
02-19 18:43:25.217  1278-1278    C01400/OHOS::RS                render_service                  I     RsDebug RSProcessor::Perf: do nothing
02-19 18:43:25.217  1034-1056    C014b1/KRPRPERYIES             composer_host                   E     get property failed
02-19 18:43:25.217  1034-1056    C014c0/GRALLOC                 composer_host                   E     This buffer is nullptr
02-19 18:43:25.221  1278-1320    C01400/Composer                render_service                  E     ReleaseFramebuffer: Current frame buffer is nullptr.
02-19 18:43:25.226  1279-1467    C02f01/ATMServ                 accesstoken_ser                 I     [GetTokenType]:tokenID: 0x28060930
02-19 18:43:25.226  2008-2362    C02f01/ATMProxy                com.ohos.sceneboard             I     [GetTokenType]:result from server data = 1
02-19 18:43:25.227  2008-2362    C04200/SceneSessionManager     com.ohos.sceneboard             I     <3776>WindowVisibilityChangeCallback: WindowVisibilityChangeCallback: entry
02-19 18:43:25.227  2008-2356    C01799/MemMgr                  com.ohos.sceneboard             I     MemMgrClient::GetMemMgrService called
02-19 18:43:25.227  704-704      C04200/WindowManager           resource_schedu                 I     <166>Notify WindowVisibilityInfo to caller
02-19 18:43:25.227  704-838      C01702/CgroupAdjuster          resource_schedu                 I     AdjustProcessGroup for 2008, source : 10
02-19 18:43:25.227  704-838      C01702/CgroupAdjuster          resource_schedu                 I     AdjustProcessGroup for 2008, source : 10
02-19 18:43:25.227  704-704      C04200/WindowManager           resource_schedu                 I     <166>Notify WindowVisibilityInfo to caller
02-19 18:43:25.227  704-704      C01713/SUSPEND_MANAGER         resource_schedu                 I     [suspend_manager_impl.cpp(UpdateVisibleUidMap):1723] uid: 10003 visible window: 5.
02-19 18:43:25.227  704-704      C01713/SUSPEND_MANAGER         resource_schedu                 I     [suspend_manager_impl.cpp(UpdateVisibleUidMap):1723] uid: 10003 visible window: 6.
02-19 18:43:25.227  2008-2356    C01799/MemMgr                  com.ohos.sceneboard             I     MemMgrClient::GetMemMgrService get service succeed
02-19 18:43:25.227  678-727      C01799/MemMgr                  memmgrservice                   I     MemMgrStub::OnRemoteRequest MemMgrStub::OnReceived, code = 10, flags= 0.
02-19 18:43:25.227  678-727      C01799/MemMgr                  memmgrservice                   I     MemMgrService::OnWindowVisibilityChanged called
02-19 18:43:25.227  678-738      C01799/MemMgr                  memmgrservice                   I     WindowVisibilityObserver::UpdateWindowVisibilityPriorityInner WindowVisibilityInfo[pid=2008, uid=10003, winId=4, visible=1]
02-19 18:43:25.228  678-738      C01799/MemMgr                  memmgrservice                   I     WindowVisibilityObserver::UpdateWindowVisibilityPriorityInner WindowVisibilityInfo[pid=2008, uid=10003, winId=5, visible=1]
02-19 18:43:25.228  678-738      C01799/MemMgr                  memmgrservice                   I     WindowVisibilityObserver::UpdateWindowVisibilityPriorityInner windowVisibleMap_size=2
02-19 18:43:25.230  1278-1278    C01400/OHOS::RS                render_service                  I     RsDebug RSProcessor::Perf: do nothing
02-19 18:43:25.230  1034-2506    C014b1/KRPRPERYIES             composer_host                   E     get property failed
02-19 18:43:25.230  1034-2506    C014c0/GRALLOC                 composer_host                   E     This buffer is nullptr
02-19 18:43:25.233  1278-1320    C01400/Composer                render_service                  E     ReleaseFramebuffer: Current frame buffer is nullptr.
02-19 18:43:25.237  1279-1467    C02f01/ATMServ                 accesstoken_ser                 I     [GetTokenType]:tokenID: 0x28060930
02-19 18:43:25.237  2008-2362    C02f01/ATMProxy                com.ohos.sceneboard             I     [GetTokenType]:result from server data = 1
02-19 18:43:25.237  2008-2362    C04200/SceneSessionManager     com.ohos.sceneboard             I     <3776>WindowVisibilityChangeCallback: WindowVisibilityChangeCallback: entry
02-19 18:43:25.237  2008-2356    C01799/MemMgr                  com.ohos.sceneboard             I     MemMgrClient::GetMemMgrService called
02-19 18:43:25.238  704-14897    C04200/WindowManager           resource_schedu                 I     <166>Notify WindowVisibilityInfo to caller
02-19 18:43:25.238  704-838      C01702/CgroupAdjuster          resource_schedu                 I     AdjustProcessGroup for 2008, source : 10
02-19 18:43:25.238  704-14897    C04200/WindowManager           resource_schedu                 I     <166>Notify WindowVisibilityInfo to caller
02-19 18:43:25.238  704-838      C01702/CgroupAdjuster          resource_schedu                 I     AdjustProcessGroup for 2008, source : 10
02-19 18:43:25.238  704-14897    C01713/SUSPEND_MANAGER         resource_schedu                 I     [suspend_manager_impl.cpp(UpdateVisibleUidMap):1727] uid: 10003 visible window: 5.
02-19 18:43:25.238  704-14897    C01713/SUSPEND_MANAGER         resource_schedu                 I     [suspend_manager_impl.cpp(UpdateVisibleUidMap):1727] uid: 10003 visible window: 4.
02-19 18:43:25.238  2008-2356    C01799/MemMgr                  com.ohos.sceneboard             I     MemMgrClient::GetMemMgrService get service succeed
02-19 18:43:25.238  678-727      C01799/MemMgr                  memmgrservice                   I     MemMgrStub::OnRemoteRequest MemMgrStub::OnReceived, code = 10, flags= 0.
02-19 18:43:25.238  678-727      C01799/MemMgr                  memmgrservice                   I     MemMgrService::OnWindowVisibilityChanged called
02-19 18:43:25.238  678-738      C01799/MemMgr                  memmgrservice                   I     WindowVisibilityObserver::UpdateWindowVisibilityPriorityInner WindowVisibilityInfo[pid=2008, uid=10003, winId=4, visible=0]
02-19 18:43:25.238  678-738      C01799/MemMgr                  memmgrservice                   I     WindowVisibilityObserver::UpdateWindowVisibilityPriorityInner WindowVisibilityInfo[pid=2008, uid=10003, winId=5, visible=0]
02-19 18:43:25.238  678-738      C01799/MemMgr                  memmgrservice                   I     WindowVisibilityObserver::UpdateWindowVisibilityPriorityInner windowVisibleMap_size=2
02-19 18:43:25.239  1278-1278    C01400/OHOS::RS                render_service                  I     RsDebug RSProcessor::Perf: do nothing
02-19 18:43:25.239  1034-2506    C014b1/KRPRPERYIES             composer_host                   E     get property failed
02-19 18:43:25.239  1034-2506    C014c0/GRALLOC                 composer_host                   E     This buffer is nullptr
02-19 18:43:25.243  1278-1320    C01400/Composer                render_service                  E     ReleaseFramebuffer: Current frame buffer is nullptr.
02-19 18:43:25.249  1279-1467    C02f01/ATMServ                 accesstoken_ser                 I     [GetTokenType]:tokenID: 0x28060930
02-19 18:43:25.249  2008-2362    C02f01/ATMProxy                com.ohos.sceneboard             I     [GetTokenType]:result from server data = 1
02-19 18:43:25.249  2008-2362    C04200/SceneSessionManager     com.ohos.sceneboard             I     <3776>WindowVisibilityChangeCallback: WindowVisibilityChangeCallback: entry
02-19 18:43:25.249  2008-2356    C01799/MemMgr                  com.ohos.sceneboard             I     MemMgrClient::GetMemMgrService called
02-19 18:43:25.249  704-28772    C04200/WindowManager           resource_schedu                 I     <166>Notify WindowVisibilityInfo to caller
02-19 18:43:25.249  704-838      C01702/CgroupAdjuster          resource_schedu                 I     AdjustProcessGroup for 2008, source : 10
02-19 18:43:25.249  704-28772    C04200/WindowManager           resource_schedu                 I     <166>Notify WindowVisibilityInfo to caller
02-19 18:43:25.249  704-28772    C01713/SUSPEND_MANAGER         resource_schedu                 I     [suspend_manager_impl.cpp(UpdateVisibleUidMap):1723] uid: 10003 visible window: 5.
02-19 18:43:25.249  704-28772    C01713/SUSPEND_MANAGER         resource_schedu                 I     [suspend_manager_impl.cpp(UpdateVisibleUidMap):1723] uid: 10003 visible window: 6.
02-19 18:43:25.250  704-838      C01702/CgroupAdjuster          resource_schedu                 I     AdjustProcessGroup for 2008, source : 10
02-19 18:43:25.250  2008-2356    C01799/MemMgr                  com.ohos.sceneboard             I     MemMgrClient::GetMemMgrService get service succeed
02-19 18:43:25.250  678-727      C01799/MemMgr                  memmgrservice                   I     MemMgrStub::OnRemoteRequest MemMgrStub::OnReceived, code = 10, flags= 0.
02-19 18:43:25.250  678-727      C01799/MemMgr                  memmgrservice                   I     MemMgrService::OnWindowVisibilityChanged called
02-19 18:43:25.250  678-738      C01799/MemMgr                  memmgrservice                   I     WindowVisibilityObserver::UpdateWindowVisibilityPriorityInner WindowVisibilityInfo[pid=2008, uid=10003, winId=4, visible=1]
02-19 18:43:25.250  678-738      C01799/MemMgr                  memmgrservice                   I     WindowVisibilityObserver::UpdateWindowVisibilityPriorityInner WindowVisibilityInfo[pid=2008, uid=10003, winId=5, visible=1]
02-19 18:43:25.250  678-738      C01799/MemMgr                  memmgrservice                   I     WindowVisibilityObserver::UpdateWindowVisibilityPriorityInner windowVisibleMap_size=2
02-19 18:43:25.253  1278-1278    C01400/OHOS::RS                render_service                  I     RsDebug RSProcessor::Perf: do nothing
02-19 18:43:25.253  1034-1056    C014b1/KRPRPERYIES             composer_host                   E     get property failed
02-19 18:43:25.253  1034-1056    C014c0/GRALLOC                 composer_host                   E     This buffer is nullptr
02-19 18:43:25.256  1278-1320    C01400/Composer                render_service                  E     ReleaseFramebuffer: Current frame buffer is nullptr.
02-19 18:43:25.260  1279-1467    C02f01/ATMServ                 accesstoken_ser                 I     [GetTokenType]:tokenID: 0x28060930
02-19 18:43:25.260  2008-2362    C02f01/ATMProxy                com.ohos.sceneboard             I     [GetTokenType]:result from server data = 1
02-19 18:43:25.260  2008-2362    C04200/SceneSessionManager     com.ohos.sceneboard             I     <3776>WindowVisibilityChangeCallback: WindowVisibilityChangeCallback: entry
02-19 18:43:25.260  2008-2356    C01799/MemMgr                  com.ohos.sceneboard             I     MemMgrClient::GetMemMgrService called
02-19 18:43:25.260  704-704      C04200/WindowManager           resource_schedu                 I     <166>Notify WindowVisibilityInfo to caller
02-19 18:43:25.260  704-704      C04200/WindowManager           resource_schedu                 I     <166>Notify WindowVisibilityInfo to caller
02-19 18:43:25.260  704-704      C01713/SUSPEND_MANAGER         resource_schedu                 I     [suspend_manager_impl.cpp(UpdateVisibleUidMap):1727] uid: 10003 visible window: 5.
02-19 18:43:25.260  704-704      C01713/SUSPEND_MANAGER         resource_schedu                 I     [suspend_manager_impl.cpp(UpdateVisibleUidMap):1727] uid: 10003 visible window: 4.
02-19 18:43:25.261  704-838      C01702/CgroupAdjuster          resource_schedu                 I     AdjustProcessGroup for 2008, source : 10
02-19 18:43:25.261  2008-2356    C01799/MemMgr                  com.ohos.sceneboard             I     MemMgrClient::GetMemMgrService get service succeed
02-19 18:43:25.261  678-727      C01799/MemMgr                  memmgrservice                   I     MemMgrStub::OnRemoteRequest MemMgrStub::OnReceived, code = 10, flags= 0.
02-19 18:43:25.261  704-838      C01702/CgroupAdjuster          resource_schedu                 I     AdjustProcessGroup for 2008, source : 10
02-19 18:43:25.261  678-727      C01799/MemMgr                  memmgrservice                   I     MemMgrService::OnWindowVisibilityChanged called
02-19 18:43:25.261  678-738      C01799/MemMgr                  memmgrservice                   I     WindowVisibilityObserver::UpdateWindowVisibilityPriorityInner WindowVisibilityInfo[pid=2008, uid=10003, winId=4, visible=0]
02-19 18:43:25.261  678-738      C01799/MemMgr                  memmgrservice                   I     WindowVisibilityObserver::UpdateWindowVisibilityPriorityInner WindowVisibilityInfo[pid=2008, uid=10003, winId=5, visible=0]
02-19 18:43:25.261  678-738      C01799/MemMgr                  memmgrservice                   I     WindowVisibilityObserver::UpdateWindowVisibilityPriorityInner windowVisibleMap_size=2
02-19 18:43:25.261  1278-1278    C01400/OHOS::RS                render_service                  I     RsDebug RSProcessor::Perf: do nothing
02-19 18:43:25.261  1034-1056    C014b1/KRPRPERYIES             composer_host                   E     get property failed
02-19 18:43:25.261  1034-1056    C014c0/GRALLOC                 composer_host                   E     This buffer is nullptr
02-19 18:43:25.265  1278-1320    C01400/Composer                render_service                  E     ReleaseFramebuffer: Current frame buffer is nullptr.
02-19 18:43:25.271  1279-1467    C02f01/ATMServ                 accesstoken_ser                 I     [GetTokenType]:tokenID: 0x28060930
02-19 18:43:25.271  2008-2362    C02f01/ATMProxy                com.ohos.sceneboard             I     [GetTokenType]:result from server data = 1
02-19 18:43:25.271  2008-2362    C04200/SceneSessionManager     com.ohos.sceneboard             I     <3776>WindowVisibilityChangeCallback: WindowVisibilityChangeCallback: entry
02-19 18:43:25.271  2008-2356    C01799/MemMgr                  com.ohos.sceneboard             I     MemMgrClient::GetMemMgrService called
02-19 18:43:25.271  704-704      C04200/WindowManager           resource_schedu                 I     <166>Notify WindowVisibilityInfo to caller
02-19 18:43:25.271  704-838      C01702/CgroupAdjuster          resource_schedu                 I     AdjustProcessGroup for 2008, source : 10
02-19 18:43:25.271  704-704      C04200/WindowManager           resource_schedu                 I     <166>Notify WindowVisibilityInfo to caller
02-19 18:43:25.271  704-704      C01713/SUSPEND_MANAGER         resource_schedu                 I     [suspend_manager_impl.cpp(UpdateVisibleUidMap):1723] uid: 10003 visible window: 5.
02-19 18:43:25.271  704-704      C01713/SUSPEND_MANAGER         resource_schedu                 I     [suspend_manager_impl.cpp(UpdateVisibleUidMap):1723] uid: 10003 visible window: 6.
02-19 18:43:25.272  704-838      C01702/CgroupAdjuster          resource_schedu                 I     AdjustProcessGroup for 2008, source : 10
02-19 18:43:25.272  2008-2356    C01799/MemMgr                  com.ohos.sceneboard             I     MemMgrClient::GetMemMgrService get service succeed
02-19 18:43:25.272  678-727      C01799/MemMgr                  memmgrservice                   I     MemMgrStub::OnRemoteRequest MemMgrStub::OnReceived, code = 10, flags= 0.
02-19 18:43:25.272  678-727      C01799/MemMgr                  memmgrservice                   I     MemMgrService::OnWindowVisibilityChanged called
02-19 18:43:25.272  678-738      C01799/MemMgr                  memmgrservice                   I     WindowVisibilityObserver::UpdateWindowVisibilityPriorityInner WindowVisibilityInfo[pid=2008, uid=10003, winId=4, visible=1]
02-19 18:43:25.272  678-738      C01799/MemMgr                  memmgrservice                   I     WindowVisibilityObserver::UpdateWindowVisibilityPriorityInner WindowVisibilityInfo[pid=2008, uid=10003, winId=5, visible=1]
02-19 18:43:25.272  678-738      C01799/MemMgr                  memmgrservice                   I     WindowVisibilityObserver::UpdateWindowVisibilityPriorityInner windowVisibleMap_size=2
02-19 18:43:25.275  1278-1278    C01400/OHOS::RS                render_service                  I     RsDebug RSProcessor::Perf: do nothing
02-19 18:43:25.275  1034-2506    C014b1/KRPRPERYIES             composer_host                   E     get property failed
02-19 18:43:25.275  1034-2506    C014c0/GRALLOC                 composer_host                   E     This buffer is nullptr
02-19 18:43:25.278  1278-1320    C01400/Composer                render_service                  E     ReleaseFramebuffer: Current frame buffer is nullptr.
02-19 18:43:25.281  1279-1467    C02f01/ATMServ                 accesstoken_ser                 I     [GetTokenType]:tokenID: 0x28060930
02-19 18:43:25.282  2008-2362    C02f01/ATMProxy                com.ohos.sceneboard             I     [GetTokenType]:result from server data = 1
02-19 18:43:25.282  2008-2362    C04200/SceneSessionManager     com.ohos.sceneboard             I     <3776>WindowVisibilityChangeCallback: WindowVisibilityChangeCallback: entry
02-19 18:43:25.282  2008-2356    C01799/MemMgr                  com.ohos.sceneboard             I     MemMgrClient::GetMemMgrService called
02-19 18:43:25.282  704-14897    C04200/WindowManager           resource_schedu                 I     <166>Notify WindowVisibilityInfo to caller
02-19 18:43:25.282  704-14897    C04200/WindowManager           resource_schedu                 I     <166>Notify WindowVisibilityInfo to caller
02-19 18:43:25.282  704-838      C01702/CgroupAdjuster          resource_schedu                 I     AdjustProcessGroup for 2008, source : 10
02-19 18:43:25.282  704-838      C01702/CgroupAdjuster          resource_schedu                 I     AdjustProcessGroup for 2008, source : 10
02-19 18:43:25.282  704-14897    C01713/SUSPEND_MANAGER         resource_schedu                 I     [suspend_manager_impl.cpp(UpdateVisibleUidMap):1727] uid: 10003 visible window: 5.
02-19 18:43:25.282  704-14897    C01713/SUSPEND_MANAGER         resource_schedu                 I     [suspend_manager_impl.cpp(UpdateVisibleUidMap):1727] uid: 10003 visible window: 4.
02-19 18:43:25.282  2008-2356    C01799/MemMgr                  com.ohos.sceneboard             I     MemMgrClient::GetMemMgrService get service succeed
02-19 18:43:25.282  678-727      C01799/MemMgr                  memmgrservice                   I     MemMgrStub::OnRemoteRequest MemMgrStub::OnReceived, code = 10, flags= 0.
02-19 18:43:25.282  678-727      C01799/MemMgr                  memmgrservice                   I     MemMgrService::OnWindowVisibilityChanged called
02-19 18:43:25.282  678-738      C01799/MemMgr                  memmgrservice                   I     WindowVisibilityObserver::UpdateWindowVisibilityPriorityInner WindowVisibilityInfo[pid=2008, uid=10003, winId=4, visible=0]
02-19 18:43:25.282  678-738      C01799/MemMgr                  memmgrservice                   I     WindowVisibilityObserver::UpdateWindowVisibilityPriorityInner WindowVisibilityInfo[pid=2008, uid=10003, winId=5, visible=0]
02-19 18:43:25.282  678-738      C01799/MemMgr                  memmgrservice                   I     WindowVisibilityObserver::UpdateWindowVisibilityPriorityInner windowVisibleMap_size=2
02-19 18:43:25.283  1278-1278    C01400/OHOS::RS                render_service                  I     RsDebug RSProcessor::Perf: do nothing
02-19 18:43:25.283  1034-2506    C014b1/KRPRPERYIES             composer_host                   E     get property failed
02-19 18:43:25.283  1034-2506    C014c0/GRALLOC                 composer_host                   E     This buffer is nullptr
02-19 18:43:25.287  1278-1320    C01400/Composer                render_service                  E     ReleaseFramebuffer: Current frame buffer is nullptr.
02-19 18:43:25.293  1279-1467    C02f01/ATMServ                 accesstoken_ser                 I     [GetTokenType]:tokenID: 0x28060930
02-19 18:43:25.293  2008-2362    C02f01/ATMProxy                com.ohos.sceneboard             I     [GetTokenType]:result from server data = 1
02-19 18:43:25.293  2008-2362    C04200/SceneSessionManager     com.ohos.sceneboard             I     <3776>WindowVisibilityChangeCallback: WindowVisibilityChangeCallback: entry
02-19 18:43:25.293  2008-2356    C01799/MemMgr                  com.ohos.sceneboard             I     MemMgrClient::GetMemMgrService called
02-19 18:43:25.293  704-704      C04200/WindowManager           resource_schedu                 I     <166>Notify WindowVisibilityInfo to caller
02-19 18:43:25.293  704-704      C04200/WindowManager           resource_schedu                 I     <166>Notify WindowVisibilityInfo to caller
02-19 18:43:25.293  704-838      C01702/CgroupAdjuster          resource_schedu                 I     AdjustProcessGroup for 2008, source : 10
02-19 18:43:25.293  704-704      C01713/SUSPEND_MANAGER         resource_schedu                 I     [suspend_manager_impl.cpp(UpdateVisibleUidMap):1723] uid: 10003 visible window: 5.
02-19 18:43:25.293  704-704      C01713/SUSPEND_MANAGER         resource_schedu                 I     [suspend_manager_impl.cpp(UpdateVisibleUidMap):1723] uid: 10003 visible window: 6.
02-19 18:43:25.293  704-838      C01702/CgroupAdjuster          resource_schedu                 I     AdjustProcessGroup for 2008, source : 10
02-19 18:43:25.295  2008-2356    C01799/MemMgr                  com.ohos.sceneboard             I     MemMgrClient::GetMemMgrService get service succeed
02-19 18:43:25.295  678-727      C01799/MemMgr                  memmgrservice                   I     MemMgrStub::OnRemoteRequest MemMgrStub::OnReceived, code = 10, flags= 0.
02-19 18:43:25.295  678-727      C01799/MemMgr                  memmgrservice                   I     MemMgrService::OnWindowVisibilityChanged called
02-19 18:43:25.295  678-738      C01799/MemMgr                  memmgrservice                   I     WindowVisibilityObserver::UpdateWindowVisibilityPriorityInner WindowVisibilityInfo[pid=2008, uid=10003, winId=4, visible=1]
02-19 18:43:25.295  678-738      C01799/MemMgr                  memmgrservice                   I     WindowVisibilityObserver::UpdateWindowVisibilityPriorityInner WindowVisibilityInfo[pid=2008, uid=10003, winId=5, visible=1]
02-19 18:43:25.295  678-738      C01799/MemMgr                  memmgrservice                   I     WindowVisibilityObserver::UpdateWindowVisibilityPriorityInner windowVisibleMap_size=2
02-19 18:43:25.297  1278-1278    C01400/OHOS::RS                render_service                  I     RsDebug RSProcessor::Perf: do nothing
02-19 18:43:25.297  1034-1056    C014b1/KRPRPERYIES             composer_host                   E     get property failed
02-19 18:43:25.297  1034-1056    C014c0/GRALLOC                 composer_host                   E     This buffer is nullptr
02-19 18:43:25.300  1278-1320    C01400/Composer                render_service                  E     ReleaseFramebuffer: Current frame buffer is nullptr.
02-19 18:43:25.302  476-1892     C02d10/XPower                  hiview                          E     [DubaiLibAgent.cpp] SetDataAccounter# Failed to find accounter by component id: 8
02-19 18:43:25.304  1279-1467    C02f01/ATMServ                 accesstoken_ser                 I     [GetTokenType]:tokenID: 0x28060930
02-19 18:43:25.304  2008-2362    C02f01/ATMProxy                com.ohos.sceneboard             I     [GetTokenType]:result from server data = 1
02-19 18:43:25.304  2008-2362    C04200/SceneSessionManager     com.ohos.sceneboard             I     <3776>WindowVisibilityChangeCallback: WindowVisibilityChangeCallback: entry
02-19 18:43:25.304  2008-2356    C01799/MemMgr                  com.ohos.sceneboard             I     MemMgrClient::GetMemMgrService called
02-19 18:43:25.304  704-28772    C04200/WindowManager           resource_schedu                 I     <166>Notify WindowVisibilityInfo to caller
02-19 18:43:25.304  704-838      C01702/CgroupAdjuster          resource_schedu                 I     AdjustProcessGroup for 2008, source : 10
02-19 18:43:25.304  704-28772    C04200/WindowManager           resource_schedu                 I     <166>Notify WindowVisibilityInfo to caller
02-19 18:43:25.304  704-28772    C01713/SUSPEND_MANAGER         resource_schedu                 I     [suspend_manager_impl.cpp(UpdateVisibleUidMap):1727] uid: 10003 visible window: 5.
02-19 18:43:25.304  704-28772    C01713/SUSPEND_MANAGER         resource_schedu                 I     [suspend_manager_impl.cpp(UpdateVisibleUidMap):1727] uid: 10003 visible window: 4.
02-19 18:43:25.304  704-838      C01702/CgroupAdjuster          resource_schedu                 I     AdjustProcessGroup for 2008, source : 10
02-19 18:43:25.305  2008-2356    C01799/MemMgr                  com.ohos.sceneboard             I     MemMgrClient::GetMemMgrService get service succeed
02-19 18:43:25.305  678-727      C01799/MemMgr                  memmgrservice                   I     MemMgrStub::OnRemoteRequest MemMgrStub::OnReceived, code = 10, flags= 0.
02-19 18:43:25.305  678-727      C01799/MemMgr                  memmgrservice                   I     MemMgrService::OnWindowVisibilityChanged called
02-19 18:43:25.305  678-738      C01799/MemMgr                  memmgrservice                   I     WindowVisibilityObserver::UpdateWindowVisibilityPriorityInner WindowVisibilityInfo[pid=2008, uid=10003, winId=4, visible=0]
02-19 18:43:25.305  678-738      C01799/MemMgr                  memmgrservice                   I     WindowVisibilityObserver::UpdateWindowVisibilityPriorityInner WindowVisibilityInfo[pid=2008, uid=10003, winId=5, visible=0]
02-19 18:43:25.305  678-738      C01799/MemMgr                  memmgrservice                   I     WindowVisibilityObserver::UpdateWindowVisibilityPriorityInner windowVisibleMap_size=2
02-19 18:43:25.305  1278-1278    C01400/OHOS::RS                render_service                  I     RsDebug RSProcessor::Perf: do nothing
02-19 18:43:25.306  1034-2506    C014b1/KRPRPERYIES             composer_host                   E     get property failed
02-19 18:43:25.306  1034-2506    C014c0/GRALLOC                 composer_host                   E     This buffer is nullptr
02-19 18:43:25.309  1278-1320    C01400/Composer                render_service                  E     ReleaseFramebuffer: Current frame buffer is nullptr.
02-19 18:43:25.315  1279-1467    C02f01/ATMServ                 accesstoken_ser                 I     [GetTokenType]:tokenID: 0x28060930
02-19 18:43:25.315  2008-2362    C02f01/ATMProxy                com.ohos.sceneboard             I     [GetTokenType]:result from server data = 1
02-19 18:43:25.315  2008-2362    C04200/SceneSessionManager     com.ohos.sceneboard             I     <3776>WindowVisibilityChangeCallback: WindowVisibilityChangeCallback: entry
02-19 18:43:25.316  704-14897    C04200/WindowManager           resource_schedu                 I     <166>Notify WindowVisibilityInfo to caller
02-19 18:43:25.316  704-838      C01702/CgroupAdjuster          resource_schedu                 I     AdjustProcessGroup for 2008, source : 10
02-19 18:43:25.316  704-14897    C04200/WindowManager           resource_schedu                 I     <166>Notify WindowVisibilityInfo to caller
02-19 18:43:25.316  704-14897    C01713/SUSPEND_MANAGER         resource_schedu                 I     [suspend_manager_impl.cpp(UpdateVisibleUidMap):1723] uid: 10003 visible window: 5.
02-19 18:43:25.316  704-14897    C01713/SUSPEND_MANAGER         resource_schedu                 I     [suspend_manager_impl.cpp(UpdateVisibleUidMap):1723] uid: 10003 visible window: 6.
02-19 18:43:25.316  704-838      C01702/CgroupAdjuster          resource_schedu                 I     AdjustProcessGroup for 2008, source : 10
02-19 18:43:25.316  2008-2356    C01799/MemMgr                  com.ohos.sceneboard             I     MemMgrClient::GetMemMgrService called
02-19 18:43:25.316  2008-2356    C01799/MemMgr                  com.ohos.sceneboard             I     MemMgrClient::GetMemMgrService get service succeed
02-19 18:43:25.316  678-727      C01799/MemMgr                  memmgrservice                   I     MemMgrStub::OnRemoteRequest MemMgrStub::OnReceived, code = 10, flags= 0.
02-19 18:43:25.316  678-727      C01799/MemMgr                  memmgrservice                   I     MemMgrService::OnWindowVisibilityChanged called
02-19 18:43:25.316  678-738      C01799/MemMgr                  memmgrservice                   I     WindowVisibilityObserver::UpdateWindowVisibilityPriorityInner WindowVisibilityInfo[pid=2008, uid=10003, winId=4, visible=1]
02-19 18:43:25.317  678-738      C01799/MemMgr                  memmgrservice                   I     WindowVisibilityObserver::UpdateWindowVisibilityPriorityInner WindowVisibilityInfo[pid=2008, uid=10003, winId=5, visible=1]
02-19 18:43:25.317  678-738      C01799/MemMgr                  memmgrservice                   I     WindowVisibilityObserver::UpdateWindowVisibilityPriorityInner windowVisibleMap_size=2
02-19 18:43:25.319  1278-1278    C01400/OHOS::RS                render_service                  I     RsDebug RSProcessor::Perf: do nothing
02-19 18:43:25.319  1034-2506    C014b1/KRPRPERYIES             composer_host                   E     get property failed
02-19 18:43:25.319  1034-2506    C014c0/GRALLOC                 composer_host                   E     This buffer is nullptr
02-19 18:43:25.322  1278-1320    C01400/Composer                render_service                  E     ReleaseFramebuffer: Current frame buffer is nullptr.
02-19 18:43:25.326  1279-1467    C02f01/ATMServ                 accesstoken_ser                 I     [GetTokenType]:tokenID: 0x28060930
02-19 18:43:25.326  2008-2362    C02f01/ATMProxy                com.ohos.sceneboard             I     [GetTokenType]:result from server data = 1
02-19 18:43:25.326  2008-2362    C04200/SceneSessionManager     com.ohos.sceneboard             I     <3776>WindowVisibilityChangeCallback: WindowVisibilityChangeCallback: entry
02-19 18:43:25.326  2008-2356    C01799/MemMgr                  com.ohos.sceneboard             I     MemMgrClient::GetMemMgrService called
02-19 18:43:25.326  704-14897    C04200/WindowManager           resource_schedu                 I     <166>Notify WindowVisibilityInfo to caller
02-19 18:43:25.326  704-14897    C04200/WindowManager           resource_schedu                 I     <166>Notify WindowVisibilityInfo to caller
02-19 18:43:25.326  704-838      C01702/CgroupAdjuster          resource_schedu                 I     AdjustProcessGroup for 2008, source : 10
02-19 18:43:25.326  704-14897    C01713/SUSPEND_MANAGER         resource_schedu                 I     [suspend_manager_impl.cpp(UpdateVisibleUidMap):1727] uid: 10003 visible window: 5.
02-19 18:43:25.326  704-838      C01702/CgroupAdjuster          resource_schedu                 I     AdjustProcessGroup for 2008, source : 10
02-19 18:43:25.326  704-14897    C01713/SUSPEND_MANAGER         resource_schedu                 I     [suspend_manager_impl.cpp(UpdateVisibleUidMap):1727] uid: 10003 visible window: 4.
02-19 18:43:25.327  2008-2356    C01799/MemMgr                  com.ohos.sceneboard             I     MemMgrClient::GetMemMgrService get service succeed
02-19 18:43:25.327  678-727      C01799/MemMgr                  memmgrservice                   I     MemMgrStub::OnRemoteRequest MemMgrStub::OnReceived, code = 10, flags= 0.
02-19 18:43:25.327  678-727      C01799/MemMgr                  memmgrservice                   I     MemMgrService::OnWindowVisibilityChanged called
02-19 18:43:25.327  678-738      C01799/MemMgr                  memmgrservice                   I     WindowVisibilityObserver::UpdateWindowVisibilityPriorityInner WindowVisibilityInfo[pid=2008, uid=10003, winId=4, visible=0]
02-19 18:43:25.327  678-738      C01799/MemMgr                  memmgrservice                   I     WindowVisibilityObserver::UpdateWindowVisibilityPriorityInner WindowVisibilityInfo[pid=2008, uid=10003, winId=5, visible=0]
02-19 18:43:25.327  678-738      C01799/MemMgr                  memmgrservice                   I     WindowVisibilityObserver::UpdateWindowVisibilityPriorityInner windowVisibleMap_size=2
02-19 18:43:25.328  1278-1278    C01400/OHOS::RS                render_service                  I     RsDebug RSProcessor::Perf: do nothing
02-19 18:43:25.328  1034-2506    C014b1/KRPRPERYIES             composer_host                   E     get property failed
02-19 18:43:25.328  1034-2506    C014c0/GRALLOC                 composer_host                   E     This buffer is nullptr
02-19 18:43:25.331  1278-1320    C01400/Composer                render_service                  E     ReleaseFramebuffer: Current frame buffer is nullptr.
02-19 18:43:25.337  1279-1467    C02f01/ATMServ                 accesstoken_ser                 I     [GetTokenType]:tokenID: 0x28060930
02-19 18:43:25.337  2008-2362    C02f01/ATMProxy                com.ohos.sceneboard             I     [GetTokenType]:result from server data = 1
02-19 18:43:25.337  2008-2362    C04200/SceneSessionManager     com.ohos.sceneboard             I     <3776>WindowVisibilityChangeCallback: WindowVisibilityChangeCallback: entry
02-19 18:43:25.337  704-28772    C04200/WindowManager           resource_schedu                 I     <166>Notify WindowVisibilityInfo to caller
02-19 18:43:25.338  2008-2356    C01799/MemMgr                  com.ohos.sceneboard             I     MemMgrClient::GetMemMgrService called
02-19 18:43:25.338  704-838      C01702/CgroupAdjuster          resource_schedu                 I     AdjustProcessGroup for 2008, source : 10
02-19 18:43:25.338  704-28772    C04200/WindowManager           resource_schedu                 I     <166>Notify WindowVisibilityInfo to caller
02-19 18:43:25.338  704-28772    C01713/SUSPEND_MANAGER         resource_schedu                 I     [suspend_manager_impl.cpp(UpdateVisibleUidMap):1723] uid: 10003 visible window: 5.
02-19 18:43:25.338  704-838      C01702/CgroupAdjuster          resource_schedu                 I     AdjustProcessGroup for 2008, source : 10
02-19 18:43:25.338  704-28772    C01713/SUSPEND_MANAGER         resource_schedu                 I     [suspend_manager_impl.cpp(UpdateVisibleUidMap):1723] uid: 10003 visible window: 6.
02-19 18:43:25.338  2008-2356    C01799/MemMgr                  com.ohos.sceneboard             I     MemMgrClient::GetMemMgrService get service succeed
02-19 18:43:25.338  678-727      C01799/MemMgr                  memmgrservice                   I     MemMgrStub::OnRemoteRequest MemMgrStub::OnReceived, code = 10, flags= 0.
02-19 18:43:25.338  678-727      C01799/MemMgr                  memmgrservice                   I     MemMgrService::OnWindowVisibilityChanged called
02-19 18:43:25.338  678-738      C01799/MemMgr                  memmgrservice                   I     WindowVisibilityObserver::UpdateWindowVisibilityPriorityInner WindowVisibilityInfo[pid=2008, uid=10003, winId=4, visible=1]
02-19 18:43:25.339  678-738      C01799/MemMgr                  memmgrservice                   I     WindowVisibilityObserver::UpdateWindowVisibilityPriorityInner WindowVisibilityInfo[pid=2008, uid=10003, winId=5, visible=1]
02-19 18:43:25.339  678-738      C01799/MemMgr                  memmgrservice                   I     WindowVisibilityObserver::UpdateWindowVisibilityPriorityInner windowVisibleMap_size=2
02-19 18:43:25.341  1278-1278    C01400/OHOS::RS                render_service                  I     RsDebug RSProcessor::Perf: do nothing
02-19 18:43:25.342  1034-1056    C014b1/KRPRPERYIES             composer_host                   E     get property failed
02-19 18:43:25.342  1034-1056    C014c0/GRALLOC                 composer_host                   E     This buffer is nullptr
02-19 18:43:25.344  1278-1320    C01400/Composer                render_service                  E     ReleaseFramebuffer: Current frame buffer is nullptr.
02-19 18:43:25.348  1279-1467    C02f01/ATMServ                 accesstoken_ser                 I     [GetTokenType]:tokenID: 0x28060930
02-19 18:43:25.348  2008-2362    C02f01/ATMProxy                com.ohos.sceneboard             I     [GetTokenType]:result from server data = 1
02-19 18:43:25.348  2008-2362    C04200/SceneSessionManager     com.ohos.sceneboard             I     <3776>WindowVisibilityChangeCallback: WindowVisibilityChangeCallback: entry
02-19 18:43:25.348  2008-2356    C01799/MemMgr                  com.ohos.sceneboard             I     MemMgrClient::GetMemMgrService called
02-19 18:43:25.348  704-704      C04200/WindowManager           resource_schedu                 I     <166>Notify WindowVisibilityInfo to caller
02-19 18:43:25.349  704-704      C04200/WindowManager           resource_schedu                 I     <166>Notify WindowVisibilityInfo to caller
02-19 18:43:25.349  704-704      C01713/SUSPEND_MANAGER         resource_schedu                 I     [suspend_manager_impl.cpp(UpdateVisibleUidMap):1727] uid: 10003 visible window: 5.
02-19 18:43:25.349  704-704      C01713/SUSPEND_MANAGER         resource_schedu                 I     [suspend_manager_impl.cpp(UpdateVisibleUidMap):1727] uid: 10003 visible window: 4.
02-19 18:43:25.349  704-838      C01702/CgroupAdjuster          resource_schedu                 I     AdjustProcessGroup for 2008, source : 10
02-19 18:43:25.349  2008-2356    C01799/MemMgr                  com.ohos.sceneboard             I     MemMgrClient::GetMemMgrService get service succeed
02-19 18:43:25.349  704-838      C01702/CgroupAdjuster          resource_schedu                 I     AdjustProcessGroup for 2008, source : 10
02-19 18:43:25.349  678-727      C01799/MemMgr                  memmgrservice                   I     MemMgrStub::OnRemoteRequest MemMgrStub::OnReceived, code = 10, flags= 0.
02-19 18:43:25.349  678-727      C01799/MemMgr                  memmgrservice                   I     MemMgrService::OnWindowVisibilityChanged called
02-19 18:43:25.349  678-738      C01799/MemMgr                  memmgrservice                   I     WindowVisibilityObserver::UpdateWindowVisibilityPriorityInner WindowVisibilityInfo[pid=2008, uid=10003, winId=4, visible=0]
02-19 18:43:25.349  678-738      C01799/MemMgr                  memmgrservice                   I     WindowVisibilityObserver::UpdateWindowVisibilityPriorityInner WindowVisibilityInfo[pid=2008, uid=10003, winId=5, visible=0]
02-19 18:43:25.350  678-738      C01799/MemMgr                  memmgrservice                   I     WindowVisibilityObserver::UpdateWindowVisibilityPriorityInner windowVisibleMap_size=2
02-19 18:43:25.351  1278-1278    C01400/OHOS::RS                render_service                  I     RsDebug RSProcessor::Perf: do nothing
02-19 18:43:25.351  1034-1056    C014b1/KRPRPERYIES             composer_host                   E     get property failed
02-19 18:43:25.351  1034-1056    C014c0/GRALLOC                 composer_host                   E     This buffer is nullptr
02-19 18:43:25.352  2008-2008    A0001b/SceneBoard              com.ohos.sceneboard             I     AppIcon --> TouchScale play end
02-19 18:43:25.353  1278-1320    C01400/Composer                render_service                  E     ReleaseFramebuffer: Current frame buffer is nullptr.
02-19 18:43:25.359  1279-1467    C02f01/ATMServ                 accesstoken_ser                 I     [GetTokenType]:tokenID: 0x28060930
02-19 18:43:25.360  2008-2362    C02f01/ATMProxy                com.ohos.sceneboard             I     [GetTokenType]:result from server data = 1
02-19 18:43:25.360  2008-2362    C04200/SceneSessionManager     com.ohos.sceneboard             I     <3776>WindowVisibilityChangeCallback: WindowVisibilityChangeCallback: entry
02-19 18:43:25.360  704-28772    C04200/WindowManager           resource_schedu                 I     <166>Notify WindowVisibilityInfo to caller
02-19 18:43:25.360  704-838      C01702/CgroupAdjuster          resource_schedu                 I     AdjustProcessGroup for 2008, source : 10
02-19 18:43:25.360  704-838      C01702/CgroupAdjuster          resource_schedu                 I     AdjustProcessGroup for 2008, source : 10
02-19 18:43:25.360  704-28772    C04200/WindowManager           resource_schedu                 I     <166>Notify WindowVisibilityInfo to caller
02-19 18:43:25.360  2008-2356    C01799/MemMgr                  com.ohos.sceneboard             I     MemMgrClient::GetMemMgrService called
02-19 18:43:25.360  704-28772    C01713/SUSPEND_MANAGER         resource_schedu                 I     [suspend_manager_impl.cpp(UpdateVisibleUidMap):1723] uid: 10003 visible window: 5.
02-19 18:43:25.360  704-28772    C01713/SUSPEND_MANAGER         resource_schedu                 I     [suspend_manager_impl.cpp(UpdateVisibleUidMap):1723] uid: 10003 visible window: 6.
