tokenizer.cpp(TokenizeContent:38)] TokenizeContent token :vla
02-19 18:43:24.924  2915-2921    C01681/FusionSearchService     com.ohos.FusionSearch           I     [ngramone_tokenizer.cpp(TokenizeContent:38)] TokenizeContent token :8
02-19 18:43:24.924  2915-2921    C01681/FusionSearchService     com.ohos.FusionSearch           I     [ngramone_tokenizer.cpp(TokenizeContent:38)] TokenizeContent token :jmtsjppegzrqz
02-19 18:43:24.924  2915-2921    C01681/FusionSearchService     com.ohos.FusionSearch           I     [ngramone_tokenizer.cpp(TokenizeContent:38)] TokenizeContent token :8
02-19 18:43:24.924  2915-2921    C01681/FusionSearchService     com.ohos.FusionSearch           I     [ngramone_tokenizer.cpp(TokenizeContent:38)] TokenizeContent token :eliewfyu
02-19 18:43:24.924  2915-2921    C01681/FusionSearchService     com.ohos.FusionSearch           I     [ngramone_tokenizer.cpp(TokenizeContent:38)] TokenizeContent token :4
02-19 18:43:24.924  2915-2921    C01681/FusionSearchService     com.ohos.FusionSearch           I     [ngramone_tokenizer.cpp(TokenizeContent:38)] TokenizeContent token :jjiz
02-19 18:43:24.924  2915-2921    C01681/FusionSearchService     com.ohos.FusionSearch           I     [ngramone_tokenizer.cpp(TokenizeContent:38)] TokenizeContent token :0
02-19 18:43:24.924  2915-2921    C01681/FusionSearchService     com.ohos.FusionSearch           I     [ngramone_tokenizer.cpp(TokenizeContent:38)] TokenizeContent token :bfkvveqvhjgwnpfpod
02-19 18:43:24.924  2915-2921    C01681/FusionSearchService     com.ohos.FusionSearch           I     [ngramone_tokenizer.cpp(TokenizeContent:38)] TokenizeContent token :4
02-19 18:43:24.924  2915-2921    C01681/FusionSearchService     com.ohos.FusionSearch           I     [ngramone_tokenizer.cpp(TokenizeContent:38)] TokenizeContent token :pnseqsqirs
02-19 18:43:24.924  2915-2921    C01681/FusionSearchService     com.ohos.FusionSearch           I     [ngramone_tokenizer.cpp(TokenizeContent:38)] TokenizeContent token :4
02-19 18:43:24.924  2915-2921    C01681/FusionSearchService     com.ohos.FusionSearch           I     [ngramone_tokenizer.cpp(TokenizeContent:38)] TokenizeContent token :hrhhjnmaxarwq
02-19 18:43:24.924  2915-2921    C01681/FusionSearchService     com.ohos.FusionSearch           I     [ngramone_tokenizer.cpp(TokenizeContent:38)] TokenizeContent token :6
02-19 18:43:24.924  2915-2921    C01681/FusionSearchService     com.ohos.FusionSearch           I     [ngramone_tokenizer.cpp(TokenizeContent:38)] TokenizeContent token :s
02-19 18:43:24.924  2915-2921    C01681/FusionSearchService     com.ohos.FusionSearch           I     [ngramone_tokenizer.cpp(TokenizeContent:38)] TokenizeContent token :7
02-19 18:43:24.924  2915-2921    C01681/FusionSearchService     com.ohos.FusionSearch           I     [ngramone_tokenizer.cpp(TokenizeContent:38)] TokenizeContent token :sjflbkwmlwizofcgujs
02-19 18:43:24.924  2915-2921    C01681/FusionSearchService     com.ohos.FusionSearch           I     [ngramone_tokenizer.cpp(TokenizeContent:38)] TokenizeContent token :5
02-19 18:43:24.924  2915-2921    C01681/FusionSearchService     com.ohos.FusionSearch           I     [ngramone_tokenizer.cpp(TokenizeContent:38)] TokenizeContent token :fcckfjmzo
02-19 18:43:24.924  2915-2921    C01681/FusionSearchService     com.ohos.FusionSearch           I     [ngramone_tokenizer.cpp(TokenizeContent:38)] TokenizeContent token :/
02-19 18:43:24.924  2915-2921    C01681/FusionSearchService     com.ohos.FusionSearch           I     [ngramone_tokenizer.cpp(TokenizeContent:38)] TokenizeContent token :f
02-19 18:43:24.924  2915-2921    C01681/FusionSearchService     com.ohos.FusionSearch           I     [ngramone_tokenizer.cpp(TokenizeContent:38)] TokenizeContent token :3
02-19 18:43:24.924  2915-2921    C01681/FusionSearchService     com.ohos.FusionSearch           I     [ngramone_tokenizer.cpp(TokenizeContent:38)] TokenizeContent token :fcinbjguhu
02-19 18:43:24.924  2915-2921    C01681/FusionSearchService     com.ohos.FusionSearch           I     [ngramone_tokenizer.cpp(TokenizeContent:38)] TokenizeContent token :8
02-19 18:43:24.924  2915-2921    C01681/FusionSearchService     com.ohos.FusionSearch           I     [ngramone_tokenizer.cpp(TokenizeContent:38)] TokenizeContent token :hiitmmp
02-19 18:43:24.924  2915-2921    C01681/FusionSearchService     com.ohos.FusionSearch           I     [ngramone_tokenizer.cpp(TokenizeContent:38)] TokenizeContent token :9
02-19 18:43:24.924  2915-2921    C01681/FusionSearchService     com.ohos.FusionSearch           I     [ngramone_tokenizer.cpp(TokenizeContent:38)] TokenizeContent token :ztbkkk
02-19 18:43:24.924  2915-2921    C01681/FusionSearchService     com.ohos.FusionSearch           I     [ngramone_tokenizer.cpp(TokenizeContent:38)] TokenizeContent token :/
02-19 18:43:24.924  2915-2921    C01681/FusionSearchService     com.ohos.FusionSearch           I     [ngramone_tokenizer.cpp(TokenizeContent:38)] TokenizeContent token :dpshbzita
02-19 18:43:24.924  2915-2921    C01681/FusionSearchService     com.ohos.FusionSearch           I     [ngramone_tokenizer.cpp(TokenizeContent:38)] TokenizeContent token :20
02-19 18:43:24.924  2915-2921    C01681/FusionSearchService     com.ohos.FusionSearch           I     [ngramone_tokenizer.cpp(TokenizeContent:38)] TokenizeContent token :/
02-19 18:43:24.924  2915-2921    C01681/FusionSearchService     com.ohos.FusionSearch           I     [ngramone_tokenizer.cpp(TokenizeContent:38)] TokenizeContent token :zmypiq
02-19 18:43:24.924  2915-2921    C01681/FusionSearchService     com.ohos.FusionSearch           I     [ngramone_tokenizer.cpp(TokenizeContent:38)] TokenizeContent token :2
02-19 18:43:24.924  2915-2921    C01681/FusionSearchService     com.ohos.FusionSearch           I     [ngramone_tokenizer.cpp(TokenizeContent:38)] TokenizeContent token :nbzahfy
02-19 18:43:24.924  2915-2921    C01681/FusionSearchService     com.ohos.FusionSearch           I     [ngramone_tokenizer.cpp(TokenizeContent:38)] TokenizeContent token :/
02-19 18:43:24.924  2915-2921    C01681/FusionSearchService     com.ohos.FusionSearch           I     [ngramone_tokenizer.cpp(TokenizeContent:38)] TokenizeContent token :kzzmospiur
02-19 18:43:24.924  2915-2921    C01681/FusionSearchService     com.ohos.FusionSearch           I     [ngramone_tokenizer.cpp(TokenizeContent:38)] TokenizeContent token :8
02-19 18:43:24.924  2915-2921    C01681/FusionSearchService     com.ohos.FusionSearch           I     [ngramone_tokenizer.cpp(TokenizeContent:38)] TokenizeContent token :hzkr
02-19 18:43:24.924  678-30318    C01510/IPCObjectProxy          memmgrservice                   W     63: handle = 8 destroyed, descriptor: IPCObjectProxy8
02-19 18:43:24.924  2915-2921    C01681/FusionSearchService     com.ohos.FusionSearch           I     [ngramone_tokenizer.cpp(TokenizeContent:38)] TokenizeContent token :67
02-19 18:43:24.924  2915-2921    C01681/FusionSearchService     com.ohos.FusionSearch           I     [ngramone_tokenizer.cpp(TokenizeContent:38)] TokenizeContent token :ps
02-19 18:43:24.924  2915-2921    C01681/FusionSearchService     com.ohos.FusionSearch           I     [ngramone_tokenizer.cpp(TokenizeContent:38)] TokenizeContent token :+
02-19 18:43:24.924  2915-2921    C01681/FusionSearchService     com.ohos.FusionSearch           I     [ngramone_tokenizer.cpp(TokenizeContent:38)] TokenizeContent token :hpd
02-19 18:43:24.924  2915-2921    C01681/FusionSearchService     com.ohos.FusionSearch           I     [ngramone_tokenizer.cpp(TokenizeContent:38)] TokenizeContent token :61
02-19 18:43:24.924  2915-2921    C01681/FusionSearchService     com.ohos.FusionSearch           I     [ngramone_tokenizer.cpp(TokenizeContent:38)] TokenizeContent token :cmxsawhv
02-19 18:43:24.924  2915-2921    C01681/FusionSearchService     com.ohos.FusionSearch           I     [ngramone_tokenizer.cpp(TokenizeContent:38)] TokenizeContent token :8
02-19 18:43:24.924  2915-2921    C01681/FusionSearchService     com.ohos.FusionSearch           I     [ngramone_tokenizer.cpp(TokenizeContent:38)] TokenizeContent token :bpg
02-19 18:43:24.924  2915-2921    C01681/FusionSearchService     com.ohos.FusionSearch           I     [ngramone_tokenizer.cpp(TokenizeContent:38)] TokenizeContent token :2
02-19 18:43:24.924  2915-2921    C01681/FusionSearchService     com.ohos.FusionSearch           I     [ngramone_tokenizer.cpp(TokenizeContent:38)] TokenizeContent token :l
02-19 18:43:24.924  2915-2921    C01681/FusionSearchService     com.ohos.FusionSearch           I     [ngramone_tokenizer.cpp(TokenizeContent:38)] TokenizeContent token :/
02-19 18:43:24.924  2915-2921    C01681/FusionSearchService     com.ohos.FusionSearch           I     [ngramone_tokenizer.cpp(TokenizeContent:38)] TokenizeContent token :45
02-19 18:43:24.924  2915-2921    C01681/FusionSearchService     com.ohos.FusionSearch           I     [ngramone_tokenizer.cpp(TokenizeContent:38)] TokenizeContent token :jnhcsowpinrtsgdykxkevqjg
02-19 18:43:24.924  2915-2921    C01681/FusionSearchService     com.ohos.FusionSearch           I     [ngramone_tokenizer.cpp(TokenizeContent:38)] TokenizeContent token :0
02-19 18:43:24.924  2915-2921    C01681/FusionSearchService     com.ohos.FusionSearch           I     [ngramone_tokenizer.cpp(TokenizeContent:38)] TokenizeContent token :tobxnw
02-19 18:43:24.924  2915-2921    C01681/FusionSearchService     com.ohos.FusionSearch           I     [ngramone_tokenizer.cpp(TokenizeContent:38)] TokenizeContent token :9
02-19 18:43:24.924  2915-2921    C01681/FusionSearchService     com.ohos.FusionSearch           I     [ngramone_tokenizer.cpp(TokenizeContent:38)] TokenizeContent token :ks
02-19 18:43:24.924  2915-2921    C01681/FusionSearchService     com.ohos.FusionSearch           I     [ngramone_tokenizer.cpp(TokenizeContent:38)] TokenizeContent token :6
02-19 18:43:24.924  2915-2921    C01681/FusionSearchService     com.ohos.FusionSearch           I     [ngramone_tokenizer.cpp(TokenizeContent:38)] TokenizeContent token :bkkw
02-19 18:43:24.924  2915-2921    C01681/FusionSearchService     com.ohos.FusionSearch           I     [ngramone_tokenizer.cpp(TokenizeContent:38)] TokenizeContent token :14
02-19 18:43:24.925  2915-2921    C01681/FusionSearchService     com.ohos.FusionSearch           I     [ngramone_tokenizer.cpp(TokenizeContent:38)] TokenizeContent token :igm
02-19 18:43:24.925  2915-2921    C01681/FusionSearchService     com.ohos.FusionSearch           I     [ngramone_tokenizer.cpp(TokenizeContent:38)] TokenizeContent token :097
02-19 18:43:24.925  2915-2921    C01681/FusionSearchService     com.ohos.FusionSearch           I     [ngramone_tokenizer.cpp(TokenizeContent:38)] TokenizeContent token :vbqcq
02-19 18:43:24.925  2915-2921    C01681/FusionSearchService     com.ohos.FusionSearch           I     [ngramone_tokenizer.cpp(TokenizeContent:38)] TokenizeContent token :0
02-19 18:43:24.925  2915-2921    C01681/FusionSearchService     com.ohos.FusionSearch           I     [ngramone_tokenizer.cpp(TokenizeContent:38)] TokenizeContent token :xonitvr
02-19 18:43:24.925  2915-2921    C01681/FusionSearchService     com.ohos.FusionSearch           I     [ngramone_tokenizer.cpp(TokenizeContent:38)] TokenizeContent token :134
02-19 18:43:24.925  2915-2921    C01681/FusionSearchService     com.ohos.FusionSearch           I     [ngramone_tokenizer.cpp(TokenizeContent:38)] TokenizeContent token :p
02-19 18:43:24.925  678-30318    C01510/IPCObjectProxy          memmgrservice                   I     58: handle = 9 create, descriptor: IPCObjectProxy9
02-19 18:43:24.925  2915-2921    C01681/FusionSearchService     com.ohos.FusionSearch           I     [ngramone_tokenizer.cpp(TokenizeContent:38)] TokenizeContent token :/
02-19 18:43:24.925  2915-2921    C01681/FusionSearchService     com.ohos.FusionSearch           I     [ngramone_tokenizer.cpp(TokenizeContent:38)] TokenizeContent token :a
02-19 18:43:24.925  2915-2921    C01681/FusionSearchService     com.ohos.FusionSearch           I     [ngramone_tokenizer.cpp(TokenizeContent:38)] TokenizeContent token :+
02-19 18:43:24.925  2915-2921    C01681/FusionSearchService     com.ohos.FusionSearch           I     [ngramone_tokenizer.cpp(TokenizeContent:38)] TokenizeContent token :o
02-19 18:43:24.925  2915-2921    C01681/FusionSearchService     com.ohos.FusionSearch           I     [ngramone_tokenizer.cpp(TokenizeContent:38)] TokenizeContent token :/
02-19 18:43:24.925  2915-2921    C01681/FusionSearchService     com.ohos.FusionSearch           I     [ngramone_tokenizer.cpp(TokenizeContent:38)] TokenizeContent token :tnsei
02-19 18:43:24.925  2915-2921    C01681/FusionSearchService     com.ohos.FusionSearch           I     [ngramone_tokenizer.cpp(TokenizeContent:38)] TokenizeContent token :0
02-19 18:43:24.925  2915-2921    C01681/FusionSearchService     com.ohos.FusionSearch           I     [ngramone_tokenizer.cpp(TokenizeContent:38)] TokenizeContent token :i
02-19 18:43:24.925  2915-2921    C01681/FusionSearchService     com.ohos.FusionSearch           I     [ngramone_tokenizer.cpp(TokenizeContent:38)] TokenizeContent token :2
02-19 18:43:24.925  2915-2921    C01681/FusionSearchService     com.ohos.FusionSearch           I     [ngramone_tokenizer.cpp(TokenizeContent:38)] TokenizeContent token :hviow
02-19 18:43:24.925  2915-2921    C01681/FusionSearchService     com.ohos.FusionSearch           I     [ngramone_tokenizer.cpp(TokenizeContent:38)] TokenizeContent token :4
02-19 18:43:24.925  2915-2921    C01681/FusionSearchService     com.ohos.FusionSearch           I     [ngramone_tokenizer.cpp(TokenizeContent:38)] TokenizeContent token :qhhabcoylyjubaupiuvqptr
02-19 18:43:24.925  2915-2921    C01681/FusionSearchService     com.ohos.FusionSearch           I     [ngramone_tokenizer.cpp(TokenizeContent:38)] TokenizeContent token :0
02-19 18:43:24.925  2915-2921    C01681/FusionSearchService     com.ohos.FusionSearch           I     [ngramone_tokenizer.cpp(TokenizeContent:38)] TokenizeContent token :gpdenfodknofgw
02-19 18:43:24.925  2915-2921    C01681/FusionSearchService     com.ohos.FusionSearch           I     [ngramone_tokenizer.cpp(TokenizeContent:38)] TokenizeContent token :8
02-19 18:43:24.925  2915-2921    C01681/FusionSearchService     com.ohos.FusionSearch           I     [ngramone_tokenizer.cpp(TokenizeContent:38)] TokenizeContent token :cva
02-19 18:43:24.925  2915-2921    C01681/FusionSearchService     com.ohos.FusionSearch           I     [ngramone_tokenizer.cpp(TokenizeContent:38)] TokenizeContent token :6
02-19 18:43:24.925  2915-2921    C01681/FusionSearchService     com.ohos.FusionSearch           I     [ngramone_tokenizer.cpp(TokenizeContent:38)] TokenizeContent token :u
02-19 18:43:24.925  2915-2921    C01681/FusionSearchService     com.ohos.FusionSearch           I     [ngramone_tokenizer.cpp(TokenizeContent:38)] TokenizeContent token :/
02-19 18:43:24.925  2915-2921    C01681/FusionSearchService     com.ohos.FusionSearch           I     [ngramone_tokenizer.cpp(TokenizeContent:38)] TokenizeContent token :aklkgnqpzytq
02-19 18:43:24.925  2915-2921    C01681/FusionSearchService     com.ohos.FusionSearch           I     [ngramone_tokenizer.cpp(TokenizeContent:38)] TokenizeContent token :66
02-19 18:43:24.925  2915-2921    C01681/FusionSearchService     com.ohos.FusionSearch           I     [ngramone_tokenizer.cpp(TokenizeContent:38)] TokenizeContent token :ufzrhbdqsnwtwhvosuvmoxbz
02-19 18:43:24.925  2915-2921    C01681/FusionSearchService     com.ohos.FusionSearch           I     [ngramone_tokenizer.cpp(TokenizeContent:38)] TokenizeContent token :4
02-19 18:43:24.925  2915-2921    C01681/FusionSearchService     com.ohos.FusionSearch           I     [ngramone_tokenizer.cpp(TokenizeContent:38)] TokenizeContent token :zm
02-19 18:43:24.925  2915-2921    C01681/FusionSearchService     com.ohos.FusionSearch           I     [ngramone_tokenizer.cpp(TokenizeContent:38)] TokenizeContent token :0
02-19 18:43:24.925  2915-2921    C01681/FusionSearchService     com.ohos.FusionSearch           I     [ngramone_tokenizer.cpp(TokenizeContent:38)] TokenizeContent token :a
02-19 18:43:24.925  2915-2921    C01681/FusionSearchService     com.ohos.FusionSearch           I     [ngramone_tokenizer.cpp(TokenizeContent:38)] TokenizeContent token :+
02-19 18:43:24.925  2915-2921    C01681/FusionSearchService     com.ohos.FusionSearch           I     [ngramone_tokenizer.cpp(TokenizeContent:38)] TokenizeContent token :cd
02-19 18:43:24.925  2915-2921    C01681/FusionSearchService     com.ohos.FusionSearch           I     [ngramone_tokenizer.cpp(TokenizeContent:38)] TokenizeContent token :4
02-19 18:43:24.925  2915-2921    C01681/FusionSearchService     com.ohos.FusionSearch           I     [ngramone_tokenizer.cpp(TokenizeContent:38)] TokenizeContent token :nf
02-19 18:43:24.925  2915-2921    C01681/FusionSearchService     com.ohos.FusionSearch           I     [ngramone_tokenizer.cpp(TokenizeContent:38)] TokenizeContent token :8
02-19 18:43:24.925  2915-2921    C01681/FusionSearchService     com.ohos.FusionSearch           I     [ngramone_tokenizer.cpp(TokenizeContent:38)] TokenizeContent token :ek
02-19 18:43:24.925  2915-2921    C01681/FusionSearchService     com.ohos.FusionSearch           I     [ngramone_tokenizer.cpp(TokenizeContent:38)] TokenizeContent token :0
02-19 18:43:24.925  2915-2921    C01681/FusionSearchService     com.ohos.FusionSearch           I     [ngramone_tokenizer.cpp(TokenizeContent:38)] TokenizeContent token :hvzawdce
02-19 18:43:24.925  2915-2921    C01681/FusionSearchService     com.ohos.FusionSearch           I     [ngramone_tokenizer.cpp(TokenizeContent:38)] TokenizeContent token :0
02-19 18:43:24.925  2915-2921    C01681/FusionSearchService     com.ohos.FusionSearch           I     [ngramone_tokenizer.cpp(TokenizeContent:38)] TokenizeContent token :jolau
02-19 18:43:24.925  2915-2921    C01681/FusionSearchService     com.ohos.FusionSearch           I     [ngramone_tokenizer.cpp(TokenizeContent:38)] TokenizeContent token :0
02-19 18:43:24.925  2915-2921    C01681/FusionSearchService     com.ohos.FusionSearch           I     [ngramone_tokenizer.cpp(TokenizeContent:38)] TokenizeContent token :rcmxokuapieegdhmmrmdwruilhecg
02-19 18:43:24.925  2915-2921    C01681/FusionSearchService     com.ohos.FusionSearch           I     [ngramone_tokenizer.cpp(TokenizeContent:38)] TokenizeContent token :7
02-19 18:43:24.925  2915-2921    C01681/FusionSearchService     com.ohos.FusionSearch           I     [ngramone_tokenizer.cpp(TokenizeContent:38)] TokenizeContent token :cvk
02-19 18:43:24.925  2915-2921    C01681/FusionSearchService     com.ohos.FusionSearch           I     [ngramone_tokenizer.cpp(TokenizeContent:38)] TokenizeContent token :49
02-19 18:43:24.925  2915-2921    C01681/FusionSearchService     com.ohos.FusionSearch           I     [ngramone_tokenizer.cpp(TokenizeContent:38)] TokenizeContent token :ksbzjttceiqtmiuyqkp
02-19 18:43:24.925  2915-2921    C01681/FusionSearchService     com.ohos.FusionSearch           I     [ngramone_tokenizer.cpp(TokenizeContent:38)] TokenizeContent token :+
02-19 18:43:24.925  2915-2921    C01681/FusionSearchService     com.ohos.FusionSearch           I     [ngramone_tokenizer.cpp(TokenizeContent:38)] TokenizeContent token :js
02-19 18:43:24.925  2915-2921    C01681/FusionSearchService     com.ohos.FusionSearch           I     [ngramone_tokenizer.cpp(TokenizeContent:38)] TokenizeContent token :7
02-19 18:43:24.925  2915-2921    C01681/FusionSearchService     com.ohos.FusionSearch           I     [ngramone_tokenizer.cpp(TokenizeContent:38)] TokenizeContent token :izk
02-19 18:43:24.925  2915-2921    C01681/FusionSearchService     com.ohos.FusionSearch           I     [ngramone_tokenizer.cpp(TokenizeContent:38)] TokenizeContent token :7
02-19 18:43:24.925  2915-2921    C01681/FusionSearchService     com.ohos.FusionSearch           I     [ngramone_tokenizer.cpp(TokenizeContent:38)] TokenizeContent token :faftdvbsoum
02-19 18:43:24.925  2915-2921    C01681/FusionSearchService     com.ohos.FusionSearch           I     [ngramone_tokenizer.cpp(TokenizeContent:38)] TokenizeContent token :+
02-19 18:43:24.925  2915-2921    C01681/FusionSearchService     com.ohos.FusionSearch           I     [ngramone_tokenizer.cpp(TokenizeContent:38)] TokenizeContent token :dzealg
02-19 18:43:24.925  2915-2921    C01681/FusionSearchService     com.ohos.FusionSearch           I     [ngramone_tokenizer.cpp(TokenizeContent:38)] TokenizeContent token :42
02-19 18:43:24.925  2915-2921    C01681/FusionSearchService     com.ohos.FusionSearch           I     [ngramone_tokenizer.cpp(TokenizeContent:38)] TokenizeContent token :acq
02-19 18:43:24.925  2915-2921    C01681/FusionSearchService     com.ohos.FusionSearch           I     [ngramone_tokenizer.cpp(TokenizeContent:38)] TokenizeContent token :1
02-19 18:43:24.925  2915-2921    C01681/FusionSearchService     com.ohos.FusionSearch           I     [ngramone_tokenizer.cpp(TokenizeContent:38)] TokenizeContent token :h
02-19 18:43:24.925  2915-2921    C01681/FusionSearchService     com.ohos.FusionSearch           I     [ngramone_tokenizer.cpp(TokenizeContent:38)] TokenizeContent token :7
02-19 18:43:24.925  2915-2921    C01681/FusionSearchService     com.ohos.FusionSearch           I     [ngramone_tokenizer.cpp(TokenizeContent:38)] TokenizeContent token :gauq
02-19 18:43:24.925  2915-2921    C01681/FusionSearchService     com.ohos.FusionSearch           I     [ngramone_tokenizer.cpp(TokenizeContent:38)] TokenizeContent token :9
02-19 18:43:24.925  2915-2921    C01681/FusionSearchService     com.ohos.FusionSearch           I     [ngramone_tokenizer.cpp(TokenizeContent:38)] TokenizeContent token :ofwajmb
02-19 18:43:24.925  2915-2921    C01681/FusionSearchService     com.ohos.FusionSearch           I     [ngramone_tokenizer.cpp(TokenizeContent:38)] TokenizeContent token :4
02-19 18:43:24.925  2915-2921    C01681/FusionSearchService     com.ohos.FusionSearch           I     [ngramone_tokenizer.cpp(TokenizeContent:38)] TokenizeContent token :wexcujjm
02-19 18:43:24.925  2915-2921    C01681/FusionSearchService     com.ohos.FusionSearch           I     [ngramone_tokenizer.cpp(TokenizeContent:38)] TokenizeContent token :8
02-19 18:43:24.925  2915-2921    C01681/FusionSearchService     com.ohos.FusionSearch           I     [ngramone_tokenizer.cpp(TokenizeContent:38)] TokenizeContent token :ou
02-19 18:43:24.925  2915-2921    C01681/FusionSearchService     com.ohos.FusionSearch           I     [ngramone_tokenizer.cpp(TokenizeContent:38)] TokenizeContent token :+
02-19 18:43:24.925  2915-2921    C01681/FusionSearchService     com.ohos.FusionSearch           I     [ngramone_tokenizer.cpp(TokenizeContent:38)] TokenizeContent token :i
02-19 18:43:24.925  2915-2921    C01681/FusionSearchService     com.ohos.FusionSearch           I     [ngramone_tokenizer.cpp(TokenizeContent:38)] TokenizeContent token :3
02-19 18:43:24.925  2915-2921    C01681/FusionSearchService     com.ohos.FusionSearch           I     [ngramone_tokenizer.cpp(TokenizeContent:38)] TokenizeContent token :pcyal
02-19 18:43:24.925  12791-12791  C03900/NAPI                    pid-12791                       I     [(native_module_manager.cpp:239)(Register)] NativeModule Register success. module name is 'multimedia.camera'
02-19 18:43:24.925  2915-2921    C01681/FusionSearchService     com.ohos.FusionSearch           I     [ngramone_tokenizer.cpp(TokenizeContent:38)] TokenizeContent token :6
02-19 18:43:24.925  2915-2921    C01681/FusionSearchService     com.ohos.FusionSearch           I     [ngramone_tokenizer.cpp(TokenizeContent:38)] TokenizeContent token :c
02-19 18:43:24.925  2915-2921    C01681/FusionSearchService     com.ohos.FusionSearch           I     [ngramone_tokenizer.cpp(TokenizeContent:38)] TokenizeContent token :3
02-19 18:43:24.925  2915-2921    C01681/FusionSearchService     com.ohos.FusionSearch           I     [ngramone_tokenizer.cpp(TokenizeContent:38)] TokenizeContent token :b
02-19 18:43:24.925  2915-2921    C01681/FusionSearchService     com.ohos.FusionSearch           I     [ngramone_tokenizer.cpp(TokenizeContent:38)] TokenizeContent token :8
02-19 18:43:24.925  2915-2921    C01681/FusionSearchService     com.ohos.FusionSearch           I     [ngramone_tokenizer.cpp(TokenizeContent:38)] TokenizeContent token :bhydggp
02-19 18:43:24.925  2915-2921    C01681/FusionSearchService     com.ohos.FusionSearch           I     [ngramone_tokenizer.cpp(TokenizeContent:38)] TokenizeContent token :90
02-19 18:43:24.925  2915-2921    C01681/FusionSearchService     com.ohos.FusionSearch           I     [ngramone_tokenizer.cpp(TokenizeContent:38)] TokenizeContent token :jqgluyzwzc
02-19 18:43:24.925  2915-2921    C01681/FusionSearchService     com.ohos.FusionSearch           I     [ngramone_tokenizer.cpp(TokenizeContent:38)] TokenizeContent token :2
02-19 18:43:24.925  2915-2921    C01681/FusionSearchService     com.ohos.FusionSearch           I     [ngramone_tokenizer.cpp(TokenizeContent:38)] TokenizeContent token :qvpkdkhihlrqoa
02-19 18:43:24.925  2915-2921    C01681/FusionSearchService     com.ohos.FusionSearch           I     [ngramone_tokenizer.cpp(TokenizeContent:38)] TokenizeContent token :9
02-19 18:43:24.925  2915-2921    C01681/FusionSearchService     com.ohos.FusionSearch           I     [ngramone_tokenizer.cpp(TokenizeContent:38)] TokenizeContent token :o
02-19 18:43:24.925  2915-2921    C01681/FusionSearchService     com.ohos.FusionSearch           I     [ngramone_tokenizer.cpp(TokenizeContent:38)] TokenizeContent token :05
02-19 18:43:24.925  2915-2921    C01681/FusionSearchService     com.ohos.FusionSearch           I     [ngramone_tokenizer.cpp(TokenizeContent:38)] TokenizeContent token :yosbsewfarbktw
02-19 18:43:24.925  2915-2921    C01681/FusionSearchService     com.ohos.FusionSearch           I     [ngramone_tokenizer.cpp(TokenizeContent:38)] TokenizeContent token :/
02-19 18:43:24.925  2915-2921    C01681/FusionSearchService     com.ohos.FusionSearch           I     [ngramone_tokenizer.cpp(TokenizeContent:38)] TokenizeContent token :jy
02-19 18:43:24.925  2915-2921    C01681/FusionSearchService     com.ohos.FusionSearch           I     [ngramone_tokenizer.cpp(TokenizeContent:38)] TokenizeContent token :49
02-19 18:43:24.925  2915-2921    C01681/FusionSearchService     com.ohos.FusionSearch           I     [ngramone_tokenizer.cpp(TokenizeContent:38)] TokenizeContent token :ljoz
02-19 18:43:24.925  2915-2921    C01681/FusionSearchService     com.ohos.FusionSearch           I     [ngramone_tokenizer.cpp(TokenizeContent:38)] TokenizeContent token :0
02-19 18:43:24.925  678-739      C01799/MemMgr                  memmgrservice                   E     ReclaimPriorityManager::DeleteBundleInfoFromSet delete 1 bundles from set, uid_=20010081, totalBundlePrioSet_.size=12
02-19 18:43:24.925  2915-2921    C01681/FusionSearchService     com.ohos.FusionSearch           I     [ngramone_tokenizer.cpp(TokenizeContent:38)] TokenizeContent token :fbfpptmfceqs
02-19 18:43:24.925  2915-2921    C01681/FusionSearchService     com.ohos.FusionSearch           I     [ngramone_tokenizer.cpp(TokenizeContent:38)] TokenizeContent token :/
02-19 18:43:24.925  678-739      C01799/MemMgr                  memmgrservice                   E     ReclaimPriorityManager::AddBundleInfoToSet success to insert bundle to set, uid_=20010081, totalBundlePrioSet_.size=13
02-19 18:43:24.925  2915-2921    C01681/FusionSearchService     com.ohos.FusionSearch           I     [ngramone_tokenizer.cpp(TokenizeContent:38)] TokenizeContent token :k
02-19 18:43:24.925  678-739      C01799/MemMgr                  memmgrservice                   E     ReclaimPriorityManager::AddBundleInfoToSet procsNumsSum = 15
02-19 18:43:24.925  2915-2921    C01681/FusionSearchService     com.ohos.FusionSearch           I     [ngramone_tokenizer.cpp(TokenizeContent:38)] TokenizeContent token :5
02-19 18:43:24.925  2915-2921    C01681/FusionSearchService     com.ohos.FusionSearch           I     [ngramone_tokenizer.cpp(TokenizeContent:38)] TokenizeContent token :wmuow
02-19 18:43:24.925  2915-2921    C01681/FusionSearchService     com.ohos.FusionSearch           I     [ngramone_tokenizer.cpp(TokenizeContent:38)] TokenizeContent token :+
02-19 18:43:24.925  2915-2921    C01681/FusionSearchService     com.ohos.FusionSearch           I     [ngramone_tokenizer.cpp(TokenizeContent:38)] TokenizeContent token :bhfg
02-19 18:43:24.925  2915-2921    C01681/FusionSearchService     com.ohos.FusionSearch           I     [ngramone_tokenizer.cpp(TokenizeContent:38)] TokenizeContent token :0
02-19 18:43:24.925  2915-2921    C01681/FusionSearchService     com.ohos.FusionSearch           I     [ngramone_tokenizer.cpp(TokenizeContent:38)] TokenizeContent token :ps
02-19 18:43:24.925  2915-2921    C01681/FusionSearchService     com.ohos.FusionSearch           I     [ngramone_tokenizer.cpp(TokenizeContent:38)] TokenizeContent token :2
02-19 18:43:24.925  12791-12791  C02b00/CAMERA                  pid-12791                       I     {Export()-native_module_ohos_camera.cpp:25} Export called()
02-19 18:43:24.925  2915-2921    C01681/FusionSearchService     com.ohos.FusionSearch           I     [ngramone_tokenizer.cpp(TokenizeContent:38)] TokenizeContent token :auhmptasoc
02-19 18:43:24.925  2915-2921    C01681/FusionSearchService     com.ohos.FusionSearch           I     [ngramone_tokenizer.cpp(TokenizeContent:38)] TokenizeContent token :5
02-19 18:43:24.925  2915-2921    C01681/FusionSearchService     com.ohos.FusionSearch           I     [ngramone_tokenizer.cpp(TokenizeContent:38)] TokenizeContent token :wq
02-19 18:43:24.925  2915-2921    C01681/FusionSearchService     com.ohos.FusionSearch           I     [ngramone_tokenizer.cpp(TokenizeContent:38)] TokenizeContent token :2
02-19 18:43:24.925  2915-2921    C01681/FusionSearchService     com.ohos.FusionSearch           I     [ngramone_tokenizer.cpp(TokenizeContent:38)] TokenizeContent token :brny
02-19 18:43:24.925  2915-2921    C01681/FusionSearchService     com.ohos.FusionSearch           I     [ngramone_tokenizer.cpp(TokenizeContent:38)] TokenizeContent token :8
02-19 18:43:24.925  2915-2921    C01681/FusionSearchService     com.ohos.FusionSearch           I     [ngramone_tokenizer.cpp(TokenizeContent:38)] TokenizeContent token :y
02-19 18:43:24.925  2915-2921    C01681/FusionSearchService     com.ohos.FusionSearch           I     [ngramone_tokenizer.cpp(TokenizeContent:38)] TokenizeContent token :+
02-19 18:43:24.925  849-880      C01510/IPCObjectProxy          bgtaskmgr_servi                 W     63: handle = 18 destroyed, descriptor: IPCObjectProxy18
02-19 18:43:24.925  1278-1320    C01400/Composer                render_service                  E     ReleaseFramebuffer: Current frame buffer is nullptr.
02-19 18:43:24.925  634-1842     C01710/BUNDLE_ACTIVE           device_usage_st                 I     [bundle_active_user_history.cpp(ReportUsage):196] RegisterAppGroupCallBack will ReportUsage
02-19 18:43:24.925  2915-2921    C01681/FusionSearchService     com.ohos.FusionSearch           I     [ngramone_tokenizer.cpp(TokenizeContent:38)] TokenizeContent token :0
02-19 18:43:24.925  2915-2921    C01681/FusionSearchService     com.ohos.FusionSearch           I     [ngramone_tokenizer.cpp(TokenizeContent:38)] TokenizeContent token :zjtz
02-19 18:43:24.925  2915-2921    C01681/FusionSearchService     com.ohos.FusionSearch           I     [ngramone_tokenizer.cpp(TokenizeContent:38)] TokenizeContent token :/
02-19 18:43:24.925  2915-2921    C01681/FusionSearchService     com.ohos.FusionSearch           I     [ngramone_tokenizer.cpp(TokenizeContent:38)] TokenizeContent token :h
02-19 18:43:24.925  2915-2921    C01681/FusionSearchService     com.ohos.FusionSearch           I     [ngramone_tokenizer.cpp(TokenizeContent:38)] TokenizeContent token :1
02-19 18:43:24.925  2915-2921    C01681/FusionSearchService     com.ohos.FusionSearch           I     [ngramone_tokenizer.cpp(TokenizeContent:38)] TokenizeContent token :y
02-19 18:43:24.926  2915-2921    C01681/FusionSearchService     com.ohos.FusionSearch           I     [ngramone_tokenizer.cpp(TokenizeContent:38)] TokenizeContent token :0
02-19 18:43:24.926  2915-2921    C01681/FusionSearchService     com.ohos.FusionSearch           I     [ngramone_tokenizer.cpp(TokenizeContent:38)] TokenizeContent token :ehtmfpysa
02-19 18:43:24.926  2915-2921    C01681/FusionSearchService     com.ohos.FusionSearch           I     [ngramone_tokenizer.cpp(TokenizeContent:38)] TokenizeContent token :8
02-19 18:43:24.926  2915-2921    C01681/FusionSearchService     com.ohos.FusionSearch           I     [ngramone_tokenizer.cpp(TokenizeContent:38)] TokenizeContent token :zxhr
02-19 18:43:24.926  2915-2921    C01681/FusionSearchService     com.ohos.FusionSearch           I     [ngramone_tokenizer.cpp(TokenizeContent:38)] TokenizeContent token :9
02-19 18:43:24.926  2915-2921    C01681/FusionSearchService     com.ohos.FusionSearch           I     [ngramone_tokenizer.cpp(TokenizeContent:38)] TokenizeContent token :k
02-19 18:43:24.926  2915-2921    C01681/FusionSearchService     com.ohos.FusionSearch           I     [ngramone_tokenizer.cpp(TokenizeContent:38)] TokenizeContent token :2
02-19 18:43:24.926  2915-2921    C01681/FusionSearchService     com.ohos.FusionSearch           I     [ngramone_tokenizer.cpp(TokenizeContent:38)] TokenizeContent token :ehivx
02-19 18:43:24.926  678-30318    C01510/IPCObjectProxy          memmgrservice                   W     63: handle = 9 destroyed, descriptor: IPCObjectProxy9
02-19 18:43:24.926  678-2109     C01510/IPCObjectProxy          memmgrservice                   I     58: handle = 8 create, descriptor: IPCObjectProxy8
02-19 18:43:24.926  678-2109     C01510/IPCObjectProxy          memmgrservice                   W     63: handle = 8 destroyed, descriptor: IPCObjectProxy8
02-19 18:43:24.926  704-28772    C01510/IPCObjectProxy          resource_schedu                 W     63: handle = 28 destroyed, descriptor: IPCObjectProxy28
02-19 18:43:24.926  704-2397     C01510/IPCObjectProxy          resource_schedu                 I     58: handle = 28 create, descriptor: IPCObjectProxy28
02-19 18:43:24.926  704-2397     C01510/IPCObjectProxy          resource_schedu                 W     63: handle = 28 destroyed, descriptor: IPCObjectProxy28
02-19 18:43:24.926  704-28772    C01510/IPCObjectProxy          resource_schedu                 I     58: handle = 29 create, descriptor: IPCObjectProxy29
02-19 18:43:24.926  704-838      C01702/CgroupAdjuster          resource_schedu                 I     AdjustProcessGroup for 2008, source : 2
02-19 18:43:24.926  704-28772    C01510/IPCObjectProxy          resource_schedu                 W     63: handle = 29 destroyed, descriptor: IPCObjectProxy29
02-19 18:43:24.927  704-2193     C01510/IPCObjectProxy          resource_schedu                 I     58: handle = 29 create, descriptor: IPCObjectProxy29
02-19 18:43:24.927  704-704      C01510/IPCObjectProxy          resource_schedu                 I     58: handle = 28 create, descriptor: IPCObjectProxy28
02-19 18:43:24.927  704-838      C01702/CgroupAdjuster          resource_schedu                 I     AdjustProcessGroup for 12791, source : 1
02-19 18:43:24.927  704-704      C01510/IPCObjectProxy          resource_schedu                 W     63: handle = 28 destroyed, descriptor: IPCObjectProxy28
02-19 18:43:24.927  704-2193     C01510/IPCObjectProxy          resource_schedu                 W     63: handle = 29 destroyed, descriptor: IPCObjectProxy29
02-19 18:43:24.927  704-28772    C01510/IPCObjectProxy          resource_schedu                 I     58: handle = 29 create, descriptor: IPCObjectProxy29
02-19 18:43:24.927  704-838      C01702/CgroupAdjuster          resource_schedu                 I     AdjustProcessGroup for 12791, source : 0
02-19 18:43:24.927  704-826      C01700/RSS                     resource_schedu                 I     FrameAwarePlugin:DispatchResource type:1, value:2
02-19 18:43:24.927  704-826      C01700/RSS                     resource_schedu                 I     FrameAwarePlugin::OnDispatchResource success.
02-19 18:43:24.927  704-837      C01706/ueaServer-IntelliSenseServer resource_schedu                 I     unknown state : 2
02-19 18:43:24.927  704-837      C01706/ueaServer-IntelliSenseServer resource_schedu                 I     Get app info:12791 20010081 com.netease.lava.nertc.demo 2
02-19 18:43:24.927  678-2766     C01510/IPCObjectProxy          memmgrservice                   I     58: handle = 8 create, descriptor: IPCObjectProxy8
02-19 18:43:24.927  2915-2921    C01681/FusionSearchService     com.ohos.FusionSearch           I     [ngramone_tokenizer.cpp(TokenizeContent:38)] TokenizeContent token :28
02-19 18:43:24.928  2915-2921    C01681/FusionSearchService     com.ohos.FusionSearch           I     [ngramone_tokenizer.cpp(TokenizeContent:38)] TokenizeContent token :jqahxma
02-19 18:43:24.928  2915-2921    C01681/FusionSearchService     com.ohos.FusionSearch           I     [ngramone_tokenizer.cpp(TokenizeContent:38)] TokenizeContent token :9
02-19 18:43:24.928  2915-2921    C01681/FusionSearchService     com.ohos.FusionSearch           I     [ngramone_tokenizer.cpp(TokenizeContent:38)] TokenizeContent token :sxlvawpqvbzuqz
02-19 18:43:24.928  2915-2921    C01681/FusionSearchService     com.ohos.FusionSearch           I     [ngramone_tokenizer.cpp(TokenizeContent:38)] TokenizeContent token :8
02-19 18:43:24.928  2915-2921    C01681/FusionSearchService     com.ohos.FusionSearch           I     [ngramone_tokenizer.cpp(TokenizeContent:38)] TokenizeContent token :gdlmui
02-19 18:43:24.928  2915-2921    C01681/FusionSearchService     com.ohos.FusionSearch           I     [ngramone_tokenizer.cpp(TokenizeContent:38)] TokenizeContent token :6
02-19 18:43:24.928  2915-2921    C01681/FusionSearchService     com.ohos.FusionSearch           I     [ngramone_tokenizer.cpp(TokenizeContent:38)] TokenizeContent token :ct
02-19 18:43:24.928  2915-2921    C01681/FusionSearchService     com.ohos.FusionSearch           I     [ngramone_tokenizer.cpp(TokenizeContent:38)] TokenizeContent token :5
02-19 18:43:24.928  2915-2921    C01681/FusionSearchService     com.ohos.FusionSearch           I     [ngramone_tokenizer.cpp(TokenizeContent:38)] TokenizeContent token :wqr
02-19 18:43:24.928  2915-2921    C01681/FusionSearchService     com.ohos.FusionSearch           I     [ngramone_tokenizer.cpp(TokenizeContent:38)] TokenizeContent token :5
02-19 18:43:24.928  2915-2921    C01681/FusionSearchService     com.ohos.FusionSearch           I     [ngramone_tokenizer.cpp(TokenizeContent:38)] TokenizeContent token :loypxwqywzogwlfrnp
02-19 18:43:24.928  2915-2921    C01681/FusionSearchService     com.ohos.FusionSearch           I     [ngramone_tokenizer.cpp(TokenizeContent:38)] TokenizeContent token :26
02-19 18:43:24.928  2915-2921    C01681/FusionSearchService     com.ohos.FusionSearch           I     [ngramone_tokenizer.cpp(TokenizeContent:38)] TokenizeContent token :af
02-19 18:43:24.928  2915-2921    C01681/FusionSearchService     com.ohos.FusionSearch           I     [ngramone_tokenizer.cpp(TokenizeContent:38)] TokenizeContent token :+
02-19 18:43:24.928  2915-2921    C01681/FusionSearchService     com.ohos.FusionSearch           I     [ngramone_tokenizer.cpp(TokenizeContent:38)] TokenizeContent token :qgrtvghx
02-19 18:43:24.928  2915-2921    C01681/FusionSearchService     com.ohos.FusionSearch           I     [ngramone_tokenizer.cpp(TokenizeContent:38)] TokenizeContent token :1
02-19 18:43:24.928  2915-2921    C01681/FusionSearchService     com.ohos.FusionSearch           I     [ngramone_tokenizer.cpp(TokenizeContent:38)] TokenizeContent token :naotc
02-19 18:43:24.928  2915-2921    C01681/FusionSearchService     com.ohos.FusionSearch           I     [ngramone_tokenizer.cpp(TokenizeContent:38)] TokenizeContent token :2
02-19 18:43:24.928  2915-2921    C01681/FusionSearchService     com.ohos.FusionSearch           I     [ngramone_tokenizer.cpp(TokenizeContent:38)] TokenizeContent token :bqmgkwgv
02-19 18:43:24.928  12791-12791  C03900/NAPI                    pid-12791                       W     [(native_module_manager.cpp:447)(LoadNativeModule)] module 'nertc_sdk' does not in cache
02-19 18:43:24.928  2915-2921    C01681/FusionSearchService     com.ohos.FusionSearch           I     [ngramone_tokenizer.cpp(TokenizeContent:38)] TokenizeContent token :6
02-19 18:43:24.928  2915-2921    C01681/FusionSearchService     com.ohos.FusionSearch           I     [ngramone_tokenizer.cpp(TokenizeContent:38)] TokenizeContent token :iglfx
02-19 18:43:24.928  12791-12791  C03900/NAPI                    pid-12791                       I     [(app_module_checker.cpp:24)(CheckModuleLoadable)] check blocklist, moduleName = nertc_sdk, processExtensionType_ = 255
02-19 18:43:24.928  2915-2921    C01681/FusionSearchService     com.ohos.FusionSearch           I     [ngramone_tokenizer.cpp(TokenizeContent:38)] TokenizeContent token :1
02-19 18:43:24.928  2915-2921    C01681/FusionSearchService     com.ohos.FusionSearch           I     [ngramone_tokenizer.cpp(TokenizeContent:38)] TokenizeContent token :owlzzfdu
02-19 18:43:24.928  2915-2921    C01681/FusionSearchService     com.ohos.FusionSearch           I     [ngramone_tokenizer.cpp(TokenizeContent:38)] TokenizeContent token :1
02-19 18:43:24.928  2915-2921    C01681/FusionSearchService     com.ohos.FusionSearch           I     [ngramone_tokenizer.cpp(TokenizeContent:38)] TokenizeContent token :zcz
02-19 18:43:24.928  2915-2921    C01681/FusionSearchService     com.ohos.FusionSearch           I     [ngramone_tokenizer.cpp(TokenizeContent:38)] TokenizeContent token :4
02-19 18:43:24.928  2915-2921    C01681/FusionSearchService     com.ohos.FusionSearch           I     [ngramone_tokenizer.cpp(TokenizeContent:38)] TokenizeContent token :iaiawnyxlmmrlkgn
02-19 18:43:24.928  2915-2921    C01681/FusionSearchService     com.ohos.FusionSearch           I     [ngramone_tokenizer.cpp(TokenizeContent:38)] TokenizeContent token :7
02-19 18:43:24.928  2915-2921    C01681/FusionSearchService     com.ohos.FusionSearch           I     [ngramone_tokenizer.cpp(TokenizeContent:38)] TokenizeContent token :kb
02-19 18:43:24.928  2915-2921    C01681/FusionSearchService     com.ohos.FusionSearch           I     [ngramone_tokenizer.cpp(TokenizeContent:38)] TokenizeContent token :/
02-19 18:43:24.928  2915-2921    C01681/FusionSearchService     com.ohos.FusionSearch           I     [ngramone_tokenizer.cpp(TokenizeContent:38)] TokenizeContent token :u
02-19 18:43:24.928  2915-2921    C01681/FusionSearchService     com.ohos.FusionSearch           I     [ngramone_tokenizer.cpp(TokenizeContent:38)] TokenizeContent token :512
02-19 18:43:24.928  2915-2921    C01681/FusionSearchService     com.ohos.FusionSearch           I     [ngramone_tokenizer.cpp(TokenizeContent:38)] TokenizeContent token :prp
02-19 18:43:24.928  2915-2921    C01681/FusionSearchService     com.ohos.FusionSearch           I     [ngramone_tokenizer.cpp(TokenizeContent:38)] TokenizeContent token :8
02-19 18:43:24.928  2915-2921    C01681/FusionSearchService     com.ohos.FusionSearch           I     [ngramone_tokenizer.cpp(TokenizeContent:38)] TokenizeContent token :nyhimvzh
02-19 18:43:24.928  2915-2921    C01681/FusionSearchService     com.ohos.FusionSearch           I     [ngramone_tokenizer.cpp(TokenizeContent:38)] TokenizeContent token :4
02-19 18:43:24.928  2915-2921    C01681/FusionSearchService     com.ohos.FusionSearch           I     [ngramone_tokenizer.cpp(TokenizeContent:38)] TokenizeContent token :mcwsfu
02-19 18:43:24.928  704-28772    C01510/IPCObjectProxy          resource_schedu                 W     63: handle = 29 destroyed, descriptor: IPCObjectProxy29
02-19 18:43:24.928  2915-2921    C01681/FusionSearchService     com.ohos.FusionSearch           I     [ngramone_tokenizer.cpp(TokenizeContent:38)] TokenizeContent token :7
02-19 18:43:24.928  2915-2921    C01681/FusionSearchService     com.ohos.FusionSearch           I     [ngramone_tokenizer.cpp(TokenizeContent:38)] TokenizeContent token :+
02-19 18:43:24.928  2915-2921    C01681/FusionSearchService     com.ohos.FusionSearch           I     [ngramone_tokenizer.cpp(TokenizeContent:38)] TokenizeContent token :kyzpdaldbqp
02-19 18:43:24.928  2915-2921    C01681/FusionSearchService     com.ohos.FusionSearch           I     [ngramone_tokenizer.cpp(TokenizeContent:38)] TokenizeContent token :2
02-19 18:43:24.928  2915-2921    C01681/FusionSearchService     com.ohos.FusionSearch           I     [ngramone_tokenizer.cpp(TokenizeContent:38)] TokenizeContent token :q
02-19 18:43:24.928  2915-2921    C01681/FusionSearchService     com.ohos.FusionSearch           I     [ngramone_tokenizer.cpp(TokenizeContent:38)] TokenizeContent token :0
02-19 18:43:24.928  2915-2921    C01681/FusionSearchService     com.ohos.FusionSearch           I     [ngramone_tokenizer.cpp(TokenizeContent:38)] TokenizeContent token :w
02-19 18:43:24.928  2915-2921    C01681/FusionSearchService     com.ohos.FusionSearch           I     [ngramone_tokenizer.cpp(TokenizeContent:38)] TokenizeContent token :4
02-19 18:43:24.928  2915-2921    C01681/FusionSearchService     com.ohos.FusionSearch           I     [ngramone_tokenizer.cpp(TokenizeContent:38)] TokenizeContent token :gixujojtf
02-19 18:43:24.928  2915-2921    C01681/FusionSearchService     com.ohos.FusionSearch           I     [ngramone_tokenizer.cpp(TokenizeContent:38)] TokenizeContent token :0
02-19 18:43:24.928  2915-2921    C01681/FusionSearchService     com.ohos.FusionSearch           I     [ngramone_tokenizer.cpp(TokenizeContent:38)] TokenizeContent token :fkdqsizbr
02-19 18:43:24.928  2915-2921    C01681/FusionSearchService     com.ohos.FusionSearch           I     [ngramone_tokenizer.cpp(TokenizeContent:38)] TokenizeContent token :66
02-19 18:43:24.928  2915-2921    C01681/FusionSearchService     com.ohos.FusionSearch           I     [ngramone_tokenizer.cpp(TokenizeContent:38)] TokenizeContent token :df
02-19 18:43:24.928  2915-2921    C01681/FusionSearchService     com.ohos.FusionSearch           I     [ngramone_tokenizer.cpp(TokenizeContent:38)] TokenizeContent token :+
02-19 18:43:24.928  2915-2921    C01681/FusionSearchService     com.ohos.FusionSearch           I     [ngramone_tokenizer.cpp(TokenizeContent:38)] TokenizeContent token :6
02-19 18:43:24.928  2915-2921    C01681/FusionSearchService     com.ohos.FusionSearch           I     [ngramone_tokenizer.cpp(TokenizeContent:38)] TokenizeContent token :bf
02-19 18:43:24.928  2915-2921    C01681/FusionSearchService     com.ohos.FusionSearch           I     [ngramone_tokenizer.cpp(TokenizeContent:38)] TokenizeContent token :/
02-19 18:43:24.928  2915-2921    C01681/FusionSearchService     com.ohos.FusionSearch           I     [ngramone_tokenizer.cpp(TokenizeContent:38)] TokenizeContent token :eosuqsj
02-19 18:43:24.929  2915-2921    C01681/FusionSearchService     com.ohos.FusionSearch           I     [ngramone_tokenizer.cpp(TokenizeContent:38)] TokenizeContent token :6
02-19 18:43:24.929  2915-2921    C01681/FusionSearchService     com.ohos.FusionSearch           I     [ngramone_tokenizer.cpp(TokenizeContent:38)] TokenizeContent token :8
02-19 18:43:24.929  2915-2921    C01681/FusionSearchService     com.ohos.FusionSearch           I     [ngramone_tokenizer.cpp(TokenizeContent:38)] TokenizeContent token :npggbzsamu
02-19 18:43:24.929  2915-2921    C01681/FusionSearchService     com.ohos.FusionSearch           I     [ngramone_tokenizer.cpp(TokenizeContent:38)] TokenizeContent token :6
02-19 18:43:24.929  2915-2921    C01681/FusionSearchService     com.ohos.FusionSearch           I     [ngramone_tokenizer.cpp(TokenizeContent:38)] TokenizeContent token :coktvj
02-19 18:43:24.929  2915-2921    C01681/FusionSearchService     com.ohos.FusionSearch           I     [ngramone_tokenizer.cpp(TokenizeContent:38)] TokenizeContent token :6
02-19 18:43:24.929  2915-2921    C01681/FusionSearchService     com.ohos.FusionSearch           I     [ngramone_tokenizer.cpp(TokenizeContent:38)] TokenizeContent token :xuksudx
02-19 18:43:24.929  2915-2921    C01681/FusionSearchService     com.ohos.FusionSearch           I     [ngramone_tokenizer.cpp(TokenizeContent:38)] TokenizeContent token :7
02-19 18:43:24.929  2915-2921    C01681/FusionSearchService     com.ohos.FusionSearch           I     [ngramone_tokenizer.cpp(TokenizeContent:38)] TokenizeContent token :k
02-19 18:43:24.929  2915-2921    C01681/FusionSearchService     com.ohos.FusionSearch           I     [ngramone_tokenizer.cpp(TokenizeContent:38)] TokenizeContent token :8
02-19 18:43:24.929  1278-1278    C01400/OHOS::RS                render_service                  I     RsDebug RSProcessor::Perf: do nothing
02-19 18:43:24.929  1034-1056    C014b1/KRPRPERYIES             composer_host                   E     get property failed
02-19 18:43:24.929  1034-1056    C014c0/GRALLOC                 composer_host                   E     This buffer is nullptr
02-19 18:43:24.929  2915-2921    C01681/FusionSearchService     com.ohos.FusionSearch           I     [ngramone_tokenizer.cpp(TokenizeContent:38)] TokenizeContent token :x
02-19 18:43:24.929  2915-2921    C01681/FusionSearchService     com.ohos.FusionSearch           I     [ngramone_tokenizer.cpp(TokenizeContent:38)] TokenizeContent token :1
02-19 18:43:24.929  2915-2921    C01681/FusionSearchService     com.ohos.FusionSearch           I     [ngramone_tokenizer.cpp(TokenizeContent:38)] TokenizeContent token :l
02-19 18:43:24.929  2915-2921    C01681/FusionSearchService     com.ohos.FusionSearch           I     [ngramone_tokenizer.cpp(TokenizeContent:38)] TokenizeContent token :6
