02-19 18:43:27.083  1278-1320    C01400/Composer                render_service                  E     ReleaseFramebuffer: Current frame buffer is nullptr.
02-19 18:43:27.087  1034-1056    C014b1/KRPRPERYIES             composer_host                   E     get property failed
02-19 18:43:27.088  1034-1056    C014c0/GRALLOC                 composer_host                   E     This buffer is nullptr
02-19 18:43:27.095  1278-1320    C01400/Composer                render_service                  E     ReleaseFramebuffer: Current frame buffer is nullptr.
02-19 18:43:27.096  1034-2506    C014b1/KRPRPERYIES             composer_host                   E     get property failed
02-19 18:43:27.097  1034-2506    C014c0/GRALLOC                 composer_host                   E     This buffer is nullptr
02-19 18:43:27.106  1278-1320    C01400/Composer                render_service                  E     ReleaseFramebuffer: Current frame buffer is nullptr.
02-19 18:43:27.107  1034-2506    C014b1/KRPRPERYIES             composer_host                   E     get property failed
02-19 18:43:27.108  1034-2506    C014c0/GRALLOC                 composer_host                   E     This buffer is nullptr
02-19 18:43:27.117  1278-1320    C01400/Composer                render_service                  E     ReleaseFramebuffer: Current frame buffer is nullptr.
02-19 18:43:27.118  1034-2506    C014b1/KRPRPERYIES             composer_host                   E     get property failed
02-19 18:43:27.118  1034-2506    C014c0/GRALLOC                 composer_host                   E     This buffer is nullptr
02-19 18:43:27.128  1278-1320    C01400/Composer                render_service                  E     ReleaseFramebuffer: Current frame buffer is nullptr.
02-19 18:43:27.129  1034-1056    C014b1/KRPRPERYIES             composer_host                   E     get property failed
02-19 18:43:27.129  1034-1056    C014c0/GRALLOC                 composer_host                   E     This buffer is nullptr
02-19 18:43:27.139  1278-1320    C01400/Composer                render_service                  E     ReleaseFramebuffer: Current frame buffer is nullptr.
02-19 18:43:27.141  1034-1056    C014b1/KRPRPERYIES             composer_host                   E     get property failed
02-19 18:43:27.141  1034-1056    C014c0/GRALLOC                 composer_host                   E     This buffer is nullptr
02-19 18:43:27.151  1278-1320    C01400/Composer                render_service                  E     ReleaseFramebuffer: Current frame buffer is nullptr.
02-19 18:43:27.152  1034-2506    C014b1/KRPRPERYIES             composer_host                   E     get property failed
02-19 18:43:27.153  1034-2506    C014c0/GRALLOC                 composer_host                   E     This buffer is nullptr
02-19 18:43:27.161  1278-1320    C01400/Composer                render_service                  E     ReleaseFramebuffer: Current frame buffer is nullptr.
02-19 18:43:27.162  1034-1056    C014b1/KRPRPERYIES             composer_host                   E     get property failed
02-19 18:43:27.162  1034-1056    C014c0/GRALLOC                 composer_host                   E     This buffer is nullptr
02-19 18:43:27.173  1278-1320    C01400/Composer                render_service                  E     ReleaseFramebuffer: Current frame buffer is nullptr.
02-19 18:43:27.175  1034-2506    C014b1/KRPRPERYIES             composer_host                   E     get property failed
02-19 18:43:27.176  1034-2506    C014c0/GRALLOC                 composer_host                   E     This buffer is nullptr
02-19 18:43:27.183  1278-1320    C01400/Composer                render_service                  E     ReleaseFramebuffer: Current frame buffer is nullptr.
02-19 18:43:27.187  1034-2506    C014b1/KRPRPERYIES             composer_host                   E     get property failed
02-19 18:43:27.188  1034-2506    C014c0/GRALLOC                 composer_host                   E     This buffer is nullptr
02-19 18:43:27.195  1278-1320    C01400/Composer                render_service                  E     ReleaseFramebuffer: Current frame buffer is nullptr.
02-19 18:43:27.197  1034-1056    C014b1/KRPRPERYIES             composer_host                   E     get property failed
02-19 18:43:27.198  1034-1056    C014c0/GRALLOC                 composer_host                   E     This buffer is nullptr
02-19 18:43:27.206  1278-1320    C01400/Composer                render_service                  E     ReleaseFramebuffer: Current frame buffer is nullptr.
02-19 18:43:27.208  1034-2506    C014b1/KRPRPERYIES             composer_host                   E     get property failed
02-19 18:43:27.208  1034-2506    C014c0/GRALLOC                 composer_host                   E     This buffer is nullptr
02-19 18:43:27.217  1278-1320    C01400/Composer                render_service                  E     ReleaseFramebuffer: Current frame buffer is nullptr.
02-19 18:43:27.220  1034-2506    C014b1/KRPRPERYIES             composer_host                   E     get property failed
02-19 18:43:27.220  1034-2506    C014c0/GRALLOC                 composer_host                   E     This buffer is nullptr
02-19 18:43:27.228  1278-1320    C01400/Composer                render_service                  E     ReleaseFramebuffer: Current frame buffer is nullptr.
02-19 18:43:27.230  1034-1056    C014b1/KRPRPERYIES             composer_host                   E     get property failed
02-19 18:43:27.230  1034-1056    C014c0/GRALLOC                 composer_host                   E     This buffer is nullptr
02-19 18:43:27.240  1278-1320    C01400/Composer                render_service                  E     ReleaseFramebuffer: Current frame buffer is nullptr.
02-19 18:43:27.241  1034-2506    C014b1/KRPRPERYIES             composer_host                   E     get property failed
02-19 18:43:27.241  1034-2506    C014c0/GRALLOC                 composer_host                   E     This buffer is nullptr
02-19 18:43:27.251  1278-1320    C01400/Composer                render_service                  E     ReleaseFramebuffer: Current frame buffer is nullptr.
02-19 18:43:27.252  1034-1056    C014b1/KRPRPERYIES             composer_host                   E     get property failed
02-19 18:43:27.252  1034-1056    C014c0/GRALLOC                 composer_host                   E     This buffer is nullptr
02-19 18:43:27.261  1278-1320    C01400/Composer                render_service                  E     ReleaseFramebuffer: Current frame buffer is nullptr.
02-19 18:43:27.264  1034-1056    C014b1/KRPRPERYIES             composer_host                   E     get property failed
02-19 18:43:27.264  1034-1056    C014c0/GRALLOC                 composer_host                   E     This buffer is nullptr
02-19 18:43:27.272  1278-1320    C01400/Composer                render_service                  E     ReleaseFramebuffer: Current frame buffer is nullptr.
02-19 18:43:27.273  1034-1056    C014b1/KRPRPERYIES             composer_host                   E     get property failed
02-19 18:43:27.273  1034-1056    C014c0/GRALLOC                 composer_host                   E     This buffer is nullptr
02-19 18:43:27.283  1278-1320    C01400/Composer                render_service                  E     ReleaseFramebuffer: Current frame buffer is nullptr.
02-19 18:43:27.284  1034-2506    C014b1/KRPRPERYIES             composer_host                   E     get property failed
02-19 18:43:27.284  1034-2506    C014c0/GRALLOC                 composer_host                   E     This buffer is nullptr
02-19 18:43:27.294  1278-1320    C01400/Composer                render_service                  E     ReleaseFramebuffer: Current frame buffer is nullptr.
02-19 18:43:27.296  1034-2506    C014b1/KRPRPERYIES             composer_host                   E     get property failed
02-19 18:43:27.296  1034-2506    C014c0/GRALLOC                 composer_host                   E     This buffer is nullptr
02-19 18:43:27.298  704-822      C01c06/TimeService             resource_schedu                 I     [time_service_client.cpp] GetBootTimeMs# Result: 32992374
02-19 18:43:27.301  476-1364     C02d10/HiView-SysEventSource   hiview                          I     Parser: parser result domain_=DISPLAY eventName_=AMBIENT_LIGHT
02-19 18:43:27.305  1123-1692    C02965/StatsUtils              foundation                      W     [stats_utils.cpp:191] ConvertStatsType# Convert failed due to illegal type=15
02-19 18:43:27.305  1278-1320    C01400/Composer                render_service                  E     ReleaseFramebuffer: Current frame buffer is nullptr.
02-19 18:43:27.308  1034-2506    C014b1/KRPRPERYIES             composer_host                   E     get property failed
02-19 18:43:27.308  1034-2506    C014c0/GRALLOC                 composer_host                   E     This buffer is nullptr
02-19 18:43:27.317  1278-1320    C01400/Composer                render_service                  E     ReleaseFramebuffer: Current frame buffer is nullptr.
02-19 18:43:27.318  1034-1056    C014b1/KRPRPERYIES             composer_host                   E     get property failed
02-19 18:43:27.319  1034-1056    C014c0/GRALLOC                 composer_host                   E     This buffer is nullptr
02-19 18:43:27.327  1278-1320    C01400/Composer                render_service                  E     ReleaseFramebuffer: Current frame buffer is nullptr.
02-19 18:43:27.329  1034-1056    C014b1/KRPRPERYIES             composer_host                   E     get property failed
02-19 18:43:27.329  1034-1056    C014c0/GRALLOC                 composer_host                   E     This buffer is nullptr
02-19 18:43:27.339  1278-1320    C01400/Composer                render_service                  E     ReleaseFramebuffer: Current frame buffer is nullptr.
02-19 18:43:27.340  1034-2506    C014b1/KRPRPERYIES             composer_host                   E     get property failed
02-19 18:43:27.341  1034-2506    C014c0/GRALLOC                 composer_host                   E     This buffer is nullptr
02-19 18:43:27.350  1278-1320    C01400/Composer                render_service                  E     ReleaseFramebuffer: Current frame buffer is nullptr.
02-19 18:43:27.352  1034-2506    C014b1/KRPRPERYIES             composer_host                   E     get property failed
02-19 18:43:27.352  1034-2506    C014c0/GRALLOC                 composer_host                   E     This buffer is nullptr
02-19 18:43:27.361  1278-1320    C01400/Composer                render_service                  E     ReleaseFramebuffer: Current frame buffer is nullptr.
02-19 18:43:27.362  1034-1056    C014b1/KRPRPERYIES             composer_host                   E     get property failed
02-19 18:43:27.363  1034-1056    C014c0/GRALLOC                 composer_host                   E     This buffer is nullptr
02-19 18:43:27.364  1840-1948    C01560/OHWIFI_STATE_MACHINE    wifi_manager_se                 I     State machine: LinkedState execute Cmd:2
02-19 18:43:27.364  1840-1948    C01560/StaStateMachine         wifi_manager_se                 I     LinkedState, reveived msgCode=2 msg.
02-19 18:43:27.364  987-987      C01560/WifiHdiStaImpl          wifi_hal_service                I     GetHdiSignalInfo enter.
02-19 18:43:27.365  987-987      C01560/WifiHdiProxy            wifi_hal_service                I     GetFeatureInner get an exist feature.
02-19 18:43:27.370  1840-1948    C01560/WifiFrameWork           wifi_manager_se                 I     DealSignalPollResult, signal:-56, txLinkSpeed:4000, rxLinkSpeed:4000, freq:5300, noise:-88.
02-19 18:43:27.370  1840-1948    C01560/WifiFrameWork           wifi_manager_se                 I     DealSignalPollResult, networkId:0, ssid:<private>, rssi:-56, band:2, connState:4, detailedState:10.
02-19 18:43:27.370  1840-1948    C01560/WifiFrameWork           wifi_manager_se                 I     DealSignalPollResult currentSignalLevel:4, lastSignalLevel:4.
02-19 18:43:27.370  1840-1948    C01560/WifiFrameWork           wifi_manager_se                 I     DealSignalPollResult GetWifiStandard:5, bssid:f4:db:**:**:**:8f rxmax:400 txmax:400.
02-19 18:43:27.370  1840-1857    C01560/WifiInternalEventDispatcher wifi_manager_se                 I     WifiInternalEventDispatcher:: Deal Sta Event Callback Msg: 4100
02-19 18:43:27.372  1278-1320    C01400/Composer                render_service                  E     ReleaseFramebuffer: Current frame buffer is nullptr.
02-19 18:43:27.372  1840-1857    C01560/WifiInternalEventDispatcher wifi_manager_se                 I     WifiInternalEventDispatcher:: Deal Sta Event Callback Msg: 4100
02-19 18:43:27.376  1034-1056    C014b1/KRPRPERYIES             composer_host                   E     get property failed
02-19 18:43:27.376  1034-1056    C014c0/GRALLOC                 composer_host                   E     This buffer is nullptr
02-19 18:43:27.384  1278-1320    C01400/Composer                render_service                  E     ReleaseFramebuffer: Current frame buffer is nullptr.
02-19 18:43:27.385  1034-2506    C014b1/KRPRPERYIES             composer_host                   E     get property failed
02-19 18:43:27.385  1034-2506    C014c0/GRALLOC                 composer_host                   E     This buffer is nullptr
02-19 18:43:27.394  1278-1320    C01400/Composer                render_service                  E     ReleaseFramebuffer: Current frame buffer is nullptr.
02-19 18:43:27.578  1059-1321    C015c0/dsoftbus                softbus_server                  E     SoftBusCondTimedWait timeout, ret[110]
02-19 18:43:27.650  704-822      C01c06/TimeService             resource_schedu                 I     [time_service_client.cpp] GetBootTimeMs# Result: 32992725
02-19 18:43:27.651  476-1364     C02d10/HiView-SysEventSource   hiview                          I     Parser: parser result domain_=DISPLAY eventName_=AMBIENT_LIGHT
02-19 18:43:27.654  1123-1692    C02965/StatsUtils              foundation                      W     [stats_utils.cpp:191] ConvertStatsType# Convert failed due to illegal type=15
02-19 18:43:27.998  704-822      C01c06/TimeService             resource_schedu                 I     [time_service_client.cpp] GetBootTimeMs# Result: 32993074
02-19 18:43:27.999  476-1364     C02d10/HiView-SysEventSource   hiview                          I     Parser: parser result domain_=DISPLAY eventName_=AMBIENT_LIGHT
02-19 18:43:28.003  1123-1692    C02965/StatsUtils              foundation                      W     [stats_utils.cpp:191] ConvertStatsType# Convert failed due to illegal type=15
02-19 18:43:28.098  1123-1692    C02942/ThermalSvc              foundation                      I     [thermal_observer.cpp:289] OnReceivedSensorInfo# callbackinfo_ size = 6
02-19 18:43:28.099  1123-1692    C02942/ThermalSvc              foundation                      I     [thermal_observer.cpp:265] NotifySensorTempChanged# listeners.size = 0, callbackTypeMap.size = 0
02-19 18:43:28.099  1123-1692    C02942/ThermalSvc              foundation                      I     [thermal_service_subscriber.cpp:94] SetHistoryTypeTempMap# SetHistoryTypeTempMap: sec=30
02-19 18:43:28.349  704-822      C01c06/TimeService             resource_schedu                 I     [time_service_client.cpp] GetBootTimeMs# Result: 32993425
02-19 18:43:28.351  476-1364     C02d10/HiView-SysEventSource   hiview                          I     Parser: parser result domain_=DISPLAY eventName_=AMBIENT_LIGHT
02-19 18:43:28.354  1123-1692    C02965/StatsUtils              foundation                      W     [stats_utils.cpp:191] ConvertStatsType# Convert failed due to illegal type=15
02-19 18:43:28.363  1059-1321    C015c0/dsoftbus                softbus_server                  E     SoftBusCondTimedWait timeout, ret[110]
02-19 18:43:28.463  1572-1588    C02d13/HDC_LOG                 hdcd                            I     [daemon.cpp:397] FetchCommand channelId:979788499 command:1001
02-19 18:43:28.463  1572-1588    C02d13/HDC_LOG                 hdcd                            I     [session.cpp:1317] New HTaskInfo channelId:979788499 command:1001
02-19 18:43:28.463  1572-1588    C02d13/HDC_LOG                 hdcd                            W     [session.cpp:728] mapTask.size:2
02-19 18:43:28.463  1572-1588    C02d13/HDC_LOG                 hdcd                            I     [session.cpp:738] AdminTask add session 89464325, channelId 979788499, mapTask size: 3
02-19 18:43:28.463  1572-1588    C02d13/HDC_LOG                 hdcd                            I     [task.cpp:32] HdcTaskBase channelId:979788499
02-19 18:43:28.465  1572-12819   C02d13/HDC_LOG                 hdcd                            I     [async_cmd.cpp:152] ExecuteCommand pipe fds[pipeRead]:36 fds[pipeWrite]:37
02-19 18:43:28.466  1572-12819   C02d13/HDC_LOG                 hdcd                            I     [base.cpp:1617] CloseFd fd:37
02-19 18:43:28.466  12820-12820  C02d13/HDC_LOG                 pid-12820                       I     [base.cpp:1617] CloseFd fd:36
02-19 18:43:28.466  12820-12820  C02d13/HDC_LOG                 pid-12820                       I     [base.cpp:1617] CloseFd fd:37
02-19 18:43:28.467  1572-1588    C02d13/HDC_LOG                 hdcd                            I     [async_cmd.cpp:200] ExecuteCommand cmd:hidumper -s 1201 -a "-p Faultlogger"  fd:36 pid:12820
02-19 18:43:28.492  12823-12823  C01510/BinderConnector         pid-12823                       I     97: OpenDriver:succ to open, fd=3
02-19 18:43:28.492  12823-12823  C01510/IPCObjectProxy          pid-12823                       I     58: handle = 0 create, descriptor: IPCObjectProxy0
02-19 18:43:28.493  12823-12823  C01510/IPCObjectProxy          pid-12823                       I     58: handle = 1 create, descriptor: IPCObjectProxy1
02-19 18:43:28.577  2008-2008    C01560/WifiNAPIUtils           com.ohos.sceneboard             I     Call wifi func: GetLinkedInfo (start)
02-19 18:43:28.577  2008-2008    C01560/WifiNAPIUtils           com.ohos.sceneboard             I     Call wifi func: GetLinkedInfo (end), time cost:315us, 0ms
02-19 18:43:28.578  2008-12790   C01560/WifiNAPIUtils           com.ohos.sceneboard             I     Call wifi func: wifiDevicePtr->GetLinkedInfo (start)
02-19 18:43:28.578  2008-12790   C01510/IPCObjectStub           com.ohos.sceneboard             I     63: create, desc: OHOS.ISystemAbilityLoadCallback
02-19 18:43:28.579  1059-1321    C015c0/dsoftbus                softbus_server                  E     SoftBusCondTimedWait timeout, ret[110]
02-19 18:43:28.579  480-901      C01510/IPCObjectProxy          samgr                           I     58: handle = 44 create, descriptor: IPCObjectProxy44
02-19 18:43:28.579  480-901      C01800/SAMGR                   samgr                           I     [SA Scheduler][SA: 1120] handle load event start, callingpid: 2008
02-19 18:43:28.579  480-901      C01800/SAMGR                   samgr                           I     NotifySystemAbilityLoaded systemAbilityId : 1120
02-19 18:43:28.579  480-901      C01510/IPCObjectProxy          samgr                           W     63: handle = 44 destroyed, descriptor: IPCObjectProxy44
02-19 18:43:28.579  2008-2362    C01800/SA_CLIENT               com.ohos.sceneboard             I     SystemAbilityLoadCallbackStub::OnRemoteRequest, code = 1
02-19 18:43:28.579  2008-12790   C01800/SA_CLIENT               com.ohos.sceneboard             I     LoadSystemAbility systemAbilityId : 1120, SendRequest succeed!
02-19 18:43:28.579  704-822      C01c06/TimeService             resource_schedu                 I     [time_service_client.cpp] GetBootTimeMs# Result: 32993655
02-19 18:43:28.580  2008-2364    C01510/IPCObjectStub           com.ohos.sceneboard             W     68: destroy, desc: OHOS.ISystemAbilityLoadCallback
02-19 18:43:28.580  1840-1847    C01560/OHWIFI_MANAGER_PERMISSION_HELPE wifi_manager_se                 I     callerToken=0x2005c34e has permission_name=ohos.permission.GET_WIFI_INFO, pid=0x7d8, type=0
02-19 18:43:28.581  1840-1847    C01560/OHWIFI_MANAGER_PERMISSION_HELPE wifi_manager_se                 I     callerToken=0x2005c34e has no permission_name=ohos.permission.GET_WIFI_LOCAL_MAC, pid=0x7d8, type=0
02-19 18:43:28.581  1840-1847    C01560/WifiDeviceServiceImpl   wifi_manager_se                 E     GetLinkedInfo:VerifyGetWifiLocalMacPermission() PERMISSION_DENIED!
02-19 18:43:28.581  2008-12790   C01560/WifiNAPIUtils           com.ohos.sceneboard             I     Call wifi func: wifiDevicePtr->GetLinkedInfo (end), time cost:2655us, 2ms
02-19 18:43:28.581  2008-2008    C01560/WifiNAPIDevice          com.ohos.sceneboard             I     Push get linkedInfo result to client
02-19 18:43:28.581  2008-2008    C01560/WifiNAPIErrCode         com.ohos.sceneboard             I     HandleCallbackErrCode, errCode = 0
02-19 18:43:28.581  2008-2008    A0001b/SceneBoard              com.ohos.sceneboard             I     Model.NetSpeedController --> wifi getLinkedInfo
02-19 18:43:28.589  12690-12692  C01510/IPCObjectProxy          hidumper_servic                 I     58: handle = 1 create, descriptor: IPCObjectProxy1
02-19 18:43:28.590  476-1908     C02d10/Faultlogger             hiview                          I     Dump: DumpRequest: detail:<private>, list:<private>, file:<private>, name:<private>, time:<private>
02-19 18:43:28.594  613-1962     C02800/TouchTransformProcessor multimodalinput                 W     in GetTouchToolType, Unknown Btn tool type, identified as finger
02-19 18:43:28.594  613-1962     C02800/HWfingersenseWrapper    multimodalinput                 E     in KnuckleClassifyTouch, libhwlibfingersense.so was not loaded
02-19 18:43:28.594  613-1962     C02800/InputWindowsManager     multimodalinput                 I     in UpdateTouchScreenTarget, pid:2008,eventId:3918,
02-19 18:43:28.594  2008-2008    C02800/ClientMsgHandler        com.ohos.sceneboard             I     in OnPointerEvent, Pointer event dispatcher of client:
02-19 18:43:28.594  1123-1895    C02800/StreamBuffer            foundation                      E     in Read, Memory out of bounds on read... errCode:65208328
02-19 18:43:28.594  1123-1895    C02800/StreamBuffer            foundation                      E     in Read, [READ_ERROR] size:4 count:25,errCode:65077249
02-19 18:43:28.594  1123-1895    C02800/StreamBuffer            foundation                      W     in operator>>, Read data failed
02-19 18:43:28.595  1123-1895    C02908/PowerRunningLock        foundation                      I     [power_state_machine.cpp:747] CheckRunningLock# No specific lock for state: 2
02-19 18:43:28.596  1057-2020    C02800/StreamBuffer            inputmethod_ser                 E     in Read, Memory out of bounds on read... errCode:65208328
02-19 18:43:28.596  1057-2020    C02800/StreamBuffer            inputmethod_ser                 E     in Read, [READ_ERROR] size:4 count:25,errCode:65077249
02-19 18:43:28.596  1057-2020    C02800/StreamBuffer            inputmethod_ser                 W     in operator>>, Read data failed
02-19 18:43:28.598  2008-2008    C04200/Session                 com.ohos.sceneboard             I     <1137>TransferPointerEvent: Session TransferPointEvent, eventId:3918, action:down, persistentId:52, bundleName:com.netease.lava.nertc.demo, pid:12791
02-19 18:43:28.599  2008-2008    A0001b/SceneBoard              com.ohos.sceneboard             I     SCBSceneSessionManager --> outsideDownEvent x = 882 y = 317systemScene size = 14
02-19 18:43:28.599  2008-2008    A0001b/SceneBoard              com.ohos.sceneboard             I     SCBSceneSessionManager --> outsideDownEvent sceneRect left = [object Object] top = [object Object] width = [object Object] height = [object Object]
02-19 18:43:28.599  2008-2008    A0001b/SceneBoard              com.ohos.sceneboard             I     SCBSceneSessionManager --> is contains:false
02-19 18:43:28.599  2008-2008    A0001b/SceneBoard              com.ohos.sceneboard             I     SCBSceneSessionManager --> outsideDownEvent sceneRect left = [object Object] top = [object Object] width = [object Object] height = [object Object]
02-19 18:43:28.600  2008-2008    A0001b/SceneBoard              com.ohos.sceneboard             I     SCBSceneSessionManager --> is contains:true
02-19 18:43:28.600  2008-2008    A0001b/SceneBoard              com.ohos.sceneboard             I     SCBSceneSessionManager --> outsideDownEvent sceneRect left = [object Object] top = [object Object] width = [object Object] height = [object Object]
02-19 18:43:28.600  2008-2008    A0001b/SceneBoard              com.ohos.sceneboard             I     SCBSceneSessionManager --> is contains:true
02-19 18:43:28.600  2008-2008    A0001b/SceneBoard              com.ohos.sceneboard             I     SCBSceneSessionManager --> outsideDownEvent sceneRect left = [object Object] top = [object Object] width = [object Object] height = [object Object]
02-19 18:43:28.600  2008-2008    A0001b/SceneBoard              com.ohos.sceneboard             I     SCBSceneSessionManager --> is contains:true
02-19 18:43:28.601  2008-2008    A0001b/SceneBoard              com.ohos.sceneboard             I     SCBSceneSessionManager --> outsideDownEvent sceneRect left = [object Object] top = [object Object] width = [object Object] height = [object Object]
02-19 18:43:28.601  2008-2008    A0001b/SceneBoard              com.ohos.sceneboard             I     SCBSceneSessionManager --> is contains:true
02-19 18:43:28.601  2008-2008    A0001b/SceneBoard              com.ohos.sceneboard             I     SCBSceneSessionManager --> outsideDownEvent sceneRect left = [object Object] top = [object Object] width = [object Object] height = [object Object]
02-19 18:43:28.601  2008-2008    A0001b/SceneBoard              com.ohos.sceneboard             I     SCBSceneSessionManager --> is contains:true
02-19 18:43:28.601  2008-2008    A0001b/SceneBoard              com.ohos.sceneboard             I     SCBSceneSessionManager --> outsideDownEvent sceneRect left = [object Object] top = [object Object] width = [object Object] height = [object Object]
02-19 18:43:28.601  2008-2008    A0001b/SceneBoard              com.ohos.sceneboard             I     SCBSceneSessionManager --> is contains:true
02-19 18:43:28.601  2008-2008    A0001b/SceneBoard              com.ohos.sceneboard             I     SCBSceneSessionManager --> outsideDownEvent sceneRect left = [object Object] top = [object Object] width = [object Object] height = [object Object]
02-19 18:43:28.601  2008-2008    A0001b/SceneBoard              com.ohos.sceneboard             I     SCBSceneSessionManager --> is contains:false
02-19 18:43:28.601  12791-12791  C03900/Ace                     com.netease.lava.nertc.demo     I     [click_recognizer.cpp(HandleTouchDownEvent)-(0)] click recognizer receives 0 touch down event, begin to detect click event, current finger info: 0, 0
02-19 18:43:28.602  2008-2008    A0001b/SceneBoard              com.ohos.sceneboard             I     SCBSceneSessionManager --> outsideDownEvent sceneRect left = [object Object] top = [object Object] width = [object Object] height = [object Object]
02-19 18:43:28.602  2008-2008    A0001b/SceneBoard              com.ohos.sceneboard             I     SCBSceneSessionManager --> is contains:true
02-19 18:43:28.602  2008-2008    A0001b/SceneBoard              com.ohos.sceneboard             I     SCBSceneSessionManager --> outsideDownEvent sceneRect left = [object Object] top = [object Object] width = [object Object] height = [object Object]
02-19 18:43:28.602  2008-2008    A0001b/SceneBoard              com.ohos.sceneboard             I     SCBSceneSessionManager --> is contains:true
02-19 18:43:28.602  12690-12692  C01510/IPCObjectProxy          hidumper_servic                 W     63: handle = 1 destroyed, descriptor: IPCObjectProxy1
02-19 18:43:28.602  2008-2008    A0001b/SceneBoard              com.ohos.sceneboard             I     SCBSceneSessionManager --> outsideDownEvent sceneRect left = [object Object] top = [object Object] width = [object Object] height = [object Object]
02-19 18:43:28.603  2008-2008    A0001b/SceneBoard              com.ohos.sceneboard             I     SCBSceneSessionManager --> is contains:true
02-19 18:43:28.603  2008-2008    A0001b/SceneBoard              com.ohos.sceneboard             I     SCBSceneSessionManager --> outsideDownEvent sceneRect left = [object Object] top = [object Object] width = [object Object] height = [object Object]
02-19 18:43:28.603  2008-2008    A0001b/SceneBoard              com.ohos.sceneboard             I     SCBSceneSessionManager --> is contains:true
02-19 18:43:28.603  2008-2008    A0001b/SceneBoard              com.ohos.sceneboard             I     SCBSceneSessionManager --> outsideDownEvent sceneRect left = [object Object] top = [object Object] width = [object Object] height = [object Object]
02-19 18:43:28.603  2008-2008    A0001b/SceneBoard              com.ohos.sceneboard             I     SCBSceneSessionManager --> is contains:true
02-19 18:43:28.603  2008-2008    A0001b/SceneBoard              com.ohos.sceneboard             I     SCBSceneSessionManager --> outsideDownEvent sceneRect left = [object Object] top = [object Object] width = [object Object] height = [object Object]
02-19 18:43:28.603  2008-2008    A0001b/SceneBoard              com.ohos.sceneboard             I     SCBSceneSessionManager --> is contains:true
02-19 18:43:28.608  1572-12822   C02d13/HDC_LOG                 hdcd                            I     [file_descriptor.cpp:127] FileIOOnThread fd:36 nBytes:0
02-19 18:43:28.608  1572-12822   C02d13/HDC_LOG                 hdcd                            I     [async_cmd.cpp:80] FinishShellProc finish pipeRead fd:36 pid:12820
02-19 18:43:28.608  1572-12822   C02d13/HDC_LOG                 hdcd                            I     [task.cpp:50] HdcTaskBase::TaskFinish notify begin channelId:979788499
02-19 18:43:28.608  1572-12822   C02d13/HDC_LOG                 hdcd                            I     [task.cpp:52] HdcTaskBase::TaskFinish notify end channelId:979788499
02-19 18:43:28.609  1572-1588    C02d13/HDC_LOG                 hdcd                            I     [daemon.cpp:397] FetchCommand channelId:979788499 command:2
02-19 18:43:28.609  1572-1588    C02d13/HDC_LOG                 hdcd                            I     [session.cpp:104] BeginRemoveTask taskType:0 channelId:979788499
02-19 18:43:28.609  1572-1588    C02d13/HDC_LOG                 hdcd                            I     [async_cmd.cpp:56] AsyncCmd::DoRelease finish
02-19 18:43:28.609  1572-1588    C02d13/HDC_LOG                 hdcd                            I     [session.cpp:157] ClearOwnTasks OP_CLEAR finish, session:0x7effe84000 channelIDInput:979788499
02-19 18:43:28.609  1572-1588    C02d13/HDC_LOG                 hdcd                            I     [session.cpp:116] TaskDelay task remove retry count 0/30, taskType:0 channelId:979788499, sessionId:89464325
02-19 18:43:28.610  1572-1588    C02d13/HDC_LOG                 hdcd                            F     [file_descriptor.cpp:38] ~HdcFileDescriptor refIO:0
02-19 18:43:28.610  1572-1588    C02d13/HDC_LOG                 hdcd                            I     [base.cpp:1617] CloseFd fd:36
02-19 18:43:28.610  1572-1588    C02d13/HDC_LOG                 hdcd                            I     [daemon_unity.cpp:27] HdcDaemonUnity::~HdcDaemonUnity finish
02-19 18:43:28.610  1572-1588    C02d13/HDC_LOG                 hdcd                            I     [async_cmd.cpp:35] ~AsyncCmd
02-19 18:43:28.610  1572-1588    C02d13/HDC_LOG                 hdcd                            I     [task.cpp:37] ~HdcTaskBase channelId:979788499
02-19 18:43:28.610  1572-1588    C02d13/HDC_LOG                 hdcd                            I     [session.cpp:123] TaskDelay task remove finish, channelId:979788499
02-19 18:43:28.615  1572-1588    C02d13/HDC_LOG                 hdcd                            I     [daemon.cpp:397] FetchCommand channelId:979788499 command:2
02-19 18:43:28.631  1278-1278    C01400/OHOS::RS                render_service                  I     RsDebug RSProcessor::Perf: do nothing
02-19 18:43:28.632  1034-2506    C014b1/KRPRPERYIES             composer_host                   E     get property failed
02-19 18:43:28.632  1034-2506    C014c0/GRALLOC                 composer_host                   E     This buffer is nullptr
02-19 18:43:28.639  1278-1320    C01400/Composer                render_service                  E     ReleaseFramebuffer: Current frame buffer is nullptr.
02-19 18:43:28.641  1034-1056    C014b1/KRPRPERYIES             composer_host                   E     get property failed
02-19 18:43:28.641  1034-1056    C014c0/GRALLOC                 composer_host                   E     This buffer is nullptr
02-19 18:43:28.648  1278-1320    C01400/Composer                render_service                  E     ReleaseFramebuffer: Current frame buffer is nullptr.
02-19 18:43:28.649  1034-2506    C014b1/KRPRPERYIES             composer_host                   E     get property failed
02-19 18:43:28.650  1034-2506    C014c0/GRALLOC                 composer_host                   E     This buffer is nullptr
02-19 18:43:28.658  1278-1320    C01400/Composer                render_service                  E     ReleaseFramebuffer: Current frame buffer is nullptr.
02-19 18:43:28.659  1034-1056    C014b1/KRPRPERYIES             composer_host                   E     get property failed
02-19 18:43:28.659  1034-1056    C014c0/GRALLOC                 composer_host                   E     This buffer is nullptr
02-19 18:43:28.669  1278-1320    C01400/Composer                render_service                  E     ReleaseFramebuffer: Current frame buffer is nullptr.
02-19 18:43:28.670  1034-2506    C014b1/KRPRPERYIES             composer_host                   E     get property failed
02-19 18:43:28.671  1034-2506    C014c0/GRALLOC                 composer_host                   E     This buffer is nullptr
02-19 18:43:28.681  1278-1320    C01400/Composer                render_service                  E     ReleaseFramebuffer: Current frame buffer is nullptr.
02-19 18:43:28.682  1034-1056    C014b1/KRPRPERYIES             composer_host                   E     get property failed
02-19 18:43:28.682  1034-1056    C014c0/GRALLOC                 composer_host                   E     This buffer is nullptr
02-19 18:43:28.691  1278-1320    C01400/Composer                render_service                  E     ReleaseFramebuffer: Current frame buffer is nullptr.
02-19 18:43:28.693  1034-2506    C014b1/KRPRPERYIES             composer_host                   E     get property failed
02-19 18:43:28.693  1034-2506    C014c0/GRALLOC                 composer_host                   E     This buffer is nullptr
02-19 18:43:28.694  613-1962     C02800/InputWindowsManager     multimodalinput                 I     in UpdateTouchScreenTarget, pid:2008,eventId:3919,
02-19 18:43:28.694  613-1962     C02800/KeyCommandHandler       multimodalinput                 W     in HandlePointerActionMoveEvent, Two finger gesture timer id is -1.
02-19 18:43:28.695  1123-1895    C02800/StreamBuffer            foundation                      E     in Read, Memory out of bounds on read... errCode:65208328
02-19 18:43:28.695  1123-1895    C02800/StreamBuffer            foundation                      E     in Read, [READ_ERROR] size:4 count:25,errCode:65077249
02-19 18:43:28.695  2008-2008    C02800/ClientMsgHandler        com.ohos.sceneboard             I     in OnPointerEvent, Pointer event dispatcher of client:
02-19 18:43:28.695  1057-2020    C02800/StreamBuffer            inputmethod_ser                 E     in Read, Memory out of bounds on read... errCode:65208328
02-19 18:43:28.695  1057-2020    C02800/StreamBuffer            inputmethod_ser                 E     in Read, [READ_ERROR] size:4 count:25,errCode:65077249
02-19 18:43:28.695  1057-2020    C02800/StreamBuffer            inputmethod_ser                 W     in operator>>, Read data failed
02-19 18:43:28.695  1123-1895    C02800/StreamBuffer            foundation                      W     in operator>>, Read data failed
02-19 18:43:28.698  1123-1895    C02908/PowerRunningLock        foundation                      I     [power_state_machine.cpp:747] CheckRunningLock# No specific lock for state: 2
02-19 18:43:28.699  613-1962     C02800/InputWindowsManager     multimodalinput                 I     in UpdateTouchScreenTarget, pid:2008,eventId:3920,
02-19 18:43:28.699  613-1962     C02800/KeyCommandHandler       multimodalinput                 W     in HandlePointerActionMoveEvent, Two finger gesture timer id is -1.
02-19 18:43:28.700  1057-2020    C02800/StreamBuffer            inputmethod_ser                 E     in Read, Memory out of bounds on read... errCode:65208328
02-19 18:43:28.700  1057-2020    C02800/StreamBuffer            inputmethod_ser                 E     in Read, [READ_ERROR] size:4 count:25,errCode:65077249
02-19 18:43:28.700  1057-2020    C02800/StreamBuffer            inputmethod_ser                 W     in operator>>, Read data failed
02-19 18:43:28.700  2008-2008    C02800/ClientMsgHandler        com.ohos.sceneboard             I     in OnPointerEvent, Pointer event dispatcher of client:
02-19 18:43:28.701  704-822      C01c06/TimeService             resource_schedu                 I     [time_service_client.cpp] GetBootTimeMs# Result: 32993777
02-19 18:43:28.702  1123-1895    C02800/StreamBuffer            foundation                      E     in Read, Memory out of bounds on read... errCode:65208328
02-19 18:43:28.702  1123-1895    C02800/StreamBuffer            foundation                      E     in Read, [READ_ERROR] size:4 count:25,errCode:65077249
02-19 18:43:28.702  1123-1895    C02800/StreamBuffer            foundation                      W     in operator>>, Read data failed
02-19 18:43:28.704  1278-1320    C01400/Composer                render_service                  E     ReleaseFramebuffer: Current frame buffer is nullptr.
02-19 18:43:28.705  613-1962     C02800/HWfingersenseWrapper    multimodalinput                 E     in NotifyTouchUp, libhwlibfingersense.so was not loaded
02-19 18:43:28.705  613-1962     C02800/InputWindowsManager     multimodalinput                 I     in UpdateTouchScreenTarget, pid:2008,eventId:3921,
02-19 18:43:28.706  1034-1056    C014b1/KRPRPERYIES             composer_host                   E     get property failed
02-19 18:43:28.706  1057-2020    C02800/StreamBuffer            inputmethod_ser                 E     in Read, Memory out of bounds on read... errCode:65208328
02-19 18:43:28.706  1034-1056    C014c0/GRALLOC                 composer_host                   E     This buffer is nullptr
02-19 18:43:28.706  1057-2020    C02800/StreamBuffer            inputmethod_ser                 E     in Read, [READ_ERROR] size:4 count:25,errCode:65077249
02-19 18:43:28.706  1057-2020    C02800/StreamBuffer            inputmethod_ser                 W     in operator>>, Read data failed
02-19 18:43:28.706  2008-2008    C02800/ClientMsgHandler        com.ohos.sceneboard             I     in OnPointerEvent, Pointer event dispatcher of client:
02-19 18:43:28.707  1123-1895    C02800/StreamBuffer            foundation                      E     in Read, Memory out of bounds on read... errCode:65208328
02-19 18:43:28.707  1123-1895    C02800/StreamBuffer            foundation                      E     in Read, [READ_ERROR] size:4 count:25,errCode:65077249
02-19 18:43:28.707  1123-1895    C02800/StreamBuffer            foundation                      W     in operator>>, Read data failed
02-19 18:43:28.707  2008-2008    C04200/Session                 com.ohos.sceneboard             I     <1137>TransferPointerEvent: Session TransferPointEvent, eventId:3921, action:up, persistentId:52, bundleName:com.netease.lava.nertc.demo, pid:12791
02-19 18:43:28.711  12791-12791  C03900/Ace                     com.netease.lava.nertc.demo     I     [click_recognizer.cpp(HandleTouchUpEvent)-(0)] click recognizer receives 0 touch up event, current finger info: 1, 1
02-19 18:43:28.711  12791-12791  C03900/Ace                     com.netease.lava.nertc.demo     I     [click_recognizer.cpp(HandleTouchUpEvent)-(0)] this gesture is click, try to accept it
02-19 18:43:28.711  12791-12791  C03900/Ace                     com.netease.lava.nertc.demo     I     [click_recognizer.cpp(OnAccepted)-(0)] Click gesture has been accepted!
02-19 18:43:28.711  704-14897    C01700/RSS                     resource_schedu                 I     ResSchedService::ReportData from ipc receive data resType = 9, value = 2.
02-19 18:43:28.713  704-826      C01700/RSS                     resource_schedu                 I     IOSchedPlugin::OnDispatchResource success.
02-19 18:43:28.713  704-826      C01700/RSS                     resource_schedu                 I     SocPerfPlugin: socperf->EVENT_CLICK: 2
02-19 18:43:28.714  1278-1320    C01400/Composer                render_service                  E     ReleaseFramebuffer: Current frame buffer is nullptr.
02-19 18:43:28.714  1034-2506    C014b1/KRPRPERYIES             composer_host                   E     get property failed
02-19 18:43:28.715  1034-2506    C014c0/GRALLOC                 composer_host                   E     This buffer is nullptr
02-19 18:43:28.715  12791-12791  C015b0/NetMgrSubsystem         com.netease.lava.nertc.demo     I     NETSTACK [socket_exec.cpp 843] new tcp socket is 40
02-19 18:43:28.716  12791-12808  C015b0/NetMgrSubsystem         com.netease.lava.nertc.demo     I     NETSTACK [socket_exec.cpp 1497] bind success
02-19 18:43:28.716  12791-12808  C015b0/NetMgrSubsystem         com.netease.lava.nertc.demo     I     NETSTACK [socket_exec.cpp 1623] listen success
02-19 18:43:28.716  12791-12791  A03d00/JSAPP                   com.netease.lava.nertc.demo     I     [Demo][Ta] listen success
02-19 18:43:28.725  1278-1320    C01400/Composer                render_service                  E     ReleaseFramebuffer: Current frame buffer is nullptr.
02-19 18:43:28.725  1034-1056    C014b1/KRPRPERYIES             composer_host                   E     get property failed
02-19 18:43:28.725  1034-1056    C014c0/GRALLOC                 composer_host                   E     This buffer is nullptr
02-19 18:43:28.735  1278-1320    C01400/Composer                render_service                  E     ReleaseFramebuffer: Current frame buffer is nullptr.
02-19 18:43:28.736  1034-2506    C014b1/KRPRPERYIES             composer_host                   E     get property failed
02-19 18:43:28.736  1034-2506    C014c0/GRALLOC                 composer_host                   E     This buffer is nullptr
02-19 18:43:28.746  1278-1320    C01400/Composer                render_service                  E     ReleaseFramebuffer: Current frame buffer is nullptr.
02-19 18:43:28.747  1034-1056    C014b1/KRPRPERYIES             composer_host                   E     get property failed
02-19 18:43:28.747  1034-1056    C014c0/GRALLOC                 composer_host                   E     This buffer is nullptr
02-19 18:43:28.758  1278-1320    C01400/Composer                render_service                  E     ReleaseFramebuffer: Current frame buffer is nullptr.
02-19 18:43:28.758  1034-2506    C014b1/KRPRPERYIES             composer_host                   E     get property failed
02-19 18:43:28.758  1034-2506    C014c0/GRALLOC                 composer_host                   E     This buffer is nullptr
02-19 18:43:28.769  1278-1320    C01400/Composer                render_service                  E     ReleaseFramebuffer: Current frame buffer is nullptr.
02-19 18:43:28.769  1034-1056    C014b1/KRPRPERYIES             composer_host                   E     get property failed
02-19 18:43:28.769  1034-1056    C014c0/GRALLOC                 composer_host                   E     This buffer is nullptr
02-19 18:43:28.780  1278-1320    C01400/Composer                render_service                  E     ReleaseFramebuffer: Current frame buffer is nullptr.
02-19 18:43:28.780  1034-2506    C014b1/KRPRPERYIES             composer_host                   E     get property failed
02-19 18:43:28.780  1034-2506    C014c0/GRALLOC                 composer_host                   E     This buffer is nullptr
02-19 18:43:28.791  1278-1320    C01400/Composer                render_service                  E     ReleaseFramebuffer: Current frame buffer is nullptr.
02-19 18:43:28.791  1034-1056    C014b1/KRPRPERYIES             composer_host                   E     get property failed
02-19 18:43:28.791  1034-1056    C014c0/GRALLOC                 composer_host                   E     This buffer is nullptr
02-19 18:43:28.802  1278-1320    C01400/Composer                render_service                  E     ReleaseFramebuffer: Current frame buffer is nullptr.
02-19 18:43:28.802  1034-2506    C014b1/KRPRPERYIES             composer_host                   E     get property failed
02-19 18:43:28.802  1034-2506    C014c0/GRALLOC                 composer_host                   E     This buffer is nullptr
02-19 18:43:28.813  1278-1320    C01400/Composer                render_service                  E     ReleaseFramebuffer: Current frame buffer is nullptr.
02-19 18:43:28.813  1034-1056    C014b1/KRPRPERYIES             composer_host                   E     get property failed
02-19 18:43:28.813  1034-1056    C014c0/GRALLOC                 composer_host                   E     This buffer is nullptr
02-19 18:43:28.824  1278-1320    C01400/Composer                render_service                  E     ReleaseFramebuffer: Current frame buffer is nullptr.
02-19 18:43:28.824  1034-2506    C014b1/KRPRPERYIES             composer_host                   E     get property failed
02-19 18:43:28.824  1034-2506    C014c0/GRALLOC                 composer_host                   E     This buffer is nullptr
02-19 18:43:28.835  1278-1320    C01400/Composer                render_service                  E     ReleaseFramebuffer: Current frame buffer is nullptr.
02-19 18:43:28.836  1034-1056    C014b1/KRPRPERYIES             composer_host                   E     get property failed
02-19 18:43:28.836  1034-1056    C014c0/GRALLOC                 composer_host                   E     This buffer is nullptr
02-19 18:43:28.846  1278-1320    C01400/Composer                render_service                  E     ReleaseFramebuffer: Current frame buffer is nullptr.
02-19 18:43:28.847  1034-2506    C014b1/KRPRPERYIES             composer_host                   E     get property failed
02-19 18:43:28.847  1034-2506    C014c0/GRALLOC                 composer_host                   E     This buffer is nullptr
02-19 18:43:28.857  1278-1320    C01400/Composer                render_service                  E     ReleaseFramebuffer: Current frame buffer is nullptr.
02-19 18:43:28.858  1034-1056    C014b1/KRPRPERYIES             composer_host                   E     get property failed
02-19 18:43:28.858  1034-1056    C014c0/GRALLOC                 composer_host                   E     This buffer is nullptr
02-19 18:43:28.868  1278-1320    C01400/Composer                render_service                  E     ReleaseFramebuffer: Current frame buffer is nullptr.
02-19 18:43:28.869  1034-2506    C014b1/KRPRPERYIES             composer_host                   E     get property failed
02-19 18:43:28.869  1034-2506    C014c0/GRALLOC                 composer_host                   E     This buffer is nullptr
02-19 18:43:28.879  1278-1320    C01400/Composer                render_service                  E     ReleaseFramebuffer: Current frame buffer is nullptr.
02-19 18:43:28.880  1034-1056    C014b1/KRPRPERYIES             composer_host                   E     get property failed
02-19 18:43:28.880  1034-1056    C014c0/GRALLOC                 composer_host                   E     This buffer is nullptr
02-19 18:43:28.891  1278-1320    C01400/Composer                render_service                  E     ReleaseFramebuffer: Current frame buffer is nullptr.
02-19 18:43:28.891  1034-2506    C014b1/KRPRPERYIES             composer_host                   E     get property failed
02-19 18:43:28.891  1034-2506    C014c0/GRALLOC                 composer_host                   E     This buffer is nullptr
02-19 18:43:28.902  1278-1320    C01400/Composer                render_service                  E     ReleaseFramebuffer: Current frame buffer is nullptr.
02-19 18:43:28.902  1034-1056    C014b1/KRPRPERYIES             composer_host                   E     get property failed
02-19 18:43:28.902  1034-1056    C014c0/GRALLOC                 composer_host                   E     This buffer is nullptr
02-19 18:43:28.913  1278-1320    C01400/Composer                render_service                  E     ReleaseFramebuffer: Current frame buffer is nullptr.
02-19 18:43:28.913  1034-2506    C014b1/KRPRPERYIES             composer_host                   E     get property failed
02-19 18:43:28.913  1034-2506    C014c0/GRALLOC                 composer_host                   E     This buffer is nullptr
02-19 18:43:28.924  1278-1320    C01400/Composer                render_service                  E     ReleaseFramebuffer: Current frame buffer is nullptr.
02-19 18:43:28.932  1034-2506    C014b1/KRPRPERYIES             composer_host                   E     get property failed
02-19 18:43:28.932  1034-2506    C014c0/GRALLOC                 composer_host                   E     This buffer is nullptr
02-19 18:43:28.935  1278-1320    C01400/Composer                render_service                  E     ReleaseFramebuffer: Current frame buffer is nullptr.
