02-19 18:43:24.944  12791-12791  C02b00/AudioFramework          pid-12791                       I     [audio_interrupt_manager_napi.cpp] Init
02-19 18:43:24.944  1123-12718   C01200/Ces                     foundation                      I     [common_event_subscribe_info.cpp:(~CommonEventSubscribeInfo):47] ~CommonEventSubscribeInfo
02-19 18:43:24.944  1123-12718   C01200/Ces                     foundation                      I     [common_event_subscribe_info.cpp:(~CommonEventSubscribeInfo):47] ~CommonEventSubscribeInfo
02-19 18:43:24.944  12791-12791  C03900/NAPI                    pid-12791                       W     [(native_module_manager.cpp:447)(LoadNativeModule)] module 'net.socket' does not in cache
02-19 18:43:24.944  12791-12791  C03900/NAPI                    pid-12791                       I     [(app_module_checker.cpp:24)(CheckModuleLoadable)] check blocklist, moduleName = net.socket, processExtensionType_ = 255
02-19 18:43:24.944  2008-12471   C01680/SEARCH_KITS             com.ohos.sceneboard             I     [fusion_search_cpp_client.cpp(331)] FusionSearchCppClient::Update end. UpdateStatus is 0 .
02-19 18:43:24.945  2008-12471   C01510/IPCObjectProxy          com.ohos.sceneboard             W     63: handle = 120 destroyed, descriptor: IPCObjectProxy120
02-19 18:43:24.945  12791-12791  C03900/NAPI                    pid-12791                       I     [(native_module_manager.cpp:239)(Register)] NativeModule Register success. module name is 'net.socket'
02-19 18:43:24.945  2008-2008    C01682/SEARCH_CLIENT           com.ohos.sceneboard             I     [datamanager_session.cpp(178)] DataManagerPromiseSession::CompleteWork status: 0
02-19 18:43:24.945  2008-2008    C01682/SEARCH_CLIENT           com.ohos.sceneboard             I     [datamanager_client.cpp(615)] BuildSearchableRecords searchableRecordsFailed indexRecords size is 0
02-19 18:43:24.945  2008-2008    C01682/SEARCH_CLIENT           com.ohos.sceneboard             I     [datamanager_client.cpp(675)] BuildSearchResults searchResult failed is null.
02-19 18:43:24.945  2008-2008    A0001b/SceneBoard              com.ohos.sceneboard             I     GlobalSearchStoreManager --> update success
02-19 18:43:24.945  2008-2008    C01682/SEARCH_CLIENT           com.ohos.sceneboard             I     [datamanager_client.cpp(80)] RemoveSession sess
02-19 18:43:24.945  1278-1320    C01400/Composer                render_service                  E     ReleaseFramebuffer: Current frame buffer is nullptr.
02-19 18:43:24.945  12791-12791  C03900/NAPI                    pid-12791                       W     [(native_module_manager.cpp:447)(LoadNativeModule)] module 'router' does not in cache
02-19 18:43:24.945  12791-12791  C03900/NAPI                    pid-12791                       I     [(app_module_checker.cpp:24)(CheckModuleLoadable)] check blocklist, moduleName = router, processExtensionType_ = 255
02-19 18:43:24.945  476-1364     C02d10/HiView-SysEventSource   hiview                          I     Parser: parser result domain_=COMMONEVENT eventName_=SUBSCRIBE
02-19 18:43:24.945  12791-12791  C03900/NAPI                    pid-12791                       I     [(native_module_manager.cpp:239)(Register)] NativeModule Register success. module name is 'router'
02-19 18:43:24.947  12791-12791  C03900/Ace                     pid-12791                       I     [ace_scoring_log.cpp(operator())-(0)] AceScoringLog enabled
02-19 18:43:24.947  12791-12791  C03900/Ace                     pid-12791                       I     [text_pattern.cpp(InitSurfacePositionChangedCallback)-(0)] Add position changed callback id 2
02-19 18:43:24.947  12791-12791  C03900/Ace                     pid-12791                       E     [theme_style.h(GetAttr)-(0)] style text_pattern not contains bg_color_selected!
02-19 18:43:24.947  12791-12791  C03900/Ace                     pid-12791                       E     [theme_style.h(GetAttr)-(0)] style text_pattern not contains linear_split_child_min_size!
02-19 18:43:24.947  12791-12791  C03900/Ace                     pid-12791                       I     [text_pattern.cpp(InitSurfacePositionChangedCallback)-(0)] Add position changed callback id 4
02-19 18:43:24.947  12791-12791  C03900/Ace                     pid-12791                       I     [text_pattern.cpp(InitSurfacePositionChangedCallback)-(0)] Add position changed callback id 6
02-19 18:43:24.948  12791-12791  C03900/Ace                     pid-12791                       I     [stage_manager.cpp(PushPage)-(0)] waiting for window size
02-19 18:43:24.948  12791-12791  C03900/Ace                     pid-12791                       I     [page_router_manager.cpp(LoadPage)-(0)] PageRouterManager LoadPage[1]: pages/Index. success
02-19 18:43:24.948  12791-12791  C03900/Ace                     pid-12791                       W     [pipeline_context.cpp(ShowContainerTitle)-(0)] ShowContainerTitle failed, Window modal is not container.
02-19 18:43:24.948  704-14897    C01700/RSS                     resource_schedu                 I     ResSchedService::ReportData from ipc receive data resType = 10, value = 1.
02-19 18:43:24.948  12791-12791  C03900/Ace                     pid-12791                       I     [pipeline_context.cpp(SetRootRect)-(0)] SetRootRect width 1344.000000, height 2772.000000, 0.000000
02-19 18:43:24.948  12791-12791  C01305/Appkit                  pid-12791                       E     [idle_time.cpp(EventTask:123)]no VSync occur.
02-19 18:43:24.948  704-826      C01700/RSS                     resource_schedu                 I     IOSchedPlugin::OnDispatchResource success.
02-19 18:43:24.948  704-835      C04200/SceneSessionManagerProxy resource_schedu                 I     <758>GetFocusSessionToken: run SceneSessionManagerProxy::GetFocusSessionToken
02-19 18:43:24.948  12791-12791  C01706/rtg_interface           pid-12791                       I     Search tid 12791 success with rtg_grp 17
02-19 18:43:24.948  12791-12791  C01706/rtg_interface           pid-12791                       I     set rtg attr success, get rtg id 0.
02-19 18:43:24.948  2008-2013    C04200/SceneSessionManagerStub com.ohos.sceneboard             I     <399>HandleGetFocusSessionToken: run HandleGetFocusSessionToken!
02-19 18:43:24.948  704-835      C01510/IPCObjectProxy          resource_schedu                 I     58: handle = 28 create, descriptor: IPCObjectProxy28
02-19 18:43:24.949  704-822      C01c06/TimeService             resource_schedu                 I     [time_service_client.cpp] GetBootTimeMs# Result: 32990024
02-19 18:43:24.949  1123-1692    C015c0/dsoftbus                foundation                      W     mutex is already init
02-19 18:43:24.950  1279-1467    C02f01/ATMServ                 accesstoken_ser                 I     [GetTokenType]:tokenID: 0x28060930
02-19 18:43:24.950  1059-1303    C015c0/dsoftbus                softbus_server                  I     [COMM][OnRemoteRequest:204]SoftBusServerStub::OnReceived, code = 149
02-19 18:43:24.950  2008-2013    C02f01/ATMProxy                com.ohos.sceneboard             I     [GetTokenType]:result from server data = 1
02-19 18:43:24.950  2008-2013    C04200/SceneSessionManager     com.ohos.sceneboard             I     <3776>WindowVisibilityChangeCallback: WindowVisibilityChangeCallback: entry
02-19 18:43:24.950  2008-2356    C01799/MemMgr                  com.ohos.sceneboard             I     MemMgrClient::GetMemMgrService called
02-19 18:43:24.950  704-14897    C04200/WindowManager           resource_schedu                 I     <166>Notify WindowVisibilityInfo to caller
02-19 18:43:24.950  704-838      C01702/CgroupAdjuster          resource_schedu                 I     AdjustProcessGroup for 2008, source : 10
02-19 18:43:24.950  704-14897    C04200/WindowManager           resource_schedu                 I     <166>Notify WindowVisibilityInfo to caller
02-19 18:43:24.950  704-14897    C01713/SUSPEND_MANAGER         resource_schedu                 I     [suspend_manager_impl.cpp(UpdateVisibleUidMap):1727] uid: 10003 visible window: 5.
02-19 18:43:24.950  704-14897    C01713/SUSPEND_MANAGER         resource_schedu                 I     [suspend_manager_impl.cpp(UpdateVisibleUidMap):1727] uid: 10003 visible window: 4.
02-19 18:43:24.950  704-838      C01702/CgroupAdjuster          resource_schedu                 I     AdjustProcessGroup for 2008, source : 10
02-19 18:43:24.950  704-835      C01510/IPCObjectProxy          resource_schedu                 W     63: handle = 28 destroyed, descriptor: IPCObjectProxy28
02-19 18:43:24.950  2008-2356    C01799/MemMgr                  com.ohos.sceneboard             I     MemMgrClient::GetMemMgrService get service succeed
02-19 18:43:24.950  678-727      C01799/MemMgr                  memmgrservice                   I     MemMgrStub::OnRemoteRequest MemMgrStub::OnReceived, code = 10, flags= 0.
02-19 18:43:24.951  678-727      C01799/MemMgr                  memmgrservice                   I     MemMgrService::OnWindowVisibilityChanged called
02-19 18:43:24.951  678-738      C01799/MemMgr                  memmgrservice                   I     WindowVisibilityObserver::UpdateWindowVisibilityPriorityInner WindowVisibilityInfo[pid=2008, uid=10003, winId=4, visible=0]
02-19 18:43:24.951  678-738      C01799/MemMgr                  memmgrservice                   I     WindowVisibilityObserver::UpdateWindowVisibilityPriorityInner WindowVisibilityInfo[pid=2008, uid=10003, winId=5, visible=0]
02-19 18:43:24.951  678-738      C01799/MemMgr                  memmgrservice                   I     WindowVisibilityObserver::UpdateWindowVisibilityPriorityInner windowVisibleMap_size=2
02-19 18:43:24.951  12791-12791  C03900/Ace                     pid-12791                       I     [text_pattern.cpp(InitSurfacePositionChangedCallback)-(0)] Add position changed callback id 8
02-19 18:43:24.952  1278-1278    C01400/OHOS::RS                render_service                  I     RsDebug RSProcessor::Perf: do nothing
02-19 18:43:24.952  1034-1056    C014b1/KRPRPERYIES             composer_host                   E     get property failed
02-19 18:43:24.952  1034-1056    C014c0/GRALLOC                 composer_host                   E     This buffer is nullptr
02-19 18:43:24.952  12791-12791  C03900/Ace                     pid-12791                       I     [text_pattern.cpp(InitSurfacePositionChangedCallback)-(0)] Add position changed callback id 10
02-19 18:43:24.952  12791-12791  C03900/Ace                     pid-12791                       I     [text_pattern.cpp(InitSurfacePositionChangedCallback)-(0)] Add position changed callback id 12
02-19 18:43:24.952  12791-12791  C03900/Ace                     pid-12791                       I     [text_pattern.cpp(InitSurfacePositionChangedCallback)-(0)] Add position changed callback id 14
02-19 18:43:24.953  12791-12791  C03900/Ace                     pid-12791                       I     [text_pattern.cpp(InitSurfacePositionChangedCallback)-(0)] Add position changed callback id 16
02-19 18:43:24.953  12791-12791  C03900/Ace                     pid-12791                       E     [js_grid.cpp(SetGridLayoutOptions)-(0)] SetGridLayoutOptions
02-19 18:43:24.953  12791-12791  C03900/Ace                     pid-12791                       I     [text_pattern.cpp(InitSurfacePositionChangedCallback)-(0)] Add position changed callback id 18
02-19 18:43:24.953  12791-12791  C03900/Ace                     pid-12791                       I     [text_pattern.cpp(InitSurfacePositionChangedCallback)-(0)] Add position changed callback id 20
02-19 18:43:24.953  12791-12791  C03900/Ace                     pid-12791                       I     [text_pattern.cpp(InitSurfacePositionChangedCallback)-(0)] Add position changed callback id 22
02-19 18:43:24.953  12791-12791  C03900/Ace                     pid-12791                       I     [text_pattern.cpp(InitSurfacePositionChangedCallback)-(0)] Add position changed callback id 24
02-19 18:43:24.953  12791-12791  C03900/Ace                     pid-12791                       I     [text_pattern.cpp(InitSurfacePositionChangedCallback)-(0)] Add position changed callback id 26
02-19 18:43:24.954  12791-12791  C03900/Ace                     pid-12791                       I     [text_pattern.cpp(InitSurfacePositionChangedCallback)-(0)] Add position changed callback id 28
02-19 18:43:24.954  12791-12791  C03900/Ace                     pid-12791                       I     [text_pattern.cpp(InitSurfacePositionChangedCallback)-(0)] Add position changed callback id 30
02-19 18:43:24.954  12791-12791  C03900/Ace                     pid-12791                       I     [text_pattern.cpp(InitSurfacePositionChangedCallback)-(0)] Add position changed callback id 32
02-19 18:43:24.954  12791-12791  C03900/Ace                     pid-12791                       I     [text_pattern.cpp(InitSurfacePositionChangedCallback)-(0)] Add position changed callback id 34
02-19 18:43:24.954  12791-12791  C03900/Ace                     pid-12791                       I     [text_pattern.cpp(InitSurfacePositionChangedCallback)-(0)] Add position changed callback id 36
02-19 18:43:24.954  12791-12791  C03900/Ace                     pid-12791                       I     [text_pattern.cpp(InitSurfacePositionChangedCallback)-(0)] Add position changed callback id 38
02-19 18:43:24.954  12791-12791  C03900/Ace                     pid-12791                       I     [text_pattern.cpp(InitSurfacePositionChangedCallback)-(0)] Add position changed callback id 40
02-19 18:43:24.954  1278-1320    C01400/Composer                render_service                  E     ReleaseFramebuffer: Current frame buffer is nullptr.
02-19 18:43:24.954  12791-12791  C03900/Ace                     pid-12791                       I     [text_pattern.cpp(InitSurfacePositionChangedCallback)-(0)] Add position changed callback id 42
02-19 18:43:24.954  12791-12791  C03900/Ace                     pid-12791                       I     [text_pattern.cpp(InitSurfacePositionChangedCallback)-(0)] Add position changed callback id 44
02-19 18:43:24.955  12791-12791  C03900/Ace                     pid-12791                       I     [text_pattern.cpp(InitSurfacePositionChangedCallback)-(0)] Add position changed callback id 46
02-19 18:43:24.955  12791-12791  C03900/Ace                     pid-12791                       I     [text_pattern.cpp(InitSurfacePositionChangedCallback)-(0)] Add position changed callback id 48
02-19 18:43:24.955  12791-12791  C03900/Ace                     pid-12791                       I     [text_pattern.cpp(InitSurfacePositionChangedCallback)-(0)] Add position changed callback id 50
02-19 18:43:24.955  12791-12791  C03900/Ace                     pid-12791                       I     [text_pattern.cpp(InitSurfacePositionChangedCallback)-(0)] Add position changed callback id 52
02-19 18:43:24.955  12791-12791  C03900/Ace                     pid-12791                       I     [text_pattern.cpp(InitSurfacePositionChangedCallback)-(0)] Add position changed callback id 54
02-19 18:43:24.955  12791-12791  C03900/Ace                     pid-12791                       I     [text_pattern.cpp(InitSurfacePositionChangedCallback)-(0)] Add position changed callback id 56
02-19 18:43:24.955  12791-12791  C03900/Ace                     pid-12791                       I     [text_field_pattern.cpp(InitSurfaceChangedCallback)-(0)] Add surface changed callback id 57
02-19 18:43:24.955  12791-12791  C03900/Ace                     pid-12791                       I     [text_field_pattern.cpp(InitSurfacePositionChangedCallback)-(0)] Add position changed callback id 58
02-19 18:43:24.955  12791-12791  C03900/Ace                     pid-12791                       E     [theme_style.h(GetAttr)-(0)] style textfield_pattern not contains error_text_border_color_alpha!
02-19 18:43:24.956  12791-12791  C03900/Ace                     pid-12791                       E     [theme_style.h(GetAttr)-(0)] style textfield_pattern not contains disable_underline_alpha!
02-19 18:43:24.956  12791-12791  C03900/Ace                     pid-12791                       E     [theme_style.h(GetAttr)-(0)] style textfield_pattern not contains underline_color_alpha!
02-19 18:43:24.956  12791-12791  C03900/Ace                     pid-12791                       E     [theme_style.h(GetAttr)-(0)] style textfield_pattern not contains underline_color_alpha!
02-19 18:43:24.956  12791-12791  C03900/Ace                     pid-12791                       E     [theme_style.h(GetAttr)-(0)] style textfield_pattern not contains cursor_width!
02-19 18:43:24.956  12791-12791  C03900/Ace                     pid-12791                       E     [theme_style.h(GetAttr)-(0)] style textfield_pattern not contains error_password_border_alpha!
02-19 18:43:24.956  12791-12791  C03900/Ace                     pid-12791                       E     [theme_style.h(GetAttr)-(0)] style textfield_pattern not contains over_count_border_color_alpha!
02-19 18:43:24.956  12791-12791  C03900/Ace                     pid-12791                       E     [theme_style.h(GetAttr)-(0)] style textfield_pattern not contains password_style_height!
02-19 18:43:24.956  12791-12791  C03900/Ace                     pid-12791                       E     [js_view_abstract.cpp(ParseJsFontFamilies)-(0)] arg is not String or Object.
02-19 18:43:24.956  12791-12791  C03900/Ace                     pid-12791                       I     [text_field_pattern.cpp(CheckIfNeedToResetKeyboard)-(0)] Keyboard action is 6
02-19 18:43:24.956  1572-12813   C02d13/HDC_LOG                 hdcd                            I     [file_descriptor.cpp:127] FileIOOnThread fd:36 nBytes:0
02-19 18:43:24.956  1572-12813   C02d13/HDC_LOG                 hdcd                            I     [async_cmd.cpp:80] FinishShellProc finish pipeRead fd:36 pid:12810
02-19 18:43:24.956  1572-12813   C02d13/HDC_LOG                 hdcd                            I     [task.cpp:50] HdcTaskBase::TaskFinish notify begin channelId:1346440045
02-19 18:43:24.957  1572-12813   C02d13/HDC_LOG                 hdcd                            I     [task.cpp:52] HdcTaskBase::TaskFinish notify end channelId:1346440045
02-19 18:43:24.957  12791-12791  C03900/Ace                     pid-12791                       W     [grid_adaptive_layout_algorithm.cpp(Measure)-(0)] firstChildWrapper is null, return on line 47
02-19 18:43:24.958  1572-1588    C02d13/HDC_LOG                 hdcd                            I     [daemon.cpp:397] FetchCommand channelId:1346440045 command:2
02-19 18:43:24.958  1572-1588    C02d13/HDC_LOG                 hdcd                            I     [session.cpp:104] BeginRemoveTask taskType:0 channelId:1346440045
02-19 18:43:24.958  1572-1588    C02d13/HDC_LOG                 hdcd                            I     [async_cmd.cpp:56] AsyncCmd::DoRelease finish
02-19 18:43:24.958  1572-1588    C02d13/HDC_LOG                 hdcd                            I     [session.cpp:157] ClearOwnTasks OP_CLEAR finish, session:0x7effe84000 channelIDInput:1346440045
02-19 18:43:24.958  1572-1588    C02d13/HDC_LOG                 hdcd                            I     [session.cpp:116] TaskDelay task remove retry count 0/30, taskType:0 channelId:1346440045, sessionId:89464325
02-19 18:43:24.958  1572-1588    C02d13/HDC_LOG                 hdcd                            F     [file_descriptor.cpp:38] ~HdcFileDescriptor refIO:0
02-19 18:43:24.958  1572-1588    C02d13/HDC_LOG                 hdcd                            I     [base.cpp:1617] CloseFd fd:36
02-19 18:43:24.958  1572-1588    C02d13/HDC_LOG                 hdcd                            I     [daemon_unity.cpp:27] HdcDaemonUnity::~HdcDaemonUnity finish
02-19 18:43:24.958  1572-1588    C02d13/HDC_LOG                 hdcd                            I     [async_cmd.cpp:35] ~AsyncCmd
02-19 18:43:24.958  1572-1588    C02d13/HDC_LOG                 hdcd                            I     [task.cpp:37] ~HdcTaskBase channelId:1346440045
02-19 18:43:24.958  1572-1588    C02d13/HDC_LOG                 hdcd                            I     [session.cpp:123] TaskDelay task remove finish, channelId:1346440045
02-19 18:43:24.960  1279-1467    C02f01/ATMServ                 accesstoken_ser                 I     [GetTokenType]:tokenID: 0x28060930
02-19 18:43:24.961  2008-2013    C02f01/ATMProxy                com.ohos.sceneboard             I     [GetTokenType]:result from server data = 1
02-19 18:43:24.961  2008-2013    C04200/SceneSessionManager     com.ohos.sceneboard             I     <3776>WindowVisibilityChangeCallback: WindowVisibilityChangeCallback: entry
02-19 18:43:24.961  12791-12791  C03900/Ace                     pid-12791                       W     [text_field_pattern.cpp(UpdateEditingValueCaretPositionToRecord)-(0)] Operation records empty, cannot update position
02-19 18:43:24.961  2008-2356    C01799/MemMgr                  com.ohos.sceneboard             I     MemMgrClient::GetMemMgrService called
02-19 18:43:24.961  704-28772    C04200/WindowManager           resource_schedu                 I     <166>Notify WindowVisibilityInfo to caller
02-19 18:43:24.961  704-838      C01702/CgroupAdjuster          resource_schedu                 I     AdjustProcessGroup for 2008, source : 10
02-19 18:43:24.961  704-28772    C04200/WindowManager           resource_schedu                 I     <166>Notify WindowVisibilityInfo to caller
02-19 18:43:24.961  704-28772    C01713/SUSPEND_MANAGER         resource_schedu                 I     [suspend_manager_impl.cpp(UpdateVisibleUidMap):1723] uid: 10003 visible window: 5.
02-19 18:43:24.961  704-838      C01702/CgroupAdjuster          resource_schedu                 I     AdjustProcessGroup for 2008, source : 10
02-19 18:43:24.961  704-28772    C01713/SUSPEND_MANAGER         resource_schedu                 I     [suspend_manager_impl.cpp(UpdateVisibleUidMap):1723] uid: 10003 visible window: 6.
02-19 18:43:24.961  2008-2356    C01799/MemMgr                  com.ohos.sceneboard             I     MemMgrClient::GetMemMgrService get service succeed
02-19 18:43:24.962  678-727      C01799/MemMgr                  memmgrservice                   I     MemMgrStub::OnRemoteRequest MemMgrStub::OnReceived, code = 10, flags= 0.
02-19 18:43:24.962  12791-12791  C03900/Ace                     pid-12791                       W     [grid_adaptive_layout_algorithm.cpp(Measure)-(0)] firstChildWrapper is null, return on line 47
02-19 18:43:24.962  678-727      C01799/MemMgr                  memmgrservice                   I     MemMgrService::OnWindowVisibilityChanged called
02-19 18:43:24.962  678-738      C01799/MemMgr                  memmgrservice                   I     WindowVisibilityObserver::UpdateWindowVisibilityPriorityInner WindowVisibilityInfo[pid=2008, uid=10003, winId=4, visible=1]
02-19 18:43:24.962  678-738      C01799/MemMgr                  memmgrservice                   I     WindowVisibilityObserver::UpdateWindowVisibilityPriorityInner WindowVisibilityInfo[pid=2008, uid=10003, winId=5, visible=1]
02-19 18:43:24.962  678-738      C01799/MemMgr                  memmgrservice                   I     WindowVisibilityObserver::UpdateWindowVisibilityPriorityInner windowVisibleMap_size=2
02-19 18:43:24.963  12791-12791  C03900/Ace                     pid-12791                       W     [text_field_pattern.cpp(UpdateEditingValueCaretPositionToRecord)-(0)] Operation records empty, cannot update position
02-19 18:43:24.963  1572-1588    C02d13/HDC_LOG                 hdcd                            I     [daemon.cpp:397] FetchCommand channelId:1346440045 command:2
02-19 18:43:24.964  1278-1278    C01400/OHOS::RS                render_service                  I     RsDebug RSProcessor::Perf: do nothing
02-19 18:43:24.964  1034-1056    C014b1/KRPRPERYIES             composer_host                   E     get property failed
02-19 18:43:24.964  1034-1056    C014c0/GRALLOC                 composer_host                   E     This buffer is nullptr
02-19 18:43:24.965  12791-12791  C03900/Ace                     com.netease.lava.nertc.demo     W     [text_field_pattern.cpp(UpdateCaretRect)-(0)] Not on focus, cannot update caret
02-19 18:43:24.965  12791-12791  C03900/Ace                     com.netease.lava.nertc.demo     W     [scrollable_pattern.cpp(CreateScrollBarOverlayModifier)-(0)] scrollBar_ && scrollBar_->NeedPaint() is null, return on line 505
02-19 18:43:24.965  12791-12791  C03900/Ace                     com.netease.lava.nertc.demo     E     [rosen_modifier_adapter.cpp(ConvertToRSProperty)-(0)] ConvertToRSProperty failed!
02-19 18:43:24.967  1278-1320    C01400/Composer                render_service                  E     ReleaseFramebuffer: Current frame buffer is nullptr.
02-19 18:43:24.968  12791-12791  C03900/Ace                     com.netease.lava.nertc.demo     I     [focus_hub.cpp(OnFocusNode)-(0)] FocusHub: Node(root/0) on focus
02-19 18:43:24.968  12791-12791  C03900/Ace                     com.netease.lava.nertc.demo     I     [focus_hub.cpp(OnFocusNode)-(0)] FocusHub: Node(Button/13) on focus
02-19 18:43:24.968  12791-12791  C03900/Ace                     com.netease.lava.nertc.demo     I     [focus_hub.cpp(OnFocusNode)-(0)] FocusHub: Node(Row/12) on focus
02-19 18:43:24.968  12791-12791  C03900/Ace                     com.netease.lava.nertc.demo     I     [focus_hub.cpp(OnFocusNode)-(0)] FocusHub: Node(Flex/11) on focus
02-19 18:43:24.968  12791-12791  C03900/Ace                     com.netease.lava.nertc.demo     I     [focus_hub.cpp(OnFocusNode)-(0)] FocusHub: Node(Column/10) on focus
02-19 18:43:24.968  12791-12791  C03900/Ace                     com.netease.lava.nertc.demo     I     [focus_hub.cpp(OnFocusNode)-(0)] FocusHub: Node(page/2) on focus
02-19 18:43:24.968  12791-12791  C01305/Appkit                  com.netease.lava.nertc.demo     E     [idle_time.cpp(EventTask:123)]no VSync occur.
02-19 18:43:24.968  704-704      C01700/RSS                     resource_schedu                 I     ResSchedService::ReportData from ipc receive data resType = 34, value = 1.
02-19 18:43:24.968  704-826      C01700/RSS                     resource_schedu                 I     SocPerfPlugin: socperf->PUSH_PAGE_COMPLETE
02-19 18:43:24.969  12791-12791  C01305/Appkit                  com.netease.lava.nertc.demo     E     [idle_time.cpp(EventTask:123)]no VSync occur.
02-19 18:43:24.970  12791-12791  C01305/Appkit                  com.netease.lava.nertc.demo     E     [idle_time.cpp(EventTask:123)]no VSync occur.
02-19 18:43:24.972  1279-1467    C02f01/ATMServ                 accesstoken_ser                 I     [GetTokenType]:tokenID: 0x28060930
02-19 18:43:24.972  2008-2362    C03900/Ace                     com.ohos.sceneboard             I     [window_scene.cpp(operator())-(-1)] RSSurfaceNode buffer available callback
02-19 18:43:24.972  2008-2013    C02f01/ATMProxy                com.ohos.sceneboard             I     [GetTokenType]:result from server data = 1
02-19 18:43:24.972  2008-2013    C04200/SceneSessionManager     com.ohos.sceneboard             I     <3776>WindowVisibilityChangeCallback: WindowVisibilityChangeCallback: entry
02-19 18:43:24.972  2008-2362    C04200/SceneSessionManager     com.ohos.sceneboard             I     <2715>NotifyCompleteFirstFrameDrawing: NotifyCompleteFirstFrameDrawing, persistentId: 52
02-19 18:43:24.973  2008-2356    C01799/MemMgr                  com.ohos.sceneboard             I     MemMgrClient::GetMemMgrService called
02-19 18:43:24.973  704-704      C04200/WindowManager           resource_schedu                 I     <166>Notify WindowVisibilityInfo to caller
02-19 18:43:24.973  704-838      C01702/CgroupAdjuster          resource_schedu                 I     AdjustProcessGroup for 2008, source : 10
02-19 18:43:24.973  704-704      C04200/WindowManager           resource_schedu                 I     <166>Notify WindowVisibilityInfo to caller
02-19 18:43:24.973  704-704      C01713/SUSPEND_MANAGER         resource_schedu                 I     [suspend_manager_impl.cpp(UpdateVisibleUidMap):1727] uid: 10003 visible window: 5.
02-19 18:43:24.973  704-704      C01713/SUSPEND_MANAGER         resource_schedu                 I     [suspend_manager_impl.cpp(UpdateVisibleUidMap):1727] uid: 10003 visible window: 4.
02-19 18:43:24.973  704-838      C01702/CgroupAdjuster          resource_schedu                 I     AdjustProcessGroup for 2008, source : 10
02-19 18:43:24.973  2008-2356    C01799/MemMgr                  com.ohos.sceneboard             I     MemMgrClient::GetMemMgrService get service succeed
02-19 18:43:24.973  2008-2360    C04200/SessionListenerController com.ohos.sceneboard             I     <109>operator(): NotifySessionCreated, persistentId:52.
02-19 18:43:24.973  678-727      C01799/MemMgr                  memmgrservice                   I     MemMgrStub::OnRemoteRequest MemMgrStub::OnReceived, code = 10, flags= 0.
02-19 18:43:24.973  678-727      C01799/MemMgr                  memmgrservice                   I     MemMgrService::OnWindowVisibilityChanged called
02-19 18:43:24.973  678-738      C01799/MemMgr                  memmgrservice                   I     WindowVisibilityObserver::UpdateWindowVisibilityPriorityInner WindowVisibilityInfo[pid=2008, uid=10003, winId=4, visible=0]
02-19 18:43:24.973  678-738      C01799/MemMgr                  memmgrservice                   I     WindowVisibilityObserver::UpdateWindowVisibilityPriorityInner WindowVisibilityInfo[pid=2008, uid=10003, winId=5, visible=0]
02-19 18:43:24.973  678-738      C01799/MemMgr                  memmgrservice                   I     WindowVisibilityObserver::UpdateWindowVisibilityPriorityInner windowVisibleMap_size=2
02-19 18:43:24.974  1278-1278    C01400/OHOS::RS                render_service                  I     RsDebug RSProcessor::Perf: do nothing
02-19 18:43:24.974  1034-1056    C014b1/KRPRPERYIES             composer_host                   E     get property failed
02-19 18:43:24.974  1034-1056    C014c0/GRALLOC                 composer_host                   E     This buffer is nullptr
02-19 18:43:24.975  1123-1411    C01120/BundleMgrService        foundation                      E     [bundle_permission_mgr.cpp(VerifyCallingUid):774] verify calling uid failed
02-19 18:43:24.975  1123-1411    C01120/BundleMgrService        foundation                      I     [bundle_connect_ability_mgr.cpp(ProcessPreload):261] the module have no preload module.
02-19 18:43:24.977  1278-1320    C01400/Composer                render_service                  E     ReleaseFramebuffer: Current frame buffer is nullptr.
02-19 18:43:24.981  12791-12791  C01305/Appkit                  com.netease.lava.nertc.demo     E     [idle_time.cpp(EventTask:123)]no VSync occur.
02-19 18:43:24.982  704-822      C01c06/TimeService             resource_schedu                 I     [time_service_client.cpp] GetBootTimeMs# Result: 32990058
02-19 18:43:24.983  1279-1467    C02f01/ATMServ                 accesstoken_ser                 I     [GetTokenType]:tokenID: 0x28060930
02-19 18:43:24.983  2008-2013    C02f01/ATMProxy                com.ohos.sceneboard             I     [GetTokenType]:result from server data = 1
02-19 18:43:24.983  2008-2013    C04200/SceneSessionManager     com.ohos.sceneboard             I     <3776>WindowVisibilityChangeCallback: WindowVisibilityChangeCallback: entry
02-19 18:43:24.983  704-14897    C04200/WindowManager           resource_schedu                 I     <166>Notify WindowVisibilityInfo to caller
02-19 18:43:24.983  704-838      C01702/CgroupAdjuster          resource_schedu                 I     AdjustProcessGroup for 2008, source : 10
02-19 18:43:24.983  704-14897    C04200/WindowManager           resource_schedu                 I     <166>Notify WindowVisibilityInfo to caller
02-19 18:43:24.983  704-14897    C01713/SUSPEND_MANAGER         resource_schedu                 I     [suspend_manager_impl.cpp(UpdateVisibleUidMap):1723] uid: 10003 visible window: 5.
02-19 18:43:24.983  704-14897    C01713/SUSPEND_MANAGER         resource_schedu                 I     [suspend_manager_impl.cpp(UpdateVisibleUidMap):1723] uid: 10003 visible window: 6.
02-19 18:43:24.983  704-838      C01702/CgroupAdjuster          resource_schedu                 I     AdjustProcessGroup for 2008, source : 10
02-19 18:43:24.983  2008-2356    C01799/MemMgr                  com.ohos.sceneboard             I     MemMgrClient::GetMemMgrService called
02-19 18:43:24.983  2008-2356    C01799/MemMgr                  com.ohos.sceneboard             I     MemMgrClient::GetMemMgrService get service succeed
02-19 18:43:24.983  678-727      C01799/MemMgr                  memmgrservice                   I     MemMgrStub::OnRemoteRequest MemMgrStub::OnReceived, code = 10, flags= 0.
02-19 18:43:24.983  678-727      C01799/MemMgr                  memmgrservice                   I     MemMgrService::OnWindowVisibilityChanged called
02-19 18:43:24.983  678-738      C01799/MemMgr                  memmgrservice                   I     WindowVisibilityObserver::UpdateWindowVisibilityPriorityInner WindowVisibilityInfo[pid=2008, uid=10003, winId=4, visible=1]
02-19 18:43:24.983  678-738      C01799/MemMgr                  memmgrservice                   I     WindowVisibilityObserver::UpdateWindowVisibilityPriorityInner WindowVisibilityInfo[pid=2008, uid=10003, winId=5, visible=1]
02-19 18:43:24.984  678-738      C01799/MemMgr                  memmgrservice                   I     WindowVisibilityObserver::UpdateWindowVisibilityPriorityInner windowVisibleMap_size=2
02-19 18:43:24.986  1278-1278    C01400/OHOS::RS                render_service                  I     RsDebug RSProcessor::Perf: do nothing
02-19 18:43:24.986  1034-1056    C014b1/KRPRPERYIES             composer_host                   E     get property failed
02-19 18:43:24.986  1034-1056    C014c0/GRALLOC                 composer_host                   E     This buffer is nullptr
02-19 18:43:24.986  704-822      C01c06/TimeService             resource_schedu                 I     [time_service_client.cpp] GetBootTimeMs# Result: 32990062
02-19 18:43:24.986  12791-12814  C03900/Ace                     com.netease.lava.nertc.demo     I     [ui_content_impl.cpp(UpdateViewportConfig)-(-1)] UIContentImpl: UpdateViewportConfig Viewport config: size: (1344, 2772) orientation: 0 density: 3.500000 position: (0, 0)
02-19 18:43:24.986  12791-12814  C04200/WindowSessionImpl       com.netease.lava.nertc.demo     I     <396>UpdateRect: update rect [0, 0, 1344, 2772], reason:0
02-19 18:43:24.986  12791-12814  C04200/WindowSessionImpl       com.netease.lava.nertc.demo     I     <1258>UpdateAvoidArea, id:52
02-19 18:43:24.986  12791-12791  C03900/Ace                     com.netease.lava.nertc.demo     I     [text_field_pattern.cpp(HandleSurfaceChanged)-(0)] Textfield handle surface change, new width 1344, new height 2772, prev width 1344, prev height 2772
02-19 18:43:24.986  704-822      C01c06/TimeService             resource_schedu                 I     [time_service_client.cpp] GetBootTimeMs# Result: 32990062
02-19 18:43:24.986  12791-12814  C03900/Ace                     com.netease.lava.nertc.demo     I     [ui_content_impl.cpp(OnAvoidAreaChanged)-(-1)] UIContent::OnAvoidAreaChanged type:0, topRect: avoidArea:x:0, y:0, width:1344, height136; bottomRect: avoidArea:x:0, y:0, width:0, height0
02-19 18:43:24.987  12791-12791  C03900/Ace                     com.netease.lava.nertc.demo     I     [pipeline_context.cpp(SetRootRect)-(0)] SetRootRect width 1344.000000, height 2772.000000, 0.000000
02-19 18:43:24.987  12791-12814  C04200/WindowSessionImpl       com.netease.lava.nertc.demo     I     <1258>UpdateAvoidArea, id:52
02-19 18:43:24.987  12791-12814  C03900/Ace                     com.netease.lava.nertc.demo     I     [ui_content_impl.cpp(OnAvoidAreaChanged)-(-1)] UIContent::OnAvoidAreaChanged type:1, topRect: avoidArea:x:140, y:32, width:294, height63; bottomRect: avoidArea:x:0, y:0, width:0, height0
02-19 18:43:24.987  12791-12791  C01305/Appkit                  com.netease.lava.nertc.demo     E     [idle_time.cpp(EventTask:123)]no VSync occur.
02-19 18:43:24.989  1278-1320    C01400/Composer                render_service                  E     ReleaseFramebuffer: Current frame buffer is nullptr.
02-19 18:43:24.992  12791-12791  C01305/Appkit                  com.netease.lava.nertc.demo     E     [idle_time.cpp(PostTask:146)]Only support 60HZ.
02-19 18:43:24.992  12791-12791  C01305/Appkit                  com.netease.lava.nertc.demo     E     [idle_time.cpp(EventTask:123)]no VSync occur.
02-19 18:43:24.994  1279-1467    C02f01/ATMServ                 accesstoken_ser                 I     [GetTokenType]:tokenID: 0x28060930
02-19 18:43:24.994  2008-2362    C02f01/ATMProxy                com.ohos.sceneboard             I     [GetTokenType]:result from server data = 1
02-19 18:43:24.994  2008-2362    C04200/SceneSessionManager     com.ohos.sceneboard             I     <3776>WindowVisibilityChangeCallback: WindowVisibilityChangeCallback: entry
02-19 18:43:24.994  704-704      C04200/WindowManager           resource_schedu                 I     <166>Notify WindowVisibilityInfo to caller
02-19 18:43:24.994  2008-2356    C01799/MemMgr                  com.ohos.sceneboard             I     MemMgrClient::GetMemMgrService called
02-19 18:43:24.994  704-838      C01702/CgroupAdjuster          resource_schedu                 I     AdjustProcessGroup for 2008, source : 10
02-19 18:43:24.994  704-704      C04200/WindowManager           resource_schedu                 I     <166>Notify WindowVisibilityInfo to caller
02-19 18:43:24.994  704-704      C01713/SUSPEND_MANAGER         resource_schedu                 I     [suspend_manager_impl.cpp(UpdateVisibleUidMap):1727] uid: 10003 visible window: 5.
02-19 18:43:24.994  704-704      C01713/SUSPEND_MANAGER         resource_schedu                 I     [suspend_manager_impl.cpp(UpdateVisibleUidMap):1727] uid: 10003 visible window: 4.
02-19 18:43:24.994  704-838      C01702/CgroupAdjuster          resource_schedu                 I     AdjustProcessGroup for 2008, source : 10
02-19 18:43:24.995  2008-2356    C01799/MemMgr                  com.ohos.sceneboard             I     MemMgrClient::GetMemMgrService get service succeed
02-19 18:43:24.995  678-727      C01799/MemMgr                  memmgrservice                   I     MemMgrStub::OnRemoteRequest MemMgrStub::OnReceived, code = 10, flags= 0.
02-19 18:43:24.995  678-727      C01799/MemMgr                  memmgrservice                   I     MemMgrService::OnWindowVisibilityChanged called
02-19 18:43:24.995  678-738      C01799/MemMgr                  memmgrservice                   I     WindowVisibilityObserver::UpdateWindowVisibilityPriorityInner WindowVisibilityInfo[pid=2008, uid=10003, winId=4, visible=0]
02-19 18:43:24.995  678-738      C01799/MemMgr                  memmgrservice                   I     WindowVisibilityObserver::UpdateWindowVisibilityPriorityInner WindowVisibilityInfo[pid=2008, uid=10003, winId=5, visible=0]
02-19 18:43:24.995  678-738      C01799/MemMgr                  memmgrservice                   I     WindowVisibilityObserver::UpdateWindowVisibilityPriorityInner windowVisibleMap_size=2
02-19 18:43:24.995  1278-1278    C01400/OHOS::RS                render_service                  I     RsDebug RSProcessor::Perf: do nothing
02-19 18:43:24.995  1034-1056    C014b1/KRPRPERYIES             composer_host                   E     get property failed
02-19 18:43:24.995  1034-1056    C014c0/GRALLOC                 composer_host                   E     This buffer is nullptr
02-19 18:43:24.999  1278-1320    C01400/Composer                render_service                  E     ReleaseFramebuffer: Current frame buffer is nullptr.
02-19 18:43:25.003  12791-12791  C01305/Appkit                  com.netease.lava.nertc.demo     E     [idle_time.cpp(OnVSync:46)]Only support 60HZ.
02-19 18:43:25.005  1279-1467    C02f01/ATMServ                 accesstoken_ser                 I     [GetTokenType]:tokenID: 0x28060930
02-19 18:43:25.005  2008-2362    C02f01/ATMProxy                com.ohos.sceneboard             I     [GetTokenType]:result from server data = 1
02-19 18:43:25.005  2008-2362    C04200/SceneSessionManager     com.ohos.sceneboard             I     <3776>WindowVisibilityChangeCallback: WindowVisibilityChangeCallback: entry
02-19 18:43:25.005  704-14897    C04200/WindowManager           resource_schedu                 I     <166>Notify WindowVisibilityInfo to caller
02-19 18:43:25.005  704-14897    C04200/WindowManager           resource_schedu                 I     <166>Notify WindowVisibilityInfo to caller
02-19 18:43:25.005  704-14897    C01713/SUSPEND_MANAGER         resource_schedu                 I     [suspend_manager_impl.cpp(UpdateVisibleUidMap):1723] uid: 10003 visible window: 5.
02-19 18:43:25.005  704-14897    C01713/SUSPEND_MANAGER         resource_schedu                 I     [suspend_manager_impl.cpp(UpdateVisibleUidMap):1723] uid: 10003 visible window: 6.
02-19 18:43:25.005  704-838      C01702/CgroupAdjuster          resource_schedu                 I     AdjustProcessGroup for 2008, source : 10
02-19 18:43:25.005  704-838      C01702/CgroupAdjuster          resource_schedu                 I     AdjustProcessGroup for 2008, source : 10
02-19 18:43:25.005  2008-2356    C01799/MemMgr                  com.ohos.sceneboard             I     MemMgrClient::GetMemMgrService called
02-19 18:43:25.005  2008-2356    C01799/MemMgr                  com.ohos.sceneboard             I     MemMgrClient::GetMemMgrService get service succeed
02-19 18:43:25.006  678-727      C01799/MemMgr                  memmgrservice                   I     MemMgrStub::OnRemoteRequest MemMgrStub::OnReceived, code = 10, flags= 0.
02-19 18:43:25.006  678-727      C01799/MemMgr                  memmgrservice                   I     MemMgrService::OnWindowVisibilityChanged called
02-19 18:43:25.006  678-738      C01799/MemMgr                  memmgrservice                   I     WindowVisibilityObserver::UpdateWindowVisibilityPriorityInner WindowVisibilityInfo[pid=2008, uid=10003, winId=4, visible=1]
02-19 18:43:25.006  678-738      C01799/MemMgr                  memmgrservice                   I     WindowVisibilityObserver::UpdateWindowVisibilityPriorityInner WindowVisibilityInfo[pid=2008, uid=10003, winId=5, visible=1]
02-19 18:43:25.006  678-738      C01799/MemMgr                  memmgrservice                   I     WindowVisibilityObserver::UpdateWindowVisibilityPriorityInner windowVisibleMap_size=2
02-19 18:43:25.008  1278-1278    C01400/OHOS::RS                render_service                  I     RsDebug RSProcessor::Perf: do nothing
02-19 18:43:25.009  1034-2506    C014b1/KRPRPERYIES             composer_host                   E     get property failed
02-19 18:43:25.009  1034-2506    C014c0/GRALLOC                 composer_host                   E     This buffer is nullptr
02-19 18:43:25.011  1278-1320    C01400/Composer                render_service                  E     ReleaseFramebuffer: Current frame buffer is nullptr.
02-19 18:43:25.015  1279-1467    C02f01/ATMServ                 accesstoken_ser                 I     [GetTokenType]:tokenID: 0x28060930
02-19 18:43:25.015  2008-2362    C02f01/ATMProxy                com.ohos.sceneboard             I     [GetTokenType]:result from server data = 1
02-19 18:43:25.015  2008-2362    C04200/SceneSessionManager     com.ohos.sceneboard             I     <3776>WindowVisibilityChangeCallback: WindowVisibilityChangeCallback: entry
02-19 18:43:25.016  2008-2356    C01799/MemMgr                  com.ohos.sceneboard             I     MemMgrClient::GetMemMgrService called
02-19 18:43:25.016  704-704      C04200/WindowManager           resource_schedu                 I     <166>Notify WindowVisibilityInfo to caller
02-19 18:43:25.016  704-838      C01702/CgroupAdjuster          resource_schedu                 I     AdjustProcessGroup for 2008, source : 10
02-19 18:43:25.016  704-704      C04200/WindowManager           resource_schedu                 I     <166>Notify WindowVisibilityInfo to caller
02-19 18:43:25.016  704-704      C01713/SUSPEND_MANAGER         resource_schedu                 I     [suspend_manager_impl.cpp(UpdateVisibleUidMap):1727] uid: 10003 visible window: 5.
02-19 18:43:25.016  704-838      C01702/CgroupAdjuster          resource_schedu                 I     AdjustProcessGroup for 2008, source : 10
02-19 18:43:25.016  704-704      C01713/SUSPEND_MANAGER         resource_schedu                 I     [suspend_manager_impl.cpp(UpdateVisibleUidMap):1727] uid: 10003 visible window: 4.
02-19 18:43:25.016  2008-2356    C01799/MemMgr                  com.ohos.sceneboard             I     MemMgrClient::GetMemMgrService get service succeed
02-19 18:43:25.016  678-727      C01799/MemMgr                  memmgrservice                   I     MemMgrStub::OnRemoteRequest MemMgrStub::OnReceived, code = 10, flags= 0.
02-19 18:43:25.016  678-727      C01799/MemMgr                  memmgrservice                   I     MemMgrService::OnWindowVisibilityChanged called
02-19 18:43:25.016  678-738      C01799/MemMgr                  memmgrservice                   I     WindowVisibilityObserver::UpdateWindowVisibilityPriorityInner WindowVisibilityInfo[pid=2008, uid=10003, winId=4, visible=0]
02-19 18:43:25.016  678-738      C01799/MemMgr                  memmgrservice                   I     WindowVisibilityObserver::UpdateWindowVisibilityPriorityInner WindowVisibilityInfo[pid=2008, uid=10003, winId=5, visible=0]
02-19 18:43:25.016  678-738      C01799/MemMgr                  memmgrservice                   I     WindowVisibilityObserver::UpdateWindowVisibilityPriorityInner windowVisibleMap_size=2
02-19 18:43:25.017  1278-1278    C01400/OHOS::RS                render_service                  I     RsDebug RSProcessor::Perf: do nothing
02-19 18:43:25.017  1034-1056    C014b1/KRPRPERYIES             composer_host                   E     get property failed
02-19 18:43:25.017  1034-1056    C014c0/GRALLOC                 composer_host                   E     This buffer is nullptr
02-19 18:43:25.021  1278-1320    C01400/Composer                render_service                  E     ReleaseFramebuffer: Current frame buffer is nullptr.
02-19 18:43:25.026  1279-1467    C02f01/ATMServ                 accesstoken_ser                 I     [GetTokenType]:tokenID: 0x28060930
02-19 18:43:25.027  2008-2362    C02f01/ATMProxy                com.ohos.sceneboard             I     [GetTokenType]:result from server data = 1
02-19 18:43:25.027  2008-2362    C04200/SceneSessionManager     com.ohos.sceneboard             I     <3776>WindowVisibilityChangeCallback: WindowVisibilityChangeCallback: entry
02-19 18:43:25.027  2008-2356    C01799/MemMgr                  com.ohos.sceneboard             I     MemMgrClient::GetMemMgrService called
02-19 18:43:25.027  704-704      C04200/WindowManager           resource_schedu                 I     <166>Notify WindowVisibilityInfo to caller
02-19 18:43:25.027  704-838      C01702/CgroupAdjuster          resource_schedu                 I     AdjustProcessGroup for 2008, source : 10
02-19 18:43:25.027  704-704      C04200/WindowManager           resource_schedu                 I     <166>Notify WindowVisibilityInfo to caller
02-19 18:43:25.027  704-838      C01702/CgroupAdjuster          resource_schedu                 I     AdjustProcessGroup for 2008, source : 10
02-19 18:43:25.027  704-704      C01713/SUSPEND_MANAGER         resource_schedu                 I     [suspend_manager_impl.cpp(UpdateVisibleUidMap):1723] uid: 10003 visible window: 5.
02-19 18:43:25.027  704-704      C01713/SUSPEND_MANAGER         resource_schedu                 I     [suspend_manager_impl.cpp(UpdateVisibleUidMap):1723] uid: 10003 visible window: 6.
02-19 18:43:25.027  2008-2356    C01799/MemMgr                  com.ohos.sceneboard             I     MemMgrClient::GetMemMgrService get service succeed
02-19 18:43:25.027  678-727      C01799/MemMgr                  memmgrservice                   I     MemMgrStub::OnRemoteRequest MemMgrStub::OnReceived, code = 10, flags= 0.
02-19 18:43:25.027  678-727      C01799/MemMgr                  memmgrservice                   I     MemMgrService::OnWindowVisibilityChanged called
02-19 18:43:25.028  678-738      C01799/MemMgr                  memmgrservice                   I     WindowVisibilityObserver::UpdateWindowVisibilityPriorityInner WindowVisibilityInfo[pid=2008, uid=10003, winId=4, visible=1]
02-19 18:43:25.028  678-738      C01799/MemMgr                  memmgrservice                   I     WindowVisibilityObserver::UpdateWindowVisibilityPriorityInner WindowVisibilityInfo[pid=2008, uid=10003, winId=5, visible=1]
02-19 18:43:25.028  678-738      C01799/MemMgr                  memmgrservice                   I     WindowVisibilityObserver::UpdateWindowVisibilityPriorityInner windowVisibleMap_size=2
02-19 18:43:25.030  1278-1278    C01400/OHOS::RS                render_service                  I     RsDebug RSProcessor::Perf: do nothing
02-19 18:43:25.030  1034-2506    C014b1/KRPRPERYIES             composer_host                   E     get property failed
02-19 18:43:25.030  1034-2506    C014c0/GRALLOC                 composer_host                   E     This buffer is nullptr
02-19 18:43:25.033  1278-1320    C01400/Composer                render_service                  E     ReleaseFramebuffer: Current frame buffer is nullptr.
02-19 18:43:25.038  1279-1467    C02f01/ATMServ                 accesstoken_ser                 I     [GetTokenType]:tokenID: 0x28060930
